*SIMULATION OVERVIEW FILE

*DSSAT Cropping System Model Ver. 4.8.5.000 -release  APR 28, 2026 22:33:23

*RUN   1        : CREC 2014                 BSCER048 NDCR1401    1
 MODEL          : BSCER048 - Sugar beet
 EXPERIMENT     : NDCR1401 BS CREC, NORTH DAKOTA 2014
 DATA PATH      :
 TREATMENT  1   : CREC 2014                 BSCER048


 CROP           : Sugar beet       CULTIVAR : SVRR1142E        ECOTYPE :IB0001
 STARTING DATE  : MAY 27 2014
 PLANTING DATE  : MAY 27 2014      PLANTS/m2 :     7.4    ROW SPACING :  50.cm
 HARVEST DATE   : OCT 17 2014
 WEATHER        : CRND   2014
 SOIL           : CREC002014     TEXTURE : -99   -   CREC soil
 SOIL INIT COND : DEPTH:152cm EXTR. H2O:243.3mm  NO3:  0.0kg/ha  NH4:  0.0kg/ha
 WATER BALANCE  : IRRIGATE ON REPORTED DATE(S)
 IRRIGATION     :        0 mm IN     0 APPLICATIONS
 NITROGEN BAL.  : SOIL-N & N-UPTAKE SIMULATION; NO N-FIXATION
 N-FERTILIZER   :        0 kg/ha IN     0 APPLICATIONS
 RESIDUE/MANURE : INITIAL :     0 kg/ha ;       0 kg/ha IN     0 APPLICATIONS
 ENVIRONM. OPT. : DAYL=    0.00  SRAD=    0.00  TMAX=    0.00  TMIN=    0.00
                  RAIN=    0.00  CO2 =    0.00  DEW =    0.00  WIND=    0.00
 SIMULATION OPT : WATER   :Y  NITROGEN:Y  N-FIX:N  PHOSPH :N  PESTS  :N
                  PHOTO   :C  ET      :R  INFIL:S  HYDROL :R  SOM    :G
                  CO2 398ppm  NSWIT   :1  EVAP :R  SOIL   :2  STEMP  :D
 MANAGEMENT OPT : PLANTING:R  IRRIG   :R  FERT :R  RESIDUE:R  HARVEST:R
                  WEATHER :M  TILLAGE :N

*SUMMARY OF SOIL AND GENETIC INPUT PARAMETERS

   SOIL LOWER UPPER   SAT  EXTR  INIT   ROOT   BULK     pH    NO3    NH4    ORG
  DEPTH LIMIT LIMIT    SW    SW    SW   DIST   DENS                          C
   cm   cm3/cm3    cm3/cm3    cm3/cm3         g/cm3         ugN/g  ugN/g     %
-------------------------------------------------------------------------------
  0-  5 0.110 0.300 0.361 0.190 0.300   1.00   1.45   6.40   0.00   0.00   2.03
  5- 15 0.110 0.300 0.361 0.190 0.300   1.00   1.45   6.40   0.00   0.00   2.03
 15- 18 0.110 0.300 0.361 0.190 0.300   1.00   1.45   6.40   0.00   0.00   2.03
 18- 31 0.110 0.300 0.361 0.190 0.300   1.00   1.45   6.40   0.00   0.00   2.03
 31- 46 0.110 0.300 0.361 0.190 0.300   1.00   1.45   6.40   0.00   0.00   2.03
 46- 56 0.129 0.310 0.371 0.181 0.310   1.00   1.60   6.70   0.00   0.00   0.44
 56- 66 0.129 0.310 0.371 0.181 0.310   1.00   1.60   6.70   0.00   0.00   0.44
 66- 91 0.129 0.310 0.371 0.181 0.310   0.50   1.60   6.70   0.00   0.00   0.44
 91-111 0.107 0.229 0.369 0.122 0.229   0.50   1.60   7.90   0.00   0.00   0.15
111-132 0.107 0.229 0.369 0.122 0.229   0.50   1.60   7.90   0.00   0.00   0.15
132-152 0.107 0.229 0.369 0.122 0.229   0.50   1.60   7.90   0.00   0.00   0.15

TOT-152  17.4  41.7  55.8  24.3  41.7  <--cm   -  kg/ha-->    0.0    0.0 181721
SOIL ALBEDO    : 0.09      EVAPORATION LIMIT : 9.80         MIN. FACTOR  : 0.50
RUNOFF CURVE # :84.00      DRAINAGE RATE     : 0.40         FERT. FACTOR : 1.00

 Sugar beet       CULTIVAR: CR0001-SVRR1142E          ECOTYPE: IB0001
 P1     : 940.00  P2     : 0.0000  P5     : 700.00
 G2     : 220.00  G3     : 37.500  PHINT  :  0.000


*SIMULATED CROP AND SOIL STATUS AT MAIN DEVELOPMENT STAGES

 RUN NO.     1     CREC 2014               

        CROP GROWTH     BIOMASS         LEAF   CROP N     STRESS      STRESS                                           
   DATE  AGE STAGE        kg/ha    LAI   NUM  kg/ha  %   H2O  Nitr Phos1 Phos2  RSTG                                   
 ------  --- ----------   -----  -----  ----  ---  ---  ----  ----  ----  ----  ----                                   
 27 MAY    0 Sowing           0   0.00   0.0    0  0.0  0.00  0.00  1.00  1.00     8
 27 MAY    0 Start Sim        0   0.00   0.0    0  0.0  0.00  0.00  0.00  0.00     8
 28 MAY    1 Germinate        0   0.00   0.0    0  0.0  0.00  0.00  1.00  1.00     9
 29 MAY    2 Emergence       30   0.02   2.3    1  4.4  0.00  0.03  1.00  1.00     1
 29 JUN   33 End Juveni      43   0.07  10.1    1  3.1  0.00  0.00  1.00  1.00     2
  3 JUL   37 Leaf  grow     111   0.15  10.7    4  3.6  0.00  0.00  1.00  1.00     3
  7 SEP  103 End Lf Gro    8505   5.23  22.6  206  2.4  0.00  0.10  1.00  1.00     4
 17 OCT  143 Harvest       9310   4.70  22.6  177  1.9  0.00  0.03  1.00  1.00     4


*MAIN GROWTH AND DEVELOPMENT VARIABLES

@     VARIABLE                                         SIMULATED     MEASURED
      --------                                         ---------     --------
      Anthesis day (dap)                                     103          -99
      Physiological maturity day (dap)                       -99          -99
      Yield at harvest maturity (kg [dm]/ha)               20095          -99
      Number at maturity (no/m2)                               0          -99
      Unit wt at maturity (g [dm]/unit)                   0.0000          -99
      Number at maturity (no/unit)                           0.0          -99
      Tops weight at maturity (kg [dm]/ha)                  9310          -99
      By-product produced (stalk) at maturity (kg[dm]/ha       1          -99
      Leaf area index, maximum                              5.27          -99
      Harvest index at maturity                            0.683          -99
      Tops N at maturity (kg/ha)                             177          -99
      Stem N at maturity (kg/ha)                             177          -99
      Tops weight at anthesis (kg [dm]/ha)                  8465          -99
      Tops N at anthesis (kg/ha)                             205          -99
      Leaf number per stem at maturity                     22.57          -99
      Emergence day (dap)                                      2          -99


*ENVIRONMENTAL AND STRESS FACTORS

 |-----Development Phase------|--------------------------------------Environment--------------------------------------|-----------------Stress-----------------|
                              |---------------Average--------------|-----Cumulative-----|--------Count of days--------|          (0=Min, 1=Max Stress)         |
                         Time  Temp  Temp  Temp Solar Photop                Evapo    Pot TMIN TMIN TMAX TMAX TMAX RAIN|----Water----|---Nitrogen--|-Phosphorus-|
                         Span   Max   Min  Mean   Rad  [day]    CO2   Rain  Trans     ET   <    <    >    >    >    >   Photo         Photo         Photo
                         days     C     C     C MJ/m2     hr    ppm     mm     mm    mm   0 C  2 C 30 C 32 C 34 C  0mm  synth Growth  synth Growth  synth Growth
----------------------------------------------------------------------------------------------------------------------------------------------------------------
 Emergence-End Juvenile    31  22.5  12.3  17.4  18.1  15.67  398.5   88.1   79.7  135.1    0    0    1    1    0   17  0.000  0.000  0.000  0.001  1.000  1.000
 End Juvenil-Leaf Grow      4  20.4  11.2  15.8  18.6  15.71  398.6    8.5   12.3   17.3    0    0    0    0    0    3  0.000  0.000  0.000  0.000  1.000  1.000
 Effec Lf Gro-End Lf Gro   66  24.7  12.0  18.4  20.6  14.49  398.8  122.9  246.2  296.2    0    0    3    2    0   14  0.000  0.000  0.042  0.104  1.000  1.000
 End Lf Grth-Beg Ef Gro    41  18.1   4.8  11.4  12.5  11.64  399.1   27.1   91.7   93.5    5   11    2    0    0    7  0.000  0.000  0.012  0.031  1.000  1.000
   
 Planting to Harvest      143  22.4  10.1  16.2  17.8  14.00  398.8  246.6  440.7  554.2    5   11    7    3    0   41  0.000  0.000  0.023  0.057  1.000  1.000
----------------------------------------------------------------------------------------------------------------------------------------------------------------


*Resource Productivity
 Growing season length: 143 days 

 Precipitation during growing season       246.6 mm[rain]
   Dry Matter Productivity                  3.78 kg[DM]/m3[rain]          =   37.8 kg[DM]/ha per mm[rain]
   Yield Productivity                       8.15 kg[grain yield]/m3[rain] =   81.5 kg[yield]/ha per mm[rain]

 Evapotranspiration during growing season  440.7 mm[ET]
   Dry Matter Productivity                  2.11 kg[DM]/m3[ET]            =   21.1 kg[DM]/ha per mm[ET]
   Yield Productivity                       4.56 kg[grain yield]/m3[ET]   =   45.6 kg[yield]/ha per mm[ET]

 Transpiration during growing season       290.1 mm[EP]
   Dry Matter Productivity                  3.21 kg[DM]/m3[EP]            =   32.1 kg[DM]/ha per mm[EP]
   Yield Productivity                       6.93 kg[grain yield]/m3[EP]   =   69.3 kg[yield]/ha per mm[EP]

 N uptake during growing season              442 kg[N uptake]/ha
   Dry Matter Productivity                  21.1 kg[DM]/kg[N uptake]
   Yield Productivity                       45.5 kg[yield]/kg[N uptake]

--------------------------------------------------------------------------------------------------------------

                Sugar beet YIELD :    20095 kg/ha    [Dry weight] 

**************************************************************************************************************
