*SIMULATION OVERVIEW FILE

*DSSAT Cropping System Model Ver. 4.8.5.000 -release  APR 28, 2026 22:33:15

*RUN   1        : S1, R1, B1                CRGRO048 UHIH1805    1
 MODEL          : CRGRO048 - Safflower
 EXPERIMENT     : UHIH1805 SF TWO CULTIVARS
 DATA PATH      :
 TREATMENT  1   : S1, R1, B1                CRGRO048


 CROP           : Safflower        CULTIVAR : Goldschopf       ECOTYPE :BW0001
 STARTING DATE  : APR 15 2018
 PLANTING DATE  : APR 19 2018      PLANTS/m2 :    51.0    ROW SPACING :  23.cm
 HARVEST DATE   : AUG 21 2018
 WEATHER        : UHIH   2018
 SOIL           : UH00002020     TEXTURE : L     -   UHIH2017
 SOIL INIT COND : DEPTH:180cm EXTR. H2O:307.8mm  NO3:  0.0kg/ha  NH4:  0.0kg/ha
 WATER BALANCE  : RAINFED
 IRRIGATION     : NOT IRRIGATED
 NITROGEN BAL.  : NOT SIMULATED ; NO N-STRESS
 N-FERTILIZER   :
 RESIDUE/MANURE :
 ENVIRONM. OPT. : DAYL=    0.00  SRAD=    0.00  TMAX=    0.00  TMIN=    0.00
                  RAIN=    0.00  CO2 =    0.00  DEW =    0.00  WIND=    0.00
 SIMULATION OPT : WATER   :Y  NITROGEN:N  N-FIX:N  PHOSPH :N  PESTS  :N
                  PHOTO   :L  ET      :R  INFIL:S  HYDROL :R  SOM    :G
                  CO2 408ppm  NSWIT   :1  EVAP :R  SOIL   :2  STEMP  :D
 MANAGEMENT OPT : PLANTING:R  IRRIG   :N  FERT :R  RESIDUE:N  HARVEST:R
                  WEATHER :M  TILLAGE :Y

*SUMMARY OF SOIL AND GENETIC INPUT PARAMETERS

   SOIL LOWER UPPER   SAT  EXTR  INIT   ROOT   BULK     pH    NO3    NH4    ORG
  DEPTH LIMIT LIMIT    SW    SW    SW   DIST   DENS                          C
   cm   cm3/cm3    cm3/cm3    cm3/cm3         g/cm3         ugN/g  ugN/g     %
-------------------------------------------------------------------------------
  0-  5 0.229 0.406 0.482 0.177 0.406   1.00   1.40   0.00   6.30   0.00   1.24
  5- 15 0.229 0.406 0.482 0.177 0.406   1.00   1.40   0.00   6.30   0.00   1.24
 15- 30 0.229 0.406 0.482 0.177 0.406   1.00   1.40   0.00   6.30   0.00   1.24
 30- 45 0.229 0.406 0.465 0.177 0.406   0.55   1.50   0.00   2.50   0.00   0.65
 45- 60 0.229 0.406 0.465 0.177 0.406   0.55   1.50   0.00   2.50   0.00   0.65
 60- 90 0.238 0.406 0.468 0.168 0.406   0.40   1.60   0.00   2.30   0.00   0.55
 90-120 0.238 0.406 0.468 0.168 0.406   0.30   1.60   0.00   2.30   0.00   0.55
120-150 0.238 0.406 0.468 0.168 0.406   0.20   1.60   0.00   2.30   0.00   0.55
150-180 0.238 0.406 0.468 0.168 0.406   0.10   1.60   0.00   2.30   0.00   0.55

TOT-180  42.3  73.1  84.6  30.8  73.1  <--cm   -  kg/ha-->    0.0    0.0      0
SOIL ALBEDO    : 0.11      EVAPORATION LIMIT : 6.00         MIN. FACTOR  : 1.00
RUNOFF CURVE # :73.00      DRAINAGE RATE     : 0.30         FERT. FACTOR : 1.00

 Safflower        CULTIVAR: UH0001-Goldschopf         ECOTYPE: BW0001
 CSDVAR :23.00  PPSEN  : 0.00  EMG-FLW:10.30  FLW-FSD:13.00  FSD-PHM : 28.50
 WTPSD  :0.064  SDPDVR : 22.2  SDFDUR :30.00  PODDUR :19.00  XFRUIT  :  0.67
 THRESH : 55.0  SDPRO  :0.140  SDLIP   : 0.330


*SIMULATED CROP AND SOIL STATUS AT MAIN DEVELOPMENT STAGES

 RUN NO.     1     S1, R1, B1              

        CROP GROWTH     BIOMASS         LEAF   CROP N     STRESS      STRESS                                           
   DATE  AGE STAGE        kg/ha    LAI   NUM  kg/ha  %   H2O  Nitr Phos1 Phos2  RSTG                                   
 ------  --- ----------   -----  -----  ----  ---  ---  ----  ----  ----  ----  ----                                   
 15 APR    0 Start Sim        0   0.00   0.0    0  0.0  0.00  0.00  0.00  0.00     0
 19 APR    0 Sowing           0   0.00   0.0    0  0.0  0.00  0.00  0.00  0.00     0
 28 APR    9 Emergence        9   0.01   0.1    0  4.5  0.00  0.00  0.00  0.00     0
 28 APR    9 End Juven.       9   0.01   0.1    0  4.5  0.00  0.00  0.00  0.00     0
  4 MAY   15 Unifoliate      25   0.04   1.5    1  4.4  0.00  0.00  0.00  0.00     0
 18 MAY   29 Flower Ind     298   0.39   9.5   11  3.8  0.00  0.00  0.00  0.00     0
  1 JUN   43 Star burst    2112   2.42  19.7   68  3.2  0.00  0.00  0.00  0.00     1
  7 JUN   49 1st thalam    3646   3.66  24.7  108  3.0  0.00  0.00  0.00  0.00     3
 22 JUN   64 1st Flw/Sd    7615   4.49  35.6  190  2.5  0.00  0.00  0.00  0.00     5
 25 JUN   67 End Msnode    8430   4.46  37.3  205  2.4  0.00  0.00  0.00  0.00     5
  2 JUL   74 End Leaf     10078   4.23  37.3  224  2.2  0.00  0.00  0.00  0.00     5
  9 JUL   81 End Sd-add   11416   3.93  37.3  230  2.0  0.06  0.00  0.00  0.00     5
  4 AUG  107 Phys. Mat    14768   2.95  37.3  217  1.5  0.28  0.00  0.00  0.00     7
 21 AUG  124 Harvest      13313   0.48  37.3  188  1.4  0.46  0.00  0.00  0.00     7


*MAIN GROWTH AND DEVELOPMENT VARIABLES

@     VARIABLE                                         SIMULATED     MEASURED
      --------                                         ---------     --------
      Emergence day (dap)                                      9           11
      Anthesis day (dap)                                      43          -99
      First pod day (dap)                                     49           47
      First seed day (dap)                                    64           77
      Physiological maturity day (dap)                       107          106
      Yield at harvest maturity (kg [dm]/ha)                3080        3637.
      Pod/Ear/Panicle weight at maturity (kg [dm]/ha)       7090        7244.
      Tops weight at anthesis (kg [dm]/ha)                  2112          -99
      Tops weight at maturity (kg [dm]/ha)                 13313        15053
      By-product produced (stalk) at maturity (kg[dm]/ha   10230          -99
      Number at maturity (no/m2)                            6463          -99
      Unit wt at maturity (g [dm]/unit)                   0.0477        0.049
      Number at maturity (no/unit)                         22.25          -99
      Harvest index at maturity                            0.231        0.241
      Threshing % at maturity                              43.45        50.28
      Leaf area index, maximum                              4.49          -99
      Leaf number per stem at maturity                     37.25          -99
      Canopy height (m)                                     0.95          -99
      Tops N at anthesis (kg/ha)                              68          -99
      Tops N at maturity (kg/ha)                             188        198.9
      Stem N at maturity (kg/ha)                              37          -99
      Grain N at maturity (kg/ha)                            101        77.33
      Grain N at maturity (%)                               3.29        2.119
      Grain oil at maturity (%)                            29.13          -99


*ENVIRONMENTAL AND STRESS FACTORS

 |-----Development Phase------|--------------------------------------Environment--------------------------------------|-----------------Stress-----------------|
                              |---------------Average--------------|-----Cumulative-----|--------Count of days--------|          (0=Min, 1=Max Stress)         |
                         Time  Temp  Temp  Temp Solar Photop                Evapo    Pot TMIN TMIN TMAX TMAX TMAX RAIN|----Water----|---Nitrogen--|-Phosphorus-|
                         Span   Max   Min  Mean   Rad  [day]    CO2   Rain  Trans     ET   <    <    >    >    >    >   Photo         Photo         Photo
                         days     C     C     C MJ/m2     hr    ppm     mm     mm    mm   0 C  2 C 30 C 32 C 34 C  0mm  synth Growth  synth Growth  synth Growth
----------------------------------------------------------------------------------------------------------------------------------------------------------------
 Emergence -First Flower   34  20.2   9.3  14.7  19.4  15.02  408.1   88.2   76.7  143.6    0    0    0    0    0   19  0.000  0.000  0.000  0.000  0.000  0.000
 First Flower-First Seed   21  22.9  12.1  17.5  21.2  15.86  408.2   24.1   90.9   91.6    0    0    0    0    0    7  0.000  0.000  0.000  0.000  0.000  0.000
 First Seed - Phys. Mat.   43  25.5  12.9  19.2  21.6  15.51  408.5   35.4  172.4  196.5    0    0    8    3    0   14  0.063  0.177  0.000  0.000  0.000  0.000
 Emergence  - Phys. Mat.   98  23.1  11.5  17.3  20.8  15.42  408.3  147.7  340.0  431.6    0    0    8    3    0   40  0.028  0.078  0.000  0.000  0.000  0.000
   
 Planting to Harvest      125  23.5  11.5  17.5  20.5  15.14  408.3  154.6  377.6  542.0    0    1   11    4    0   48  0.053  0.123  0.000  0.000  0.000  0.000
----------------------------------------------------------------------------------------------------------------------------------------------------------------


*Resource Productivity
 Growing season length: 125 days 

 Precipitation during growing season       154.6 mm[rain]
   Dry Matter Productivity                  8.61 kg[DM]/m3[rain]          =   86.1 kg[DM]/ha per mm[rain]
   Yield Productivity                       1.99 kg[grain yield]/m3[rain] =   19.9 kg[yield]/ha per mm[rain]

 Evapotranspiration during growing season  377.6 mm[ET]
   Dry Matter Productivity                  3.53 kg[DM]/m3[ET]            =   35.3 kg[DM]/ha per mm[ET]
   Yield Productivity                       0.82 kg[grain yield]/m3[ET]   =    8.2 kg[yield]/ha per mm[ET]

 Transpiration during growing season       274.7 mm[EP]
   Dry Matter Productivity                  4.85 kg[DM]/m3[EP]            =   48.5 kg[DM]/ha per mm[EP]
   Yield Productivity                       1.12 kg[grain yield]/m3[EP]   =   11.2 kg[yield]/ha per mm[EP]

--------------------------------------------------------------------------------------------------------------

                 Safflower YIELD :     3080 kg/ha    [Dry weight] 

**************************************************************************************************************
