*SIMULATION OVERVIEW FILE

*DSSAT Cropping System Model Ver. 4.8.5.000 -release  APR 28, 2026 22:32:58

*RUN   1        : Rotated Maxim 2011        CRGRO048 BRKS1107    1
 MODEL          : CRGRO048 - Lentil
 EXPERIMENT     : BRKS1107 LT RAINFED LENTIL AT SWIFT CURRENT - SEVEN YEAR STUDY
 DATA PATH      :
 TREATMENT  1   : Rotated Maxim 2011        CRGRO048


 CROP           : Lentil           CULTIVAR : CDC Maximim      ECOTYPE :LAT001
 STARTING DATE  : JAN  1 2011
 PLANTING DATE  : MAY  2 2011      PLANTS/m2 :   120.0    ROW SPACING :  25.cm
 WEATHER        : BRKS   2011
 SOIL           : CAAB000001     TEXTURE : SIL   -   CYGNET
 SOIL INIT COND : DEPTH:120cm EXTR. H2O:214.7mm  NO3: 35.0kg/ha  NH4:  4.8kg/ha
 WATER BALANCE  : IRRIGATE ON REPORTED DATE(S)
 IRRIGATION     :        0 mm IN     0 APPLICATIONS
 NITROGEN BAL.  : SOIL-N, N-UPTAKE & DYNAMIC N-FIXATION SIMULATION
 N-FERTILIZER   :        4 kg/ha IN     1 APPLICATIONS
 RESIDUE/MANURE : INITIAL :  4000 kg/ha ;       0 kg/ha IN     0 APPLICATIONS
 ENVIRONM. OPT. : DAYL=    0.00  SRAD=    0.00  TMAX=    0.00  TMIN=    0.00
                  RAIN=    0.00  CO2 =    0.00  DEW =    0.00  WIND=    0.00
 SIMULATION OPT : WATER   :Y  NITROGEN:Y  N-FIX:Y  PHOSPH :N  PESTS  :N
                  PHOTO   :L  ET      :R  INFIL:S  HYDROL :R  SOM    :P
                  CO2 391ppm  NSWIT   :1  EVAP :R  SOIL   :1  STEMP  :D
 MANAGEMENT OPT : PLANTING:R  IRRIG   :R  FERT :R  RESIDUE:Y  HARVEST:M
                  WEATHER :M  TILLAGE :N

*SUMMARY OF SOIL AND GENETIC INPUT PARAMETERS

   SOIL LOWER UPPER   SAT  EXTR  INIT   ROOT   BULK     pH    NO3    NH4    ORG
  DEPTH LIMIT LIMIT    SW    SW    SW   DIST   DENS                          C
   cm   cm3/cm3    cm3/cm3    cm3/cm3         g/cm3         ugN/g  ugN/g     %
-------------------------------------------------------------------------------
  0-  5 0.105 0.302 0.488 0.197 0.300   1.00   1.20   7.00  10.60   1.00   1.00
  5- 15 0.105 0.302 0.488 0.197 0.300   1.00   1.20   7.00   9.00   1.00   1.00
 15- 30 0.116 0.312 0.488 0.195 0.300   0.92   1.20   7.00   3.33   0.47   1.00
 30- 45 0.114 0.296 0.489 0.182 0.297   0.42   1.20   7.00   1.10   0.20   0.80
 45- 60 0.114 0.292 0.489 0.178 0.283   0.36   1.20   7.00   1.10   0.20   0.80
 60- 90 0.115 0.282 0.489 0.167 0.300   0.19   1.20   7.00   1.10   0.20   0.80
 90-120 0.115 0.288 0.489 0.173 0.300   0.16   1.20   7.00   1.10   0.20   0.80

TOT-120  13.6  35.1  58.6  21.5  35.7  <--cm   -  kg/ha-->   35.0    4.8 122400
SOIL ALBEDO    : 0.13      EVAPORATION LIMIT :10.00         MIN. FACTOR  : 1.00
RUNOFF CURVE # :74.00      DRAINAGE RATE     : 0.70         FERT. FACTOR : 1.00

 Lentil           CULTIVAR: CAND04-CDC Maximim        ECOTYPE: LAT001
 CSDVAR :15.80  PPSEN  :-0.11  EMG-FLW:26.50  FLW-FSD:10.00  FSD-PHM : 21.00
 WTPSD  :0.044  SDPDVR : 1.30  SDFDUR :20.00  PODDUR :14.00  XFRUIT  :  1.00
 THRESH : 69.0  SDPRO  :0.286  SDLIP   : 0.020


*SIMULATED CROP AND SOIL STATUS AT MAIN DEVELOPMENT STAGES

 RUN NO.     1     Rotated Maxim 2011      

        CROP GROWTH     BIOMASS         LEAF   CROP N     STRESS      STRESS                                           
   DATE  AGE STAGE        kg/ha    LAI   NUM  kg/ha  %   H2O  Nitr Phos1 Phos2  RSTG                                   
 ------  --- ----------   -----  -----  ----  ---  ---  ----  ----  ----  ----  ----                                   
  1 JAN    0 Start Sim        0   0.00   0.0    0  0.0  0.00  0.00  0.00  0.00     0
  2 MAY    0 Sowing           0   0.00   0.0    0  0.0  0.00  0.00  0.00  0.00     0
 13 MAY   11 Emergence       16   0.03   0.1    1  3.3  0.00  0.00  0.00  0.00     0
 13 MAY   11 End Juven.      16   0.03   0.1    1  3.3  0.00  0.00  0.00  0.00     0
 20 MAY   18 Unifoliate      31   0.05   1.1    1  3.3  0.00  0.00  0.00  0.00     0
 20 MAY   18 Flower Ind      31   0.05   1.1    1  3.3  0.00  0.00  0.00  0.00     0
 28 JUN   57 First Flwr    1450   1.55   7.5   39  2.7  0.00  0.00  0.00  0.00     1
  8 JUL   67 First Pod     2546   2.10   9.8   65  2.6  0.00  0.00  0.00  0.00     3
 12 JUL   71 First Seed    3114   2.24  10.7   76  2.5  0.00  0.00  0.00  0.00     5
 25 JUL   84 End Msnode    4946   2.18  13.3  118  2.4  0.00  0.00  0.00  0.00     5
 25 JUL   84 End Leaf      4946   2.18  13.3  118  2.4  0.00  0.00  0.00  0.00     5
 27 JUL   86 End Pod       5166   2.16  13.3  124  2.4  0.00  0.00  0.00  0.00     5
  7 AUG   97 Phys. Mat     6042   2.05  13.3  147  2.4  0.06  0.01  0.00  0.00     7
 10 AUG  100 Harv. Mat     5408   1.13  13.3  133  2.5  0.23  0.17  0.00  0.00     8
 10 AUG  100 Harvest       5408   1.13  13.3  133  2.5  0.00  0.00  0.00  0.00     8


*MAIN GROWTH AND DEVELOPMENT VARIABLES

@     VARIABLE                                         SIMULATED     MEASURED
      --------                                         ---------     --------
      Emergence day (dap)                                     11          -99
      Anthesis day (dap)                                      57          -99
      First pod day (dap)                                     67          -99
      First seed day (dap)                                    71          -99
      Physiological maturity day (dap)                        97           95
      Harvest maturity day (dap)                             100          -99
      Yield at harvest maturity (kg [dm]/ha)                2163         3165
      Pod/Ear/Panicle weight at maturity (kg [dm]/ha)       3135          -99
      Tops weight at anthesis (kg [dm]/ha)                  1450          -99
      Tops weight at maturity (kg [dm]/ha)                  5408         6252
      By-product produced (stalk) at maturity (kg[dm]/ha    3240          -99
      Number at maturity (no/m2)                            5315          -99
      Unit wt at maturity (g [dm]/unit)                   0.0407        0.036
      Number at maturity (no/unit)                          1.30          -99
      Harvest index at maturity                            0.400          -99
      Threshing % at maturity                              69.02          -99
      Leaf area index, maximum                              2.27          -99
      Leaf number per stem at maturity                     13.27          -99
      Canopy height (m)                                     0.38          -99
      Tops N at anthesis (kg/ha)                              39          -99
      Tops N at maturity (kg/ha)                             133          -99
      Stem N at maturity (kg/ha)                              15          -99
      Grain N at maturity (kg/ha)                             91          -99
      Grain N at maturity (%)                               4.21          -99
      Grain oil at maturity (%)                             2.00          -99


*ENVIRONMENTAL AND STRESS FACTORS

 |-----Development Phase------|--------------------------------------Environment--------------------------------------|-----------------Stress-----------------|
                              |---------------Average--------------|-----Cumulative-----|--------Count of days--------|          (0=Min, 1=Max Stress)         |
                         Time  Temp  Temp  Temp Solar Photop                Evapo    Pot TMIN TMIN TMAX TMAX TMAX RAIN|----Water----|---Nitrogen--|-Phosphorus-|
                         Span   Max   Min  Mean   Rad  [day]    CO2   Rain  Trans     ET   <    <    >    >    >    >   Photo         Photo         Photo
                         days     C     C     C MJ/m2     hr    ppm     mm     mm    mm   0 C  2 C 30 C 32 C 34 C  0mm  synth Growth  synth Growth  synth Growth
----------------------------------------------------------------------------------------------------------------------------------------------------------------
 Emergence -First Flower   46  19.2   6.9  13.0  22.5  15.92  391.5  127.5   65.2  173.0    1    5    0    0    0   27  0.000  0.000  0.000  0.000  0.000  0.000
 First Flower-First Seed   14  25.6  10.2  17.9  26.5  16.08  391.6    4.9   55.8   74.4    0    0    1    0    0    1  0.000  0.000  0.000  0.000  0.000  0.000
 First Seed - Phys. Mat.   26  26.1  10.7  18.4  24.2  15.38  391.7   33.7   99.4  128.4    0    0    4    2    0   12  0.000  0.026  0.000  0.005  0.000  0.000
 Emergence  - Phys. Mat.   86  22.3   8.6  15.5  23.7  15.79  391.6  166.1  220.4  375.9    1    5    5    2    0   40  0.000  0.008  0.000  0.002  0.000  0.000
   
 Planting to Harvest      101  22.0   7.9  14.9  23.8  15.64  391.5  167.3  240.3  434.1    3   10    5    2    0   43  0.000  0.013  0.000  0.006  0.000  0.000
----------------------------------------------------------------------------------------------------------------------------------------------------------------


*Resource Productivity
 Growing season length: 101 days 

 Precipitation during growing season       167.3 mm[rain]
   Dry Matter Productivity                  3.23 kg[DM]/m3[rain]          =   32.3 kg[DM]/ha per mm[rain]
   Yield Productivity                       1.29 kg[grain yield]/m3[rain] =   12.9 kg[yield]/ha per mm[rain]

 Evapotranspiration during growing season  240.3 mm[ET]
   Dry Matter Productivity                  2.25 kg[DM]/m3[ET]            =   22.5 kg[DM]/ha per mm[ET]
   Yield Productivity                       0.90 kg[grain yield]/m3[ET]   =    9.0 kg[yield]/ha per mm[ET]

 Transpiration during growing season       169.6 mm[EP]
   Dry Matter Productivity                  3.19 kg[DM]/m3[EP]            =   31.9 kg[DM]/ha per mm[EP]
   Yield Productivity                       1.28 kg[grain yield]/m3[EP]   =   12.8 kg[yield]/ha per mm[EP]

 N applied during growing season              4. kg[N applied]/ha
   Dry Matter Productivity                1351.9 kg[DM]/kg[N applied]
   Yield Productivity                      540.8 kg[yield]/kg[N applied]

 N uptake during growing season               37 kg[N uptake]/ha
   Dry Matter Productivity                 146.2 kg[DM]/kg[N uptake]
   Yield Productivity                       58.5 kg[yield]/kg[N uptake]

--------------------------------------------------------------------------------------------------------------

                    Lentil YIELD :     2163 kg/ha    [Dry weight] 

**************************************************************************************************************
