*SIMULATION OVERVIEW FILE

*DSSAT Cropping System Model Ver. 4.8.5.000 -release  APR 28, 2026 22:33:27

*RUN   1        : T7, 7-d interval          CRGRO048 AUTA8101    1
 MODEL          : CRGRO048 - Sunflower
 EXPERIMENT     : AUTA8101 SU TATURA 1981/82, CONNOR ET AL 1985
 DATA PATH      :
 TREATMENT  1   : T7, 7-d interval          CRGRO048


 CROP           : Sunflower        CULTIVAR : Sungold          ECOTYPE :SU0702
 STARTING DATE  : NOV 26 1981
 PLANTING DATE  : DEC  5 1981      PLANTS/m2 :     5.3    ROW SPACING :  70.cm
 WEATHER        : AUTA   1981
 SOIL           : AUTA810001     TEXTURE : SL    -   Red sodosol
 SOIL INIT COND : DEPTH:200cm EXTR. H2O:262.0mm  NO3:136.2kg/ha  NH4: 16.0kg/ha
 WATER BALANCE  : IRRIGATE ON REPORTED DAP
 IRRIGATION     :      509 mm IN    12 APPLICATIONS
 NITROGEN BAL.  : SOIL-N & N-UPTAKE SIMULATION; NO N-FIXATION
 N-FERTILIZER   :      100 kg/ha IN     1 APPLICATIONS
 RESIDUE/MANURE : INITIAL :     0 kg/ha ;       0 kg/ha IN     0 APPLICATIONS
 ENVIRONM. OPT. : DAYL=    0.00  SRAD=    0.00  TMAX=    0.00  TMIN=    0.00
                  RAIN=    0.00  CO2 =    0.00  DEW =    0.00  WIND=    0.00
 SIMULATION OPT : WATER   :Y  NITROGEN:Y  N-FIX:N  PHOSPH :N  PESTS  :N
                  PHOTO   :L  ET      :R  INFIL:S  HYDROL :R  SOM    :G
                  CO2 340ppm  NSWIT   :1  EVAP :R  SOIL   :2  STEMP  :D
 MANAGEMENT OPT : PLANTING:R  IRRIG   :D  FERT :R  RESIDUE:R  HARVEST:M
                  WEATHER :M  TILLAGE :Y

*SUMMARY OF SOIL AND GENETIC INPUT PARAMETERS

   SOIL LOWER UPPER   SAT  EXTR  INIT   ROOT   BULK     pH    NO3    NH4    ORG
  DEPTH LIMIT LIMIT    SW    SW    SW   DIST   DENS                          C
   cm   cm3/cm3    cm3/cm3    cm3/cm3         g/cm3         ugN/g  ugN/g     %
-------------------------------------------------------------------------------
  0-  5 0.230 0.455 0.505 0.225 0.210   1.00   1.30   8.20   5.10   0.60   1.03
  5- 15 0.230 0.455 0.505 0.225 0.210   1.00   1.30   8.20   5.10   0.60   1.03
 15- 20 0.230 0.455 0.505 0.225 0.210   1.00   1.30   8.20   5.10   0.60   1.03
 20- 30 0.240 0.490 0.540 0.250 0.400   0.55   1.30   8.50   5.10   0.60   0.86
 30- 40 0.240 0.490 0.540 0.250 0.400   0.55   1.30   8.50   5.10   0.60   0.86
 40- 50 0.240 0.490 0.540 0.250 0.340   0.37   1.29   8.60   5.10   0.60   0.77
 50- 60 0.240 0.490 0.540 0.250 0.340   0.37   1.29   8.60   5.10   0.60   0.77
 60- 70 0.250 0.500 0.550 0.250 0.340   0.25   1.31   8.60   5.10   0.60   0.65
 70- 80 0.250 0.500 0.550 0.250 0.340   0.25   1.31   8.60   5.10   0.60   0.65
 80-100 0.270 0.420 0.470 0.150 0.340   0.17   1.35   7.40   5.10   0.60   0.54
100-120 0.310 0.385 0.435 0.075 0.270   0.11   1.36   5.30   5.10   0.60   0.48
120-140 0.380 0.430 0.480 0.050 0.270   0.07   1.36   5.00   5.10   0.60   0.43
140-160 0.380 0.405 0.455 0.025 0.270   0.05   1.36   5.00   5.10   0.60   0.43
160-180 0.380 0.405 0.455 0.025 0.270   0.03   1.36   5.00   5.10   0.60   0.43
180-200 0.370 0.380 0.430 0.010 0.090   0.02   1.36   5.00   5.10   0.60   0.43

TOT-200  61.0  87.2  97.2  26.2  56.0  <--cm   -  kg/ha-->  136.2   16.0 160456
SOIL ALBEDO    : 0.13      EVAPORATION LIMIT : 6.00         MIN. FACTOR  : 1.00
RUNOFF CURVE # :80.00      DRAINAGE RATE     : 0.10         FERT. FACTOR : 1.00

 Sunflower        CULTIVAR: IB0019-Sungold            ECOTYPE: SU0702
 CSDVAR :15.00  PPSEN  :-0.09  EMG-FLW:17.60  FLW-FSD:10.20  FSD-PHM : 28.40
 WTPSD  :0.060  SDPDVR :  2.0  SDFDUR :24.00  PODDUR : 4.20  XFRUIT  :  0.83
 THRESH : 68.0  SDPRO  :0.140  SDLIP   : 0.480


*SIMULATED CROP AND SOIL STATUS AT MAIN DEVELOPMENT STAGES

 RUN NO.     1     T7, 7-d interval        

        CROP GROWTH     BIOMASS         LEAF   CROP N     STRESS      STRESS                                           
   DATE  AGE STAGE        kg/ha    LAI   NUM  kg/ha  %   H2O  Nitr Phos1 Phos2  RSTG                                   
 ------  --- ----------   -----  -----  ----  ---  ---  ----  ----  ----  ----  ----                                   
 26 NOV    0 Start Sim        0   0.00   0.0    0  0.0  0.00  0.00  0.00  0.00     0
  5 DEC    0 Sowing           0   0.00   0.0    0  0.0  0.00  0.00  0.00  0.00     0
 13 DEC    8 Emergence        1   0.00   0.2    0  5.8  0.00  0.00  0.00  0.00     0
 13 DEC    8 End Juven.       1   0.00   0.2    0  5.8  0.00  0.00  0.00  0.00     0
 15 DEC   10 Unifoliate       2   0.00   1.3    0  5.8  0.29  0.00  0.00  0.00     0
 21 DEC   16 Flower Ind       7   0.01   4.3    0  5.7  0.14  0.00  0.00  0.00     0
  8 JAN   34 Star burst     742   1.15  15.0   40  5.4  0.00  0.00  0.00  0.00     1
 16 JAN   42 1st thalam    2273   2.52  20.3  117  5.2  0.00  0.00  0.00  0.00     3
 22 JAN   48 1st Flw/Sd    3702   2.54  24.6  133  3.6  0.00  0.20  0.00  0.00     5
 22 JAN   48 End Msnode    3702   2.54  24.6  133  3.6  0.00  0.00  0.00  0.00     5
 28 JAN   54 End Leaf      5256   2.07  24.6  133  2.5  0.00  0.15  0.00  0.00     5
  3 FEB   60 End Sd-add    6561   1.69  24.6  132  2.0  0.00  0.11  0.00  0.00     5
 25 FEB   82 Phys. Mat     9163   0.88  24.6  140  1.5  0.00  0.12  0.00  0.00     7
  3 MAR   88 Harv. Mat     9459   0.63  24.6  140  1.5  0.00  0.60  0.00  0.00     8
  3 MAR   88 Harvest       9459   0.63  24.6  140  1.5  0.00  0.00  0.00  0.00     8


*MAIN GROWTH AND DEVELOPMENT VARIABLES

@     VARIABLE                                         SIMULATED     MEASURED
      --------                                         ---------     --------
      Emergence day (dap)                                      8            9
      Anthesis day (dap)                                      34           73
      First pod day (dap)                                     42          -99
      First seed day (dap)                                    48          -99
      Physiological maturity day (dap)                        82          -99
      Harvest maturity day (dap)                              88          -99
      Yield at harvest maturity (kg [dm]/ha)                4458         4505
      Pod/Ear/Panicle weight at maturity (kg [dm]/ha)       6552          -99
      Tops weight at anthesis (kg [dm]/ha)                   742          -99
      Tops weight at maturity (kg [dm]/ha)                  9459         8500
      By-product produced (stalk) at maturity (kg[dm]/ha    5000          -99
      Number at maturity (no/m2)                            7841          -99
      Unit wt at maturity (g [dm]/unit)                   0.0569          -99
      Number at maturity (no/unit)                          2.00          -99
      Harvest index at maturity                            0.471         0.48
      Threshing % at maturity                              68.05          -99
      Leaf area index, maximum                              2.65          -99
      Leaf number per stem at maturity                     24.57          -99
      Canopy height (m)                                     1.19          -99
      Tops N at anthesis (kg/ha)                              40          -99
      Tops N at maturity (kg/ha)                             140          -99
      Stem N at maturity (kg/ha)                              16          -99
      Grain N at maturity (kg/ha)                             99          -99
      Grain N at maturity (%)                               2.23          -99
      Grain oil at maturity (%)                            46.99          -99


*ENVIRONMENTAL AND STRESS FACTORS

 |-----Development Phase------|--------------------------------------Environment--------------------------------------|-----------------Stress-----------------|
                              |---------------Average--------------|-----Cumulative-----|--------Count of days--------|          (0=Min, 1=Max Stress)         |
                         Time  Temp  Temp  Temp Solar Photop                Evapo    Pot TMIN TMIN TMAX TMAX TMAX RAIN|----Water----|---Nitrogen--|-Phosphorus-|
                         Span   Max   Min  Mean   Rad  [day]    CO2   Rain  Trans     ET   <    <    >    >    >    >   Photo         Photo         Photo
                         days     C     C     C MJ/m2     hr    ppm     mm     mm    mm   0 C  2 C 30 C 32 C 34 C  0mm  synth Growth  synth Growth  synth Growth
----------------------------------------------------------------------------------------------------------------------------------------------------------------
 Emergence -First Flower   26  28.1  13.0  20.6  28.8  14.45  340.5    0.6   49.9  184.7    0    0    6    3    1    2  0.007  0.055  0.000  0.000  0.000  0.000
 First Flower-First Seed   14  33.6  17.6  25.6  27.9  14.22  340.6    2.2   94.7  100.0    0    0   12   11    6    2  0.000  0.000  0.000  0.085  0.000  0.000
 First Seed - Phys. Mat.   34  30.3  15.2  22.8  25.4  13.55  340.6   55.9  184.2  206.0    0    0   15   12   10    4  0.000  0.000  0.000  0.122  0.000  0.000
 Emergence  - Phys. Mat.   74  30.2  14.9  22.5  27.1  13.99  340.6   58.7  328.7  490.7    0    0   33   26   17    8  0.002  0.019  0.000  0.072  0.000  0.000
   
 Planting to Harvest       89  29.4  14.4  21.9  26.6  13.96  340.6   63.5  355.0  573.2    0    0   34   26   17   10  0.002  0.016  0.000  0.101  0.000  0.000
----------------------------------------------------------------------------------------------------------------------------------------------------------------


*Resource Productivity
 Growing season length:  89 days 

 Precipitation during growing season        63.5 mm[rain]
   Dry Matter Productivity                 14.90 kg[DM]/m3[rain]          =  149.0 kg[DM]/ha per mm[rain]
   Yield Productivity                       7.02 kg[grain yield]/m3[rain] =   70.2 kg[yield]/ha per mm[rain]

 Evapotranspiration during growing season  355.0 mm[ET]
   Dry Matter Productivity                  2.66 kg[DM]/m3[ET]            =   26.6 kg[DM]/ha per mm[ET]
   Yield Productivity                       1.26 kg[grain yield]/m3[ET]   =   12.6 kg[yield]/ha per mm[ET]

 Transpiration during growing season       218.5 mm[EP]
   Dry Matter Productivity                  4.33 kg[DM]/m3[EP]            =   43.3 kg[DM]/ha per mm[EP]
   Yield Productivity                       2.04 kg[grain yield]/m3[EP]   =   20.4 kg[yield]/ha per mm[EP]

 Irrigation during growing season          410.0 mm[irrig]
   Dry Matter Productivity                  2.31 kg[DM]/m3[irrig]         =   23.1 kg[DM]/ha per mm[irrig]
   Yield Productivity                       1.09 kg[grain yield]/m3[irrig]=   10.9 kg[yield]/ha per mm[irrig]

 N applied during growing season            100. kg[N applied]/ha
   Dry Matter Productivity                  94.6 kg[DM]/kg[N applied]
   Yield Productivity                       44.6 kg[yield]/kg[N applied]

 N uptake during growing season              180 kg[N uptake]/ha
   Dry Matter Productivity                  52.5 kg[DM]/kg[N uptake]
   Yield Productivity                       24.8 kg[yield]/kg[N uptake]

--------------------------------------------------------------------------------------------------------------

                 Sunflower YIELD :     4458 kg/ha    [Dry weight] 

**************************************************************************************************************
