*SIMULATION OVERVIEW FILE

*DSSAT Cropping System Model Ver. 4.8.5.000 -release  APR 28, 2026 22:33:04

*RUN   1        : IRRIGATED, FLORUNNER      CRGRO048 UFGA7901    1
 MODEL          : CRGRO048 - Peanut
 EXPERIMENT     : UFGA7901 PN IRRIGATED, FLORUNNER & STARR
 DATA PATH      :
 TREATMENT  1   : IRRIGATED, FLORUNNER      CRGRO048


 CROP           : Peanut           CULTIVAR : FLORUNNER        ECOTYPE :PN0001
 STARTING DATE  : MAY  8 1979
 PLANTING DATE  : MAY  8 1979      PLANTS/m2 :    12.9    ROW SPACING :  76.cm
 WEATHER        : UFGA   1979
 SOIL           : IBPN910015     TEXTURE : S     -   Millhopper Fine Sand
 SOIL INIT COND : DEPTH:180cm EXTR. H2O:158.4mm  NO3: 22.8kg/ha  NH4: 16.5kg/ha
 WATER BALANCE  : IRRIGATE ON REPORTED DATE(S)
 IRRIGATION     :        0 mm IN     0 APPLICATIONS
 NITROGEN BAL.  : SOIL-N, N-UPTAKE & DYNAMIC N-FIXATION SIMULATION
 N-FERTILIZER   : NO N-FERTILIZER APPLIED
 RESIDUE/MANURE : INITIAL :  1000 kg/ha ;       0 kg/ha IN     0 APPLICATIONS
 ENVIRONM. OPT. : DAYL=    0.00  SRAD=    0.00  TMAX=    0.00  TMIN=    0.00
                  RAIN=    0.00  CO2 =    0.00  DEW =    0.00  WIND=    0.00
 SIMULATION OPT : WATER   :Y  NITROGEN:Y  N-FIX:Y  PHOSPH :N  PESTS  :N
                  PHOTO   :L  ET      :R  INFIL:S  HYDROL :R  SOM    :G
                  CO2 337ppm  NSWIT   :1  EVAP :R  SOIL   :2  STEMP  :D
 MANAGEMENT OPT : PLANTING:R  IRRIG   :R  FERT :N  RESIDUE:N  HARVEST:M
                  WEATHER :M  TILLAGE :N

*SUMMARY OF SOIL AND GENETIC INPUT PARAMETERS

   SOIL LOWER UPPER   SAT  EXTR  INIT   ROOT   BULK     pH    NO3    NH4    ORG
  DEPTH LIMIT LIMIT    SW    SW    SW   DIST   DENS                          C
   cm   cm3/cm3    cm3/cm3    cm3/cm3         g/cm3         ugN/g  ugN/g     %
-------------------------------------------------------------------------------
  0-  5 0.023 0.086 0.230 0.063 0.086   1.00   1.36   7.00   1.50   0.60   0.90
  5- 15 0.023 0.086 0.230 0.063 0.086   1.00   1.40   7.00   1.50   0.60   0.69
 15- 30 0.023 0.086 0.230 0.063 0.086   0.55   1.46   7.00   1.50   0.60   0.28
 30- 45 0.023 0.086 0.230 0.063 0.086   0.32   1.46   7.00   1.50   0.60   0.20
 45- 60 0.023 0.086 0.230 0.063 0.086   0.32   1.47   7.00   1.50   0.60   0.20
 60- 90 0.021 0.076 0.230 0.055 0.076   0.38   1.43   7.00   0.60   0.60   0.09
 90-120 0.020 0.076 0.230 0.056 0.076   0.40   1.48   7.00   0.50   0.60   0.03
120-150 0.027 0.130 0.230 0.103 0.130   0.30   1.57   7.00   0.50   0.60   0.03
150-180 0.070 0.258 0.360 0.188 0.258   0.20   1.79   7.00   0.50   0.60   0.03

TOT-180   5.5  21.4  45.3  15.8  21.4  <--cm   -  kg/ha-->   22.8   16.5  38919
SOIL ALBEDO    : 0.18      EVAPORATION LIMIT : 5.00         MIN. FACTOR  : 1.00
RUNOFF CURVE # :66.00      DRAINAGE RATE     : 0.50         FERT. FACTOR : 0.92

 Peanut           CULTIVAR: IB0002-FLORUNNER          ECOTYPE: PN0001
 CSDVAR :11.84  PPSEN  : 0.00  EMG-FLW:21.20  FLW-FSD:18.80  FSD-PHM : 74.30
 WTPSD  :0.690  SDPDVR : 1.65  SDFDUR :40.00  PODDUR :24.00  XFRUIT  :  0.92
 THRESH : 80.0  SDPRO  :0.270  SDLIP   : 0.510


*SIMULATED CROP AND SOIL STATUS AT MAIN DEVELOPMENT STAGES

 RUN NO.     1     IRRIGATED, FLORUNNER    

        CROP GROWTH     BIOMASS         LEAF   CROP N     STRESS      STRESS                                           
   DATE  AGE STAGE        kg/ha    LAI   NUM  kg/ha  %   H2O  Nitr Phos1 Phos2  RSTG                                   
 ------  --- ----------   -----  -----  ----  ---  ---  ----  ----  ----  ----  ----                                   
  8 MAY    0 Start Sim        0   0.00   0.0    0  0.0  0.00  0.00  0.00  0.00     0
  8 MAY    0 Sowing           0   0.00   0.0    0  0.0  0.00  0.00  0.00  0.00     0
 14 MAY    6 Emergence       26   0.03   0.2    1  4.8  0.00  0.00  0.00  0.00     0
 14 MAY    6 End Juven.      26   0.03   0.2    1  4.8  0.00  0.00  0.00  0.00     0
 19 MAY   11 Unifoliate      39   0.05   1.3    2  4.6  0.00  0.03  0.00  0.00     0
  7 JUN   30 Flower Ind     299   0.42   7.3   10  3.2  0.00  0.01  0.00  0.00     0
 11 JUN   34 First Flwr     472   0.64   8.4   16  3.3  0.11  0.00  0.00  0.00     1
 23 JUN   46 First Peg     1202   1.48  11.3   39  3.3  0.18  0.00  0.00  0.00     2
 27 JUN   50 First Pod     1657   2.03  12.5   53  3.2  0.00  0.00  0.00  0.00     3
  4 JUL   57 First Seed    2777   3.18  14.7   88  3.2  0.00  0.00  0.00  0.00     5
 28 AUG  112 End Msnode   10054   4.62  25.7  271  2.7  0.08  0.00  0.00  0.00     5
 20 SEP  135 End Pod      11803   4.49  25.7  326  2.8  0.00  0.01  0.00  0.00     8
 20 SEP  135 Phys. Mat    11803   4.49  25.7  326  2.8  0.00  0.00  0.00  0.00     8
 20 SEP  135 Harv. Mat    11803   4.49  25.7  326  2.8  0.00  0.00  0.00  0.00     8
 20 SEP  135 End Leaf     11803   4.49  25.7  326  2.8  0.00  0.00  0.00  0.00     8
 20 SEP  135 Harvest      11803   4.49  25.7  326  2.8  0.00  0.00  0.00  0.00     8


*MAIN GROWTH AND DEVELOPMENT VARIABLES

@     VARIABLE                                         SIMULATED     MEASURED
      --------                                         ---------     --------
      Emergence day (dap)                                      6          -99
      Anthesis day (dap)                                      34           31
      First pod day (dap)                                     50           51
      First seed day (dap)                                    57           62
      Physiological maturity day (dap)                       135          129
      Harvest maturity day (dap)                             135          -99
      Yield at harvest maturity (kg [dm]/ha)                4423          -99
      Pod/Ear/Panicle weight at maturity (kg [dm]/ha)       5625          -99
      Tops weight at anthesis (kg [dm]/ha)                   472          -99
      Tops weight at maturity (kg [dm]/ha)                 11803          -99
      By-product produced (stalk) at maturity (kg[dm]/ha    7380          -99
      Number at maturity (no/m2)                             798          -99
      Unit wt at maturity (g [dm]/unit)                   0.5541          -99
      Number at maturity (no/unit)                          1.64          -99
      Harvest index at maturity                            0.375          -99
      Threshing % at maturity                              78.63          -99
      Leaf area index, maximum                              4.79          -99
      Leaf number per stem at maturity                     25.68          -99
      Canopy height (m)                                     0.56          -99
      Tops N at anthesis (kg/ha)                              16          -99
      Tops N at maturity (kg/ha)                             326          -99
      Stem N at maturity (kg/ha)                              43          -99
      Grain N at maturity (kg/ha)                            202          -99
      Grain N at maturity (%)                               4.58          -99
      Grain oil at maturity (%)                            50.91          -99


*ENVIRONMENTAL AND STRESS FACTORS

 |-----Development Phase------|--------------------------------------Environment--------------------------------------|-----------------Stress-----------------|
                              |---------------Average--------------|-----Cumulative-----|--------Count of days--------|          (0=Min, 1=Max Stress)         |
                         Time  Temp  Temp  Temp Solar Photop                Evapo    Pot TMIN TMIN TMAX TMAX TMAX RAIN|----Water----|---Nitrogen--|-Phosphorus-|
                         Span   Max   Min  Mean   Rad  [day]    CO2   Rain  Trans     ET   <    <    >    >    >    >   Photo         Photo         Photo
                         days     C     C     C MJ/m2     hr    ppm     mm     mm    mm   0 C  2 C 30 C 32 C 34 C  0mm  synth Growth  synth Growth  synth Growth
----------------------------------------------------------------------------------------------------------------------------------------------------------------
 Emergence -First Flower   28  31.3  17.2  24.2  23.8  13.71  336.7   36.6   38.2  164.2    0    0   18   15    4    4  0.000  0.015  0.000  0.010  0.000  0.000
 First Flower-First Seed   23  32.7  20.3  26.5  19.8  13.89  336.8  102.0   92.9  115.7    0    0   20   17    6   11  0.033  0.094  0.000  0.000  0.000  0.000
 First Seed - Phys. Mat.   78  32.9  22.3  27.6  18.8  13.07  337.0  452.1  351.1  362.3    0    0   70   62   18   41  0.022  0.056  0.000  0.004  0.000  0.000
 Emergence  - Phys. Mat.  129  32.5  20.8  26.7  20.0  13.36  336.9  590.7  482.2  642.2    0    0  108   94   28   56  0.019  0.054  0.000  0.005  0.000  0.000
   
 Planting to Harvest      136  32.4  20.8  26.6  20.0  13.36  336.9  622.0  496.7  676.3    0    0  112   96   28   60  0.018  0.051  0.000  0.004  0.000  0.000
----------------------------------------------------------------------------------------------------------------------------------------------------------------


*Resource Productivity
 Growing season length: 136 days 

 Precipitation during growing season       622.0 mm[rain]
   Dry Matter Productivity                  1.90 kg[DM]/m3[rain]          =   19.0 kg[DM]/ha per mm[rain]
   Yield Productivity                       0.71 kg[grain yield]/m3[rain] =    7.1 kg[yield]/ha per mm[rain]

 Evapotranspiration during growing season  496.7 mm[ET]
   Dry Matter Productivity                  2.38 kg[DM]/m3[ET]            =   23.8 kg[DM]/ha per mm[ET]
   Yield Productivity                       0.89 kg[grain yield]/m3[ET]   =    8.9 kg[yield]/ha per mm[ET]

 Transpiration during growing season       387.3 mm[EP]
   Dry Matter Productivity                  3.05 kg[DM]/m3[EP]            =   30.5 kg[DM]/ha per mm[EP]
   Yield Productivity                       1.14 kg[grain yield]/m3[EP]   =   11.4 kg[yield]/ha per mm[EP]

 N uptake during growing season               54 kg[N uptake]/ha
   Dry Matter Productivity                 218.6 kg[DM]/kg[N uptake]
   Yield Productivity                       81.9 kg[yield]/kg[N uptake]

--------------------------------------------------------------------------------------------------------------

                    Peanut YIELD :     4423 kg/ha    [Dry weight] 

**************************************************************************************************************
