*SIMULATION OVERVIEW FILE

*DSSAT Cropping System Model Ver. 4.8.5.000 -release  APR 28, 2026 22:32:45

*RUN   1        : 82 Treatment 1            CRGRO048 CNCH8201    1
 MODEL          : CRGRO048 - Brachiaria
 EXPERIMENT     : CNCH8201 BR BRACHIARIA ON LA ROMELIA
 DATA PATH      :
 TREATMENT  1   : 82 Treatment 1            CRGRO048


 CROP           : Brachiaria       CULTIVAR : Brachiaria 3     ECOTYPE :BR0001
 STARTING DATE  : FEB  1 1982
 PLANTING DATE  : FEB  9 1982      PLANTS/m2 :   100.0    ROW SPACING :  10.cm
 HARVEST DATE   : JUL  1 1983
 WEATHER        : CNCH   1982
 SOIL           : CNCH820001     TEXTURE : SALO  -   SANDY LOAM AT LA ROMELI
 SOIL INIT COND : DEPTH:120cm EXTR. H2O:195.0mm  NO3: 65.3kg/ha  NH4:  8.0kg/ha
 WATER BALANCE  : IRRIGATE ON REPORTED DATE(S)
 IRRIGATION     :        0 mm IN     0 APPLICATIONS
 NITROGEN BAL.  : SOIL-N & N-UPTAKE SIMULATION; NO N-FIXATION
 N-FERTILIZER   :      100 kg/ha IN     2 APPLICATIONS
 RESIDUE/MANURE : INITIAL :     0 kg/ha ;       0 kg/ha IN     0 APPLICATIONS
 ENVIRONM. OPT. : DAYL=    0.00  SRAD=    0.00  TMAX=    0.00  TMIN=    0.00
                  RAIN=    0.00  CO2 =    0.00  DEW =    0.00  WIND=    0.00
 SIMULATION OPT : WATER   :Y  NITROGEN:Y  N-FIX:N  PHOSPH :N  PESTS  :Y
                  PHOTO   :C  ET      :R  INFIL:S  HYDROL :R  SOM    :P
                  CO2 341ppm  NSWIT   :1  EVAP :R  SOIL   :2  STEMP  :D
 MANAGEMENT OPT : PLANTING:R  IRRIG   :R  FERT :R  RESIDUE:N  HARVEST:R
                  WEATHER :M  TILLAGE :N

*SUMMARY OF SOIL AND GENETIC INPUT PARAMETERS

   SOIL LOWER UPPER   SAT  EXTR  INIT   ROOT   BULK     pH    NO3    NH4    ORG
  DEPTH LIMIT LIMIT    SW    SW    SW   DIST   DENS                          C
   cm   cm3/cm3    cm3/cm3    cm3/cm3         g/cm3         ugN/g  ugN/g     %
-------------------------------------------------------------------------------
  0-  5 0.090 0.260 0.620 0.170 0.260   0.95   0.70   5.10   2.00   0.20   3.60
  5- 15 0.130 0.360 0.620 0.230 0.260   0.82   1.32   5.10   2.00   0.20   3.11
 15- 20 0.130 0.360 0.620 0.230 0.260   0.70   1.34   5.10   2.00   0.20   2.65
 20- 25 0.130 0.350 0.430 0.220 0.260   0.63   1.37   5.10   3.80   0.50   2.39
 25- 30 0.120 0.300 0.430 0.180 0.260   0.58   1.37   5.10   3.80   0.50   2.20
 30- 35 0.140 0.320 0.430 0.180 0.260   0.52   1.39   5.10   3.80   0.50   1.97
 35- 40 0.140 0.300 0.430 0.160 0.260   0.47   1.40   5.10   3.80   0.50   1.78
 40- 55 0.130 0.280 0.400 0.150 0.260   0.33   1.49   5.10   4.10   0.50   1.26
 55- 70 0.130 0.280 0.400 0.150 0.260   0.33   1.49   5.10   4.10   0.50   1.26
 70- 95 0.130 0.270 0.400 0.140 0.260   0.15   1.55   5.10   4.10   0.50   0.57
 95-120 0.130 0.270 0.400 0.140 0.260   0.15   1.55   5.10   4.10   0.50   0.57

TOT-120  15.4  35.0  53.0  19.5  31.2  <--cm   -  kg/ha-->   65.3    8.0 229431
SOIL ALBEDO    : 0.13      EVAPORATION LIMIT :11.50         MIN. FACTOR  : 0.80
RUNOFF CURVE # :75.00      DRAINAGE RATE     : 0.65         FERT. FACTOR : 1.00

 Brachiaria       CULTIVAR: CN0003-Brachiaria 3       ECOTYPE: BR0001
 CSDVAR :12.00  PPSEN  : 0.20  EMG-FLW:99.00  FLW-FSD:18.00  FSD-PHM : 33.00
 WTPSD  :0.002  SDPDVR :  2.0  SDFDUR :18.00  PODDUR :20.00  XFRUIT  :  0.01
 THRESH : 78.0  SDPRO  :0.398  SDLIP   : 0.500


*SIMULATED CROP AND SOIL STATUS AT MAIN DEVELOPMENT STAGES

 RUN NO.     1     82 Treatment 1          

        CROP GROWTH     BIOMASS         LEAF   CROP N     STRESS      STRESS                                           
   DATE  AGE STAGE        kg/ha    LAI   NUM  kg/ha  %   H2O  Nitr Phos1 Phos2  RSTG                                   
 ------  --- ----------   -----  -----  ----  ---  ---  ----  ----  ----  ----  ----                                   
  1 FEB    0 Start Sim        0   0.00   0.0    0  0.0  0.00  0.00  0.00  0.00     0
  9 FEB    0 Sowing           0   0.00   0.0    0  0.0  0.00  0.00  0.00  0.00     0
 14 FEB    5 Emergence        1   0.00   0.0    0  2.2  0.00  0.00  0.00  0.00     0
 25 FEB   16 First Leaf       3   0.00   1.1    0  2.2  0.06  0.00  0.00  0.00     0
  1 JUL  507 Harvest      10008   8.20  10.0  216  2.2  0.00  0.00  0.00  0.00     0


*MAIN GROWTH AND DEVELOPMENT VARIABLES

@     VARIABLE                                         SIMULATED     MEASURED
      --------                                         ---------     --------
      Emergence day (dap)                                      5          -99
      Anthesis day (dap)                                     -99          -99
      Physiological maturity day (dap)                       -99          -99
      Yield at harvest maturity (kg [dm]/ha)                   0          -99
      Pod/Ear/Panicle weight at maturity (kg [dm]/ha)          0          -99
      Tops weight at anthesis (kg [dm]/ha)                     0          -99
      Tops weight at maturity (kg [dm]/ha)                 10008          -99
      By-product produced (stalk) at maturity (kg[dm]/ha   10010          -99
      Number at maturity (no/m2)                               0          -99
      Unit wt at maturity (g [dm]/unit)                   0.0000          -99
      Number at maturity (no/unit)                          0.00          -99
      Harvest index at maturity                            0.000          -99
      Threshing % at maturity                               0.00          -99
      Leaf area index, maximum                              8.42          -99
      Leaf number per stem at maturity                      9.97          -99
      Canopy height (m)                                     0.39          -99
      Tops N at anthesis (kg/ha)                               0          -99
      Tops N at maturity (kg/ha)                             216          -99
      Stem N at maturity (kg/ha)                              63          -99
      Grain N at maturity (kg/ha)                              0          -99
      Grain N at maturity (%)                               0.00          -99
      Grain oil at maturity (%)                             0.00          -99


*ENVIRONMENTAL AND STRESS FACTORS

 |-----Development Phase------|--------------------------------------Environment--------------------------------------|-----------------Stress-----------------|
                              |---------------Average--------------|-----Cumulative-----|--------Count of days--------|          (0=Min, 1=Max Stress)         |
                         Time  Temp  Temp  Temp Solar Photop                Evapo    Pot TMIN TMIN TMAX TMAX TMAX RAIN|----Water----|---Nitrogen--|-Phosphorus-|
                         Span   Max   Min  Mean   Rad  [day]    CO2   Rain  Trans     ET   <    <    >    >    >    >   Photo         Photo         Photo
                         days     C     C     C MJ/m2     hr    ppm     mm     mm    mm   0 C  2 C 30 C 32 C 34 C  0mm  synth Growth  synth Growth  synth Growth
----------------------------------------------------------------------------------------------------------------------------------------------------------------
 Emergence  - Phys. Mat.  502  26.6  17.0  21.8  15.5  12.03  341.5   3455   1721   1760    0    0   18    4    1  298  0.001  0.004  0.000  0.000  0.000  0.000
   
 Planting to Harvest      508  26.6  17.0  21.8  15.5  12.03  341.5   3506   1748   1788    0    0   18    4    1  304  0.001  0.004  0.000  0.000  0.000  0.000
----------------------------------------------------------------------------------------------------------------------------------------------------------------


*Resource Productivity
 Growing season length: 508 days 

 Precipitation during growing season      3505.8 mm[rain]
   Dry Matter Productivity                  0.29 kg[DM]/m3[rain]          =    2.9 kg[DM]/ha per mm[rain]
   Yield Productivity                       0.00 kg[grain yield]/m3[rain] =    0.0 kg[yield]/ha per mm[rain]

 Evapotranspiration during growing season 1748.5 mm[ET]
   Dry Matter Productivity                  0.57 kg[DM]/m3[ET]            =    5.7 kg[DM]/ha per mm[ET]
   Yield Productivity                       0.00 kg[grain yield]/m3[ET]   =    0.0 kg[yield]/ha per mm[ET]

 Transpiration during growing season      1381.3 mm[EP]
   Dry Matter Productivity                  0.72 kg[DM]/m3[EP]            =    7.2 kg[DM]/ha per mm[EP]
   Yield Productivity                       0.00 kg[grain yield]/m3[EP]   =    0.0 kg[yield]/ha per mm[EP]

 N applied during growing season            100. kg[N applied]/ha
   Dry Matter Productivity                 100.1 kg[DM]/kg[N applied]
   Yield Productivity                        0.0 kg[yield]/kg[N applied]

 N uptake during growing season             1091 kg[N uptake]/ha
   Dry Matter Productivity                   9.2 kg[DM]/kg[N uptake]
   Yield Productivity                        0.0 kg[yield]/kg[N uptake]

--------------------------------------------------------------------------------------------------------------

                Brachiaria YIELD :        0 kg/ha    [Dry weight] 

**************************************************************************************************************
