*SIMULATION OVERVIEW FILE

*DSSAT Cropping System Model Ver. 4.8.5.000 -release  APR 28, 2026 22:32:43

*RUN   1        : 0 kg/ha N Bradenton       CRGRO048 UFBR9601    1
 MODEL          : CRGRO048 - Bell pepper
 EXPERIMENT     : UFBR9601 PR 1996 FERTILIZER TRIAL, BRADENTON, FL
 DATA PATH      :
 TREATMENT  1   : 0 kg/ha N Bradenton       CRGRO048


 CROP           : Bell pepper      CULTIVAR : CAPISTRANO       ECOTYPE :PR0001
 STARTING DATE  : SEP  5 1996
 PLANTING DATE  : SEP  5 1996      PLANTS/m2 :     4.3    ROW SPACING :  75.cm
 HARVEST DATE   : DEC 29 1996
 WEATHER        : UFBR   1996
 SOIL           : UFBR950001     TEXTURE : SA    -   Eaugallie fine sand (IM
 SOIL INIT COND : DEPTH:203cm EXTR. H2O:312.8mm  NO3: 14.4kg/ha  NH4:  3.6kg/ha
 WATER BALANCE  : AUTOMATIC IRRIGATION - REFILL PROFILE
 IRRIGATION     : AUTOMATIC [SOIL DEPTH: 0.30 m 80.%]
 NITROGEN BAL.  : SOIL-N & N-UPTAKE SIMULATION; NO N-FIXATION
 N-FERTILIZER   :        0 kg/ha IN     0 APPLICATIONS
 RESIDUE/MANURE : INITIAL :     0 kg/ha ;       0 kg/ha IN     0 APPLICATIONS
 ENVIRONM. OPT. : DAYL=    0.00  SRAD=    0.00  TMAX=    0.00  TMIN=    0.00
                  RAIN=    0.00  CO2 =    0.00  DEW =    0.00  WIND=    0.00
 SIMULATION OPT : WATER   :Y  NITROGEN:Y  N-FIX:N  PHOSPH :N  PESTS  :N
                  PHOTO   :L  ET      :R  INFIL:S  HYDROL :R  SOM    :P
                  CO2 363ppm  NSWIT   :1  EVAP :R  SOIL   :2  STEMP  :D
 MANAGEMENT OPT : PLANTING:R  IRRIG   :A  FERT :R  RESIDUE:R  HARVEST:R
                  WEATHER :M  TILLAGE :N

*SUMMARY OF SOIL AND GENETIC INPUT PARAMETERS

   SOIL LOWER UPPER   SAT  EXTR  INIT   ROOT   BULK     pH    NO3    NH4    ORG
  DEPTH LIMIT LIMIT    SW    SW    SW   DIST   DENS                          C
   cm   cm3/cm3    cm3/cm3    cm3/cm3         g/cm3         ugN/g  ugN/g     %
-------------------------------------------------------------------------------
  0-  5 0.022 0.133 0.423 0.111 0.133   1.00   1.22   6.00   2.00   0.50   1.02
  5- 15 0.022 0.133 0.423 0.111 0.133   1.00   1.22   6.00   2.00   0.50   1.02
 15- 18 0.022 0.133 0.423 0.111 0.133   1.00   1.22   6.00   2.00   0.50   1.02
 18- 27 0.022 0.111 0.430 0.089 0.222   0.30   1.51   5.00   2.00   0.50   0.70
 27- 36 0.022 0.111 0.430 0.089 0.222   0.30   1.51   5.00   2.00   0.50   0.70
 36- 49 0.022 0.111 0.430 0.089 0.300   0.01   1.62   4.80   2.00   0.50   0.14
 49- 61 0.022 0.111 0.430 0.089 0.382   0.01   1.62   4.80   0.17   0.04   0.14
 61- 74 0.022 0.111 0.430 0.089 0.389   0.01   1.62   4.80   0.00   0.00   0.14
 74- 81 0.035 0.248 0.396 0.213 0.400   0.00   1.60   4.50   0.00   0.00   1.20
 81-100 0.013 0.159 0.374 0.146 0.400   0.00   1.66   4.80   0.00   0.00   0.60
100-119 0.013 0.159 0.374 0.146 0.400   0.00   1.66   4.80   0.00   0.00   0.60
119-146 0.028 0.252 0.374 0.224 0.400   0.00   1.66   4.90   0.00   0.00   0.53
146-173 0.028 0.252 0.374 0.224 0.400   0.00   1.66   4.90   0.00   0.00   0.53
173-190 0.070 0.260 0.324 0.190 0.400   0.00   1.79   4.80   0.00   0.00   0.21
190-203 0.134 0.283 0.294 0.149 0.400   0.00   1.87   4.20   0.00   0.00   0.14

TOT-203   6.8  38.1  78.2  31.3  71.5  <--cm   -  kg/ha-->   14.4    3.6 158635
SOIL ALBEDO    : 0.13      EVAPORATION LIMIT :12.70         MIN. FACTOR  : 1.00
RUNOFF CURVE # :87.00      DRAINAGE RATE     : 0.05         FERT. FACTOR : 0.97

 Bell pepper      CULTIVAR: PR0001-CAPISTRANO         ECOTYPE: PR0001
 CSDVAR :12.33  PPSEN  : 0.00  EMG-FLW:37.00  FLW-FSD:15.00  FSD-PHM :100.00
 WTPSD  :0.007  SDPDVR :150.0  SDFDUR :25.00  PODDUR :42.00  XFRUIT  :  0.85
 THRESH :  6.5  SDPRO  :0.300  SDLIP   : 0.050


*SIMULATED CROP AND SOIL STATUS AT MAIN DEVELOPMENT STAGES

 RUN NO.     1     0 kg/ha N Bradenton     

        CROP GROWTH     BIOMASS         LEAF   CROP N     STRESS      STRESS                                           
   DATE  AGE STAGE        kg/ha    LAI   NUM  kg/ha  %   H2O  Nitr Phos1 Phos2  RSTG                                   
 ------  --- ----------   -----  -----  ----  ---  ---  ----  ----  ----  ----  ----                                   
  5 SEP    0 Start Sim        8   0.01   3.1    0  5.1  0.00  0.00  0.00  0.00     0
  5 SEP    0 Transplant       8   0.01   3.1    0  5.1  0.00  0.00  0.00  0.00     0
 25 SEP   20 End Juven.     176   0.36   9.5   10  5.5  0.03  0.00  0.00  0.00     0
 30 SEP   25 Flower Ind     354   0.71  11.0   19  5.5  0.08  0.00  0.00  0.00     0
  8 OCT   33 First Flwr     644   1.25  13.7   35  5.5  0.00  0.00  0.00  0.00     1
 19 OCT   44 First Pod     1426   1.98  17.3   47  3.3  0.00  0.26  0.00  0.00     3
 25 OCT   50 First Seed    2052   1.99  18.7   52  2.5  0.00  0.53  0.00  0.00     5
 13 DEC   99 End Msnode    4376   1.87  20.6   83  1.9  0.00  0.09  0.00  0.00     5
 29 DEC  115 Harvest       4614   1.88  20.6   91  2.0  0.00  0.00  0.00  0.00     5


*MAIN GROWTH AND DEVELOPMENT VARIABLES

@     VARIABLE                                         SIMULATED     MEASURED
      --------                                         ---------     --------
      Anthesis day (dap)                                      33          -99
      First pod day (dap)                                     44          -99
      First seed day (dap)                                    50          -99
      Physiological maturity day (dap)                       -99          -99
      Yield at harvest maturity (kg [dm]/ha)                 179          -99
      Pod/Ear/Panicle weight at maturity (kg [dm]/ha)       2757          -99
      Tops weight at anthesis (kg [dm]/ha)                   644          -99
      Tops weight at maturity (kg [dm]/ha)                  4614          -99
      By-product produced (stalk) at maturity (kg[dm]/ha    4440          -99
      Number at maturity (no/m2)                            4048          -99
      Unit wt at maturity (g [dm]/unit)                   0.0044          -99
      Number at maturity (no/unit)                        137.07          -99
      Harvest index at maturity                            0.039          -99
      Threshing % at maturity                               6.48          -99
      Leaf area index, maximum                              2.01          -99
      Leaf number per stem at maturity                     20.59          -99
      Canopy height (m)                                     0.32          -99
      Tops N at anthesis (kg/ha)                              35          -99
      Tops N at maturity (kg/ha)                              91          -99
      Stem N at maturity (kg/ha)                               8          -99
      Grain N at maturity (kg/ha)                              8          -99
      Grain N at maturity (%)                               4.61          -99
      Grain oil at maturity (%)                             4.45          -99


*ENVIRONMENTAL AND STRESS FACTORS

 |-----Development Phase------|--------------------------------------Environment--------------------------------------|-----------------Stress-----------------|
                              |---------------Average--------------|-----Cumulative-----|--------Count of days--------|          (0=Min, 1=Max Stress)         |
                         Time  Temp  Temp  Temp Solar Photop                Evapo    Pot TMIN TMIN TMAX TMAX TMAX RAIN|----Water----|---Nitrogen--|-Phosphorus-|
                         Span   Max   Min  Mean   Rad  [day]    CO2   Rain  Trans     ET   <    <    >    >    >    >   Photo         Photo         Photo
                         days     C     C     C MJ/m2     hr    ppm     mm     mm    mm   0 C  2 C 30 C 32 C 34 C  0mm  synth Growth  synth Growth  synth Growth
----------------------------------------------------------------------------------------------------------------------------------------------------------------
 First Flower-First Seed   17  28.7  16.1  22.4  13.1  11.25  362.8   20.0   52.4   52.5    0    0    4    0    0    2  0.000  0.000  0.000  0.355  0.000  0.000
 First Seed - Phys. Mat.   65  25.6  12.4  19.0  10.5  10.49  362.9   62.9  151.2  152.0    0    2   10    1    0    8  0.000  0.000  0.000  0.068  0.000  0.000
   
 Planting to Harvest      116  28.0  15.6  21.8  12.0  11.03  362.8  269.8  287.6  337.8    0    2   42   24    4   26  0.000  0.009  0.000  0.090  0.000  0.000
----------------------------------------------------------------------------------------------------------------------------------------------------------------


*Resource Productivity
 Growing season length: 116 days 

 Precipitation during growing season       269.8 mm[rain]
   Dry Matter Productivity                  1.71 kg[DM]/m3[rain]          =   17.1 kg[DM]/ha per mm[rain]
   Yield Productivity                       1.02 kg[grain yield]/m3[rain] =   10.2 kg[yield]/ha per mm[rain]

 Evapotranspiration during growing season  287.6 mm[ET]
   Dry Matter Productivity                  1.60 kg[DM]/m3[ET]            =   16.0 kg[DM]/ha per mm[ET]
   Yield Productivity                       0.96 kg[grain yield]/m3[ET]   =    9.6 kg[yield]/ha per mm[ET]

 Transpiration during growing season       135.7 mm[EP]
   Dry Matter Productivity                  3.40 kg[DM]/m3[EP]            =   34.0 kg[DM]/ha per mm[EP]
   Yield Productivity                       2.03 kg[grain yield]/m3[EP]   =   20.3 kg[yield]/ha per mm[EP]

 Irrigation during growing season           88.9 mm[irrig]
   Dry Matter Productivity                  5.19 kg[DM]/m3[irrig]         =   51.9 kg[DM]/ha per mm[irrig]
   Yield Productivity                       3.10 kg[grain yield]/m3[irrig]=   31.0 kg[yield]/ha per mm[irrig]

 N uptake during growing season              105 kg[N uptake]/ha
   Dry Matter Productivity                  43.9 kg[DM]/kg[N uptake]
   Yield Productivity                       26.3 kg[yield]/kg[N uptake]

--------------------------------------------------------------------------------------------------------------

               Bell pepper YIELD :     2757 kg/ha    [Dry weight] 

**************************************************************************************************************
