*SIMULATION OVERVIEW FILE

*DSSAT Cropping System Model Ver. 4.8.5.000 -release  APR 28, 2026 22:33:09

*RUN   1        : Plant Population 2.61 p/m PIALO048 UHKN8903    1
 MODEL          : PIALO048 - Pineapple
 EXPERIMENT     : UHKN8903 PI POPULATION, KUNIA, UH EXP.1989-10
 DATA PATH      :
 TREATMENT  1   : Plant Population 2.61 p/m PIALO048


 CROP           : Pineapple        CULTIVAR : SC-F153          ECOTYPE :IB0001
 STARTING DATE  : JUN  8 1989
 PLANTING DATE  : OCT 18 1989      PLANTS/m2 :     2.6    ROW SPACING :  53.cm
 WEATHER        : UHKN   1989
 SOIL           : IBPI910013     TEXTURE : -99   -   Waipio
 SOIL INIT COND : DEPTH:110cm EXTR. H2O:137.0mm  NO3: 11.8kg/ha  NH4: 13.5kg/ha
 WATER BALANCE  : IRRIGATE ON REPORTED DATE(S)
 IRRIGATION     :      304 mm IN    24 APPLICATIONS
 NITROGEN BAL.  : SOIL-N & N-UPTAKE SIMULATION; NO N-FIXATION
 N-FERTILIZER   :        0 kg/ha IN     0 APPLICATIONS
 RESIDUE/MANURE : INITIAL :  2000 kg/ha ;       0 kg/ha IN     0 APPLICATIONS
 ENVIRONM. OPT. : DAYL=    0.00  SRAD=    0.00  TMAX=    0.00  TMIN=    0.00
                  RAIN=    0.00  CO2 =    0.00  DEW =    0.00  WIND=    0.00
 SIMULATION OPT : WATER   :Y  NITROGEN:Y  N-FIX:N  PHOSPH :N  PESTS  :N
                  PHOTO   :C  ET      :R  INFIL:S  HYDROL :R  SOM    :G
                  CO2 353ppm  NSWIT   :1  EVAP :R  SOIL   :1  STEMP  :D
 MANAGEMENT OPT : PLANTING:R  IRRIG   :R  FERT :R  RESIDUE:R  HARVEST:M
                  WEATHER :M  TILLAGE :N

*SUMMARY OF SOIL AND GENETIC INPUT PARAMETERS

   SOIL LOWER UPPER   SAT  EXTR  INIT   ROOT   BULK     pH    NO3    NH4    ORG
  DEPTH LIMIT LIMIT    SW    SW    SW   DIST   DENS                          C
   cm   cm3/cm3    cm3/cm3    cm3/cm3         g/cm3         ugN/g  ugN/g     %
-------------------------------------------------------------------------------
  0-  5 0.220 0.350 0.550 0.130 0.260   1.00   1.00   6.30   3.60   3.40   2.27
  5- 15 0.230 0.350 0.550 0.120 0.260   1.00   1.00   6.30   2.80   2.80   2.27
 15- 30 0.240 0.350 0.550 0.110 0.300   0.80   1.05   5.80   1.40   1.90   1.10
 30- 45 0.250 0.370 0.480 0.120 0.370   0.40   1.17   5.80   0.70   1.10   1.41
 45- 60 0.257 0.377 0.467 0.120 0.337   0.27   1.20   5.93   0.57   0.97   0.86
 60- 90 0.253 0.380 0.460 0.127 0.300   0.10   1.22   6.00   0.50   0.57   0.44
 90-110 0.260 0.400 0.480 0.140 0.320   0.02   1.17   6.00   0.40   0.10   0.27

TOT-110  27.4  41.1  54.1  13.7  34.4  <--cm   -  kg/ha-->   11.8   13.5 114004
SOIL ALBEDO    : 0.14      EVAPORATION LIMIT : 5.00         MIN. FACTOR  : 1.00
RUNOFF CURVE # :60.00      DRAINAGE RATE     : 0.60         FERT. FACTOR : 1.00

 Pineapple        CULTIVAR: IB0066-SC-F153            ECOTYPE: IB0001
     P1:  60.0    P2: 629.0    P3: 381.0    P4: 2640.    P5: 400.0    P6:  60.0
     G2: 200.0    G3: 14.00 PHINT:  40.0


*SIMULATED CROP AND SOIL STATUS AT MAIN DEVELOPMENT STAGES

 RUN NO.     1     Plant Population 2.61 p/

        CROP GROWTH     BIOMASS         LEAF   CROP N     STRESS      STRESS                                           
   DATE  AGE STAGE        kg/ha    LAI   NUM  kg/ha  %   H2O  Nitr Phos1 Phos2  RSTG                                   
 ------  --- ----------   -----  -----  ----  ---  ---  ----  ----  ----  ----  ----                                   
  8 JUN    0 Start Sim        0   0.00   0.0    0  0.0  0.00  0.00  0.00  0.00     7
 18 OCT    0 Planting       926   0.35   0.0    0  0.0  0.00  0.00  0.00  0.00     8
 19 OCT    1 Root Init.     926   0.35   0.0    0  0.0  0.00  0.00  0.00  0.00     9
 18 DEC   61 Leaf Emerg     926   0.35   1.0   41  4.4  0.00  0.00  0.00  0.00     1
 16 FEB  121 Zero Stem     1447   0.56   8.1   41  2.8  0.07  0.00  0.00  0.00     2
 18 SEP  335 Forcing       3591   1.29  22.4   47  1.3  0.56  0.00  0.00  0.00     3
 30 OCT  377 SCY           4183   1.38  24.2   57  1.4  0.87  0.05  0.00  0.00     4
 21 NOV  399 Early Flwr    4485   1.38  24.2   66  1.5  0.71  0.25  0.00  0.00     5
 15 MAR  513 Fruit Harv    8191   1.04  24.2   73  0.9  0.23  0.00  0.00  0.00     6
 24 APR  553 Maturity      8191   1.04  24.2   73  0.9  0.10  0.97  0.00  0.00     6


*MAIN GROWTH AND DEVELOPMENT VARIABLES

@     VARIABLE                                         SIMULATED     MEASURED
      --------                                         ---------     --------
      Forcing or flowering date (dap)                        335          335
      Physiological maturity day (dap)                       553          555
      Harvest day (dap)                                      553          526
      Yield fresh weight at harvest (t/ha)                 23.28        43.66
      Yield dry weight at harvest (t/ha)                    2.79          -99
      Above-ground biomass at forcing (pineapple, t/ha)      3.6         8.03
      Aerial biomass (green+dead), dm at harvest (t/ha)      8.2        24.05
      Vegetative dry matter at maturity (t/ha)              3.97        19.31
      Leaf area index, maximum                              1.38         3.45
      Leaf number per stem at maturity                      24.2          -99
      Harvest index at maturity                            0.341          -99
      Eye number at maturity (no/m2)                         189          444
      Eye number at maturity (no/fruit)                     73.9          170
      Eye weight (g)                                       1.481        1.352
      Tops N at maturity (kg/ha)                            72.7          -99


*ENVIRONMENTAL AND STRESS FACTORS

 |-----Development Phase------|--------------------------------------Environment--------------------------------------|-----------------Stress-----------------|
                              |---------------Average--------------|-----Cumulative-----|--------Count of days--------|          (0=Min, 1=Max Stress)         |
                         Time  Temp  Temp  Temp Solar Photop                Evapo    Pot TMIN TMIN TMAX TMAX TMAX RAIN|----Water----|---Nitrogen--|-Phosphorus-|
                         Span   Max   Min  Mean   Rad  [day]    CO2   Rain  Trans     ET   <    <    >    >    >    >   Photo         Photo         Photo
                         days     C     C     C MJ/m2     hr    ppm     mm     mm    mm   0 C  2 C 30 C 32 C 34 C  0mm  synth Growth  synth Growth  synth Growth
----------------------------------------------------------------------------------------------------------------------------------------------------------------
 Emergence - Zero Stem     60  26.6  17.7  22.2  12.2  10.97  353.3  179.5  139.6  160.8    0    0    5    0    0   24  0.050  0.067  0.000  0.001  0.000  0.000
 Zero Stem - Forcing      214  30.7  18.8  24.8  18.2  12.59  353.8  218.5  381.8  905.7    0    0  136   84   30   59  0.514  0.556  0.000  0.001  0.000  0.000
 Forcing - SCY             42  32.5  20.4  26.5  16.1  11.66  354.4   48.4   46.9  161.1    0    0   40   26    5   14  0.841  0.867  0.022  0.054  0.000  0.000
 SCY - Early Flwr          22  30.7  19.8  25.3  11.0  11.11  354.5   74.5   13.9   57.2    0    0   13    9    6    7  0.717  0.751  0.099  0.246  0.000  0.000
 Early Flwr - Fruit Harv  155  28.0  17.3  22.7  13.8  11.40  354.9  433.1  398.7  478.1    0    0   45   13    0   61  0.150  0.192  0.202  0.253  0.000  0.000
   
 Planting to Harvest      553  29.4  18.4  23.9  15.5  11.78  354.1   1011   1048   1957    0    0  269  133   41  176  0.339  0.372  0.061  0.083  0.000  0.000
----------------------------------------------------------------------------------------------------------------------------------------------------------------


*Resource Productivity
 Growing season length: 553 days 

 Precipitation during growing season      1011.2 mm[rain]
   Dry Matter Productivity                  0.81 kg[DM]/m3[rain]          =    8.1 kg[DM]/ha per mm[rain]
   Yield Productivity                       0.28 kg[grain yield]/m3[rain] =    2.8 kg[yield]/ha per mm[rain]

 Evapotranspiration during growing season 1047.6 mm[ET]
   Dry Matter Productivity                  0.78 kg[DM]/m3[ET]            =    7.8 kg[DM]/ha per mm[ET]
   Yield Productivity                       0.27 kg[grain yield]/m3[ET]   =    2.7 kg[yield]/ha per mm[ET]

 Transpiration during growing season       545.2 mm[EP]
   Dry Matter Productivity                  1.50 kg[DM]/m3[EP]            =   15.0 kg[DM]/ha per mm[EP]
   Yield Productivity                       0.51 kg[grain yield]/m3[EP]   =    5.1 kg[yield]/ha per mm[EP]

 Irrigation during growing season          304.0 mm[irrig]
   Dry Matter Productivity                  2.69 kg[DM]/m3[irrig]         =   26.9 kg[DM]/ha per mm[irrig]
   Yield Productivity                       0.92 kg[grain yield]/m3[irrig]=    9.2 kg[yield]/ha per mm[irrig]

 N uptake during growing season               59 kg[N uptake]/ha
   Dry Matter Productivity                 138.8 kg[DM]/kg[N uptake]
   Yield Productivity                       47.3 kg[yield]/kg[N uptake]

--------------------------------------------------------------------------------------------------------------

                 Pineapple YIELD :     2793 kg/ha    [Dry weight] 

**************************************************************************************************************
