*SIMULATION OVERVIEW FILE

*DSSAT Cropping System Model Ver. 4.8.5.000 -release  APR 28, 2026 22:32:51

*RUN   1        : VERDE BRASIL              CRGRO048 CCPA9701    1
 MODEL          : CRGRO048 - Cowpea
 EXPERIMENT     : CCPA9701 CP 1997/98 CIAT CALI, COLOMBIA COWPEA
 DATA PATH      :
 TREATMENT  1   : VERDE BRASIL              CRGRO048


 CROP           : Cowpea           CULTIVAR : VERDE BRASIL     ECOTYPE :CP0410
 STARTING DATE  : NOV  6 1997
 PLANTING DATE  : NOV  6 1997      PLANTS/m2 :     2.8    ROW SPACING :  60.cm
 WEATHER        : CCPA   1997
 SOIL           : CCPA970001     TEXTURE : SICL  -   CIAT
 SOIL INIT COND : DEPTH:145cm EXTR. H2O:194.3mm  NO3: 26.9kg/ha  NH4: 15.2kg/ha
 WATER BALANCE  : AUTOMATIC IRRIGATION - REFILL PROFILE
 IRRIGATION     : AUTOMATIC [SOIL DEPTH: 0.30 m 50.%]
 NITROGEN BAL.  : SOIL-N, N-UPTAKE & DYNAMIC N-FIXATION SIMULATION
 N-FERTILIZER   :        0 kg/ha IN     0 APPLICATIONS
 RESIDUE/MANURE : INITIAL :     0 kg/ha ;       0 kg/ha IN     0 APPLICATIONS
 ENVIRONM. OPT. : DAYL=    0.00  SRAD=    0.00  TMAX=    0.00  TMIN=    0.00
                  RAIN=    0.00  CO2 =    0.00  DEW =    0.00  WIND=    0.00
 SIMULATION OPT : WATER   :Y  NITROGEN:Y  N-FIX:Y  PHOSPH :N  PESTS  :N
                  PHOTO   :L  ET      :R  INFIL:S  HYDROL :R  SOM    :G
                  CO2 364ppm  NSWIT   :1  EVAP :R  SOIL   :2  STEMP  :D
 MANAGEMENT OPT : PLANTING:R  IRRIG   :A  FERT :R  RESIDUE:N  HARVEST:M
                  WEATHER :M  TILLAGE :N

*SUMMARY OF SOIL AND GENETIC INPUT PARAMETERS

   SOIL LOWER UPPER   SAT  EXTR  INIT   ROOT   BULK     pH    NO3    NH4    ORG
  DEPTH LIMIT LIMIT    SW    SW    SW   DIST   DENS                          C
   cm   cm3/cm3    cm3/cm3    cm3/cm3         g/cm3         ugN/g  ugN/g     %
-------------------------------------------------------------------------------
  0-  5 0.216 0.357 0.460 0.141 0.213   1.00   1.35   7.30   3.20   1.60   1.74
  5- 15 0.216 0.357 0.460 0.141 0.213   1.00   1.38   7.30   3.20   1.60   1.65
 15- 26 0.216 0.357 0.460 0.141 0.258   1.00   1.40   7.30   3.20   1.60   1.57
 26- 38 0.216 0.357 0.460 0.141 0.372   1.00   1.40   7.30   1.20   0.68   1.57
 38- 47 0.168 0.306 0.460 0.138 0.392   0.60   1.50   8.20   0.80   0.50   0.35
 47- 57 0.168 0.306 0.460 0.138 0.392   0.60   1.50   8.20   0.80   0.50   0.35
 57- 69 0.144 0.277 0.440 0.133 0.392   0.30   1.50   8.20   0.80   0.50   0.17
 69- 81 0.144 0.277 0.440 0.133 0.392   0.30   1.50   8.20   0.80   0.50   0.17
 81- 95 0.140 0.272 0.450 0.132 0.392   0.10   1.60   8.50   0.80   0.50   0.17
 95-110 0.103 0.191 0.490 0.088 0.392   0.00   1.60   8.60   0.80   0.50   0.29
110-128 0.035 0.177 0.450 0.142 0.392   0.00   1.60   8.90   0.80   0.50   0.17
128-145 0.034 0.183 0.530 0.149 0.392   0.00   1.60   8.70   0.80   0.50   0.17

TOT-145  19.6  39.0  67.5  19.4  52.4  <--cm   -  kg/ha-->   26.9   15.2 121438
SOIL ALBEDO    : 0.10      EVAPORATION LIMIT :12.70         MIN. FACTOR  : 1.00
RUNOFF CURVE # :70.00      DRAINAGE RATE     : 0.30         FERT. FACTOR : 0.97

 Cowpea           CULTIVAR: CP0006-VERDE BRASIL       ECOTYPE: CP0410
 CSDVAR :12.80  PPSEN  : 0.29  EMG-FLW:33.20  FLW-FSD: 7.20  FSD-PHM : 31.00
 WTPSD  :0.220  SDPDVR : 6.40  SDFDUR : 7.00  PODDUR :32.00  XFRUIT  :  0.85
 THRESH : 66.5  SDPRO  :0.300  SDLIP   : 0.065


*SIMULATED CROP AND SOIL STATUS AT MAIN DEVELOPMENT STAGES

 RUN NO.     1     VERDE BRASIL            

        CROP GROWTH     BIOMASS         LEAF   CROP N     STRESS      STRESS                                           
   DATE  AGE STAGE        kg/ha    LAI   NUM  kg/ha  %   H2O  Nitr Phos1 Phos2  RSTG                                   
 ------  --- ----------   -----  -----  ----  ---  ---  ----  ----  ----  ----  ----                                   
  6 NOV    0 Start Sim        0   0.00   0.0    0  0.0  0.00  0.00  0.00  0.00     0
  6 NOV    0 Sowing           0   0.00   0.0    0  0.0  0.00  0.00  0.00  0.00     0
 12 NOV    6 Emergence        2   0.00   0.1    0  5.2  0.00  0.00  0.00  0.00     0
 12 NOV    6 End Juven.       2   0.00   0.1    0  5.2  0.00  0.00  0.00  0.00     0
 18 NOV   12 Flower Ind       5   0.01   0.9    0  5.0  0.00  0.00  0.00  0.00     0
 19 NOV   13 Unifoliate       6   0.01   1.5    0  4.9  0.00  0.00  0.00  0.00     0
 24 DEC   48 First Flwr     827   1.45  13.4   31  3.7  0.05  0.00  0.00  0.00     1
 28 DEC   52 First Pod     1181   1.86  14.7   42  3.6  0.00  0.00  0.00  0.00     3
  2 JAN   57 First Seed    1680   2.20  16.4   57  3.4  0.00  0.00  0.00  0.00     5
 15 JAN   70 End Leaf      3062   1.99  20.6   88  2.9  0.00  0.00  0.00  0.00     5
 28 JAN   83 End Msnode    4260   1.38  24.4  105  2.5  0.00  0.00  0.00  0.00     5
 12 FEB   98 Phys. Mat     5044   0.91  24.4  104  2.1  0.00  0.00  0.00  0.00     7
 19 FEB  105 Harv. Mat     4314   0.19  24.4   85  2.0  0.00  0.00  0.00  0.00     8
 19 FEB  105 Harvest       4314   0.19  24.4   85  2.0  0.00  0.00  0.00  0.00     8


*MAIN GROWTH AND DEVELOPMENT VARIABLES

@     VARIABLE                                         SIMULATED     MEASURED
      --------                                         ---------     --------
      Emergence day (dap)                                      6          -99
      Anthesis day (dap)                                      48           48
      First pod day (dap)                                     52           52
      First seed day (dap)                                    57           57
      Physiological maturity day (dap)                        98           98
      Harvest maturity day (dap)                             105          -99
      Yield at harvest maturity (kg [dm]/ha)                1127        1214.
      Pod/Ear/Panicle weight at maturity (kg [dm]/ha)       1709        1838.
      Tops weight at anthesis (kg [dm]/ha)                   827          -99
      Tops weight at maturity (kg [dm]/ha)                  4314        4104.
      By-product produced (stalk) at maturity (kg[dm]/ha    3190        2176.
      Number at maturity (no/m2)                             471         -99.
      Unit wt at maturity (g [dm]/unit)                   0.2391          -99
      Number at maturity (no/unit)                          6.33          -99
      Harvest index at maturity                            0.261        0.296
      Threshing % at maturity                              65.93         66.5
      Leaf area index, maximum                              2.30         2.53
      Leaf number per stem at maturity                     24.38          -99
      Canopy height (m)                                     1.17          -99
      Tops N at anthesis (kg/ha)                              31          -99
      Tops N at maturity (kg/ha)                              85          -99
      Stem N at maturity (kg/ha)                              19          -99
      Grain N at maturity (kg/ha)                             55          -99
      Grain N at maturity (%)                               4.84          -99
      Grain oil at maturity (%)                             6.50          -99


*ENVIRONMENTAL AND STRESS FACTORS

 |-----Development Phase------|--------------------------------------Environment--------------------------------------|-----------------Stress-----------------|
                              |---------------Average--------------|-----Cumulative-----|--------Count of days--------|          (0=Min, 1=Max Stress)         |
                         Time  Temp  Temp  Temp Solar Photop                Evapo    Pot TMIN TMIN TMAX TMAX TMAX RAIN|----Water----|---Nitrogen--|-Phosphorus-|
                         Span   Max   Min  Mean   Rad  [day]    CO2   Rain  Trans     ET   <    <    >    >    >    >   Photo         Photo         Photo
                         days     C     C     C MJ/m2     hr    ppm     mm     mm    mm   0 C  2 C 30 C 32 C 34 C  0mm  synth Growth  synth Growth  synth Growth
----------------------------------------------------------------------------------------------------------------------------------------------------------------
 Emergence -First Flower   42  30.2  19.3  24.7  19.6  11.81  364.6  100.8  129.6  220.1    0    0   24    0    0   11  0.000  0.040  0.000  0.002  0.000  0.000
 First Flower-First Seed    9  31.5  19.0  25.3  19.7  11.80  364.8    0.0   40.1   43.7    0    0    8    1    0    0  0.000  0.000  0.000  0.000  0.000  0.000
 First Seed - Phys. Mat.   41  32.1  20.2  26.1  19.0  11.84  365.0   38.2  190.1  191.6    0    0   35   29    2    2  0.000  0.000  0.000  0.000  0.000  0.000
 Emergence  - Phys. Mat.   92  31.2  19.6  25.4  19.4  11.82  364.8  139.0  359.7  455.4    0    0   67   30    2   13  0.000  0.018  0.000  0.001  0.000  0.000
   
 Planting to Harvest      106  31.1  19.7  25.4  19.2  11.83  364.8  268.2  416.5  519.4    0    0   73   33    3   22  0.000  0.016  0.000  0.001  0.000  0.000
----------------------------------------------------------------------------------------------------------------------------------------------------------------


*Resource Productivity
 Growing season length: 106 days 

 Precipitation during growing season       268.2 mm[rain]
   Dry Matter Productivity                  1.61 kg[DM]/m3[rain]          =   16.1 kg[DM]/ha per mm[rain]
   Yield Productivity                       0.42 kg[grain yield]/m3[rain] =    4.2 kg[yield]/ha per mm[rain]

 Evapotranspiration during growing season  416.5 mm[ET]
   Dry Matter Productivity                  1.04 kg[DM]/m3[ET]            =   10.4 kg[DM]/ha per mm[ET]
   Yield Productivity                       0.27 kg[grain yield]/m3[ET]   =    2.7 kg[yield]/ha per mm[ET]

 Transpiration during growing season       185.0 mm[EP]
   Dry Matter Productivity                  2.33 kg[DM]/m3[EP]            =   23.3 kg[DM]/ha per mm[EP]
   Yield Productivity                       0.61 kg[grain yield]/m3[EP]   =    6.1 kg[yield]/ha per mm[EP]

 Irrigation during growing season          258.7 mm[irrig]
   Dry Matter Productivity                  1.67 kg[DM]/m3[irrig]         =   16.7 kg[DM]/ha per mm[irrig]
   Yield Productivity                       0.44 kg[grain yield]/m3[irrig]=    4.4 kg[yield]/ha per mm[irrig]

 N uptake during growing season               70 kg[N uptake]/ha
   Dry Matter Productivity                  61.6 kg[DM]/kg[N uptake]
   Yield Productivity                       16.1 kg[yield]/kg[N uptake]

--------------------------------------------------------------------------------------------------------------

                    Cowpea YIELD :     1127 kg/ha    [Dry weight] 

**************************************************************************************************************
