*SIMULATION OVERVIEW FILE

*DSSAT Cropping System Model Ver. 4.8.5.000 -release  APR 28, 2026 22:33:03

*RUN   1        : RAINFED LOW NITROGEN      MZCER048 UFGA8201    1
 MODEL          : MZCER048 - Maize
 EXPERIMENT     : UFGA8201 MZ NIT X IRR, GAINESVILLE 2N*3I
 DATA PATH      :
 TREATMENT  1   : RAINFED LOW NITROGEN      MZCER048


 CROP           : Maize            CULTIVAR : McCurdy 84aa     ECOTYPE :IB0001
 STARTING DATE  : FEB 25 1982
 PLANTING DATE  : FEB 26 1982      PLANTS/m2 :     7.2    ROW SPACING :  61.cm
 WEATHER        : UFGA   1982
 SOIL           : IBMZ910014     TEXTURE : -99   -   Millhopper Fine Sand
 SOIL INIT COND : DEPTH:180cm EXTR. H2O:160.9mm  NO3:  2.5kg/ha  NH4: 12.9kg/ha
 WATER BALANCE  : IRRIGATE ON REPORTED DATE(S)
 IRRIGATION     :       13 mm IN     1 APPLICATIONS
 NITROGEN BAL.  : SOIL-N & N-UPTAKE SIMULATION; NO N-FIXATION
 N-FERTILIZER   :      116 kg/ha IN     3 APPLICATIONS
 RESIDUE/MANURE : INITIAL :  1000 kg/ha ;       0 kg/ha IN     0 APPLICATIONS
 ENVIRONM. OPT. : DAYL=    0.00  SRAD=    0.00  TMAX=    0.00  TMIN=    0.00
                  RAIN=    0.00  CO2 =    0.00  DEW =    0.00  WIND=    0.00
 SIMULATION OPT : WATER   :Y  NITROGEN:Y  N-FIX:N  PHOSPH :N  PESTS  :N
                  PHOTO   :R  ET      :R  INFIL:S  HYDROL :R  SOM    :G
                  CO2 341ppm  NSWIT   :1  EVAP :R  SOIL   :2  STEMP  :D
 MANAGEMENT OPT : PLANTING:R  IRRIG   :R  FERT :R  RESIDUE:N  HARVEST:M
                  WEATHER :M  TILLAGE :Y

*SUMMARY OF SOIL AND GENETIC INPUT PARAMETERS

   SOIL LOWER UPPER   SAT  EXTR  INIT   ROOT   BULK     pH    NO3    NH4    ORG
  DEPTH LIMIT LIMIT    SW    SW    SW   DIST   DENS                          C
   cm   cm3/cm3    cm3/cm3    cm3/cm3         g/cm3         ugN/g  ugN/g     %
-------------------------------------------------------------------------------
  0-  5 0.026 0.096 0.230 0.070 0.086   1.00   1.30   7.00   0.10   0.50   2.00
  5- 15 0.025 0.086 0.230 0.061 0.086   1.00   1.30   7.00   0.10   0.50   1.00
 15- 30 0.025 0.086 0.230 0.061 0.086   0.70   1.40   7.00   0.10   0.50   1.00
 30- 45 0.025 0.086 0.230 0.061 0.086   0.30   1.40   7.00   0.10   0.50   0.50
 45- 60 0.025 0.086 0.230 0.061 0.086   0.30   1.40   7.00   0.10   0.50   0.50
 60- 90 0.028 0.090 0.230 0.062 0.076   0.05   1.45   7.00   0.10   0.60   0.10
 90-120 0.028 0.090 0.230 0.062 0.076   0.03   1.45   7.00   0.10   0.50   0.10
120-150 0.029 0.130 0.230 0.101 0.130   0.00   1.45   7.00   0.10   0.50   0.04
150-180 0.070 0.258 0.360 0.188 0.258   0.00   1.20   7.00   0.10   0.50   0.24

TOT-180   6.2  22.2  45.3  16.1  21.4  <--cm   -  kg/ha-->    2.5   12.9  87080
SOIL ALBEDO    : 0.18      EVAPORATION LIMIT : 2.00         MIN. FACTOR  : 1.00
RUNOFF CURVE # :60.00      DRAINAGE RATE     : 0.65         FERT. FACTOR : 0.92

 Maize            CULTIVAR: IB0035-McCurdy 84aa       ECOTYPE: IB0001
 P1     : 259.00  P2     : 1.1930  P5     : 947.10
 G2     : 924.30  G3     :  8.168  PHINT  : 43.000


*SIMULATED CROP AND SOIL STATUS AT MAIN DEVELOPMENT STAGES

 RUN NO.     1     RAINFED LOW NITROGEN    

        CROP GROWTH     BIOMASS         LEAF   CROP N     STRESS      STRESS                                           
   DATE  AGE STAGE        kg/ha    LAI   NUM  kg/ha  %   H2O  Nitr Phos1 Phos2  RSTG                                   
 ------  --- ----------   -----  -----  ----  ---  ---  ----  ----  ----  ----  ----                                   
 25 FEB    0 Start Sim        0   0.00   0.0    0  0.0  0.00  0.00  0.00  0.00     7
 26 FEB    0 Sowing           0   0.00   0.0    0  0.0  0.00  0.00  0.00  0.00     8
 27 FEB    1 Germinate        0   0.00   0.0    0  0.0  0.00  0.00  0.00  0.00     9
  9 MAR   11 Emergence       29   0.00   1.7    1  4.4  0.00  0.00  0.00  0.00     1
 27 MAR   29 End Juveni     216   0.38   8.5    3  1.5  0.00  0.20  0.00  0.00     2
  1 APR   34 Floral Ini     249   0.36   9.7    4  1.4  0.00  0.79  0.00  0.00     3
 13 MAY   76 75% Silkin    3977   1.44  20.4   60  1.5  0.27  0.33  0.00  0.00     4
 24 MAY   87 Beg Gr Fil    4154   0.98  20.4   75  1.8  0.76  0.22  0.00  0.00     5
  2 JUL  126 End Gr Fil    6556   0.98  20.4   80  1.2  0.00  0.00  0.00  0.00     6
  4 JUL  128 Maturity      6556   0.98  20.4   80  1.2  0.00  0.00  0.00  0.00    10
  4 JUL  128 Harvest       6556   0.98  20.4   80  1.2  0.00  0.00  0.00  0.00    10


*MAIN GROWTH AND DEVELOPMENT VARIABLES

@     VARIABLE                                         SIMULATED     MEASURED
      --------                                         ---------     --------
      Anthesis day (dap)                                      76           75
      Physiological maturity day (dap)                       128          128
      Yield at harvest maturity (kg [dm]/ha)                2293        2929.
      Number at maturity (no/m2)                             742         917.
      Unit wt at maturity (g [dm]/unit)                   0.3090        0.218
      Number at maturity (no/unit)                         110.9         229.
      Tops weight at maturity (kg [dm]/ha)                  6556        5532.
      By-product produced (stalk) at maturity (kg[dm]/ha    4307        3530.
      Leaf area index, maximum                              1.99         2.26
      Harvest index at maturity                            0.350          -99
      Grain N at maturity (kg/ha)                             40         31.7
      Tops N at maturity (kg/ha)                              80         69.5
      Stem N at maturity (kg/ha)                              37         37.8
      Grain N at maturity (%)                                1.7         1.80
      Tops weight at anthesis (kg [dm]/ha)                  3933          -99
      Tops N at anthesis (kg/ha)                              60          -99
      Leaf number per stem at maturity                     20.41          -99
      Emergence day (dap)                                     11          -99


*ENVIRONMENTAL AND STRESS FACTORS

 |-----Development Phase------|--------------------------------------Environment--------------------------------------|-----------------Stress-----------------|
                              |---------------Average--------------|-----Cumulative-----|--------Count of days--------|          (0=Min, 1=Max Stress)         |
                         Time  Temp  Temp  Temp Solar Photop                Evapo    Pot TMIN TMIN TMAX TMAX TMAX RAIN|----Water----|---Nitrogen--|-Phosphorus-|
                         Span   Max   Min  Mean   Rad  [day]    CO2   Rain  Trans     ET   <    <    >    >    >    >   Photo         Photo         Photo
                         days     C     C     C MJ/m2     hr    ppm     mm     mm    mm   0 C  2 C 30 C 32 C 34 C  0mm  synth Growth  synth Growth  synth Growth
----------------------------------------------------------------------------------------------------------------------------------------------------------------
 Emergence-End Juvenile    18  28.6  14.4  21.5  16.2  11.86  340.8   44.8   15.6   68.9    0    0    6    0    0    6  0.000  0.000  0.074  0.166  0.000  0.000
 End Juvenil-Floral Init    5  22.3  10.4  16.4  12.8  12.21  340.8   35.4   11.1   14.5    0    0    0    0    0    2  0.000  0.000  0.532  0.776  0.000  0.000
 Floral Init-End Lf Grow   42  27.9  14.3  21.1  19.3  12.88  340.9  222.8   86.8  184.4    0    0    8    1    0   10  0.186  0.248  0.183  0.343  0.000  0.000
 End Lf Grth-Beg Grn Fil   11  32.0  15.9  23.9  21.8  13.54  341.0   37.1    8.1   56.9    0    0   11    6    0    2  0.759  0.840  0.101  0.252  0.000  0.000
 Grain Filling Phase       39  32.6  20.7  26.7  20.3  13.84  341.0  262.9  146.0  201.4    0    0   35   29    6   19  0.000  0.000  0.000  0.000  0.000  0.000
   
 Planting to Harvest      128  29.3  16.0  22.7  18.5  12.95  340.9  660.7  284.4  565.3    0    2   62   38    7   42  0.126  0.153  0.100  0.188  0.000  0.000
----------------------------------------------------------------------------------------------------------------------------------------------------------------


*Resource Productivity
 Growing season length: 128 days 

 Precipitation during growing season       660.7 mm[rain]
   Dry Matter Productivity                  0.99 kg[DM]/m3[rain]          =    9.9 kg[DM]/ha per mm[rain]
   Yield Productivity                       0.35 kg[grain yield]/m3[rain] =    3.5 kg[yield]/ha per mm[rain]

 Evapotranspiration during growing season  284.4 mm[ET]
   Dry Matter Productivity                  2.31 kg[DM]/m3[ET]            =   23.1 kg[DM]/ha per mm[ET]
   Yield Productivity                       0.81 kg[grain yield]/m3[ET]   =    8.1 kg[yield]/ha per mm[ET]

 Transpiration during growing season       189.7 mm[EP]
   Dry Matter Productivity                  3.46 kg[DM]/m3[EP]            =   34.6 kg[DM]/ha per mm[EP]
   Yield Productivity                       1.21 kg[grain yield]/m3[EP]   =   12.1 kg[yield]/ha per mm[EP]

 Irrigation during growing season           13.0 mm[irrig]
   Dry Matter Productivity                 50.43 kg[DM]/m3[irrig]         =  504.3 kg[DM]/ha per mm[irrig]
   Yield Productivity                      17.64 kg[grain yield]/m3[irrig]=  176.4 kg[yield]/ha per mm[irrig]

 N applied during growing season            116. kg[N applied]/ha
   Dry Matter Productivity                  56.5 kg[DM]/kg[N applied]
   Yield Productivity                       19.8 kg[yield]/kg[N applied]

 N uptake during growing season               98 kg[N uptake]/ha
   Dry Matter Productivity                  66.9 kg[DM]/kg[N uptake]
   Yield Productivity                       23.4 kg[yield]/kg[N uptake]

--------------------------------------------------------------------------------------------------------------

                     Maize YIELD :     2293 kg/ha    [Dry weight] 

**************************************************************************************************************
