*SIMULATION OVERVIEW FILE

*DSSAT Cropping System Model Ver. 4.8.5.000 -release  APR 28, 2026 22:32:59

*RUN   1        : Saskatoon 60              CRGRO048 SASK0202    1
 MODEL          : CRGRO048 - Lentil
 EXPERIMENT     : SASK0202 LT RAINFED AT SASKATOON AND OUTLOOK 2002
 DATA PATH      :
 TREATMENT  1   : Saskatoon 60              CRGRO048


 CROP           : Lentil           CULTIVAR : CDC Maximim      ECOTYPE :LAT001
 STARTING DATE  : JAN  1 2002
 PLANTING DATE  : MAY 29 2002      PLANTS/m2 :    51.0    ROW SPACING :  14.cm
 WEATHER        : SA06   2002
 SOIL           : CFSK089943     TEXTURE : SIL   -   HUMIC GLEYSOL        !f
 SOIL INIT COND : DEPTH:150cm EXTR. H2O:191.7mm  NO3: 26.2kg/ha  NH4:  4.1kg/ha
 WATER BALANCE  : IRRIGATE ON REPORTED DATE(S)
 IRRIGATION     :        0 mm IN     0 APPLICATIONS
 NITROGEN BAL.  : SOIL-N, N-UPTAKE & DYNAMIC N-FIXATION SIMULATION
 N-FERTILIZER   :        0 kg/ha IN     0 APPLICATIONS
 RESIDUE/MANURE : INITIAL :  3000 kg/ha ;       0 kg/ha IN     0 APPLICATIONS
 ENVIRONM. OPT. : DAYL=    0.00  SRAD=    0.00  TMAX=    0.00  TMIN=    0.00
                  RAIN=    0.00  CO2 =    0.00  DEW =    0.00  WIND=    0.00
 SIMULATION OPT : WATER   :Y  NITROGEN:Y  N-FIX:Y  PHOSPH :N  PESTS  :N
                  PHOTO   :L  ET      :F  INFIL:S  HYDROL :R  SOM    :P
                  CO2 372ppm  NSWIT   :1  EVAP :R  SOIL   :2  STEMP  :D
 MANAGEMENT OPT : PLANTING:R  IRRIG   :R  FERT :R  RESIDUE:N  HARVEST:M
                  WEATHER :M  TILLAGE :N

*SUMMARY OF SOIL AND GENETIC INPUT PARAMETERS

   SOIL LOWER UPPER   SAT  EXTR  INIT   ROOT   BULK     pH    NO3    NH4    ORG
  DEPTH LIMIT LIMIT    SW    SW    SW   DIST   DENS                          C
   cm   cm3/cm3    cm3/cm3    cm3/cm3         g/cm3         ugN/g  ugN/g     %
-------------------------------------------------------------------------------
  0-  5 0.150 0.270 0.510 0.120 0.300   1.00   1.30   7.00   1.60   0.10   3.50
  5- 15 0.152 0.278 0.496 0.126 0.300   0.90   1.32   7.00   1.50   0.10   2.98
 15- 27 0.160 0.310 0.440 0.150 0.300   0.52   1.40   7.00   1.34   0.16   0.90
 27- 40 0.160 0.310 0.440 0.150 0.300   0.52   1.40   7.00   1.30   0.20   0.90
 40- 52 0.160 0.310 0.440 0.150 0.300   0.52   1.40   7.00   1.30   0.20   0.90
 52- 76 0.160 0.280 0.430 0.120 0.300   0.22   1.50   7.00   1.17   0.20   0.30
 76-100 0.160 0.280 0.430 0.120 0.300   0.22   1.50   7.00   1.10   0.20   0.30
100-125 0.160 0.280 0.430 0.120 0.300   0.22   1.50   7.00   1.10   0.20   0.30
125-150 0.160 0.280 0.430 0.120 0.300   0.22   1.50   7.00   1.10   0.20   0.30

TOT-150  23.9  43.0  65.9  19.2  45.0  <--cm   -  kg/ha-->   26.2    4.1 152806
SOIL ALBEDO    : 0.09      EVAPORATION LIMIT :10.00         MIN. FACTOR  : 1.00
RUNOFF CURVE # :73.00      DRAINAGE RATE     : 0.05         FERT. FACTOR : 1.00

 Lentil           CULTIVAR: CAND04-CDC Maximim        ECOTYPE: LAT001
 CSDVAR :15.80  PPSEN  :-0.11  EMG-FLW:26.50  FLW-FSD:10.00  FSD-PHM : 21.00
 WTPSD  :0.044  SDPDVR : 1.30  SDFDUR :20.00  PODDUR :14.00  XFRUIT  :  1.00
 THRESH : 69.0  SDPRO  :0.286  SDLIP   : 0.020


*SIMULATED CROP AND SOIL STATUS AT MAIN DEVELOPMENT STAGES

 RUN NO.     1     Saskatoon 60            

        CROP GROWTH     BIOMASS         LEAF   CROP N     STRESS      STRESS                                           
   DATE  AGE STAGE        kg/ha    LAI   NUM  kg/ha  %   H2O  Nitr Phos1 Phos2  RSTG                                   
 ------  --- ----------   -----  -----  ----  ---  ---  ----  ----  ----  ----  ----                                   
  1 JAN    0 Start Sim        0   0.00   0.0    0  0.0  0.00  0.00  0.00  0.00     0
 29 MAY    0 Sowing           0   0.00   0.0    0  0.0  0.00  0.00  0.00  0.00     0
  3 JUN    5 Emergence        7   0.01   0.1    0  3.3  0.00  0.00  0.00  0.00     0
  3 JUN    5 End Juven.       7   0.01   0.1    0  3.3  0.00  0.00  0.00  0.00     0
  8 JUN   10 Unifoliate      14   0.02   1.1    0  3.3  0.00  0.00  0.00  0.00     0
  8 JUN   10 Flower Ind      14   0.02   1.1    0  3.3  0.00  0.00  0.00  0.00     0
  8 JUL   40 First Flwr     818   0.91   8.0   24  3.0  0.00  0.00  0.00  0.00     1
 17 JUL   49 First Pod     1555   1.34  10.4   45  2.9  0.00  0.00  0.00  0.00     3
 20 JUL   52 First Seed    1891   1.45  11.3   51  2.7  0.00  0.00  0.00  0.00     5
  4 AUG   67 End Msnode    3408   1.44  13.9   84  2.5  0.00  0.00  0.00  0.00     5
  4 AUG   67 End Leaf      3408   1.44  13.9   84  2.5  0.00  0.00  0.00  0.00     5
  7 AUG   70 End Pod       3601   1.40  13.9   89  2.5  0.00  0.00  0.00  0.00     5
 19 AUG   82 Phys. Mat     4217   1.32  13.9  105  2.5  0.00  0.00  0.00  0.00     7
 22 AUG   85 Harv. Mat     3828   0.73  13.9   96  2.5  0.00  0.00  0.00  0.00     8
 22 AUG   85 Harvest       3828   0.73  13.9   96  2.5  0.00  0.00  0.00  0.00     8


*MAIN GROWTH AND DEVELOPMENT VARIABLES

@     VARIABLE                                         SIMULATED     MEASURED
      --------                                         ---------     --------
      Emergence day (dap)                                      5          -99
      Anthesis day (dap)                                      40          -99
      First pod day (dap)                                     49          -99
      First seed day (dap)                                    52          -99
      Physiological maturity day (dap)                        82          -99
      Harvest maturity day (dap)                              85          -99
      Yield at harvest maturity (kg [dm]/ha)                1487         1260
      Pod/Ear/Panicle weight at maturity (kg [dm]/ha)       2147          -99
      Tops weight at anthesis (kg [dm]/ha)                   818          -99
      Tops weight at maturity (kg [dm]/ha)                  3828          -99
      By-product produced (stalk) at maturity (kg[dm]/ha    2340          -99
      Number at maturity (no/m2)                            4181          -99
      Unit wt at maturity (g [dm]/unit)                   0.0356          -99
      Number at maturity (no/unit)                          1.30          -99
      Harvest index at maturity                            0.388          -99
      Threshing % at maturity                              69.25          -99
      Leaf area index, maximum                              1.50          -99
      Leaf number per stem at maturity                     13.93          -99
      Canopy height (m)                                     0.44          -99
      Tops N at anthesis (kg/ha)                              24          -99
      Tops N at maturity (kg/ha)                              96          -99
      Stem N at maturity (kg/ha)                              14          -99
      Grain N at maturity (kg/ha)                             63          -99
      Grain N at maturity (%)                               4.23          -99
      Grain oil at maturity (%)                             1.56          -99


*ENVIRONMENTAL AND STRESS FACTORS

 |-----Development Phase------|--------------------------------------Environment--------------------------------------|-----------------Stress-----------------|
                              |---------------Average--------------|-----Cumulative-----|--------Count of days--------|          (0=Min, 1=Max Stress)         |
                         Time  Temp  Temp  Temp Solar Photop                Evapo    Pot TMIN TMIN TMAX TMAX TMAX RAIN|----Water----|---Nitrogen--|-Phosphorus-|
                         Span   Max   Min  Mean   Rad  [day]    CO2   Rain  Trans     ET   <    <    >    >    >    >   Photo         Photo         Photo
                         days     C     C     C MJ/m2     hr    ppm     mm     mm    mm   0 C  2 C 30 C 32 C 34 C  0mm  synth Growth  synth Growth  synth Growth
----------------------------------------------------------------------------------------------------------------------------------------------------------------
 Emergence -First Flower   35  24.9  11.3  18.1  23.0  16.44  372.8   78.3   75.5  181.5    0    0    4    4    2   13  0.000  0.000  0.000  0.000  0.000  0.000
 First Flower-First Seed   12  30.7  15.8  23.2  23.4  16.08  373.0   24.3   53.1   71.6    0    0    7    6    4    3  0.000  0.000  0.000  0.000  0.000  0.000
 First Seed - Phys. Mat.   30  22.3  10.2  16.3  17.7  15.07  373.1  101.4   91.8  119.1    0    1    2    2    0   12  0.000  0.000  0.000  0.000  0.000  0.000
 Emergence  - Phys. Mat.   77  24.8  11.6  18.2  21.0  15.85  372.9  204.0  220.4  372.2    0    1   13   12    6   28  0.000  0.000  0.000  0.000  0.000  0.000
   
 Planting to Harvest       86  24.7  11.3  18.0  21.2  15.81  372.9  204.0  231.4  413.5    0    1   13   12    6   28  0.000  0.000  0.000  0.000  0.000  0.000
----------------------------------------------------------------------------------------------------------------------------------------------------------------


*Resource Productivity
 Growing season length:  86 days 

 Precipitation during growing season       204.0 mm[rain]
   Dry Matter Productivity                  1.88 kg[DM]/m3[rain]          =   18.8 kg[DM]/ha per mm[rain]
   Yield Productivity                       0.73 kg[grain yield]/m3[rain] =    7.3 kg[yield]/ha per mm[rain]

 Evapotranspiration during growing season  231.4 mm[ET]
   Dry Matter Productivity                  1.65 kg[DM]/m3[ET]            =   16.5 kg[DM]/ha per mm[ET]
   Yield Productivity                       0.64 kg[grain yield]/m3[ET]   =    6.4 kg[yield]/ha per mm[ET]

 Transpiration during growing season       120.1 mm[EP]
   Dry Matter Productivity                  3.19 kg[DM]/m3[EP]            =   31.9 kg[DM]/ha per mm[EP]
   Yield Productivity                       1.24 kg[grain yield]/m3[EP]   =   12.4 kg[yield]/ha per mm[EP]

 N uptake during growing season               89 kg[N uptake]/ha
   Dry Matter Productivity                  43.0 kg[DM]/kg[N uptake]
   Yield Productivity                       16.7 kg[yield]/kg[N uptake]

--------------------------------------------------------------------------------------------------------------

                    Lentil YIELD :     1487 kg/ha    [Dry weight] 

**************************************************************************************************************
