*SIMULATION OVERVIEW FILE

*DSSAT Cropping System Model Ver. 4.8.5.000 -release  APR 28, 2026 22:32:59

*RUN   1        : Post, Montana 2019        CRGRO048 MONT1903    1
 MODEL          : CRGRO048 - Lentil
 EXPERIMENT     : MONT1903 LT RAINFED AT MONTANA 2019-2021
 DATA PATH      :
 TREATMENT  1   : Post, Montana 2019        CRGRO048


 CROP           : Lentil           CULTIVAR : CDC Maximim      ECOTYPE :LAT001
 STARTING DATE  : JAN  1 2019
 PLANTING DATE  : MAY  7 2019      PLANTS/m2 :   150.0    ROW SPACING :  23.cm
 WEATHER        : POST   2019
 SOIL           : CF_MONT001     TEXTURE : SIL   -   Calculated from CAF plo
 SOIL INIT COND : DEPTH:150cm EXTR. H2O:346.5mm  NO3: 25.7kg/ha  NH4:  4.0kg/ha
 WATER BALANCE  : IRRIGATE ON REPORTED DATE(S)
 IRRIGATION     :        0 mm IN     0 APPLICATIONS
 NITROGEN BAL.  : SOIL-N, N-UPTAKE & DYNAMIC N-FIXATION SIMULATION
 N-FERTILIZER   :        0 kg/ha IN     0 APPLICATIONS
 RESIDUE/MANURE : INITIAL :     0 kg/ha ;       0 kg/ha IN     0 APPLICATIONS
 ENVIRONM. OPT. : DAYL=    0.00  SRAD=    0.00  TMAX=    0.00  TMIN=    0.00
                  RAIN=    0.00  CO2 =    0.00  DEW =    0.00  WIND=    0.00
 SIMULATION OPT : WATER   :Y  NITROGEN:Y  N-FIX:Y  PHOSPH :N  PESTS  :N
                  PHOTO   :L  ET      :F  INFIL:S  HYDROL :R  SOM    :P
                  CO2 410ppm  NSWIT   :1  EVAP :R  SOIL   :2  STEMP  :D
 MANAGEMENT OPT : PLANTING:R  IRRIG   :R  FERT :R  RESIDUE:N  HARVEST:M
                  WEATHER :M  TILLAGE :N

*SUMMARY OF SOIL AND GENETIC INPUT PARAMETERS

   SOIL LOWER UPPER   SAT  EXTR  INIT   ROOT   BULK     pH    NO3    NH4    ORG
  DEPTH LIMIT LIMIT    SW    SW    SW   DIST   DENS                          C
   cm   cm3/cm3    cm3/cm3    cm3/cm3         g/cm3         ugN/g  ugN/g     %
-------------------------------------------------------------------------------
  0-  5 0.147 0.378 0.476 0.231 0.300   1.00   1.27   7.70   1.60   0.10   2.60
  5- 15 0.147 0.378 0.476 0.231 0.300   1.00   1.27   7.70   1.50   0.10   2.60
 15- 20 0.147 0.378 0.476 0.231 0.300   1.00   1.27   7.70   1.40   0.10   2.60
 20- 30 0.147 0.378 0.476 0.231 0.300   0.61   1.27   7.70   1.30   0.20   2.60
 30- 60 0.147 0.378 0.402 0.231 0.300   0.17   1.47   7.70   1.30   0.20   2.60
 60- 90 0.147 0.378 0.402 0.231 0.300   0.17   1.47   7.70   1.10   0.20   2.60
 90-120 0.147 0.378 0.402 0.231 0.300   0.17   1.47   7.70   1.10   0.20   2.60
120-150 0.147 0.378 0.402 0.231 0.300   0.17   1.47   7.70   1.10   0.20   2.60

TOT-150  22.0  56.7  62.5  34.7  45.0  <--cm   -  kg/ha-->   25.7    4.0 557700
SOIL ALBEDO    : 0.17      EVAPORATION LIMIT : 6.00         MIN. FACTOR  : 1.00
RUNOFF CURVE # :61.00      DRAINAGE RATE     : 0.50         FERT. FACTOR : 1.00

 Lentil           CULTIVAR: CAND04-CDC Maximim        ECOTYPE: LAT001
 CSDVAR :15.80  PPSEN  :-0.11  EMG-FLW:26.50  FLW-FSD:10.00  FSD-PHM : 21.00
 WTPSD  :0.044  SDPDVR : 1.30  SDFDUR :20.00  PODDUR :14.00  XFRUIT  :  1.00
 THRESH : 69.0  SDPRO  :0.286  SDLIP   : 0.020


*SIMULATED CROP AND SOIL STATUS AT MAIN DEVELOPMENT STAGES

 RUN NO.     1     Post, Montana 2019      

        CROP GROWTH     BIOMASS         LEAF   CROP N     STRESS      STRESS                                           
   DATE  AGE STAGE        kg/ha    LAI   NUM  kg/ha  %   H2O  Nitr Phos1 Phos2  RSTG                                   
 ------  --- ----------   -----  -----  ----  ---  ---  ----  ----  ----  ----  ----                                   
  1 JAN    0 Start Sim        0   0.00   0.0    0  0.0  0.00  0.00  0.00  0.00     0
  7 MAY    0 Sowing           0   0.00   0.0    0  0.0  0.00  0.00  0.00  0.00     0
  3 JUN   27 Emergence       20   0.03   0.1    1  3.3  0.00  0.00  0.00  0.00     0
  3 JUN   27 End Juven.      20   0.03   0.1    1  3.3  0.00  0.00  0.00  0.00     0
 11 JUN   35 Unifoliate      37   0.05   1.0    1  3.3  0.00  0.00  0.00  0.00     0
 11 JUN   35 Flower Ind      37   0.05   1.0    1  3.3  0.00  0.00  0.00  0.00     0
 23 JUL   77 First Flwr    2125   2.18   8.1   59  2.8  0.00  0.00  0.00  0.00     1
  2 AUG   87 First Pod     3511   2.88  10.4   91  2.6  0.00  0.00  0.00  0.00     3
  5 AUG   90 First Seed    4019   2.99  11.2  102  2.5  0.00  0.00  0.00  0.00     5
 19 AUG  104 End Msnode    6277   2.89  13.6  157  2.5  0.00  0.00  0.00  0.00     5
 19 AUG  104 End Leaf      6277   2.89  13.6  157  2.5  0.00  0.00  0.00  0.00     5
 21 AUG  106 End Pod       6553   2.85  13.6  164  2.5  0.00  0.00  0.00  0.00     5
  3 SEP  119 Phys. Mat     7735   2.68  13.6  194  2.5  0.00  0.00  0.00  0.00     7
  6 SEP  122 Harv. Mat     6879   1.47  13.6  177  2.6  0.00  0.00  0.00  0.00     8
  6 SEP  122 Harvest       6879   1.47  13.6  177  2.6  0.00  0.00  0.00  0.00     8


*MAIN GROWTH AND DEVELOPMENT VARIABLES

@     VARIABLE                                         SIMULATED     MEASURED
      --------                                         ---------     --------
      Emergence day (dap)                                     27          -99
      Anthesis day (dap)                                      77           61
      First pod day (dap)                                     87          -99
      First seed day (dap)                                    90          -99
      Physiological maturity day (dap)                       119          111
      Harvest maturity day (dap)                             122          -99
      Yield at harvest maturity (kg [dm]/ha)                2800         2874
      Pod/Ear/Panicle weight at maturity (kg [dm]/ha)       4052          -99
      Tops weight at anthesis (kg [dm]/ha)                  2125          -99
      Tops weight at maturity (kg [dm]/ha)                  6879          -99
      By-product produced (stalk) at maturity (kg[dm]/ha    4080          -99
      Number at maturity (no/m2)                            6757          -99
      Unit wt at maturity (g [dm]/unit)                   0.0414          -99
      Number at maturity (no/unit)                          1.30          -99
      Harvest index at maturity                            0.407          -99
      Threshing % at maturity                              69.10          -99
      Leaf area index, maximum                              3.04          -99
      Leaf number per stem at maturity                     13.60          -99
      Canopy height (m)                                     0.39          -99
      Tops N at anthesis (kg/ha)                              59          -99
      Tops N at maturity (kg/ha)                             177          -99
      Stem N at maturity (kg/ha)                              21          -99
      Grain N at maturity (kg/ha)                            119          -99
      Grain N at maturity (%)                               4.26          -99
      Grain oil at maturity (%)                             1.59          -99


*ENVIRONMENTAL AND STRESS FACTORS

 |-----Development Phase------|--------------------------------------Environment--------------------------------------|-----------------Stress-----------------|
                              |---------------Average--------------|-----Cumulative-----|--------Count of days--------|          (0=Min, 1=Max Stress)         |
                         Time  Temp  Temp  Temp Solar Photop                Evapo    Pot TMIN TMIN TMAX TMAX TMAX RAIN|----Water----|---Nitrogen--|-Phosphorus-|
                         Span   Max   Min  Mean   Rad  [day]    CO2   Rain  Trans     ET   <    <    >    >    >    >   Photo         Photo         Photo
                         days     C     C     C MJ/m2     hr    ppm     mm     mm    mm   0 C  2 C 30 C 32 C 34 C  0mm  synth Growth  synth Growth  synth Growth
----------------------------------------------------------------------------------------------------------------------------------------------------------------
 Emergence -First Flower   50  19.6   6.3  12.9  22.8  15.36  411.3  108.9  137.9  172.5    3    8    0    0    0   47  0.000  0.000  0.000  0.000  0.000  0.000
 First Flower-First Seed   13  26.5  11.2  18.8  24.8  14.66  411.5   11.7   51.4   52.9    0    0    0    0    0   10  0.000  0.000  0.000  0.000  0.000  0.000
 First Seed - Phys. Mat.   29  24.3   9.1  16.7  21.6  13.69  411.7   20.6   89.0   93.1    0    0    0    0    0   18  0.000  0.000  0.000  0.000  0.000  0.000
 Emergence  - Phys. Mat.   92  22.0   7.8  14.9  22.7  14.74  411.4  141.2  278.2  318.4    3    8    0    0    0   75  0.000  0.000  0.000  0.000  0.000  0.000
   
 Planting to Harvest      123  20.0   6.4  13.2  21.6  14.73  411.4  222.4  339.9  407.5   14   26    0    0    0  102  0.000  0.000  0.000  0.000  0.000  0.000
----------------------------------------------------------------------------------------------------------------------------------------------------------------


*Resource Productivity
 Growing season length: 123 days 

 Precipitation during growing season       222.4 mm[rain]
   Dry Matter Productivity                  3.09 kg[DM]/m3[rain]          =   30.9 kg[DM]/ha per mm[rain]
   Yield Productivity                       1.26 kg[grain yield]/m3[rain] =   12.6 kg[yield]/ha per mm[rain]

 Evapotranspiration during growing season  339.9 mm[ET]
   Dry Matter Productivity                  2.02 kg[DM]/m3[ET]            =   20.2 kg[DM]/ha per mm[ET]
   Yield Productivity                       0.82 kg[grain yield]/m3[ET]   =    8.2 kg[yield]/ha per mm[ET]

 Transpiration during growing season       150.6 mm[EP]
   Dry Matter Productivity                  4.57 kg[DM]/m3[EP]            =   45.7 kg[DM]/ha per mm[EP]
   Yield Productivity                       1.86 kg[grain yield]/m3[EP]   =   18.6 kg[yield]/ha per mm[EP]

 N uptake during growing season              212 kg[N uptake]/ha
   Dry Matter Productivity                  32.4 kg[DM]/kg[N uptake]
   Yield Productivity                       13.2 kg[yield]/kg[N uptake]

--------------------------------------------------------------------------------------------------------------

                    Lentil YIELD :     2800 kg/ha    [Dry weight] 

**************************************************************************************************************
