*SIMULATION OVERVIEW FILE

*DSSAT Cropping System Model Ver. 4.8.5.000 -release  APR 28, 2026 22:33:24

*RUN   1        : CREC 2016                 BSCER048 NDCR1601    1
 MODEL          : BSCER048 - Sugar beet
 EXPERIMENT     : NDCR1601 BS CREC, NORTH DAKOTA 2016
 DATA PATH      :
 TREATMENT  1   : CREC 2016                 BSCER048


 CROP           : Sugar beet       CULTIVAR : SVRR1142E        ECOTYPE :IB0001
 STARTING DATE  : MAY 11 2016
 PLANTING DATE  : MAY 12 2016      PLANTS/m2 :     7.4    ROW SPACING :  50.cm
 WEATHER        : CRND   2016
 SOIL           : CREC002014     TEXTURE : -99   -   CREC soil
 SOIL INIT COND : DEPTH:152cm EXTR. H2O:243.3mm  NO3: 10.3kg/ha  NH4:  0.0kg/ha
 WATER BALANCE  : IRRIGATE ON REPORTED DATE(S)
 IRRIGATION     :        0 mm IN     0 APPLICATIONS
 NITROGEN BAL.  : SOIL-N & N-UPTAKE SIMULATION; NO N-FIXATION
 N-FERTILIZER   :        0 kg/ha IN     0 APPLICATIONS
 RESIDUE/MANURE : INITIAL :     0 kg/ha ;       0 kg/ha IN     0 APPLICATIONS
 ENVIRONM. OPT. : DAYL=    0.00  SRAD=    0.00  TMAX=    0.00  TMIN=    0.00
                  RAIN=    0.00  CO2 =    0.00  DEW =    0.00  WIND=    0.00
 SIMULATION OPT : WATER   :Y  NITROGEN:Y  N-FIX:N  PHOSPH :N  PESTS  :N
                  PHOTO   :C  ET      :R  INFIL:S  HYDROL :R  SOM    :G
                  CO2 404ppm  NSWIT   :1  EVAP :R  SOIL   :2  STEMP  :D
 MANAGEMENT OPT : PLANTING:R  IRRIG   :R  FERT :R  RESIDUE:R  HARVEST:M
                  WEATHER :M  TILLAGE :N

*SUMMARY OF SOIL AND GENETIC INPUT PARAMETERS

   SOIL LOWER UPPER   SAT  EXTR  INIT   ROOT   BULK     pH    NO3    NH4    ORG
  DEPTH LIMIT LIMIT    SW    SW    SW   DIST   DENS                          C
   cm   cm3/cm3    cm3/cm3    cm3/cm3         g/cm3         ugN/g  ugN/g     %
-------------------------------------------------------------------------------
  0-  5 0.110 0.300 0.361 0.190 0.112   1.00   1.45   6.40   0.50   0.00   2.03
  5- 15 0.110 0.300 0.361 0.190 0.112   1.00   1.45   6.40   0.50   0.00   2.03
 15- 18 0.110 0.300 0.361 0.190 0.112   1.00   1.45   6.40   0.50   0.00   2.03
 18- 31 0.110 0.300 0.361 0.190 0.115   1.00   1.45   6.40   0.50   0.00   2.03
 31- 46 0.110 0.300 0.361 0.190 0.157   1.00   1.45   6.40   0.50   0.00   2.03
 46- 56 0.129 0.310 0.371 0.181 0.167   1.00   1.60   6.70   0.50   0.00   0.44
 56- 66 0.129 0.310 0.371 0.181 0.151   1.00   1.60   6.70   0.44   0.00   0.44
 66- 91 0.129 0.310 0.371 0.181 0.141   0.50   1.60   6.70   0.40   0.00   0.44
 91-111 0.107 0.229 0.369 0.122 0.131   0.50   1.60   7.90   0.40   0.00   0.15
111-132 0.107 0.229 0.369 0.122 0.129   0.50   1.60   7.90   0.40   0.00   0.15
132-152 0.107 0.229 0.369 0.122 0.108   0.50   1.60   7.90   0.40   0.00   0.15

TOT-152  17.4  41.7  55.8  24.3  20.1  <--cm   -  kg/ha-->   10.3    0.0 181721
SOIL ALBEDO    : 0.09      EVAPORATION LIMIT : 9.80         MIN. FACTOR  : 0.50
RUNOFF CURVE # :84.00      DRAINAGE RATE     : 0.40         FERT. FACTOR : 1.00

 Sugar beet       CULTIVAR: CR0001-SVRR1142E          ECOTYPE: IB0001
 P1     : 940.00  P2     : 0.0000  P5     : 700.00
 G2     : 220.00  G3     : 37.500  PHINT  :  0.000


*SIMULATED CROP AND SOIL STATUS AT MAIN DEVELOPMENT STAGES

 RUN NO.     1     CREC 2016               

        CROP GROWTH     BIOMASS         LEAF   CROP N     STRESS      STRESS                                           
   DATE  AGE STAGE        kg/ha    LAI   NUM  kg/ha  %   H2O  Nitr Phos1 Phos2  RSTG                                   
 ------  --- ----------   -----  -----  ----  ---  ---  ----  ----  ----  ----  ----                                   
 11 MAY    0 Start Sim        0   0.00   0.0    0  0.0  0.00  0.00  1.00  1.00     7
 12 MAY    0 Sowing           0   0.00   0.0    0  0.0  0.00  0.00  1.00  1.00     8
 22 MAY   10 Germinate        0   0.00   0.0    0  0.0  0.00  0.00  1.00  1.00     9
 23 MAY   11 Emergence       30   0.02   2.1    1  4.4  0.00  0.03  1.00  1.00     1
 22 JUN   41 End Juveni      17   0.03  10.2    1  7.5  0.59  0.00  1.00  1.00     2
 26 JUN   45 Leaf  grow      79   0.14  11.0    3  3.7  0.00  0.00  1.00  1.00     3
 27 AUG  107 End Lf Gro    3662   3.54  23.1   76  2.1  0.37  0.10  1.00  1.00     4
  1 OCT  142 Beg Ef Gro    4170   2.99  23.1   78  1.9  0.39  0.14  1.00  1.00     5
  9 OCT  150 End Ef Gro    4128   2.93  23.1   78  1.9  0.61  0.00  1.00  1.00     6
 10 OCT  151 Maturity      4128   2.93  23.1   78  1.9  0.97  0.00  1.00  1.00    10
 10 OCT  151 Harvest       4128   2.93  23.1   78  1.9  0.00  0.00  0.00  0.00    10


*MAIN GROWTH AND DEVELOPMENT VARIABLES

@     VARIABLE                                         SIMULATED     MEASURED
      --------                                         ---------     --------
      Anthesis day (dap)                                     107          -99
      Physiological maturity day (dap)                       151          -99
      Yield at harvest maturity (kg [dm]/ha)               14204          -99
      Number at maturity (no/m2)                               0          -99
      Unit wt at maturity (g [dm]/unit)                   0.0000          -99
      Number at maturity (no/unit)                           1.0          -99
      Tops weight at maturity (kg [dm]/ha)                  4128          -99
      By-product produced (stalk) at maturity (kg[dm]/ha       0          -99
      Leaf area index, maximum                              3.56          -99
      Harvest index at maturity                            0.775          -99
      Tops N at maturity (kg/ha)                              78          -99
      Stem N at maturity (kg/ha)                              78          -99
      Tops weight at anthesis (kg [dm]/ha)                  3659          -99
      Tops N at anthesis (kg/ha)                              76          -99
      Leaf number per stem at maturity                     23.12          -99
      Emergence day (dap)                                     11          -99


*ENVIRONMENTAL AND STRESS FACTORS

 |-----Development Phase------|--------------------------------------Environment--------------------------------------|-----------------Stress-----------------|
                              |---------------Average--------------|-----Cumulative-----|--------Count of days--------|          (0=Min, 1=Max Stress)         |
                         Time  Temp  Temp  Temp Solar Photop                Evapo    Pot TMIN TMIN TMAX TMAX TMAX RAIN|----Water----|---Nitrogen--|-Phosphorus-|
                         Span   Max   Min  Mean   Rad  [day]    CO2   Rain  Trans     ET   <    <    >    >    >    >   Photo         Photo         Photo
                         days     C     C     C MJ/m2     hr    ppm     mm     mm    mm   0 C  2 C 30 C 32 C 34 C  0mm  synth Growth  synth Growth  synth Growth
----------------------------------------------------------------------------------------------------------------------------------------------------------------
 Emergence-End Juvenile    30  24.2  11.5  17.8  22.7  15.59  403.9   61.0   57.1  165.6    0    0    2    0    0   17  0.570  0.592  0.000  0.001  1.000  1.000
 End Juvenil-Leaf Grow      4  24.7  11.9  18.3  23.2  15.76  404.1    2.4    5.5   22.6    0    0    1    0    0    1  0.000  0.000  0.000  0.000  1.000  1.000
 Effec Lf Gro-End Lf Gro   62  26.7  13.2  19.9  21.2  14.83  404.3  204.8  179.0  301.7    0    0   11    3    0   20  0.303  0.360  0.040  0.100  1.000  1.000
 End Lf Grth-Beg Ef Gro    35  21.8   8.7  15.2  14.0  12.39  404.6   48.5   61.0   97.2    1    1    0    0    0    8  0.317  0.389  0.058  0.146  1.000  1.000
 Eff Growth Phase           8  15.7   4.9  10.3  10.4  11.14  404.8    5.3    5.5   15.0    3    3    0    0    0    2  0.524  0.592  0.000  0.000  1.000  1.000
   
 Planting to Harvest      151  23.8  10.6  17.2  19.2  14.23  404.3  327.8  308.7  652.0    8    9   14    3    0   49  0.345  0.393  0.030  0.075  1.000  1.000
----------------------------------------------------------------------------------------------------------------------------------------------------------------


*Resource Productivity
 Growing season length: 151 days 

 Precipitation during growing season       327.8 mm[rain]
   Dry Matter Productivity                  1.26 kg[DM]/m3[rain]          =   12.6 kg[DM]/ha per mm[rain]
   Yield Productivity                       4.33 kg[grain yield]/m3[rain] =   43.3 kg[yield]/ha per mm[rain]

 Evapotranspiration during growing season  308.7 mm[ET]
   Dry Matter Productivity                  1.34 kg[DM]/m3[ET]            =   13.4 kg[DM]/ha per mm[ET]
   Yield Productivity                       4.60 kg[grain yield]/m3[ET]   =   46.0 kg[yield]/ha per mm[ET]

 Transpiration during growing season       171.4 mm[EP]
   Dry Matter Productivity                  2.41 kg[DM]/m3[EP]            =   24.1 kg[DM]/ha per mm[EP]
   Yield Productivity                       8.29 kg[grain yield]/m3[EP]   =   82.9 kg[yield]/ha per mm[EP]

 N uptake during growing season              160 kg[N uptake]/ha
   Dry Matter Productivity                  25.8 kg[DM]/kg[N uptake]
   Yield Productivity                       88.8 kg[yield]/kg[N uptake]

--------------------------------------------------------------------------------------------------------------

                Sugar beet YIELD :    14204 kg/ha    [Dry weight] 

**************************************************************************************************************
