*SIMULATION OVERVIEW FILE

*DSSAT Cropping System Model Ver. 4.8.5.000 -release  APR 28, 2026 22:33:20

*RUN   1        : C1 Altona                 CRGRO048 UCEA7801    1
 MODEL          : CRGRO048 - Soybean
 EXPERIMENT     : UCEA7801 SB 3 CULTIVARS, MUST HAVE W AND N "OFF"
 DATA PATH      :
 TREATMENT  1   : C1 Altona                 CRGRO048


 CROP           : Soybean          CULTIVAR : ALTONA (00)      ECOTYPE :SB0001
 STARTING DATE  : MAY 26 1978
 PLANTING DATE  : MAY 26 1978      PLANTS/m2 :    40.0    ROW SPACING :  18.cm
 WEATHER        : UCEA   1978
 SOIL           : UCEA880001     TEXTURE : SICY  - LONDON;GLEYED ORTHIC MELA
 WATER BALANCE  : NOT SIMULATED ; NO H2O-STRESS
 IRRIGATION     :
 NITROGEN BAL.  : NOT SIMULATED ; NO N-STRESS
 N-FERTILIZER   :
 RESIDUE/MANURE :
 ENVIRONM. OPT. : DAYL=    0.00  SRAD=    0.00  TMAX=    0.00  TMIN=    0.00
                  RAIN=    0.00  CO2 =    0.00  DEW =    0.00  WIND=    0.00
 SIMULATION OPT : WATER   :N  NITROGEN:N  N-FIX:N  PHOSPH :N  PESTS  :N
                  PHOTO   :L  ET      :R  INFIL:S  HYDROL :R  SOM    :G
                  CO2 335ppm  NSWIT   :1  EVAP :R  SOIL   :2  STEMP  :D
 MANAGEMENT OPT : PLANTING:R  IRRIG   :R  FERT :R  RESIDUE:R  HARVEST:M
                  WEATHER :M  TILLAGE :Y

*SUMMARY OF SOIL AND GENETIC INPUT PARAMETERS

 Soybean          CULTIVAR: UC0001-ALTONA (00)        ECOTYPE: SB0001
 CSDVAR :14.30  PPSEN  : 0.16  EMG-FLW:17.00  FLW-FSD:13.40  FSD-PHM : 32.50
 WTPSD  :0.190  SDPDVR : 2.20  SDFDUR :19.00  PODDUR :11.50  XFRUIT  :  1.00
 THRESH : 77.0  SDPRO  :0.405  SDLIP   : 0.205


*SIMULATED CROP AND SOIL STATUS AT MAIN DEVELOPMENT STAGES

 RUN NO.     1     C1 Altona               

        CROP GROWTH     BIOMASS         LEAF   CROP N     STRESS      STRESS                                           
   DATE  AGE STAGE        kg/ha    LAI   NUM  kg/ha  %   H2O  Nitr Phos1 Phos2  RSTG                                   
 ------  --- ----------   -----  -----  ----  ---  ---  ----  ----  ----  ----  ----                                   
 26 MAY    0 Start Sim        0   0.00   0.0    0  0.0  0.00  0.00  0.00  0.00     0
 26 MAY    0 Sowing           0   0.00   0.0    0  0.0  0.00  0.00  0.00  0.00     0
  3 JUN    8 Emergence       21   0.03   0.0    1  5.1  0.00  0.00  0.00  0.00     0
  3 JUN    8 End Juven.      21   0.03   0.0    1  5.1  0.00  0.00  0.00  0.00     0
 19 JUN   24 Unifoliate      45   0.08   1.2    2  4.9  0.00  0.42  0.00  0.00     0
 19 JUN   24 Flower Ind      45   0.08   1.2    2  4.9  0.00  0.00  0.00  0.00     0
 15 JUL   50 First Flwr     783   1.17   5.9   32  4.1  0.00  0.00  0.00  0.00     1
 26 JUL   61 First Pod     1894   2.58   8.3   72  3.8  0.00  0.00  0.00  0.00     3
  6 AUG   72 First Seed    3235   3.19  10.1  115  3.6  0.00  0.00  0.00  0.00     5
 19 AUG   85 End Pod       4742   2.99  12.6  164  3.5  0.00  0.00  0.00  0.00     5
 24 AUG   90 End Msnode    5152   2.78  13.2  181  3.5  0.00  0.00  0.00  0.00     5
 24 AUG   90 End Leaf      5152   2.78  13.2  181  3.5  0.00  0.00  0.00  0.00     5
 15 SEP  112 Phys. Mat     6457   2.08  13.2  251  3.9  0.00  0.00  0.00  0.00     7
 27 SEP  124 Harv. Mat     5136   0.14  13.2  229  4.5  0.00  0.00  0.00  0.00     8
 27 SEP  124 Harvest       5136   0.14  13.2  229  4.5  0.00  0.00  0.00  0.00     8


*MAIN GROWTH AND DEVELOPMENT VARIABLES

@     VARIABLE                                         SIMULATED     MEASURED
      --------                                         ---------     --------
      Emergence day (dap)                                      8          -99
      Anthesis day (dap)                                      50           46
      First pod day (dap)                                     61          -99
      First seed day (dap)                                    72          -99
      Physiological maturity day (dap)                       112          112
      Harvest maturity day (dap)                             124          -99
      Yield at harvest maturity (kg [dm]/ha)                3174         2620
      Pod/Ear/Panicle weight at maturity (kg [dm]/ha)       4139          -99
      Tops weight at anthesis (kg [dm]/ha)                   783          -99
      Tops weight at maturity (kg [dm]/ha)                  5136         5290
      By-product produced (stalk) at maturity (kg[dm]/ha    1960          -99
      Number at maturity (no/m2)                            1571          -99
      Unit wt at maturity (g [dm]/unit)                   0.2021          -99
      Number at maturity (no/unit)                          2.20          -99
      Harvest index at maturity                            0.618         .495
      Threshing % at maturity                              76.69          -99
      Leaf area index, maximum                              3.24         4.05
      Leaf number per stem at maturity                     13.15          -99
      Canopy height (m)                                     0.69          -99
      Tops N at anthesis (kg/ha)                              32          -99
      Tops N at maturity (kg/ha)                             229          -99
      Stem N at maturity (kg/ha)                               7          -99
      Grain N at maturity (kg/ha)                            208          -99
      Grain N at maturity (%)                               6.56          -99
      Grain oil at maturity (%)                            16.94          -99


*ENVIRONMENTAL AND STRESS FACTORS

 |-----Development Phase------|--------------------------------------Environment--------------------------------------|-----------------Stress-----------------|
                              |---------------Average--------------|-----Cumulative-----|--------Count of days--------|          (0=Min, 1=Max Stress)         |
                         Time  Temp  Temp  Temp Solar Photop                Evapo    Pot TMIN TMIN TMAX TMAX TMAX RAIN|----Water----|---Nitrogen--|-Phosphorus-|
                         Span   Max   Min  Mean   Rad  [day]    CO2   Rain  Trans     ET   <    <    >    >    >    >   Photo         Photo         Photo
                         days     C     C     C MJ/m2     hr    ppm     mm     mm    mm   0 C  2 C 30 C 32 C 34 C  0mm  synth Growth  synth Growth  synth Growth
----------------------------------------------------------------------------------------------------------------------------------------------------------------
 Emergence -First Flower   42  23.7  10.6  17.1  22.9  15.14  335.5   41.9    0.0    0.0    0    0    2    0    0   10  0.000  0.000  0.000  0.160  0.000  0.000
 First Flower-First Seed   22  26.1  13.1  19.6  21.1  14.57  335.6   26.6    0.0    0.0    0    0    3    1    0    7  0.000  0.000  0.000  0.000  0.000  0.000
 First Seed - Phys. Mat.   40  24.3  12.3  18.3  17.2  13.25  335.7  120.8    0.0    0.0    0    0    2    1    0   14  0.000  0.000  0.000  0.000  0.000  0.000
 Emergence  - Phys. Mat.  104  24.5  11.8  18.1  20.3  14.29  335.6  189.3    0.0    0.0    0    0    7    2    0   31  0.000  0.000  0.000  0.065  0.000  0.000
   
 Planting to Harvest      125  23.9  11.3  17.6  20.0  14.11  335.6  260.1    0.0    0.0    0    1    7    2    0   37  0.000  0.000  0.000  0.054  0.000  0.000
----------------------------------------------------------------------------------------------------------------------------------------------------------------

--------------------------------------------------------------------------------------------------------------

                   Soybean YIELD :     3174 kg/ha    [Dry weight] 

**************************************************************************************************************
