*SIMULATION OVERVIEW FILE

*DSSAT Cropping System Model Ver. 4.8.5.000 -release  APR 28, 2026 22:33:32

*RUN   1        : 95F-180 N AI, N-B "off"   CRGRO048 UFQU9502   14
 MODEL          : CRGRO048 - Tomato
 EXPERIMENT     : UFQU9502 TM FALL 1995,SOLARSET,N-RATE,DRIP-IRR
 DATA PATH      :
 TREATMENT 14   : 95F-180 N AI, N-B "off"   CRGRO048


 CROP           : Tomato           CULTIVAR : Solarset 2010 Ca ECOTYPE :TM0001
 STARTING DATE  : JUL 11 1995
 PLANTING DATE  : JUL 18 1995      PLANTS/m2 :     1.2    ROW SPACING : 183.cm
 HARVEST DATE   : OCT 10 1995
 WEATHER        : UFQU   1995
 SOIL           : IBTM910017     TEXTURE : SL    -   Orangeburg Sandy Loam
 WATER BALANCE  : NOT SIMULATED ; NO H2O-STRESS
 IRRIGATION     :
 NITROGEN BAL.  : NOT SIMULATED ; NO N-STRESS
 N-FERTILIZER   :
 RESIDUE/MANURE :
 ENVIRONM. OPT. : DAYL=    0.00  SRAD=    0.00  TMAX=    0.00  TMIN=    0.00
                  RAIN=    0.00  CO2 =    0.00  DEW =    0.00  WIND=    0.00
 SIMULATION OPT : WATER   :N  NITROGEN:N  N-FIX:N  PHOSPH :N  PESTS  :N
                  PHOTO   :L  ET      :R  INFIL:S  HYDROL :R  SOM    :G
                  CO2 361ppm  NSWIT   :1  EVAP :R  SOIL   :2  STEMP  :D
 MANAGEMENT OPT : PLANTING:R  IRRIG   :A  FERT :R  RESIDUE:N  HARVEST:R
                  WEATHER :M  TILLAGE :N

*SUMMARY OF SOIL AND GENETIC INPUT PARAMETERS

 Tomato           CULTIVAR: TM0002-Solarset 2010 Ca   ECOTYPE: TM0001
 CSDVAR :12.33  PPSEN  : 0.00  EMG-FLW:31.00  FLW-FSD:21.00  FSD-PHM : 47.00
 WTPSD  :0.004  SDPDVR :300.0  SDFDUR :27.00  PODDUR :56.00  XFRUIT  :  0.78
 THRESH :  8.5  SDPRO  :0.300  SDLIP   : 0.050


*SIMULATED CROP AND SOIL STATUS AT MAIN DEVELOPMENT STAGES

 RUN NO.     1     95F-180 N AI, N-B "off" 

        CROP GROWTH     BIOMASS         LEAF   CROP N     STRESS      STRESS                                           
   DATE  AGE STAGE        kg/ha    LAI   NUM  kg/ha  %   H2O  Nitr Phos1 Phos2  RSTG                                   
 ------  --- ----------   -----  -----  ----  ---  ---  ----  ----  ----  ----  ----                                   
 11 JUL    0 Start Sim        0   0.00   0.0    0  0.0  0.00  0.00  0.00  0.00     0
 18 JUL    0 Transplant       2   0.00   2.8    0  3.8  0.00  0.00  0.00  0.00     0
 20 JUL    2 Flower Ind       2   0.00   3.6    0  3.6  0.00  0.00  0.00  0.00     0
 17 AUG   30 First Flwr     352   0.81  15.1   13  3.6  0.00  0.00  0.00  0.00     1
 22 AUG   35 First Pod      699   1.49  17.1   25  3.5  0.00  0.00  0.00  0.00     2
  1 SEP   45 First Pod     1750   3.15  21.3   58  3.3  0.00  0.00  0.00  0.00     3
  9 SEP   53 First Seed    2725   4.02  24.4   87  3.2  0.00  0.00  0.00  0.00     5
 13 SEP   57 End Msnode    3238   4.25  25.7   98  3.0  0.00  0.00  0.00  0.00     5
  7 OCT   81 End Leaf      5844   3.89  25.7  145  2.5  0.00  0.00  0.00  0.00     5
 10 OCT   84 Harvest       6088   3.83  25.7  149  2.4  0.00  0.00  0.00  0.00     5


*MAIN GROWTH AND DEVELOPMENT VARIABLES

@     VARIABLE                                         SIMULATED     MEASURED
      --------                                         ---------     --------
      Anthesis day (dap)                                      30          -99
      First pod day (dap)                                     45          -99
      First seed day (dap)                                    53          -99
      Physiological maturity day (dap)                       -99          -99
      Yield at harvest maturity (kg [dm]/ha)                 242          -99
      Pod/Ear/Panicle weight at maturity (kg [dm]/ha)       3051          -99
      Tops weight at anthesis (kg [dm]/ha)                   352          -99
      Tops weight at maturity (kg [dm]/ha)                  6088          -99
      By-product produced (stalk) at maturity (kg[dm]/ha    5850          -99
      Number at maturity (no/m2)                           15145          -99
      Unit wt at maturity (g [dm]/unit)                   0.0016          -99
      Number at maturity (no/unit)                        199.17          -99
      Harvest index at maturity                            0.040          -99
      Threshing % at maturity                               7.94          -99
      Leaf area index, maximum                              4.32          -99
      Leaf number per stem at maturity                     25.72          -99
      Canopy height (m)                                     1.31          -99
      Tops N at anthesis (kg/ha)                              13          -99
      Tops N at maturity (kg/ha)                             149          -99
      Stem N at maturity (kg/ha)                              28          -99
      Grain N at maturity (kg/ha)                             11          -99
      Grain N at maturity (%)                               4.72          -99
      Grain oil at maturity (%)                             4.95          -99


*ENVIRONMENTAL AND STRESS FACTORS

 |-----Development Phase------|--------------------------------------Environment--------------------------------------|-----------------Stress-----------------|
                              |---------------Average--------------|-----Cumulative-----|--------Count of days--------|          (0=Min, 1=Max Stress)         |
                         Time  Temp  Temp  Temp Solar Photop                Evapo    Pot TMIN TMIN TMAX TMAX TMAX RAIN|----Water----|---Nitrogen--|-Phosphorus-|
                         Span   Max   Min  Mean   Rad  [day]    CO2   Rain  Trans     ET   <    <    >    >    >    >   Photo         Photo         Photo
                         days     C     C     C MJ/m2     hr    ppm     mm     mm    mm   0 C  2 C 30 C 32 C 34 C  0mm  synth Growth  synth Growth  synth Growth
----------------------------------------------------------------------------------------------------------------------------------------------------------------
 First Flower-First Seed   23  32.4  21.4  26.9  15.5  12.71  361.0   26.6    0.0    0.0    0    0   19   14    3    8  0.000  0.000  0.000  0.000  0.000  0.000
 First Seed - Phys. Mat.   31  30.1  19.1  24.6  12.0  11.87  361.1  105.1    0.0    0.0    0    0   16    7    0    6  0.000  0.000  0.000  0.000  0.000  0.000
   
 Planting to Harvest       85  31.9  21.0  26.4  14.6  12.66  361.0  197.9    0.0    0.0    0    0   64   45   12   29  0.000  0.000  0.000  0.000  0.000  0.000
----------------------------------------------------------------------------------------------------------------------------------------------------------------

--------------------------------------------------------------------------------------------------------------

                    Tomato YIELD :     3051 kg/ha    [Dry weight] 

**************************************************************************************************************
