*SIMULATION OVERVIEW FILE

*DSSAT Cropping System Model Ver. 4.8.5.000 -release  APR 28, 2026 22:32:48

*RUN   1        : Ottana 2008               CRGRO048 USON0801    1
 MODEL          : CRGRO048 - Canola
 EXPERIMENT     : USON0801 CN RAPESEED, OTTANA ITALY - N-N-N KABEL-LOW SR DIFF T
 DATA PATH      :
 TREATMENT  1   : Ottana 2008               CRGRO048


 CROP           : Canola           CULTIVAR : KABEL (11)       ECOTYPE :CN0001
 STARTING DATE  : NOV  9 2007
 PLANTING DATE  : NOV  9 2007      PLANTS/m2 :    80.0    ROW SPACING :  17.cm
 WEATHER        : USON   2007
 SOIL           : USOT070001     TEXTURE : -99   - Sandy clay loam
 WATER BALANCE  : NOT SIMULATED ; NO H2O-STRESS
 IRRIGATION     :
 NITROGEN BAL.  : NOT SIMULATED ; NO N-STRESS
 N-FERTILIZER   :
 RESIDUE/MANURE :
 ENVIRONM. OPT. : DAYL=    0.00  SRAD=    0.00  TMAX=    0.00  TMIN=    0.00
                  RAIN=    0.00  CO2 =    0.00  DEW =    0.00  WIND=    0.00
 SIMULATION OPT : WATER   :N  NITROGEN:N  N-FIX:N  PHOSPH :N  PESTS  :N
                  PHOTO   :L  ET      :R  INFIL:S  HYDROL :R  SOM    :G
                  CO2 384ppm  NSWIT   :1  EVAP :R  SOIL   :2  STEMP  :D
 MANAGEMENT OPT : PLANTING:R  IRRIG   :R  FERT :R  RESIDUE:N  HARVEST:M
                  WEATHER :M  TILLAGE :Y

*SUMMARY OF SOIL AND GENETIC INPUT PARAMETERS

 Canola           CULTIVAR: OT0001-KABEL (11)         ECOTYPE: CN0001
 CSDVAR :16.00  PPSEN  :-0.01  EMG-FLW:45.00  FLW-FSD:18.50  FSD-PHM : 33.50
 WTPSD  :0.003  SDPDVR : 18.0  SDFDUR :21.00  PODDUR :10.00  XFRUIT  :  1.00
 THRESH : 81.0  SDPRO  :0.230  SDLIP   : 0.480


*SIMULATED CROP AND SOIL STATUS AT MAIN DEVELOPMENT STAGES

 RUN NO.     1     Ottana 2008             

        CROP GROWTH     BIOMASS         LEAF   CROP N     STRESS      STRESS                                           
   DATE  AGE STAGE        kg/ha    LAI   NUM  kg/ha  %   H2O  Nitr Phos1 Phos2  RSTG                                   
 ------  --- ----------   -----  -----  ----  ---  ---  ----  ----  ----  ----  ----                                   
  9 NOV    0 Start Sim        0   0.00   0.0    0  0.0  0.00  0.00  0.00  0.00     0
  9 NOV    0 Sowing           0   0.00   0.0    0  0.0  0.00  0.00  0.00  0.00     0
 16 NOV    7 Emergence        1   0.00   0.0    0  6.7  0.00  0.00  0.00  0.00     0
 16 NOV    7 End Juven.       1   0.00   0.0    0  6.7  0.00  0.00  0.00  0.00     0
 25 NOV   16 Flower Ind       2   0.00   0.6    0  6.3  0.00  0.00  0.00  0.00     0
  1 DEC   22 Unifoliate       3   0.01   1.2    0  6.2  0.00  0.00  0.00  0.00     0
  4 MAR  116 First Flwr    1163   0.61  10.5   54  4.6  0.00  0.00  0.00  0.00     1
  4 MAR  116 End Msnode    1163   0.61  10.5   54  4.6  0.00  0.00  0.00  0.00     1
  6 MAR  118 End Leaf      1235   0.61  10.5   56  4.6  0.00  0.00  0.00  0.00     1
 28 MAR  140 First Pod     2405   0.50  10.5   94  3.9  0.00  0.00  0.00  0.00     3
  8 APR  151 First Seed    3105   0.46  10.5  111  3.6  0.00  0.00  0.00  0.00     5
 30 APR  173 End Pod       4260   0.36  10.5  116  2.7  0.00  0.00  0.00  0.00     5
 24 MAY  197 Phys. Mat     5010   0.29  10.5  115  2.3  0.00  0.00  0.00  0.00     7
 27 MAY  200 Harv. Mat     4726   0.00  10.5  102  2.2  0.00  0.00  0.00  0.00     8
 27 MAY  200 Harvest       4726   0.00  10.5  102  2.2  0.00  0.00  0.00  0.00     8


*MAIN GROWTH AND DEVELOPMENT VARIABLES

@     VARIABLE                                         SIMULATED     MEASURED
      --------                                         ---------     --------
      Emergence day (dap)                                      7          -99
      Anthesis day (dap)                                     116          112
      First pod day (dap)                                    140          139
      First seed day (dap)                                   151          150
      Physiological maturity day (dap)                       197          195
      Harvest maturity day (dap)                             200          201
      Yield at harvest maturity (kg [dm]/ha)                1921         2474
      Pod/Ear/Panicle weight at maturity (kg [dm]/ha)       2371          -99
      Tops weight at anthesis (kg [dm]/ha)                  1163         2670
      Tops weight at maturity (kg [dm]/ha)                  4726         6584
      By-product produced (stalk) at maturity (kg[dm]/ha    2810          -99
      Number at maturity (no/m2)                           61349        92338
      Unit wt at maturity (g [dm]/unit)                   0.0031        .0027
      Number at maturity (no/unit)                         18.00           17
      Harvest index at maturity                            0.406         0.38
      Threshing % at maturity                              81.02          -99
      Leaf area index, maximum                              0.65         1.42
      Leaf number per stem at maturity                     10.45          -99
      Canopy height (m)                                     1.00          1.1
      Tops N at anthesis (kg/ha)                              54          -99
      Tops N at maturity (kg/ha)                             102          -99
      Stem N at maturity (kg/ha)                              40          -99
      Grain N at maturity (kg/ha)                             58          -99
      Grain N at maturity (%)                               3.00        3.136
      Grain oil at maturity (%)                            44.88         43.3


*ENVIRONMENTAL AND STRESS FACTORS

 |-----Development Phase------|--------------------------------------Environment--------------------------------------|-----------------Stress-----------------|
                              |---------------Average--------------|-----Cumulative-----|--------Count of days--------|          (0=Min, 1=Max Stress)         |
                         Time  Temp  Temp  Temp Solar Photop                Evapo    Pot TMIN TMIN TMAX TMAX TMAX RAIN|----Water----|---Nitrogen--|-Phosphorus-|
                         Span   Max   Min  Mean   Rad  [day]    CO2   Rain  Trans     ET   <    <    >    >    >    >   Photo         Photo         Photo
                         days     C     C     C MJ/m2     hr    ppm     mm     mm    mm   0 C  2 C 30 C 32 C 34 C  0mm  synth Growth  synth Growth  synth Growth
----------------------------------------------------------------------------------------------------------------------------------------------------------------
 Emergence -First Flower  109  15.8   3.4   9.6   6.0   9.79  384.5  154.8    0.0    0.0   19   36    0    0    0   69  0.000  0.000  0.000  0.000  0.000  0.000
 First Flower-First Seed   35  17.7   5.2  11.5  12.6  12.03  384.8   84.2    0.0    0.0    1    7    0    0    0   15  0.000  0.000  0.000  0.000  0.000  0.000
 First Seed - Phys. Mat.   46  23.3   8.8  16.1  16.6  13.70  385.0   82.4    0.0    0.0    0    1    0    0    0   27  0.000  0.000  0.000  0.000  0.000  0.000
 Emergence  - Phys. Mat.  190  18.0   5.0  11.5   9.8  11.15  384.7  321.4    0.0    0.0   20   44    0    0    0  111  0.000  0.000  0.000  0.000  0.000  0.000
   
 Planting to Harvest      201  18.1   5.3  11.7   9.8  11.15  384.6  335.4    0.0    0.0   20   44    3    3    1  114  0.000  0.000  0.000  0.000  0.000  0.000
----------------------------------------------------------------------------------------------------------------------------------------------------------------

--------------------------------------------------------------------------------------------------------------

                    Canola YIELD :     1921 kg/ha    [Dry weight] 

**************************************************************************************************************
