*WARNING DETAIL FILE

******************************************************************************

*DSSAT Cropping System Model Ver. 4.8.5.000 -release  APR 28, 2026 22:32:48

*RUN   1        : Ottana 2008               CRGRO048 USON0801    1
 MODEL          : CRGRO048 - Canola
 EXPERIMENT     : USON0801 CN RAPESEED, OTTANA ITALY - N-N-N KABEL-LOW SR DIFF T
 DATA PATH      :
 TREATMENT  1   : Ottana 2008               CRGRO048
  

 IPWTH   YEAR DOY = 2007 332
 Warning: SRAD < 1 MJ.m-2.d-1.                                                 
 C:\DSSAT48\Weather\USON0701.WTH                                               
 Line      337                                                                 
 SRAD =   0.80 MJ.m-2.d-1                                                      

 IPWTH   YEAR DOY = 2007 362
 Warning: SRAD < 1 MJ.m-2.d-1.                                                 
 C:\DSSAT48\Weather\USON0701.WTH                                               
 Line      367                                                                 
 SRAD =   0.70 MJ.m-2.d-1                                                      

 IPWTH   YEAR DOY = 2007 365
 Warning: SRAD < 1 MJ.m-2.d-1.                                                 
 C:\DSSAT48\Weather\USON0701.WTH                                               
 Line      370                                                                 
 SRAD =   0.40 MJ.m-2.d-1                                                      

 IPWTH   YEAR DOY = 2008   4
 Warning: SRAD < 1 MJ.m-2.d-1.                                                 
 C:\DSSAT48\Weather\USON0801.WTH                                               
 Line        9                                                                 
 SRAD =   0.70 MJ.m-2.d-1                                                      

 IPWTH   YEAR DOY = 2008   5
 Warning: SRAD < 1 MJ.m-2.d-1.                                                 
 C:\DSSAT48\Weather\USON0801.WTH                                               
 Line       10                                                                 
 SRAD =   0.70 MJ.m-2.d-1                                                      

 IPWTH   YEAR DOY = 2008   6
 Warning: SRAD < 1 MJ.m-2.d-1.                                                 
 C:\DSSAT48\Weather\USON0801.WTH                                               
 Line       11                                                                 
 SRAD =   0.70 MJ.m-2.d-1                                                      

 IPWTH   YEAR DOY = 2008  16
 Warning: SRAD < 1 MJ.m-2.d-1.                                                 
 C:\DSSAT48\Weather\USON0801.WTH                                               
 Line       21                                                                 
 SRAD =   0.50 MJ.m-2.d-1                                                      
