*SIMULATION OVERVIEW FILE

*DSSAT Cropping System Model Ver. 4.8.5.000 -release  APR 28, 2026 22:33:25

*RUN   1        : Plant (Lysimeter)         SCCAN048 SAPO8601    1
 MODEL          : SCCAN048 - Sugarcane
 EXPERIMENT     : SAPO8601 SC PONGOLA N EVALUATION WITH LYSIMETERS
 DATA PATH      :
 TREATMENT  1   : Plant (Lysimeter)         SCCAN048


 CROP           : Sugarcane        CULTIVAR : NCo376           ECOTYPE :SC0013
 STARTING DATE  : NOV  1 1986
 PLANTING DATE  : NOV 12 1986      PLANTS/m2 :    13.3    ROW SPACING : 152.cm
 HARVEST DATE   : OCT 12 1987
 WEATHER        : PONG   1986
 SOIL           : SAPO080010     TEXTURE : SL    - Hutton form - Lysimeter
 SOIL INIT COND : DEPTH:120cm EXTR. H2O:104.2mm  NO3:128.2kg/ha  NH4: 13.4kg/ha
 WATER BALANCE  : IRRIGATE ON REPORTED DATE(S)
 IRRIGATION     :     1187 mm IN    40 APPLICATIONS
 NITROGEN BAL.  : SOIL-N & N-UPTAKE SIMULATION; NO N-FIXATION
 N-FERTILIZER   :       85 kg/ha IN     2 APPLICATIONS
 RESIDUE/MANURE : INITIAL :     0 kg/ha ;       0 kg/ha IN     0 APPLICATIONS
 ENVIRONM. OPT. : DAYL=    0.00  SRAD=    0.00  TMAX=    0.00  TMIN=    0.00
                  RAIN=    0.00  CO2 =    0.00  DEW =    0.00  WIND=    0.00
 SIMULATION OPT : WATER   :Y  NITROGEN:Y  N-FIX:N  PHOSPH :N  PESTS  :N
                  PHOTO   :C  ET      :F  INFIL:S  HYDROL :R  SOM    :P
                  CO2 348ppm  NSWIT   :1  EVAP :R  SOIL   :3  STEMP  :D
 MANAGEMENT OPT : PLANTING:R  IRRIG   :R  FERT :R  RESIDUE:N  HARVEST:R
                  WEATHER :M  TILLAGE :N

*SUMMARY OF SOIL AND GENETIC INPUT PARAMETERS

   SOIL LOWER UPPER   SAT  EXTR  INIT   ROOT   BULK     pH    NO3    NH4    ORG
  DEPTH LIMIT LIMIT    SW    SW    SW   DIST   DENS                          C
   cm   cm3/cm3    cm3/cm3    cm3/cm3         g/cm3         ugN/g  ugN/g     %
-------------------------------------------------------------------------------
  0-  5 0.213 0.306 0.415 0.093 0.287   1.00   1.47   6.10  25.00   3.00   0.99
  5- 20 0.257 0.341 0.401 0.084 0.300   0.80   1.52   6.10  25.00   2.00   0.99
 20- 30 0.274 0.363 0.408 0.089 0.300   0.70   1.50   6.10   2.00   0.20   0.99
 30- 60 0.269 0.349 0.394 0.080 0.300   0.30   1.55   5.20   2.00   0.20   0.66
 60- 90 0.271 0.361 0.408 0.090 0.300   0.10   1.50   6.10   4.00   0.20   0.54
 90-120 0.271 0.361 0.408 0.090 0.300   0.10   1.50   6.10   5.00   1.00   0.54

TOT-120  32.0  42.4  48.5  10.4  35.9  <--cm   -  kg/ha-->  128.2   13.4 123988
SOIL ALBEDO    : 0.13      EVAPORATION LIMIT : 6.00         MIN. FACTOR  : 1.00
RUNOFF CURVE # :76.00      DRAINAGE RATE     : 0.75         FERT. FACTOR : 1.00

 Sugarcane        CULTIVAR: IB0001-NCo376             ECOTYPE: SC0013


*SIMULATED CROP AND SOIL STATUS AT MAIN DEVELOPMENT STAGES

 RUN NO.     1     Plant (Lysimeter)       

        CROP GROWTH     BIOMASS         LEAF   CROP N     STRESS      STRESS                                           
   DATE  AGE STAGE        kg/ha    LAI   NUM  kg/ha  %   H2O  Nitr Phos1 Phos2  RSTG                                   
 ------  --- ----------   -----  -----  ----  ---  ---  ----  ----  ----  ----  ----                                   
  1 NOV    0 Start sim        0   0.00   0.0    0  0.0  0.00  0.00  0.00  0.00     0
 22 NOV   10 Emergence        0   0.00   0.0    0  0.0  0.00  0.00  0.00  0.00     0
 27 JAN   76 Peak popul    5709   2.77   0.0    0  0.0  0.12  0.00  0.00  0.00     0
 12 OCT  334 Harvest      56667  10.45   0.0    0  0.0  0.17  0.00  0.00  0.00     0


*MAIN GROWTH AND DEVELOPMENT VARIABLES

@     VARIABLE                                         SIMULATED     MEASURED
      --------                                         ---------     --------
      Sucrose dry mass at harvest (t/ha)                   17.94          -99
      Aerial dry biomass at harvest (t/ha)                 56.67          -99
      Stalk (millable) dry mass at harvest (t/ha)          35.43          -99
      Trash (residue) dry mass at harvest (t/ha)           10.06          -99
      Green leaf area index at harvest (m2/m2)              4.15          -99
      Leaf area index, maximum                              4.66          -99
      Canopy height (m)                                     1.99          -99
      Harvest index at maturity                             0.51          -99
      Leaf number per stem at maturity                     10.50          -99
      Emergence day (dap)                                     10          -99
      Fresh cane yield (t/ha)                              126.0          -99


*ENVIRONMENTAL AND STRESS FACTORS

 |-----Development Phase------|--------------------------------------Environment--------------------------------------|-----------------Stress-----------------|
                              |---------------Average--------------|-----Cumulative-----|--------Count of days--------|          (0=Min, 1=Max Stress)         |
                         Time  Temp  Temp  Temp Solar Photop                Evapo    Pot TMIN TMIN TMAX TMAX TMAX RAIN|----Water----|---Nitrogen--|-Phosphorus-|
                         Span   Max   Min  Mean   Rad  [day]    CO2   Rain  Trans     ET   <    <    >    >    >    >   Photo         Photo         Photo
                         days     C     C     C MJ/m2     hr    ppm     mm     mm    mm   0 C  2 C 30 C 32 C 34 C  0mm  synth Growth  synth Growth  synth Growth
----------------------------------------------------------------------------------------------------------------------------------------------------------------
 Planting to Emergence     10  28.9  18.4  23.6  20.8  13.40  347.7    4.1    6.1   63.0    0    0    3    2    1    4  0.000  0.000  0.000  0.000  0.000  0.000
 Emergence->Stk Elongatn  325  27.2  15.9  21.5  18.2  11.87  348.5  661.3 1179.6 1453.7    0    0   91   53   21   83  0.054  0.158  0.000  0.000  0.000  0.000
   
 Emergence to Harvest     325  27.2  15.9  21.5  18.2  11.87  348.5  661.3 1179.6 1453.7    0    0   91   53   21   83  0.054  0.158  0.000  0.000  0.000  0.000
----------------------------------------------------------------------------------------------------------------------------------------------------------------


*Resource Productivity
 Growing season length: 325 days 

 Precipitation during growing season       661.3 mm[rain]
   Dry Matter Productivity                  8.57 kg[DM]/m3[rain]          =   85.7 kg[DM]/ha per mm[rain]
   Yield Productivity                       2.71 kg[grain yield]/m3[rain] =   27.1 kg[yield]/ha per mm[rain]

 Evapotranspiration during growing season 1179.6 mm[ET]
   Dry Matter Productivity                  4.80 kg[DM]/m3[ET]            =   48.0 kg[DM]/ha per mm[ET]
   Yield Productivity                       1.52 kg[grain yield]/m3[ET]   =   15.2 kg[yield]/ha per mm[ET]

 Transpiration during growing season       977.7 mm[EP]
   Dry Matter Productivity                  5.80 kg[DM]/m3[EP]            =   58.0 kg[DM]/ha per mm[EP]
   Yield Productivity                       1.83 kg[grain yield]/m3[EP]   =   18.3 kg[yield]/ha per mm[EP]

 Irrigation during growing season         1146.8 mm[irrig]
   Dry Matter Productivity                  4.94 kg[DM]/m3[irrig]         =   49.4 kg[DM]/ha per mm[irrig]
   Yield Productivity                       1.56 kg[grain yield]/m3[irrig]=   15.6 kg[yield]/ha per mm[irrig]

 N applied during growing season             85. kg[N applied]/ha
   Dry Matter Productivity                 666.7 kg[DM]/kg[N applied]
   Yield Productivity                      211.0 kg[yield]/kg[N applied]

--------------------------------------------------------------------------------------------------------------

                 Sugarcane YIELD :    17936 kg/ha    [Dry weight] 

**************************************************************************************************************
