*SIMULATION OVERVIEW FILE

*DSSAT Cropping System Model Ver. 4.8.5.000 -release  APR 28, 2026 22:33:31

*RUN   1        : 07-Ctrl"W on"             CRGRO048 UFGA0701    4
 MODEL          : CRGRO048 - Tomato
 EXPERIMENT     : UFGA0701 TM SPRING 2007,FLA 47,DRIP-IRR.
 DATA PATH      :
 TREATMENT  4   : 07-Ctrl"W on"             CRGRO048


 CROP           : Tomato           CULTIVAR : Florida 47 2010  ECOTYPE :TM0001
 STARTING DATE  : FEB 15 2007
 PLANTING DATE  : APR  7 2007      PLANTS/m2 :     1.2    ROW SPACING : 183.cm
 HARVEST DATE   : JUL  5 2007
 WEATHER        : UFGA   2007
 SOIL           : UFGA017000     TEXTURE : SA    -   Tavares
 SOIL INIT COND : DEPTH:180cm EXTR. H2O: 79.7mm  NO3:  0.0kg/ha  NH4:  0.0kg/ha
 WATER BALANCE  : IRRIGATE ON REPORTED DATE(S)
 IRRIGATION     :      516 mm IN    92 APPLICATIONS
 NITROGEN BAL.  : NOT SIMULATED ; NO N-STRESS
 N-FERTILIZER   :
 RESIDUE/MANURE :
 ENVIRONM. OPT. : DAYL=    0.00  SRAD=    0.00  TMAX=    0.00  TMIN=    0.00
                  RAIN=    0.00  CO2 =    0.00  DEW =    0.00  WIND=    0.00
 SIMULATION OPT : WATER   :Y  NITROGEN:N  N-FIX:N  PHOSPH :N  PESTS  :N
                  PHOTO   :L  ET      :R  INFIL:S  HYDROL :R  SOM    :G
                  CO2 383ppm  NSWIT   :1  EVAP :R  SOIL   :2  STEMP  :D
 MANAGEMENT OPT : PLANTING:R  IRRIG   :R  FERT :R  RESIDUE:N  HARVEST:R
                  WEATHER :M  TILLAGE :N

*SUMMARY OF SOIL AND GENETIC INPUT PARAMETERS

   SOIL LOWER UPPER   SAT  EXTR  INIT   ROOT   BULK     pH    NO3    NH4    ORG
  DEPTH LIMIT LIMIT    SW    SW    SW   DIST   DENS                          C
   cm   cm3/cm3    cm3/cm3    cm3/cm3         g/cm3         ugN/g  ugN/g     %
-------------------------------------------------------------------------------
  0-  5 0.072 0.142 0.364 0.070 0.092   1.00   1.60   4.20   1.00   0.20   1.41
  5- 15 0.072 0.142 0.364 0.070 0.075   1.00   1.60   4.20   1.00   0.20   1.41
 15- 30 0.051 0.102 0.371 0.051 0.059   0.64   1.60   4.30   1.00   0.20   0.66
 30- 45 0.044 0.091 0.373 0.047 0.058   0.47   1.60   4.30   0.70   0.14   0.44
 45- 60 0.045 0.092 0.347 0.047 0.057   0.35   1.67   4.20   0.50   0.10   0.44
 60- 90 0.038 0.078 0.350 0.040 0.087   0.22   1.67   4.20   0.35   0.10   0.18
 90-120 0.046 0.086 0.364 0.040 0.169   0.12   1.63   4.30   0.03   0.03   0.18
120-150 0.048 0.087 0.365 0.039 0.400   0.07   1.63   4.30   0.00   0.00   0.08
150-180 0.052 0.091 0.358 0.039 0.400   0.04   1.65   4.40   0.00   0.00   0.05

TOT-180   8.7  16.7  64.9   8.0  35.5  <--cm   -  kg/ha-->    0.0    0.0      0
SOIL ALBEDO    : 0.17      EVAPORATION LIMIT : 6.00         MIN. FACTOR  : 1.00
RUNOFF CURVE # :64.00      DRAINAGE RATE     : 0.40         FERT. FACTOR : 0.95

 Tomato           CULTIVAR: TM0001-Florida 47 2010    ECOTYPE: TM0001
 CSDVAR :12.33  PPSEN  : 0.00  EMG-FLW:24.40  FLW-FSD:19.00  FSD-PHM : 45.20
 WTPSD  :0.004  SDPDVR :300.0  SDFDUR :26.00  PODDUR :55.00  XFRUIT  :  0.78
 THRESH :  8.5  SDPRO  :0.300  SDLIP   : 0.050


*SIMULATED CROP AND SOIL STATUS AT MAIN DEVELOPMENT STAGES

 RUN NO.     1     07-Ctrl"W on"           

        CROP GROWTH     BIOMASS         LEAF   CROP N     STRESS      STRESS                                           
   DATE  AGE STAGE        kg/ha    LAI   NUM  kg/ha  %   H2O  Nitr Phos1 Phos2  RSTG                                   
 ------  --- ----------   -----  -----  ----  ---  ---  ----  ----  ----  ----  ----                                   
 15 FEB    0 Start Sim        0   0.00   0.0    0  0.0  0.00  0.00  0.00  0.00     0
  7 APR    0 Transplant       2   0.00   4.6    0  3.8  0.00  0.00  0.00  0.00     0
  4 MAY   27 First Flwr     123   0.22  12.1    5  3.7  0.06  0.00  0.00  0.00     1
  7 MAY   30 First Pod      197   0.35  13.2    7  3.7  0.00  0.00  0.00  0.00     2
 18 MAY   41 First Pod      814   1.27  17.2   28  3.5  0.00  0.00  0.00  0.00     3
 28 MAY   51 First Seed    1948   2.14  20.3   65  3.3  0.00  0.00  0.00  0.00     5
  4 JUN   58 End Msnode    2762   2.26  21.9   84  3.0  0.00  0.00  0.00  0.00     5
  4 JUL   88 End Leaf      6341   2.48  21.9  156  2.5  0.00  0.00  0.00  0.00     5
  5 JUL   89 Harvest       6446   2.48  21.9  158  2.5  0.00  0.00  0.00  0.00     5


*MAIN GROWTH AND DEVELOPMENT VARIABLES

@     VARIABLE                                         SIMULATED     MEASURED
      --------                                         ---------     --------
      Anthesis day (dap)                                      27          -99
      First pod day (dap)                                     41          -99
      First seed day (dap)                                    51          -99
      Physiological maturity day (dap)                       -99          -99
      Yield at harvest maturity (kg [dm]/ha)                 324          -99
      Pod/Ear/Panicle weight at maturity (kg [dm]/ha)       3918          -99
      Tops weight at anthesis (kg [dm]/ha)                   123          -99
      Tops weight at maturity (kg [dm]/ha)                  6446          -99
      By-product produced (stalk) at maturity (kg[dm]/ha    6120          -99
      Number at maturity (no/m2)                           15509          -99
      Unit wt at maturity (g [dm]/unit)                   0.0021          -99
      Number at maturity (no/unit)                        224.61          -99
      Harvest index at maturity                            0.050          -99
      Threshing % at maturity                               8.26          -99
      Leaf area index, maximum                              2.49          -99
      Leaf number per stem at maturity                     21.88          -99
      Canopy height (m)                                     0.81          -99
      Tops N at anthesis (kg/ha)                               5          -99
      Tops N at maturity (kg/ha)                             158          -99
      Stem N at maturity (kg/ha)                              24          -99
      Grain N at maturity (kg/ha)                             16          -99
      Grain N at maturity (%)                               4.81          -99
      Grain oil at maturity (%)                             5.00          -99


*ENVIRONMENTAL AND STRESS FACTORS

 |-----Development Phase------|--------------------------------------Environment--------------------------------------|-----------------Stress-----------------|
                              |---------------Average--------------|-----Cumulative-----|--------Count of days--------|          (0=Min, 1=Max Stress)         |
                         Time  Temp  Temp  Temp Solar Photop                Evapo    Pot TMIN TMIN TMAX TMAX TMAX RAIN|----Water----|---Nitrogen--|-Phosphorus-|
                         Span   Max   Min  Mean   Rad  [day]    CO2   Rain  Trans     ET   <    <    >    >    >    >   Photo         Photo         Photo
                         days     C     C     C MJ/m2     hr    ppm     mm     mm    mm   0 C  2 C 30 C 32 C 34 C  0mm  synth Growth  synth Growth  synth Growth
----------------------------------------------------------------------------------------------------------------------------------------------------------------
 First Flower-First Seed   24  28.4  13.6  21.0  20.6  13.50  383.2   67.9  116.6  116.8    0    0    3    0    0    4  0.000  0.000  0.000  0.000  0.000  0.000
 First Seed - Phys. Mat.   38  31.1  19.0  25.1  20.2  13.86  383.4   60.8  186.2  186.8    0    0   28   14    4    1  0.000  0.000  0.000  0.000  0.000  0.000
   
 Planting to Harvest       90  28.8  14.7  21.8  20.4  13.45  383.3  143.5  409.0  440.9    1    1   37   15    4   10  0.007  0.017  0.000  0.000  0.000  0.000
----------------------------------------------------------------------------------------------------------------------------------------------------------------


*Resource Productivity
 Growing season length:  90 days 

 Precipitation during growing season       143.5 mm[rain]
   Dry Matter Productivity                  4.49 kg[DM]/m3[rain]          =   44.9 kg[DM]/ha per mm[rain]
   Yield Productivity                       2.73 kg[grain yield]/m3[rain] =   27.3 kg[yield]/ha per mm[rain]

 Evapotranspiration during growing season  409.0 mm[ET]
   Dry Matter Productivity                  1.58 kg[DM]/m3[ET]            =   15.8 kg[DM]/ha per mm[ET]
   Yield Productivity                       0.96 kg[grain yield]/m3[ET]   =    9.6 kg[yield]/ha per mm[ET]

 Transpiration during growing season       171.7 mm[EP]
   Dry Matter Productivity                  3.75 kg[DM]/m3[EP]            =   37.5 kg[DM]/ha per mm[EP]
   Yield Productivity                       2.28 kg[grain yield]/m3[EP]   =   22.8 kg[yield]/ha per mm[EP]

 Irrigation during growing season          515.9 mm[irrig]
   Dry Matter Productivity                  1.25 kg[DM]/m3[irrig]         =   12.5 kg[DM]/ha per mm[irrig]
   Yield Productivity                       0.76 kg[grain yield]/m3[irrig]=    7.6 kg[yield]/ha per mm[irrig]

--------------------------------------------------------------------------------------------------------------

                    Tomato YIELD :     3918 kg/ha    [Dry weight] 

**************************************************************************************************************
