*WARNING DETAIL FILE

******************************************************************************

*DSSAT Cropping System Model Ver. 4.8.5.000 -release  APR 28, 2026 22:33:12

*RUN   1        : I1 T1 Russet Burbank      PTSUB048 WAPA9502    1
 MODEL          : PTSUB048 - Potato
 EXPERIMENT     : WAPA9502 PT PATERSON, WASHINGTON - 1995
 DATA PATH      :
 TREATMENT  1   : I1 T1 Russet Burbank      PTSUB048
  

 SOILDYN  YEAR DOY = 1995  60
 Initial soil water content > SAT.                                             
                                                                               
          FileX           Revised                                              
 Layer  Init SW      SAT  Init SW                                              
     3    0.304    0.300    0.300                                              

 TILLAGE  YEAR DOY = 1995  60
 User-specified tillage depth greater than that specified by tillage implement.
 Tillage operation date: 1995  60                                              
 TI011: Cultivator, field                                                      
 User-specified depth = 15.0 cm                                                
 Implement depth of     10.0 cm will be used.                                  

 TILLAGE  YEAR DOY = 1995  60
 User-specified tillage depth greater than that specified by tillage implement.
 Tillage operation date: 1995  95                                              
 TI033: Planter, row                                                           
 User-specified depth = 15.0 cm                                                
 Implement depth of      5.0 cm will be used.                                  

 TILLAGE  YEAR DOY = 1995  60
 User-specified tillage depth greater than that specified by tillage implement.
 Tillage operation date: 1995 121                                              
 TI013: Cultivator, ridge till                                                 
 User-specified depth = 15.0 cm                                                
 Implement depth of      3.0 cm will be used.                                  

 TILLAGE  YEAR DOY = 1995  60
 User-specified tillage depth greater than that specified by tillage implement.
 Tillage operation date: 1995 122                                              
 TI026: Drill, deep furrow                                                     
 User-specified depth = 15.0 cm                                                
 Implement depth of     10.0 cm will be used.                                  
