*SIMULATION OVERVIEW FILE

*DSSAT Cropping System Model Ver. 4.8.5.000 -release  APR 28, 2026 22:33:33

*RUN   1        : Veracruz black low dens   CRGRO048 CISR9704    1
 MODEL          : CRGRO048 - Velvet bean
 EXPERIMENT     : CISR9704 VB 1997 CIMMYT OF SANTA ROSA (+3-4)
 DATA PATH      :
 TREATMENT  1   : Veracruz black low dens   CRGRO048


 CROP           : Velvet bean      CULTIVAR : Veracruz Black   ECOTYPE :VB0001
 STARTING DATE  : JUN 13 1997
 PLANTING DATE  : JUN 29 1997      PLANTS/m2 :     2.0    ROW SPACING :  80.cm
 WEATHER        : CISR   1997
 SOIL           : CI00970002     TEXTURE : CLLO  -   SUELO COLORADA
 SOIL INIT COND : DEPTH:130cm EXTR. H2O:167.6mm  NO3: 14.2kg/ha  NH4: 10.5kg/ha
 WATER BALANCE  : RAINFED
 IRRIGATION     : NOT IRRIGATED
 NITROGEN BAL.  : SOIL-N, N-UPTAKE & DYNAMIC N-FIXATION SIMULATION
 N-FERTILIZER   : NO N-FERTILIZER APPLIED
 RESIDUE/MANURE : INITIAL :     0 kg/ha ;       0 kg/ha IN     0 APPLICATIONS
 ENVIRONM. OPT. : DAYL= A  0.00  SRAD= A  0.00  TMAX= A  3.00  TMIN= S  4.00
                  RAIN= A  0.00  CO2 = A   0.0  DEW =A  0.00  WIND=A  0.00
 SIMULATION OPT : WATER   :Y  NITROGEN:Y  N-FIX:Y  PHOSPH :N  PESTS  :N
                  PHOTO   :L  ET      :R  INFIL:S  HYDROL :R  SOM    :G
                  CO2 363ppm  NSWIT   :1  EVAP :R  SOIL   :2  STEMP  :D
 MANAGEMENT OPT : PLANTING:R  IRRIG   :N  FERT :N  RESIDUE:N  HARVEST:M
                  WEATHER :M  TILLAGE :N

*SUMMARY OF SOIL AND GENETIC INPUT PARAMETERS

   SOIL LOWER UPPER   SAT  EXTR  INIT   ROOT   BULK     pH    NO3    NH4    ORG
  DEPTH LIMIT LIMIT    SW    SW    SW   DIST   DENS                          C
   cm   cm3/cm3    cm3/cm3    cm3/cm3         g/cm3         ugN/g  ugN/g     %
-------------------------------------------------------------------------------
  0-  5 0.185 0.315 0.406 0.130 0.281   0.75   1.38   5.40   1.90   1.00   2.00
  5- 15 0.185 0.315 0.406 0.130 0.281   0.75   1.38   5.40   1.90   1.00   2.00
 15- 20 0.185 0.315 0.406 0.130 0.281   0.75   1.38   5.40   1.90   1.00   2.00
 20- 28 0.200 0.325 0.406 0.125 0.255   0.50   1.38   5.60   1.50   0.50   1.60
 28- 37 0.200 0.325 0.406 0.125 0.255   0.50   1.38   5.60   1.50   0.50   1.60
 37- 49 0.238 0.365 0.395 0.127 0.293   0.15   1.42   5.50   0.60   0.50   0.70
 49- 61 0.238 0.365 0.395 0.127 0.293   0.15   1.42   5.50   0.60   0.50   0.70
 61- 74 0.238 0.365 0.395 0.127 0.293   0.15   1.42   5.50   0.60   0.50   0.70
 74- 86 0.238 0.365 0.395 0.127 0.293   0.15   1.42   5.50   0.60   0.50   0.70
 86-108 0.182 0.314 0.399 0.132 0.298   0.00   1.41   4.80   0.20   0.50   0.22
108-130 0.182 0.314 0.399 0.132 0.298   0.00   1.41   4.80   0.20   0.50   0.22

TOT-130  26.8  43.5  51.9  16.8  37.4  <--cm   -  kg/ha-->   14.2   10.5 155091
SOIL ALBEDO    : 0.14      EVAPORATION LIMIT :10.70         MIN. FACTOR  : 1.00
RUNOFF CURVE # :80.00      DRAINAGE RATE     : 0.80         FERT. FACTOR : 1.00

 Velvet bean      CULTIVAR: CI0004-Veracruz Black     ECOTYPE: VB0001
 CSDVAR :12.00  PPSEN  : 0.66  EMG-FLW:57.92  FLW-FSD:15.00  FSD-PHM : 55.49
 WTPSD  :1.100  SDPDVR : 4.50  SDFDUR :22.00  PODDUR :20.00  XFRUIT  :  1.00
 THRESH : 70.0  SDPRO  :0.265  SDLIP   : 0.043


*SIMULATED CROP AND SOIL STATUS AT MAIN DEVELOPMENT STAGES

 RUN NO.     1     Veracruz black low dens 

        CROP GROWTH     BIOMASS         LEAF   CROP N     STRESS      STRESS                                           
   DATE  AGE STAGE        kg/ha    LAI   NUM  kg/ha  %   H2O  Nitr Phos1 Phos2  RSTG                                   
 ------  --- ----------   -----  -----  ----  ---  ---  ----  ----  ----  ----  ----                                   
 13 JUN    0 Start Sim        0   0.00   0.0    0  0.0  0.00  0.00  0.00  0.00     0
 29 JUN    0 Sowing           0   0.00   0.0    0  0.0  0.00  0.00  0.00  0.00     0
  4 JUL    5 Emergence       11   0.04   0.1    1  4.8  0.00  0.00  0.00  0.00     0
  4 JUL    5 End Juven.      11   0.04   0.1    1  4.8  0.00  0.00  0.00  0.00     0
  9 JUL   10 Unifoliate      15   0.04   1.2    1  4.4  0.00  0.00  0.00  0.00     0
 22 JUL   23 Flower Ind      38   0.06   5.2    1  3.9  0.00  0.00  0.00  0.00     0
 19 OCT  112 First Flwr    3588   4.32  24.5  121  3.4  0.00  0.00  0.00  0.00     1
 28 OCT  121 First Pod     4080   3.86  26.3  135  3.3  0.00  0.00  0.00  0.00     3
 10 NOV  134 First Seed    4983   2.99  28.8  154  3.1  0.01  0.00  0.00  0.00     5
 10 NOV  134 End Leaf      4983   2.99  28.8  154  3.1  0.00  0.00  0.00  0.00     5
  3 DEC  157 End Pod       6534   1.91  31.5  169  2.6  0.04  0.00  0.00  0.00     5
 13 JAN  198 Phys. Mat     7631   1.31  32.8  187  2.5  0.44  0.00  0.00  0.00     7
  3 FEB  219 Harv. Mat     7012   0.14  33.8  169  2.4  0.43  0.00  0.00  0.00     8
  3 FEB  219 Harvest       7012   0.14  33.8  169  2.4  0.00  0.00  0.00  0.00     8


*MAIN GROWTH AND DEVELOPMENT VARIABLES

@     VARIABLE                                         SIMULATED     MEASURED
      --------                                         ---------     --------
      Emergence day (dap)                                      5          -99
      Anthesis day (dap)                                     112          117
      First pod day (dap)                                    121          124
      First seed day (dap)                                   134          -99
      Physiological maturity day (dap)                       198          220
      Harvest maturity day (dap)                             219          -99
      Yield at harvest maturity (kg [dm]/ha)                2818          -99
      Pod/Ear/Panicle weight at maturity (kg [dm]/ha)       4010          -99
      Tops weight at anthesis (kg [dm]/ha)                  3588          -99
      Tops weight at maturity (kg [dm]/ha)                  7012          -99
      By-product produced (stalk) at maturity (kg[dm]/ha    4190          -99
      Number at maturity (no/m2)                             281          -99
      Unit wt at maturity (g [dm]/unit)                   1.0026          .62
      Number at maturity (no/unit)                          4.50         4.16
      Harvest index at maturity                            0.402          -99
      Threshing % at maturity                              70.26        65.21
      Leaf area index, maximum                              4.36          -99
      Leaf number per stem at maturity                     33.79          -99
      Canopy height (m)                                     1.16          -99
      Tops N at anthesis (kg/ha)                             121          -99
      Tops N at maturity (kg/ha)                             169          -99
      Stem N at maturity (kg/ha)                              32          -99
      Grain N at maturity (kg/ha)                            116          -99
      Grain N at maturity (%)                               4.12          -99
      Grain oil at maturity (%)                             4.19          -99


*ENVIRONMENTAL AND STRESS FACTORS

 |-----Development Phase------|--------------------------------------Environment--------------------------------------|-----------------Stress-----------------|
                              |---------------Average--------------|-----Cumulative-----|--------Count of days--------|          (0=Min, 1=Max Stress)         |
                         Time  Temp  Temp  Temp Solar Photop                Evapo    Pot TMIN TMIN TMAX TMAX TMAX RAIN|----Water----|---Nitrogen--|-Phosphorus-|
                         Span   Max   Min  Mean   Rad  [day]    CO2   Rain  Trans     ET   <    <    >    >    >    >   Photo         Photo         Photo
                         days     C     C     C MJ/m2     hr    ppm     mm     mm    mm   0 C  2 C 30 C 32 C 34 C  0mm  synth Growth  synth Growth  synth Growth
----------------------------------------------------------------------------------------------------------------------------------------------------------------
 Emergence -First Flower  107  30.9  18.0  24.5  11.3  12.38  363.9  353.7  271.2  304.2    0    0   75   25    2   69  0.000  0.002  0.000  0.000  0.000  0.000
 First Flower-First Seed   22  29.4  16.4  22.9  14.9  11.33  364.3   19.6   72.6   74.7    0    0    4    4    4    4  0.000  0.005  0.000  0.000  0.000  0.000
 First Seed - Phys. Mat.   64  29.6  16.0  22.8  13.5  10.97  364.7  126.1  130.1  190.6    0    0   27   16    6   11  0.212  0.296  0.000  0.000  0.000  0.000
 Emergence  - Phys. Mat.  193  30.3  17.2  23.7  12.5  11.80  364.2  499.4  473.9  569.6    0    0  106   45   12   84  0.070  0.100  0.000  0.000  0.000  0.000
   
 Planting to Harvest      220  30.0  16.8  23.4  12.3  11.77  364.3  559.6  511.4  634.5    0    0  113   50   15   92  0.087  0.128  0.000  0.000  0.000  0.000
----------------------------------------------------------------------------------------------------------------------------------------------------------------


*Resource Productivity
 Growing season length: 220 days 

 Precipitation during growing season       559.6 mm[rain]
   Dry Matter Productivity                  1.25 kg[DM]/m3[rain]          =   12.5 kg[DM]/ha per mm[rain]
   Yield Productivity                       0.50 kg[grain yield]/m3[rain] =    5.0 kg[yield]/ha per mm[rain]

 Evapotranspiration during growing season  511.4 mm[ET]
   Dry Matter Productivity                  1.37 kg[DM]/m3[ET]            =   13.7 kg[DM]/ha per mm[ET]
   Yield Productivity                       0.55 kg[grain yield]/m3[ET]   =    5.5 kg[yield]/ha per mm[ET]

 Transpiration during growing season       305.6 mm[EP]
   Dry Matter Productivity                  2.29 kg[DM]/m3[EP]            =   22.9 kg[DM]/ha per mm[EP]
   Yield Productivity                       0.92 kg[grain yield]/m3[EP]   =    9.2 kg[yield]/ha per mm[EP]

 N uptake during growing season              113 kg[N uptake]/ha
   Dry Matter Productivity                  62.0 kg[DM]/kg[N uptake]
   Yield Productivity                       24.9 kg[yield]/kg[N uptake]

--------------------------------------------------------------------------------------------------------------

               Velvet bean YIELD :     2818 kg/ha    [Dry weight] 

**************************************************************************************************************
