*SIMULATION OVERVIEW FILE

*DSSAT Cropping System Model Ver. 4.8.5.000 -release  APR 28, 2026 22:33:16

*RUN   1        : 85 EVANS, IRR, MORRIS, MN CRGRO048 CLMO8501    1
 MODEL          : CRGRO048 - Soybean
 EXPERIMENT     : CLMO8501 SB EVANS, IRRIGATED AND NON-IRRIGATED
 DATA PATH      :
 TREATMENT  1   : 85 EVANS, IRR, MORRIS, MN CRGRO048


 CROP           : Soybean          CULTIVAR : EVANS (0)        ECOTYPE :SB0001
 STARTING DATE  : MAY 20 1985
 PLANTING DATE  : MAY 20 1985      PLANTS/m2 :    25.3    ROW SPACING :  74.cm
 WEATHER        : CLMO   1985
 SOIL           : IBSB910032     TEXTURE : -99   -   Sioux Loam
 SOIL INIT COND : DEPTH:182cm EXTR. H2O:267.0mm  NO3:  0.0kg/ha  NH4:  0.0kg/ha
 WATER BALANCE  : IRRIGATE ON REPORTED DATE(S)
 IRRIGATION     :      267 mm IN     6 APPLICATIONS
 NITROGEN BAL.  : SOIL-N, N-UPTAKE & DYNAMIC N-FIXATION SIMULATION
 N-FERTILIZER   :        0 kg/ha IN     0 APPLICATIONS
 RESIDUE/MANURE : INITIAL :     0 kg/ha ;       0 kg/ha IN     0 APPLICATIONS
 ENVIRONM. OPT. : DAYL=    0.00  SRAD=    0.00  TMAX=    0.00  TMIN=    0.00
                  RAIN=    0.00  CO2 =    0.00  DEW =    0.00  WIND=    0.00
 SIMULATION OPT : WATER   :Y  NITROGEN:Y  N-FIX:Y  PHOSPH :N  PESTS  :N
                  PHOTO   :L  ET      :R  INFIL:S  HYDROL :R  SOM    :G
                  CO2 346ppm  NSWIT   :1  EVAP :R  SOIL   :2  STEMP  :D
 MANAGEMENT OPT : PLANTING:R  IRRIG   :R  FERT :R  RESIDUE:R  HARVEST:M
                  WEATHER :M  TILLAGE :Y

*SUMMARY OF SOIL AND GENETIC INPUT PARAMETERS

   SOIL LOWER UPPER   SAT  EXTR  INIT   ROOT   BULK     pH    NO3    NH4    ORG
  DEPTH LIMIT LIMIT    SW    SW    SW   DIST   DENS                          C
   cm   cm3/cm3    cm3/cm3    cm3/cm3         g/cm3         ugN/g  ugN/g     %
-------------------------------------------------------------------------------
  0-  5 0.265 0.467 0.653 0.202 0.467   1.00   1.20   7.00   0.00   0.00 -99.00
  5- 15 0.269 0.449 0.595 0.180 0.449   1.00   1.20   7.00   0.00   0.00 -99.00
 15- 19 0.270 0.444 0.580 0.174 0.444   1.00   1.20   7.00   0.00   0.00 -99.00
 19- 32 0.270 0.444 0.580 0.174 0.444   1.00   1.20   7.00   0.00   0.00 -99.00
 32- 47 0.270 0.444 0.580 0.174 0.444   0.50   1.20   7.00   0.00   0.00 -99.00
 47- 62 0.270 0.444 0.580 0.174 0.444   0.50   1.20   7.00   0.00   0.00 -99.00
 62- 92 0.202 0.333 0.435 0.131 0.333   0.25   1.20   7.00   0.00   0.00 -99.00
 92-122 0.202 0.333 0.435 0.131 0.333   0.10   1.20   7.00   0.00   0.00 -99.00
122-152 0.202 0.333 0.435 0.131 0.333   0.00   1.20   7.00   0.00   0.00 -99.00
152-182 0.202 0.333 0.435 0.131 0.333   0.00   1.20   7.00   0.00   0.00 -99.00

TOT-182  40.9  67.6  88.7  26.7  67.6  <--cm   -  kg/ha-->    0.0    0.0      0
SOIL ALBEDO    : 0.11      EVAPORATION LIMIT : 9.00         MIN. FACTOR  : 1.00
RUNOFF CURVE # :77.00      DRAINAGE RATE     : 0.50         FERT. FACTOR : 1.00

 Soybean          CULTIVAR: IB0011-EVANS (0)          ECOTYPE: SB0001
 CSDVAR :14.10  PPSEN  : 0.17  EMG-FLW:16.80  FLW-FSD:13.80  FSD-PHM : 30.00
 WTPSD  :0.180  SDPDVR : 2.20  SDFDUR :24.00  PODDUR :11.50  XFRUIT  :  1.00
 THRESH : 77.0  SDPRO  :0.405  SDLIP   : 0.205


*SIMULATED CROP AND SOIL STATUS AT MAIN DEVELOPMENT STAGES

 RUN NO.     1     85 EVANS, IRR, MORRIS, M

        CROP GROWTH     BIOMASS         LEAF   CROP N     STRESS      STRESS                                           
   DATE  AGE STAGE        kg/ha    LAI   NUM  kg/ha  %   H2O  Nitr Phos1 Phos2  RSTG                                   
 ------  --- ----------   -----  -----  ----  ---  ---  ----  ----  ----  ----  ----                                   
 20 MAY    0 Start Sim        0   0.00   0.0    0  0.0  0.00  0.00  0.00  0.00     0
 20 MAY    0 Sowing           0   0.00   0.0    0  0.0  0.00  0.00  0.00  0.00     0
 30 MAY   10 Emergence       13   0.02   0.1    1  5.1  0.00  0.00  0.00  0.00     0
 30 MAY   10 End Juven.      13   0.02   0.1    1  5.1  0.00  0.00  0.00  0.00     0
 13 JUN   24 Unifoliate      27   0.04   1.1    1  4.8  0.00  0.39  0.00  0.00     0
 14 JUN   25 Flower Ind      31   0.05   1.3    1  4.7  0.00  0.02  0.00  0.00     0
 11 JUL   52 First Flwr     616   0.99   6.6   24  3.9  0.00  0.00  0.00  0.00     1
 25 JUL   66 First Pod     1793   2.36   9.4   66  3.7  0.00  0.00  0.00  0.00     3
  4 AUG   76 First Seed    3093   2.97  11.4  104  3.4  0.00  0.00  0.00  0.00     5
 17 AUG   89 End Pod       4508   2.80  13.6  146  3.2  0.00  0.00  0.00  0.00     5
 25 AUG   97 End Msnode    4984   2.56  14.3  163  3.3  0.00  0.00  0.00  0.00     5
 25 AUG   97 End Leaf      4984   2.56  14.3  163  3.3  0.00  0.00  0.00  0.00     5
 11 SEP  114 Phys. Mat     5809   2.08  14.3  199  3.4  0.00  0.01  0.00  0.00     7
 23 SEP  126 Harv. Mat     4567   0.14  14.3  175  3.8  0.00  0.01  0.00  0.00     8
 23 SEP  126 Harvest       4567   0.14  14.3  175  3.8  0.00  0.00  0.00  0.00     8


*MAIN GROWTH AND DEVELOPMENT VARIABLES

@     VARIABLE                                         SIMULATED     MEASURED
      --------                                         ---------     --------
      Emergence day (dap)                                     10          -99
      Anthesis day (dap)                                      52           48
      First pod day (dap)                                     66           68
      First seed day (dap)                                    76           77
      Physiological maturity day (dap)                       114          126
      Harvest maturity day (dap)                             126          -99
      Yield at harvest maturity (kg [dm]/ha)                2495        2271.
      Pod/Ear/Panicle weight at maturity (kg [dm]/ha)       3548         3172
      Tops weight at anthesis (kg [dm]/ha)                   616          -99
      Tops weight at maturity (kg [dm]/ha)                  4567         4811
      By-product produced (stalk) at maturity (kg[dm]/ha    2070          -99
      Number at maturity (no/m2)                            1610          -99
      Unit wt at maturity (g [dm]/unit)                   0.1550          -99
      Number at maturity (no/unit)                          2.20          -99
      Harvest index at maturity                            0.546        0.472
      Threshing % at maturity                              70.32        71.60
      Leaf area index, maximum                              3.02         4.88
      Leaf number per stem at maturity                     14.28         13.9
      Canopy height (m)                                     0.74          -99
      Tops N at anthesis (kg/ha)                              24          -99
      Tops N at maturity (kg/ha)                             175          -99
      Stem N at maturity (kg/ha)                               7          -99
      Grain N at maturity (kg/ha)                            151          -99
      Grain N at maturity (%)                               6.07          -99
      Grain oil at maturity (%)                            18.00          -99


*ENVIRONMENTAL AND STRESS FACTORS

 |-----Development Phase------|--------------------------------------Environment--------------------------------------|-----------------Stress-----------------|
                              |---------------Average--------------|-----Cumulative-----|--------Count of days--------|          (0=Min, 1=Max Stress)         |
                         Time  Temp  Temp  Temp Solar Photop                Evapo    Pot TMIN TMIN TMAX TMAX TMAX RAIN|----Water----|---Nitrogen--|-Phosphorus-|
                         Span   Max   Min  Mean   Rad  [day]    CO2   Rain  Trans     ET   <    <    >    >    >    >   Photo         Photo         Photo
                         days     C     C     C MJ/m2     hr    ppm     mm     mm    mm   0 C  2 C 30 C 32 C 34 C  0mm  synth Growth  synth Growth  synth Growth
----------------------------------------------------------------------------------------------------------------------------------------------------------------
 Emergence -First Flower   42  24.6  11.8  18.2  23.3  15.41  345.8   79.4  127.3  235.4    0    0    8    3    1    9  0.000  0.000  0.000  0.130  0.000  0.000
 First Flower-First Seed   24  26.1  14.0  20.0  21.3  14.88  345.9   60.3  110.8  113.8    0    0    1    0    0    7  0.000  0.000  0.000  0.000  0.000  0.000
 First Seed - Phys. Mat.   38  23.0  12.4  17.7  14.8  13.50  346.0  180.5  115.6  116.8    0    0    1    0    0   17  0.000  0.000  0.000  0.003  0.000  0.000
 Emergence  - Phys. Mat.  104  24.4  12.5  18.4  19.8  14.59  345.9  320.2  353.7  466.0    0    0   10    3    1   33  0.000  0.000  0.000  0.054  0.000  0.000
   
 Planting to Harvest      127  23.9  12.1  18.0  19.1  14.40  345.9  411.6  405.9  547.3    0    1   10    3    1   45  0.000  0.000  0.000  0.045  0.000  0.000
----------------------------------------------------------------------------------------------------------------------------------------------------------------


*Resource Productivity
 Growing season length: 127 days 

 Precipitation during growing season       411.6 mm[rain]
   Dry Matter Productivity                  1.11 kg[DM]/m3[rain]          =   11.1 kg[DM]/ha per mm[rain]
   Yield Productivity                       0.61 kg[grain yield]/m3[rain] =    6.1 kg[yield]/ha per mm[rain]

 Evapotranspiration during growing season  405.9 mm[ET]
   Dry Matter Productivity                  1.13 kg[DM]/m3[ET]            =   11.3 kg[DM]/ha per mm[ET]
   Yield Productivity                       0.61 kg[grain yield]/m3[ET]   =    6.1 kg[yield]/ha per mm[ET]

 Transpiration during growing season       190.6 mm[EP]
   Dry Matter Productivity                  2.40 kg[DM]/m3[EP]            =   24.0 kg[DM]/ha per mm[EP]
   Yield Productivity                       1.31 kg[grain yield]/m3[EP]   =   13.1 kg[yield]/ha per mm[EP]

 Irrigation during growing season          267.0 mm[irrig]
   Dry Matter Productivity                  1.71 kg[DM]/m3[irrig]         =   17.1 kg[DM]/ha per mm[irrig]
   Yield Productivity                       0.93 kg[grain yield]/m3[irrig]=    9.3 kg[yield]/ha per mm[irrig]

 N uptake during growing season               44 kg[N uptake]/ha
   Dry Matter Productivity                 103.8 kg[DM]/kg[N uptake]
   Yield Productivity                       56.7 kg[yield]/kg[N uptake]

--------------------------------------------------------------------------------------------------------------

                   Soybean YIELD :     2495 kg/ha    [Dry weight] 

**************************************************************************************************************
