*WARNING DETAIL FILE

******************************************************************************

*DSSAT Cropping System Model Ver. 4.8.5.000 -release  APR 28, 2026 22:33:15

*RUN   1        : 85 EVANS, IRR, MORRIS, MN CRGRO048 CLMO8501    1
 MODEL          : CRGRO048 - Soybean
 EXPERIMENT     : CLMO8501 SB EVANS, IRRIGATED AND NON-IRRIGATED
 DATA PATH      :
 TREATMENT  1   : 85 EVANS, IRR, MORRIS, MN CRGRO048
  

 IPSOIL  YEAR DOY =    0   0
 Saturated hydraulic conductivity equal to zero for one or more soil layers.   
 Data will be treated as missing.                                              

 SOILDYN  YEAR DOY = 1985 140
 Organic C data in one or more soil layers are zero or missing.                
 A minimum value of OC in this layer  will be estimated using soil texture.    
       Depth  Clay  Silt    OC                                                 
 Layer  (cm)   (%)   (%)   (%)                                                 
     1     5  30.0  30.0  0.97 (estimated)                                     
     2    15  30.0  30.0  0.97 (estimated)                                     
     3    19  30.0  30.0  0.97 (estimated)                                     
     4    32  30.0  30.0  0.97 (estimated)                                     
     5    47  30.0  30.0  0.97 (estimated)                                     
     6    62  30.0  30.0  0.97 (estimated)                                     
     7    92  30.0  30.0  0.97 (estimated)                                     
     8   122  30.0  30.0  0.97 (estimated)                                     
     9   152  30.0  30.0  0.97 (estimated)                                     
    10   182  30.0  30.0  0.97 (estimated)                                     

 IPWTH   YEAR DOY = 1985 140
 Value of TAV, average annual soil temperature, is missing.                    
 A default value of 20.0°C is being used for this simulation,                 
 which may produce inaccurate results.                                         

 IPWTH   YEAR DOY = 1985 140
 Value of TAMP, amplitude of soil temperature function, is missing.            
 A default value of  5.0°C is being used for this simulation,                 
 which may produce inaccurate results.                                         
