*SIMULATION OVERVIEW FILE

*DSSAT Cropping System Model Ver. 4.8.5.000 -release  APR 28, 2026 22:33:18

*RUN   1        : 95, 1ST SOW, LAB RAINFED  CRGRO048 LUGO9502    1
 MODEL          : CRGRO048 - Soybean
 EXPERIMENT     : LUGO9502 SB SOJA, MAJOR, LABRADOR RAINFED 95
 DATA PATH      :
 TREATMENT  1   : 95, 1ST SOW, LAB RAINFED  CRGRO048


 CROP           : Soybean          CULTIVAR : LABR.  00        ECOTYPE :SB0100
 STARTING DATE  : MAY 31 1995
 PLANTING DATE  : MAY 31 1995      PLANTS/m2 :    50.4    ROW SPACING :  40.cm
 WEATHER        : LUGO   1995
 SOIL           : LUGO930001     TEXTURE : LO    -   FINCA DE PRACTICAS EPS
 SOIL INIT COND : DEPTH:150cm EXTR. H2O:221.3mm  NO3:  0.0kg/ha  NH4:  0.0kg/ha
 WATER BALANCE  : RAINFED
 IRRIGATION     : NOT IRRIGATED
 NITROGEN BAL.  : SOIL-N, N-UPTAKE & DYNAMIC N-FIXATION SIMULATION
 N-FERTILIZER   : NO N-FERTILIZER APPLIED
 RESIDUE/MANURE : INITIAL :     0 kg/ha ;       0 kg/ha IN     0 APPLICATIONS
 ENVIRONM. OPT. : DAYL=    0.00  SRAD=    0.00  TMAX=    0.00  TMIN=    0.00
                  RAIN=    0.00  CO2 =    0.00  DEW =    0.00  WIND=    0.00
 SIMULATION OPT : WATER   :Y  NITROGEN:Y  N-FIX:Y  PHOSPH :N  PESTS  :N
                  PHOTO   :L  ET      :R  INFIL:S  HYDROL :R  SOM    :G
                  CO2 361ppm  NSWIT   :1  EVAP :R  SOIL   :2  STEMP  :D
 MANAGEMENT OPT : PLANTING:R  IRRIG   :N  FERT :N  RESIDUE:N  HARVEST:M
                  WEATHER :M  TILLAGE :Y

*SUMMARY OF SOIL AND GENETIC INPUT PARAMETERS

   SOIL LOWER UPPER   SAT  EXTR  INIT   ROOT   BULK     pH    NO3    NH4    ORG
  DEPTH LIMIT LIMIT    SW    SW    SW   DIST   DENS                          C
   cm   cm3/cm3    cm3/cm3    cm3/cm3         g/cm3         ugN/g  ugN/g     %
-------------------------------------------------------------------------------
  0-  5 0.121 0.265 0.348 0.144 0.265   1.00   0.95   6.50   0.00   0.00   2.83
  5- 15 0.121 0.265 0.348 0.144 0.265   1.00   0.95   6.50   0.00   0.00   2.83
 15- 30 0.125 0.274 0.350 0.149 0.274   0.75   1.12   6.40   0.00   0.00   2.34
 30- 40 0.111 0.260 0.354 0.149 0.260   0.50   1.26   6.00   0.00   0.00   0.56
 40- 50 0.111 0.260 0.354 0.149 0.260   0.50   1.26   6.00   0.00   0.00   0.56
 50- 65 0.101 0.252 0.344 0.151 0.252   0.35   1.31   5.20   0.00   0.00   0.48
 65- 93 0.085 0.232 0.321 0.147 0.232   0.20   1.35   4.90   0.00   0.00   0.41
 93-122 0.085 0.232 0.321 0.147 0.232   0.20   1.35   4.90   0.00   0.00   0.41
122-150 0.085 0.232 0.321 0.147 0.232   0.20   1.35   4.90   0.00   0.00   0.41

TOT-150  14.7  36.8  50.0  22.1  36.8  <--cm   -  kg/ha-->    0.0    0.0 150231
SOIL ALBEDO    : 0.14      EVAPORATION LIMIT : 9.70         MIN. FACTOR  : 1.00
RUNOFF CURVE # :80.00      DRAINAGE RATE     : 0.60         FERT. FACTOR : 1.00

 Soybean          CULTIVAR: LU0004-LABR.  00          ECOTYPE: SB0100
 CSDVAR :14.00  PPSEN  : 0.15  EMG-FLW:16.60  FLW-FSD:13.20  FSD-PHM : 36.80
 WTPSD  :0.153  SDPDVR : 2.03  SDFDUR :25.00  PODDUR :11.20  XFRUIT  :  1.00
 THRESH : 77.0  SDPRO  :0.405  SDLIP   : 0.205


*SIMULATED CROP AND SOIL STATUS AT MAIN DEVELOPMENT STAGES

 RUN NO.     1     95, 1ST SOW, LAB RAINFED

        CROP GROWTH     BIOMASS         LEAF   CROP N     STRESS      STRESS                                           
   DATE  AGE STAGE        kg/ha    LAI   NUM  kg/ha  %   H2O  Nitr Phos1 Phos2  RSTG                                   
 ------  --- ----------   -----  -----  ----  ---  ---  ----  ----  ----  ----  ----                                   
 31 MAY    0 Start Sim        0   0.00   0.0    0  0.0  0.00  0.00  0.00  0.00     0
 31 MAY    0 Sowing           0   0.00   0.0    0  0.0  0.00  0.00  0.00  0.00     0
 10 JUN   10 Emergence       21   0.04   0.0    1  5.1  0.00  0.00  0.00  0.00     0
 10 JUN   10 End Juven.      21   0.04   0.0    1  5.1  0.00  0.00  0.00  0.00     0
 23 JUN   23 Unifoliate      66   0.11   1.1    3  4.7  0.00  0.19  0.00  0.00     0
 23 JUN   23 Flower Ind      66   0.11   1.1    3  4.7  0.00  0.00  0.00  0.00     0
 17 JUL   47 First Flwr     848   1.52   5.6   31  3.7  0.00  0.00  0.00  0.00     1
 28 JUL   58 First Pod     2114   3.27   8.0   79  3.7  0.00  0.00  0.00  0.00     3
  8 AUG   69 First Seed    3688   4.30   9.9  123  3.3  0.01  0.00  0.00  0.00     5
 21 AUG   82 End Pod       4592   3.39  11.4  141  3.1  0.39  0.00  0.00  0.00     5
  9 SEP  101 End Msnode    4285   1.85  11.5  131  3.1  0.59  0.00  0.00  0.00     5
 13 SEP  105 Phys. Mat     4351   1.81  11.5  133  3.1  0.00  0.01  0.00  0.00     7
 25 SEP  117 Harv. Mat     3378   0.12  11.5  118  3.5  0.00  0.02  0.00  0.00     8
 25 SEP  117 Harvest       3378   0.12  11.5  118  3.5  0.00  0.00  0.00  0.00     8


*MAIN GROWTH AND DEVELOPMENT VARIABLES

@     VARIABLE                                         SIMULATED     MEASURED
      --------                                         ---------     --------
      Emergence day (dap)                                     10          -99
      Anthesis day (dap)                                      47           46
      First pod day (dap)                                     58           56
      First seed day (dap)                                    69           69
      Physiological maturity day (dap)                       105           99
      Harvest maturity day (dap)                             117          -99
      Yield at harvest maturity (kg [dm]/ha)                1764        2125.
      Pod/Ear/Panicle weight at maturity (kg [dm]/ha)       2520        3188.
      Tops weight at anthesis (kg [dm]/ha)                   848         970.
      Tops weight at maturity (kg [dm]/ha)                  3378        4520.
      By-product produced (stalk) at maturity (kg[dm]/ha    1610        2395.
      Number at maturity (no/m2)                            1824        2002.
      Unit wt at maturity (g [dm]/unit)                   0.0967        .1070
      Number at maturity (no/unit)                          2.03         2.06
      Harvest index at maturity                            0.522         .470
      Threshing % at maturity                              70.02        66.67
      Leaf area index, maximum                              4.35         2.13
      Leaf number per stem at maturity                     11.49           12
      Canopy height (m)                                     0.55          -99
      Tops N at anthesis (kg/ha)                              31          -99
      Tops N at maturity (kg/ha)                             118          -99
      Stem N at maturity (kg/ha)                               5          -99
      Grain N at maturity (kg/ha)                            103          -99
      Grain N at maturity (%)                               5.82          -99
      Grain oil at maturity (%)                            19.00          -99


*ENVIRONMENTAL AND STRESS FACTORS

 |-----Development Phase------|--------------------------------------Environment--------------------------------------|-----------------Stress-----------------|
                              |---------------Average--------------|-----Cumulative-----|--------Count of days--------|          (0=Min, 1=Max Stress)         |
                         Time  Temp  Temp  Temp Solar Photop                Evapo    Pot TMIN TMIN TMAX TMAX TMAX RAIN|----Water----|---Nitrogen--|-Phosphorus-|
                         Span   Max   Min  Mean   Rad  [day]    CO2   Rain  Trans     ET   <    <    >    >    >    >   Photo         Photo         Photo
                         days     C     C     C MJ/m2     hr    ppm     mm     mm    mm   0 C  2 C 30 C 32 C 34 C  0mm  synth Growth  synth Growth  synth Growth
----------------------------------------------------------------------------------------------------------------------------------------------------------------
 Emergence -First Flower   37  23.7  12.9  18.3  19.7  15.09  360.7   68.3   80.1  166.3    0    0    1    0    0   16  0.000  0.000  0.000  0.067  0.000  0.000
 First Flower-First Seed   22  26.8  13.9  20.3  19.5  14.46  360.9   18.9   86.2   97.2    0    0    6    6    3    7  0.000  0.004  0.000  0.000  0.000  0.000
 First Seed - Phys. Mat.   36  24.7  12.9  18.8  18.4  13.23  361.0   70.1   76.7  141.1    0    0    3    2    1   10  0.343  0.452  0.000  0.002  0.000  0.000
 Emergence  - Phys. Mat.   95  24.8  13.2  19.0  19.2  14.24  360.8  157.3  243.1  404.6    0    0   10    8    4   33  0.130  0.172  0.000  0.027  0.000  0.000
   
 Planting to Harvest      118  23.3  12.5  17.9  19.1  14.09  360.8  230.9  275.9  489.6    0    0   10    8    4   42  0.105  0.139  0.000  0.024  0.000  0.000
----------------------------------------------------------------------------------------------------------------------------------------------------------------


*Resource Productivity
 Growing season length: 118 days 

 Precipitation during growing season       230.9 mm[rain]
   Dry Matter Productivity                  1.46 kg[DM]/m3[rain]          =   14.6 kg[DM]/ha per mm[rain]
   Yield Productivity                       0.76 kg[grain yield]/m3[rain] =    7.6 kg[yield]/ha per mm[rain]

 Evapotranspiration during growing season  275.9 mm[ET]
   Dry Matter Productivity                  1.22 kg[DM]/m3[ET]            =   12.2 kg[DM]/ha per mm[ET]
   Yield Productivity                       0.64 kg[grain yield]/m3[ET]   =    6.4 kg[yield]/ha per mm[ET]

 Transpiration during growing season       179.8 mm[EP]
   Dry Matter Productivity                  1.88 kg[DM]/m3[EP]            =   18.8 kg[DM]/ha per mm[EP]
   Yield Productivity                       0.98 kg[grain yield]/m3[EP]   =    9.8 kg[yield]/ha per mm[EP]

 N uptake during growing season               22 kg[N uptake]/ha
   Dry Matter Productivity                 153.5 kg[DM]/kg[N uptake]
   Yield Productivity                       80.2 kg[yield]/kg[N uptake]

--------------------------------------------------------------------------------------------------------------

                   Soybean YIELD :     1764 kg/ha    [Dry weight] 

**************************************************************************************************************
