*SIMULATION OVERVIEW FILE

*DSSAT Cropping System Model Ver. 4.8.5.000 -release  APR 28, 2026 22:32:53

*RUN   1        : ICTA-OSTUA                CRGRO048 IGQU8903    1
 MODEL          : CRGRO048 - Dry bean
 EXPERIMENT     : IGQU8903 BN ICTA-OSTUA,RABIA DE GATO,TURBO-III;1989
 DATA PATH      :
 TREATMENT  1   : ICTA-OSTUA                CRGRO048


 CROP           : Dry bean         CULTIVAR : ICTA-Ostua       ECOTYPE :MESIND
 STARTING DATE  : JUN  6 1989
 PLANTING DATE  : JUN  6 1989      PLANTS/m2 :    21.7    ROW SPACING :  40.cm
 WEATHER        : IGQU   1989
 SOIL           : IBBN910038     TEXTURE : -99   -   San_Fernando,Quezada
 SOIL INIT COND : DEPTH:150cm EXTR. H2O:167.0mm  NO3:  0.0kg/ha  NH4:  0.0kg/ha
 WATER BALANCE  : IRRIGATE ON REPORTED DATE(S)
 IRRIGATION     :        0 mm IN     0 APPLICATIONS
 NITROGEN BAL.  : NOT SIMULATED ; NO N-STRESS
 N-FERTILIZER   :
 RESIDUE/MANURE :
 ENVIRONM. OPT. : DAYL=    0.00  SRAD=    0.00  TMAX=    0.00  TMIN=    0.00
                  RAIN=    0.00  CO2 =    0.00  DEW =    0.00  WIND=    0.00
 SIMULATION OPT : WATER   :Y  NITROGEN:N  N-FIX:Y  PHOSPH :N  PESTS  :N
                  PHOTO   :L  ET      :R  INFIL:S  HYDROL :R  SOM    :G
                  CO2 353ppm  NSWIT   :1  EVAP :R  SOIL   :2  STEMP  :D
 MANAGEMENT OPT : PLANTING:R  IRRIG   :R  FERT :R  RESIDUE:R  HARVEST:M
                  WEATHER :M  TILLAGE :Y

*SUMMARY OF SOIL AND GENETIC INPUT PARAMETERS

   SOIL LOWER UPPER   SAT  EXTR  INIT   ROOT   BULK     pH    NO3    NH4    ORG
  DEPTH LIMIT LIMIT    SW    SW    SW   DIST   DENS                          C
   cm   cm3/cm3    cm3/cm3    cm3/cm3         g/cm3         ugN/g  ugN/g     %
-------------------------------------------------------------------------------
  0-  5 0.191 0.299 0.369 0.108 0.091   1.00   1.27   7.00   0.00   0.00   2.25
  5- 15 0.191 0.299 0.369 0.108 0.091   1.00   1.27   7.00   0.00   0.00   2.25
 15- 30 0.160 0.273 0.352 0.113 0.121   0.75   1.11   6.70   0.00   0.00   0.87
 30- 45 0.160 0.273 0.352 0.113 0.121   0.75   1.11   6.70   0.00   0.00   0.87
 45- 58 0.244 0.361 0.376 0.117 0.128   0.50   1.30   6.70   0.00   0.00   1.20
 58- 72 0.244 0.361 0.376 0.117 0.128   0.50   1.30   6.70   0.00   0.00   1.20
 72- 95 0.170 0.285 0.355 0.115 0.136   0.35   1.13   6.90   0.00   0.00   0.67
 95-120 0.095 0.207 0.332 0.112 0.136   0.20   1.02   7.00   0.00   0.00   0.36
120-150 0.163 0.266 0.363 0.103 0.266   0.15   1.28   7.10   0.00   0.00   0.60

TOT-150  25.4  42.1  53.6  16.7  23.0  <--cm   -  kg/ha-->    0.0    0.0      0
SOIL ALBEDO    : 0.13      EVAPORATION LIMIT :11.30         MIN. FACTOR  : 1.00
RUNOFF CURVE # :80.00      DRAINAGE RATE     : 0.40         FERT. FACTOR : 0.80

 Dry bean         CULTIVAR: IB0006-ICTA-Ostua         ECOTYPE: MESIND
 CSDVAR :12.17  PPSEN  : 0.00  EMG-FLW:26.50  FLW-FSD: 8.50  FSD-PHM : 18.50
 WTPSD  :0.200  SDPDVR : 5.40  SDFDUR :19.00  PODDUR :14.00  XFRUIT  :  1.00
 THRESH : 78.0  SDPRO  :0.235  SDLIP   : 0.030


*SIMULATED CROP AND SOIL STATUS AT MAIN DEVELOPMENT STAGES

 RUN NO.     1     ICTA-OSTUA              

        CROP GROWTH     BIOMASS         LEAF   CROP N     STRESS      STRESS                                           
   DATE  AGE STAGE        kg/ha    LAI   NUM  kg/ha  %   H2O  Nitr Phos1 Phos2  RSTG                                   
 ------  --- ----------   -----  -----  ----  ---  ---  ----  ----  ----  ----  ----                                   
  6 JUN    0 Start Sim        0   0.00   0.0    0  0.0  0.00  0.00  0.00  0.00     0
  6 JUN    0 Sowing           0   0.00   0.0    0  0.0  0.00  0.00  0.00  0.00     0
 12 JUN    6 Emergence       15   0.03   0.0    1  3.5  0.00  0.00  0.00  0.00     0
 12 JUN    6 End Juven.      15   0.03   0.0    1  3.5  0.00  0.00  0.00  0.00     0
 16 JUN   10 Unifoliate      23   0.05   1.1    1  3.2  0.03  0.24  0.00  0.00     0
 17 JUN   11 Flower Ind      25   0.06   1.3    1  3.2  0.00  0.08  0.00  0.00     0
 12 JUL   36 First Flwr     622   1.45   7.6   20  3.2  0.09  0.00  0.00  0.00     1
 16 JUL   40 First Pod      928   1.82   8.7   29  3.2  0.04  0.00  0.00  0.00     3
 21 JUL   45 First Seed    1432   2.17  10.0   43  3.0  0.01  0.00  0.00  0.00     5
 24 JUL   48 End Msnode    1712   2.16  10.7   50  2.9  0.21  0.00  0.00  0.00     5
  1 AUG   56 End Leaf      2467   1.86  10.7   71  2.9  0.00  0.00  0.00  0.00     5
  2 AUG   57 End Pod       2563   1.82  10.7   73  2.9  0.00  0.00  0.00  0.00     5
 12 AUG   67 Phys. Mat     3486   1.42  10.7   97  2.8  0.09  0.00  0.00  0.00     7
 21 AUG   76 Harv. Mat     3173   0.10  10.7   91  2.9  0.00  0.00  0.00  0.00     8
 21 AUG   76 Harvest       3173   0.10  10.7   91  2.9  0.00  0.00  0.00  0.00     8


*MAIN GROWTH AND DEVELOPMENT VARIABLES

@     VARIABLE                                         SIMULATED     MEASURED
      --------                                         ---------     --------
      Emergence day (dap)                                      6          -99
      Anthesis day (dap)                                      36           36
      First pod day (dap)                                     40           40
      First seed day (dap)                                    45           46
      Physiological maturity day (dap)                        67           67
      Harvest maturity day (dap)                              76          -99
      Yield at harvest maturity (kg [dm]/ha)                1994         1722
      Pod/Ear/Panicle weight at maturity (kg [dm]/ha)       2654         2313
      Tops weight at anthesis (kg [dm]/ha)                   622          -99
      Tops weight at maturity (kg [dm]/ha)                  3173         3241
      By-product produced (stalk) at maturity (kg[dm]/ha    1180          735
      Number at maturity (no/m2)                            1196         1140
      Unit wt at maturity (g [dm]/unit)                   0.1667        0.151
      Number at maturity (no/unit)                          5.40         4.97
      Harvest index at maturity                            0.628        0.531
      Threshing % at maturity                              75.15        74.45
      Leaf area index, maximum                              2.18         3.40
      Leaf number per stem at maturity                     10.70          -99
      Canopy height (m)                                     0.81          -99
      Tops N at anthesis (kg/ha)                              20          -99
      Tops N at maturity (kg/ha)                              91          -99
      Stem N at maturity (kg/ha)                               5          -99
      Grain N at maturity (kg/ha)                             74          -99
      Grain N at maturity (%)                               3.70          -99
      Grain oil at maturity (%)                             2.92          -99


*ENVIRONMENTAL AND STRESS FACTORS

 |-----Development Phase------|--------------------------------------Environment--------------------------------------|-----------------Stress-----------------|
                              |---------------Average--------------|-----Cumulative-----|--------Count of days--------|          (0=Min, 1=Max Stress)         |
                         Time  Temp  Temp  Temp Solar Photop                Evapo    Pot TMIN TMIN TMAX TMAX TMAX RAIN|----Water----|---Nitrogen--|-Phosphorus-|
                         Span   Max   Min  Mean   Rad  [day]    CO2   Rain  Trans     ET   <    <    >    >    >    >   Photo         Photo         Photo
                         days     C     C     C MJ/m2     hr    ppm     mm     mm    mm   0 C  2 C 30 C 32 C 34 C  0mm  synth Growth  synth Growth  synth Growth
----------------------------------------------------------------------------------------------------------------------------------------------------------------
 Emergence -First Flower   30  28.1  17.6  22.9  19.7  12.83  352.7  206.1  106.1  148.7    0    0    0    0    0   18  0.007  0.075  0.000  0.036  0.000  0.000
 First Flower-First Seed    9  29.8  18.4  24.1  22.8  12.76  352.8    8.2   42.7   49.1    0    0    2    0    0    3  0.000  0.025  0.000  0.000  0.000  0.000
 First Seed - Phys. Mat.   22  28.6  17.1  22.8  22.2  12.62  352.8  136.6  107.4  113.5    0    0    1    0    0   11  0.006  0.070  0.000  0.000  0.000  0.000
 Emergence  - Phys. Mat.   61  28.6  17.5  23.0  21.0  12.74  352.7  350.9  256.2  311.3    0    0    3    0    0   32  0.006  0.066  0.000  0.018  0.000  0.000
   
 Planting to Harvest       77  28.6  17.5  23.0  21.1  12.72  352.7  496.5  304.6  394.7    0    0    3    0    0   46  0.004  0.052  0.000  0.014  0.000  0.000
----------------------------------------------------------------------------------------------------------------------------------------------------------------


*Resource Productivity
 Growing season length:  77 days 

 Precipitation during growing season       496.5 mm[rain]
   Dry Matter Productivity                  0.64 kg[DM]/m3[rain]          =    6.4 kg[DM]/ha per mm[rain]
   Yield Productivity                       0.40 kg[grain yield]/m3[rain] =    4.0 kg[yield]/ha per mm[rain]

 Evapotranspiration during growing season  304.6 mm[ET]
   Dry Matter Productivity                  1.04 kg[DM]/m3[ET]            =   10.4 kg[DM]/ha per mm[ET]
   Yield Productivity                       0.65 kg[grain yield]/m3[ET]   =    6.5 kg[yield]/ha per mm[ET]

 Transpiration during growing season       139.8 mm[EP]
   Dry Matter Productivity                  2.27 kg[DM]/m3[EP]            =   22.7 kg[DM]/ha per mm[EP]
   Yield Productivity                       1.43 kg[grain yield]/m3[EP]   =   14.3 kg[yield]/ha per mm[EP]

--------------------------------------------------------------------------------------------------------------

                  Dry bean YIELD :     1994 kg/ha    [Dry weight] 

**************************************************************************************************************
