*WARNING DETAIL FILE

******************************************************************************

*DSSAT Cropping System Model Ver. 4.8.5.000 -release  APR 28, 2026 22:32:53

*RUN   1        : ICTA-OSTUA                CRGRO048 IGQU8903    1
 MODEL          : CRGRO048 - Dry bean
 EXPERIMENT     : IGQU8903 BN ICTA-OSTUA,RABIA DE GATO,TURBO-III;1989
 DATA PATH      :
 TREATMENT  1   : ICTA-OSTUA                CRGRO048
  

 IPSOIL  YEAR DOY =    0   0
 Saturated hydraulic conductivity equal to zero for one or more soil layers.   
 Data will be treated as missing.                                              

 SOILDYN  YEAR DOY = 1989 157
 Initial soil water content < LL.                                              
                                                                               
          FileX              SW @  Revised                                     
 Layer  Init SW       LL   AirDry  Init SW                                     
     2    0.091    0.191             0.191                                     
     3    0.121    0.160             0.160                                     
     4    0.121    0.160             0.160                                     
     5    0.128    0.244             0.244                                     
     6    0.128    0.244             0.244                                     
     7    0.136    0.170             0.170                                     

 SOILDYN  YEAR DOY = 1989 157
 Soil photosynthesis factor (SLPF) = 0.80                                      

 IPWTH   YEAR DOY = 1989 157
 Value of TAV, average annual soil temperature, is missing.                    
 A default value of 20.0°C is being used for this simulation,                 
 which may produce inaccurate results.                                         

 IPWTH   YEAR DOY = 1989 157
 Value of TAMP, amplitude of soil temperature function, is missing.            
 A default value of  5.0°C is being used for this simulation,                 
 which may produce inaccurate results.                                         
