*SIMULATION OVERVIEW FILE

*DSSAT Cropping System Model Ver. 4.8.5.000 -release  APR 28, 2026 22:33:20

*RUN   1        : C1 Altona                 CRGRO048 UCEA7701    1
 MODEL          : CRGRO048 - Soybean
 EXPERIMENT     : UCEA7701 SB 3 CULTIVARS, MUST HAVE W AND N "OFF"
 DATA PATH      :
 TREATMENT  1   : C1 Altona                 CRGRO048


 CROP           : Soybean          CULTIVAR : ALTONA (00)      ECOTYPE :SB0001
 STARTING DATE  : MAY 20 1977
 PLANTING DATE  : MAY 20 1977      PLANTS/m2 :    40.0    ROW SPACING :  18.cm
 WEATHER        : UCEA   1977
 SOIL           : UCEA880001     TEXTURE : SICY  - LONDON;GLEYED ORTHIC MELA
 WATER BALANCE  : NOT SIMULATED ; NO H2O-STRESS
 IRRIGATION     :
 NITROGEN BAL.  : NOT SIMULATED ; NO N-STRESS
 N-FERTILIZER   :
 RESIDUE/MANURE :
 ENVIRONM. OPT. : DAYL=    0.00  SRAD=    0.00  TMAX=    0.00  TMIN=    0.00
                  RAIN=    0.00  CO2 =    0.00  DEW =    0.00  WIND=    0.00
 SIMULATION OPT : WATER   :N  NITROGEN:N  N-FIX:N  PHOSPH :N  PESTS  :N
                  PHOTO   :L  ET      :R  INFIL:S  HYDROL :R  SOM    :G
                  CO2 334ppm  NSWIT   :1  EVAP :R  SOIL   :2  STEMP  :D
 MANAGEMENT OPT : PLANTING:R  IRRIG   :R  FERT :R  RESIDUE:R  HARVEST:M
                  WEATHER :M  TILLAGE :Y

*SUMMARY OF SOIL AND GENETIC INPUT PARAMETERS

 Soybean          CULTIVAR: UC0001-ALTONA (00)        ECOTYPE: SB0001
 CSDVAR :14.30  PPSEN  : 0.16  EMG-FLW:17.00  FLW-FSD:13.40  FSD-PHM : 32.50
 WTPSD  :0.190  SDPDVR : 2.20  SDFDUR :19.00  PODDUR :11.50  XFRUIT  :  1.00
 THRESH : 77.0  SDPRO  :0.405  SDLIP   : 0.205


*SIMULATED CROP AND SOIL STATUS AT MAIN DEVELOPMENT STAGES

 RUN NO.     1     C1 Altona               

        CROP GROWTH     BIOMASS         LEAF   CROP N     STRESS      STRESS                                           
   DATE  AGE STAGE        kg/ha    LAI   NUM  kg/ha  %   H2O  Nitr Phos1 Phos2  RSTG                                   
 ------  --- ----------   -----  -----  ----  ---  ---  ----  ----  ----  ----  ----                                   
 20 MAY    0 Start Sim        0   0.00   0.0    0  0.0  0.00  0.00  0.00  0.00     0
 20 MAY    0 Sowing           0   0.00   0.0    0  0.0  0.00  0.00  0.00  0.00     0
 28 MAY    8 Emergence       21   0.03   0.1    1  5.1  0.00  0.00  0.00  0.00     0
 28 MAY    8 End Juven.      21   0.03   0.1    1  5.1  0.00  0.00  0.00  0.00     0
 14 JUN   25 Unifoliate      51   0.08   1.1    2  4.8  0.00  0.34  0.00  0.00     0
 15 JUN   26 Flower Ind      59   0.10   1.3    3  4.8  0.00  0.00  0.00  0.00     0
  9 JUL   50 First Flwr     753   1.32   5.8   31  4.1  0.00  0.00  0.00  0.00     1
 20 JUL   61 First Pod     1938   2.86   8.3   74  3.8  0.00  0.00  0.00  0.00     3
 31 JUL   72 First Seed    3375   3.48  10.2  121  3.6  0.00  0.00  0.00  0.00     5
 14 AUG   86 End Pod       4915   3.19  12.5  172  3.5  0.00  0.00  0.00  0.00     5
 22 AUG   94 End Msnode    5211   2.85  12.9  184  3.5  0.00  0.00  0.00  0.00     5
 22 AUG   94 End Leaf      5211   2.85  12.9  184  3.5  0.00  0.00  0.00  0.00     5
 10 SEP  113 Phys. Mat     6284   2.21  12.9  241  3.8  0.00  0.00  0.00  0.00     7
 22 SEP  125 Harv. Mat     4965   0.15  12.9  218  4.4  0.00  0.00  0.00  0.00     8
 22 SEP  125 Harvest       4965   0.15  12.9  218  4.4  0.00  0.00  0.00  0.00     8


*MAIN GROWTH AND DEVELOPMENT VARIABLES

@     VARIABLE                                         SIMULATED     MEASURED
      --------                                         ---------     --------
      Emergence day (dap)                                      8          -99
      Anthesis day (dap)                                      50           56
      First pod day (dap)                                     61          -99
      First seed day (dap)                                    72          -99
      Physiological maturity day (dap)                       113          115
      Harvest maturity day (dap)                             125          -99
      Yield at harvest maturity (kg [dm]/ha)                2987         2890
      Pod/Ear/Panicle weight at maturity (kg [dm]/ha)       3987          -99
      Tops weight at anthesis (kg [dm]/ha)                   753          -99
      Tops weight at maturity (kg [dm]/ha)                  4965         6350
      By-product produced (stalk) at maturity (kg[dm]/ha    1980          -99
      Number at maturity (no/m2)                            1487          -99
      Unit wt at maturity (g [dm]/unit)                   0.2009          -99
      Number at maturity (no/unit)                          2.20          -99
      Harvest index at maturity                            0.602         .455
      Threshing % at maturity                              74.92          -99
      Leaf area index, maximum                              3.53         4.68
      Leaf number per stem at maturity                     12.91          -99
      Canopy height (m)                                     0.68          -99
      Tops N at anthesis (kg/ha)                              31          -99
      Tops N at maturity (kg/ha)                             218          -99
      Stem N at maturity (kg/ha)                               7          -99
      Grain N at maturity (kg/ha)                            197          -99
      Grain N at maturity (%)                               6.60          -99
      Grain oil at maturity (%)                            15.90          -99


*ENVIRONMENTAL AND STRESS FACTORS

 |-----Development Phase------|--------------------------------------Environment--------------------------------------|-----------------Stress-----------------|
                              |---------------Average--------------|-----Cumulative-----|--------Count of days--------|          (0=Min, 1=Max Stress)         |
                         Time  Temp  Temp  Temp Solar Photop                Evapo    Pot TMIN TMIN TMAX TMAX TMAX RAIN|----Water----|---Nitrogen--|-Phosphorus-|
                         Span   Max   Min  Mean   Rad  [day]    CO2   Rain  Trans     ET   <    <    >    >    >    >   Photo         Photo         Photo
                         days     C     C     C MJ/m2     hr    ppm     mm     mm    mm   0 C  2 C 30 C 32 C 34 C  0mm  synth Growth  synth Growth  synth Growth
----------------------------------------------------------------------------------------------------------------------------------------------------------------
 Emergence -First Flower   42  22.7  11.0  16.8  22.4  15.14  333.8  132.9    0.0    0.0    0    0    1    0    0   13  0.000  0.000  0.000  0.137  0.000  0.000
 First Flower-First Seed   22  26.0  13.7  19.8  21.7  14.76  334.0   22.9    0.0    0.0    0    0    3    2    0    5  0.000  0.000  0.000  0.000  0.000  0.000
 First Seed - Phys. Mat.   41  22.6  11.6  17.1  16.6  13.50  334.1  126.4    0.0    0.0    0    1    0    0    0   19  0.000  0.000  0.000  0.000  0.000  0.000
 Emergence  - Phys. Mat.  105  23.3  11.8  17.6  20.0  14.42  333.9  282.2    0.0    0.0    0    1    4    2    0   37  0.000  0.000  0.000  0.055  0.000  0.000
   
 Planting to Harvest      126  23.1  11.6  17.4  19.2  14.24  333.9  378.4    0.0    0.0    0    1    5    2    0   48  0.000  0.000  0.000  0.046  0.000  0.000
----------------------------------------------------------------------------------------------------------------------------------------------------------------

--------------------------------------------------------------------------------------------------------------

                   Soybean YIELD :     2987 kg/ha    [Dry weight] 

**************************************************************************************************************
