*SIMULATION OVERVIEW FILE

*DSSAT Cropping System Model Ver. 4.8.5.000 -release  APR 28, 2026 22:32:44

*RUN   1        : 80 Treatment 1            CRGRO048 CCCA8001    1
 MODEL          : CRGRO048 - Brachiaria
 EXPERIMENT     : CCCA8001 BR BRACHIARIA ON CARIMAGUA
 DATA PATH      :
 TREATMENT  1   : 80 Treatment 1            CRGRO048


 CROP           : Brachiaria       CULTIVAR : Brachiaria 4     ECOTYPE :BR0001
 STARTING DATE  : APR 29 1980
 PLANTING DATE  : MAY  7 1980      PLANTS/m2 :   100.0    ROW SPACING :  10.cm
 HARVEST DATE   : MAY  8 1982
 WEATHER        : CCCA   1980
 SOIL           : CCCA800001     TEXTURE : CL    -   ULTISOL CARIMAGUA-CIAT
 SOIL INIT COND : DEPTH:120cm EXTR. H2O:190.5mm  NO3: 46.7kg/ha  NH4:  8.8kg/ha
 WATER BALANCE  : IRRIGATE ON REPORTED DATE(S)
 IRRIGATION     :        0 mm IN     0 APPLICATIONS
 NITROGEN BAL.  : SOIL-N & N-UPTAKE SIMULATION; NO N-FIXATION
 N-FERTILIZER   :      100 kg/ha IN     2 APPLICATIONS
 RESIDUE/MANURE : INITIAL :     0 kg/ha ;       0 kg/ha IN     0 APPLICATIONS
 ENVIRONM. OPT. : DAYL=    0.00  SRAD=    0.00  TMAX=    0.00  TMIN=    0.00
                  RAIN=    0.00  CO2 =    0.00  DEW =    0.00  WIND=    0.00
 SIMULATION OPT : WATER   :Y  NITROGEN:Y  N-FIX:N  PHOSPH :N  PESTS  :Y
                  PHOTO   :C  ET      :R  INFIL:S  HYDROL :R  SOM    :P
                  CO2 338ppm  NSWIT   :1  EVAP :R  SOIL   :2  STEMP  :D
 MANAGEMENT OPT : PLANTING:R  IRRIG   :R  FERT :R  RESIDUE:N  HARVEST:R
                  WEATHER :M  TILLAGE :N

*SUMMARY OF SOIL AND GENETIC INPUT PARAMETERS

   SOIL LOWER UPPER   SAT  EXTR  INIT   ROOT   BULK     pH    NO3    NH4    ORG
  DEPTH LIMIT LIMIT    SW    SW    SW   DIST   DENS                          C
   cm   cm3/cm3    cm3/cm3    cm3/cm3         g/cm3         ugN/g  ugN/g     %
-------------------------------------------------------------------------------
  0-  5 0.190 0.350 0.430 0.160 0.350   0.95   1.30   4.10   6.10   0.50   1.60
  5- 15 0.240 0.400 0.430 0.160 0.350   0.82   1.42   4.10   5.50   0.50   1.38
 15- 20 0.240 0.400 0.430 0.160 0.350   0.70   1.43   4.10   5.00   0.50   1.18
 20- 25 0.240 0.400 0.430 0.160 0.360   0.63   1.43   4.00   4.60   0.50   1.06
 25- 30 0.240 0.390 0.430 0.150 0.360   0.58   1.45   4.00   4.20   0.50   0.98
 30- 35 0.240 0.390 0.430 0.150 0.360   0.52   1.46   4.00   3.80   0.50   0.88
 35- 40 0.240 0.390 0.430 0.150 0.360   0.47   1.46   4.00   3.40   0.50   0.80
 40- 55 0.230 0.390 0.430 0.160 0.360   0.33   1.48   4.00   1.90   0.50   0.56
 55- 70 0.230 0.390 0.430 0.160 0.360   0.33   1.48   4.00   1.90   0.50   0.56
 70- 95 0.230 0.390 0.430 0.160 0.360   0.15   1.50   4.00   1.50   0.50   0.25
 95-120 0.230 0.390 0.430 0.160 0.360   0.15   1.50   4.00   1.50   0.50   0.25

TOT-120  27.8  46.8  51.6  19.0  43.0  <--cm   -  kg/ha-->   46.7    8.8 109064
SOIL ALBEDO    : 0.13      EVAPORATION LIMIT :11.50         MIN. FACTOR  : 1.00
RUNOFF CURVE # :75.00      DRAINAGE RATE     : 0.65         FERT. FACTOR : 1.00

 Brachiaria       CULTIVAR: CC0004-Brachiaria 4       ECOTYPE: BR0001
 CSDVAR :12.00  PPSEN  : 0.20  EMG-FLW:99.00  FLW-FSD:18.00  FSD-PHM : 33.00
 WTPSD  :0.002  SDPDVR :  2.0  SDFDUR :18.00  PODDUR :20.00  XFRUIT  :  0.01
 THRESH : 78.0  SDPRO  :0.398  SDLIP   : 0.500


*SIMULATED CROP AND SOIL STATUS AT MAIN DEVELOPMENT STAGES

 RUN NO.     1     80 Treatment 1          

        CROP GROWTH     BIOMASS         LEAF   CROP N     STRESS      STRESS                                           
   DATE  AGE STAGE        kg/ha    LAI   NUM  kg/ha  %   H2O  Nitr Phos1 Phos2  RSTG                                   
 ------  --- ----------   -----  -----  ----  ---  ---  ----  ----  ----  ----  ----                                   
 29 APR    0 Start Sim        0   0.00   0.0    0  0.0  0.00  0.00  0.00  0.00     0
  7 MAY    0 Sowing           0   0.00   0.0    0  0.0  0.00  0.00  0.00  0.00     0
 11 MAY    4 Emergence        1   0.00   0.1    0  2.2  0.00  0.00  0.00  0.00     0
 18 MAY   11 First Leaf       2   0.00   1.0    0  2.2  0.18  0.00  0.00  0.00     0
  8 MAY  731 Harvest       6438   4.34  16.1   61  1.0  0.26  0.04  0.00  0.00     0


*MAIN GROWTH AND DEVELOPMENT VARIABLES

@     VARIABLE                                         SIMULATED     MEASURED
      --------                                         ---------     --------
      Emergence day (dap)                                      4          -99
      Anthesis day (dap)                                     -99          -99
      Physiological maturity day (dap)                       -99          -99
      Yield at harvest maturity (kg [dm]/ha)                   0          -99
      Pod/Ear/Panicle weight at maturity (kg [dm]/ha)          0          -99
      Tops weight at anthesis (kg [dm]/ha)                     0          -99
      Tops weight at maturity (kg [dm]/ha)                  6438          -99
      By-product produced (stalk) at maturity (kg[dm]/ha    6440          -99
      Number at maturity (no/m2)                               0          -99
      Unit wt at maturity (g [dm]/unit)                   0.0000          -99
      Number at maturity (no/unit)                          0.00          -99
      Harvest index at maturity                            0.000          -99
      Threshing % at maturity                               0.00          -99
      Leaf area index, maximum                              8.06          -99
      Leaf number per stem at maturity                     16.10          -99
      Canopy height (m)                                     0.56          -99
      Tops N at anthesis (kg/ha)                               0          -99
      Tops N at maturity (kg/ha)                              61          -99
      Stem N at maturity (kg/ha)                              23          -99
      Grain N at maturity (kg/ha)                              0          -99
      Grain N at maturity (%)                               0.00          -99
      Grain oil at maturity (%)                             0.00          -99


*ENVIRONMENTAL AND STRESS FACTORS

 |-----Development Phase------|--------------------------------------Environment--------------------------------------|-----------------Stress-----------------|
                              |---------------Average--------------|-----Cumulative-----|--------Count of days--------|          (0=Min, 1=Max Stress)         |
                         Time  Temp  Temp  Temp Solar Photop                Evapo    Pot TMIN TMIN TMAX TMAX TMAX RAIN|----Water----|---Nitrogen--|-Phosphorus-|
                         Span   Max   Min  Mean   Rad  [day]    CO2   Rain  Trans     ET   <    <    >    >    >    >   Photo         Photo         Photo
                         days     C     C     C MJ/m2     hr    ppm     mm     mm    mm   0 C  2 C 30 C 32 C 34 C  0mm  synth Growth  synth Growth  synth Growth
----------------------------------------------------------------------------------------------------------------------------------------------------------------
 Emergence  - Phys. Mat.  727  30.9  21.9  26.4  18.8  12.00  339.7   4380   2369   3360    0    0  452  242   91  297  0.246  0.264  0.602  0.040  0.000  0.000
   
 Planting to Harvest      732  30.9  21.9  26.4  18.8  12.00  339.7   4425   2390   3390    0    0  455  244   92  300  0.245  0.262  0.598  0.040  0.000  0.000
----------------------------------------------------------------------------------------------------------------------------------------------------------------


*Resource Productivity
 Growing season length: 732 days 

 Precipitation during growing season      4425.0 mm[rain]
   Dry Matter Productivity                  0.15 kg[DM]/m3[rain]          =    1.5 kg[DM]/ha per mm[rain]
   Yield Productivity                       0.00 kg[grain yield]/m3[rain] =    0.0 kg[yield]/ha per mm[rain]

 Evapotranspiration during growing season 2390.4 mm[ET]
   Dry Matter Productivity                  0.27 kg[DM]/m3[ET]            =    2.7 kg[DM]/ha per mm[ET]
   Yield Productivity                       0.00 kg[grain yield]/m3[ET]   =    0.0 kg[yield]/ha per mm[ET]

 Transpiration during growing season      1939.8 mm[EP]
   Dry Matter Productivity                  0.33 kg[DM]/m3[EP]            =    3.3 kg[DM]/ha per mm[EP]
   Yield Productivity                       0.00 kg[grain yield]/m3[EP]   =    0.0 kg[yield]/ha per mm[EP]

 N applied during growing season            100. kg[N applied]/ha
   Dry Matter Productivity                  64.4 kg[DM]/kg[N applied]
   Yield Productivity                        0.0 kg[yield]/kg[N applied]

 N uptake during growing season              362 kg[N uptake]/ha
   Dry Matter Productivity                  17.8 kg[DM]/kg[N uptake]
   Yield Productivity                        0.0 kg[yield]/kg[N uptake]

--------------------------------------------------------------------------------------------------------------

                Brachiaria YIELD :        0 kg/ha    [Dry weight] 

**************************************************************************************************************
