*SIMULATION OVERVIEW FILE

*DSSAT Cropping System Model Ver. 4.8.5.000 -release  APR 28, 2026 22:33:29

*RUN   1        : 100% N                    SWCER048 UFCI0501    1
 MODEL          : SWCER048 - Sweet corn
 EXPERIMENT     : UFCI0501 SW 2005 MICROWEX 4
 DATA PATH      :
 TREATMENT  1   : 100% N                    SWCER048


 CROP           : Sweet corn       CULTIVAR : BSS0977 sh2      ECOTYPE :IB0001
 STARTING DATE  : JAN  1 2005
 PLANTING DATE  : MAR 12 2005      PLANTS/m2 :     8.1    ROW SPACING :  76.cm
 HARVEST DATE   : JUN  2 2005
 WEATHER        : UFCI   2005
 SOIL           : IBMZ910214     TEXTURE : S     -   Millhopper Fine Sand
 SOIL INIT COND : DEPTH:180cm EXTR. H2O: 99.9mm  NO3:  4.2kg/ha  NH4:  3.0kg/ha
 WATER BALANCE  : IRRIGATE ON REPORTED DATE(S)
 IRRIGATION     :      162 mm IN    15 APPLICATIONS
 NITROGEN BAL.  : SOIL-N & N-UPTAKE SIMULATION; NO N-FIXATION
 N-FERTILIZER   :      295 kg/ha IN    11 APPLICATIONS
 RESIDUE/MANURE : INITIAL :     0 kg/ha ;       0 kg/ha IN     0 APPLICATIONS
 ENVIRONM. OPT. : DAYL=    0.00  SRAD=    0.00  TMAX=    0.00  TMIN=    0.00
                  RAIN=    0.00  CO2 =    0.00  DEW =    0.00  WIND=    0.00
 SIMULATION OPT : WATER   :Y  NITROGEN:Y  N-FIX:N  PHOSPH :N  PESTS  :N
                  PHOTO   :R  ET      :R  INFIL:S  HYDROL :R  SOM    :G
                  CO2 378ppm  NSWIT   :1  EVAP :R  SOIL   :2  STEMP  :D
 MANAGEMENT OPT : PLANTING:R  IRRIG   :R  FERT :R  RESIDUE:R  HARVEST:R
                  WEATHER :M  TILLAGE :Y

*SUMMARY OF SOIL AND GENETIC INPUT PARAMETERS

   SOIL LOWER UPPER   SAT  EXTR  INIT   ROOT   BULK     pH    NO3    NH4    ORG
  DEPTH LIMIT LIMIT    SW    SW    SW   DIST   DENS                          C
   cm   cm3/cm3    cm3/cm3    cm3/cm3         g/cm3         ugN/g  ugN/g     %
-------------------------------------------------------------------------------
  0-  5 0.026 0.096 0.345 0.070 0.210   1.00   1.66   7.00   0.30   0.10   0.67
  5- 15 0.025 0.105 0.345 0.080 0.210   1.00   1.66   7.00   0.30   0.10   0.67
 15- 30 0.075 0.120 0.345 0.045 0.210   0.70   1.66   7.00   0.30   0.10   0.17
 30- 45 0.025 0.086 0.345 0.061 0.210   0.30   1.66   7.00   0.20   0.10   0.17
 45- 60 0.025 0.072 0.345 0.047 0.210   0.30   1.66   7.00   0.10   0.10   0.17
 60- 90 0.028 0.072 0.345 0.044 0.210   0.10   1.66   7.00   0.10   0.10   0.17
 90-120 0.028 0.080 0.345 0.052 0.210   0.10   1.66   7.00   0.10   0.10   0.18
120-150 0.029 0.090 0.345 0.061 0.210   0.05   1.66   7.00   0.10   0.10   0.15
150-180 0.029 0.090 0.345 0.061 0.210   0.05   1.66   7.00   0.10   0.10   0.10

TOT-180   5.7  15.7  62.1  10.0  37.8  <--cm   -  kg/ha-->    4.2    3.0  59262
SOIL ALBEDO    : 0.18      EVAPORATION LIMIT : 2.00         MIN. FACTOR  : 1.00
RUNOFF CURVE # :60.00      DRAINAGE RATE     : 0.65         FERT. FACTOR : 0.92

 Sweet corn       CULTIVAR: SW0003-BSS0977 sh2        ECOTYPE: IB0001


*SIMULATED CROP AND SOIL STATUS AT MAIN DEVELOPMENT STAGES

 RUN NO.     1     100% N                  

        CROP GROWTH     BIOMASS         LEAF   CROP N     STRESS      STRESS                                           
   DATE  AGE STAGE        kg/ha    LAI   NUM  kg/ha  %   H2O  Nitr Phos1 Phos2  RSTG                                   
 ------  --- ----------   -----  -----  ----  ---  ---  ----  ----  ----  ----  ----                                   
  1 JAN    0 Start Sim        0   0.00   0.0    0  0.0  0.00  0.00  0.00  0.00     7
 12 MAR    0 Sowing           0   0.00   0.0    0  0.0  0.00  0.00  0.00  0.00     8
 13 MAR    1 Germinate        0   0.00   0.0    0  0.0  0.00  0.00  0.00  0.00     9
 22 MAR   10 Emergence       32   0.00   2.0    1  4.4  0.00  0.00  0.00  0.00     1
  4 APR   23 End Juveni      64   0.14   5.8    2  3.6  0.00  0.00  0.00  0.00     2
  9 APR   28 Floral Ini     130   0.28   7.1    5  3.7  0.00  0.00  0.00  0.00     3
 21 MAY   70 75% Silkin    5800   2.72  15.4  110  1.9  0.00  0.00  0.00  0.00     4
 31 MAY   80 Beg Gr Fil    8153   2.54  15.4  110  1.3  0.15  0.00  0.00  0.00     5
  2 JUN   82 Harvest       8336   2.54  15.4  110  1.3  0.00  0.00  0.00  0.00     5


*MAIN GROWTH AND DEVELOPMENT VARIABLES

@     VARIABLE                                         SIMULATED     MEASURED
      --------                                         ---------     --------
      Anthesis day (dap)                                      70          -99
      Physiological maturity day (dap)                       -99          -99
      Yield at harvest maturity (kg [dm]/ha)                 259          -99
      Number at maturity (no/m2)                            1832          -99
      Unit wt at maturity (g [dm]/unit)                   0.0141          -99
      Number at maturity (no/unit)                         226.1          -99
      Tops weight at maturity (kg [dm]/ha)                  8336          -99
      By-product produced (stalk) at maturity (kg[dm]/ha    8121          -99
      Leaf area index, maximum                              2.86          -99
      Harvest index at maturity                            0.031          -99
      Grain N at maturity (kg/ha)                              5          -99
      Tops N at maturity (kg/ha)                             110          -99
      Stem N at maturity (kg/ha)                             105          -99
      Grain N at maturity (%)                                1.7          -99
      Tops weight at anthesis (kg [dm]/ha)                  5637          -99
      Tops N at anthesis (kg/ha)                             110          -99
      Leaf number per stem at maturity                     15.38          -99
      Emergence day (dap)                                     10          -99


*ENVIRONMENTAL AND STRESS FACTORS

 |-----Development Phase------|--------------------------------------Environment--------------------------------------|-----------------Stress-----------------|
                              |---------------Average--------------|-----Cumulative-----|--------Count of days--------|          (0=Min, 1=Max Stress)         |
                         Time  Temp  Temp  Temp Solar Photop                Evapo    Pot TMIN TMIN TMAX TMAX TMAX RAIN|----Water----|---Nitrogen--|-Phosphorus-|
                         Span   Max   Min  Mean   Rad  [day]    CO2   Rain  Trans     ET   <    <    >    >    >    >   Photo         Photo         Photo
                         days     C     C     C MJ/m2     hr    ppm     mm     mm    mm   0 C  2 C 30 C 32 C 34 C  0mm  synth Growth  synth Growth  synth Growth
----------------------------------------------------------------------------------------------------------------------------------------------------------------
 Emergence-End Juvenile    13  26.0  14.2  20.1  15.1  12.17  378.8  114.0   29.0   47.9    0    0    2    0    0    7  0.000  0.000  0.002  0.004  0.000  0.000
 End Juvenil-Floral Init    5  26.4  12.5  19.4  14.9  12.44  378.8   36.9    7.4   17.3    0    0    0    0    0    2  0.000  0.000  0.000  0.000  0.000  0.000
 Floral Init-End Lf Grow   42  26.5  13.3  19.9  19.8  13.09  379.0  148.8  144.0  185.7    0    0    5    0    0   13  0.000  0.000  0.000  0.000  0.000  0.000
 End Lf Grth-Beg Grn Fil   10  30.0  18.2  24.1  20.0  13.66  379.3   38.2   43.5   46.9    0    0    6    1    0    2  0.043  0.095  0.000  0.000  0.000  0.000
 Grain Filling Phase        3  28.8  21.8  25.3  11.9  13.76  379.3   35.5    7.4    8.6    0    0    0    0    0    3  0.105  0.181  0.000  0.000  0.000  0.000
   
 Planting to Harvest       82  26.2  13.8  20.0  17.7  12.84  379.0  392.9  237.7  329.6    0    1   13    1    0   32  0.009  0.018  0.000  0.001  0.000  0.000
----------------------------------------------------------------------------------------------------------------------------------------------------------------


*Resource Productivity
 Growing season length:  82 days 

 Precipitation during growing season       392.9 mm[rain]
   Dry Matter Productivity                  2.12 kg[DM]/m3[rain]          =   21.2 kg[DM]/ha per mm[rain]
   Yield Productivity                       0.07 kg[grain yield]/m3[rain] =    0.7 kg[yield]/ha per mm[rain]

 Evapotranspiration during growing season  237.7 mm[ET]
   Dry Matter Productivity                  3.51 kg[DM]/m3[ET]            =   35.1 kg[DM]/ha per mm[ET]
   Yield Productivity                       0.11 kg[grain yield]/m3[ET]   =    1.1 kg[yield]/ha per mm[ET]

 Transpiration during growing season       148.8 mm[EP]
   Dry Matter Productivity                  5.60 kg[DM]/m3[EP]            =   56.0 kg[DM]/ha per mm[EP]
   Yield Productivity                       0.17 kg[grain yield]/m3[EP]   =    1.7 kg[yield]/ha per mm[EP]

 Irrigation during growing season          161.6 mm[irrig]
   Dry Matter Productivity                  5.16 kg[DM]/m3[irrig]         =   51.6 kg[DM]/ha per mm[irrig]
   Yield Productivity                       0.16 kg[grain yield]/m3[irrig]=    1.6 kg[yield]/ha per mm[irrig]

 N applied during growing season            295. kg[N applied]/ha
   Dry Matter Productivity                  28.3 kg[DM]/kg[N applied]
   Yield Productivity                        0.9 kg[yield]/kg[N applied]

 N uptake during growing season              124 kg[N uptake]/ha
   Dry Matter Productivity                  67.2 kg[DM]/kg[N uptake]
   Yield Productivity                        2.1 kg[yield]/kg[N uptake]

--------------------------------------------------------------------------------------------------------------

                Sweet corn YIELD :      259 kg/ha    [Dry weight] 

**************************************************************************************************************
