*SIMULATION OVERVIEW FILE

*DSSAT Cropping System Model Ver. 4.8.5.000 -release  APR 28, 2026 22:33:30

*RUN   1        : SUNNY sub-irrigated       CRGRO048 UFBR9101    1
 MODEL          : CRGRO048 - Tomato
 EXPERIMENT     : UFBR9101 TM 1991 POTENTIAL YIELD, SUNNY, SUBIRRIGATED
 DATA PATH      :
 TREATMENT  1   : SUNNY sub-irrigated       CRGRO048


 CROP           : Tomato           CULTIVAR : Sunny S-D 2010 C ECOTYPE :TM0001
 STARTING DATE  : FEB 13 1991
 PLANTING DATE  : MAR 18 1991      PLANTS/m2 :     1.0    ROW SPACING : 137.cm
 WEATHER        : UFBR   1991
 SOIL           : UFBR950001     TEXTURE : SA    -   Eaugallie fine sand (IM
 WATER BALANCE  : NOT SIMULATED ; NO H2O-STRESS
 IRRIGATION     :
 NITROGEN BAL.  : NOT SIMULATED ; NO N-STRESS
 N-FERTILIZER   :
 RESIDUE/MANURE :
 ENVIRONM. OPT. : DAYL=    0.00  SRAD=    0.00  TMAX=    0.00  TMIN=    0.00
                  RAIN=    0.00  CO2 =    0.00  DEW =    0.00  WIND=    0.00
 SIMULATION OPT : WATER   :N  NITROGEN:N  N-FIX:N  PHOSPH :N  PESTS  :N
                  PHOTO   :L  ET      :R  INFIL:S  HYDROL :R  SOM    :G
                  CO2 355ppm  NSWIT   :1  EVAP :R  SOIL   :2  STEMP  :D
 MANAGEMENT OPT : PLANTING:R  IRRIG   :R  FERT :R  RESIDUE:N  HARVEST:M
                  WEATHER :M  TILLAGE :N

*SUMMARY OF SOIL AND GENETIC INPUT PARAMETERS

 Tomato           CULTIVAR: TM0007-Sunny S-D 2010 C   ECOTYPE: TM0001
 CSDVAR :12.33  PPSEN  : 0.00  EMG-FLW:24.40  FLW-FSD:19.00  FSD-PHM : 45.20
 WTPSD  :0.004  SDPDVR :300.0  SDFDUR :26.00  PODDUR :58.00  XFRUIT  :  0.73
 THRESH :  8.5  SDPRO  :0.300  SDLIP   : 0.050


*SIMULATED CROP AND SOIL STATUS AT MAIN DEVELOPMENT STAGES

 RUN NO.     1     SUNNY sub-irrigated     

        CROP GROWTH     BIOMASS         LEAF   CROP N     STRESS      STRESS                                           
   DATE  AGE STAGE        kg/ha    LAI   NUM  kg/ha  %   H2O  Nitr Phos1 Phos2  RSTG                                   
 ------  --- ----------   -----  -----  ----  ---  ---  ----  ----  ----  ----  ----                                   
 13 FEB    0 Start Sim        0   0.00   0.0    0  0.0  0.00  0.00  0.00  0.00     0
 18 MAR    0 Transplant       2   0.00   2.3    0  3.8  0.00  0.00  0.00  0.00     0
 21 MAR    3 Flower Ind       3   0.00   3.4    0  3.6  0.00  0.00  0.00  0.00     0
 12 APR   25 First Flwr     140   0.30  12.3    5  3.6  0.00  0.00  0.00  0.00     1
 15 APR   28 First Pod      250   0.52  13.6    9  3.6  0.00  0.00  0.00  0.00     2
 24 APR   37 First Pod      999   1.66  17.3   35  3.5  0.00  0.00  0.00  0.00     3
  2 MAY   45 First Seed    2119   3.00  20.5   71  3.3  0.00  0.00  0.00  0.00     5
  8 MAY   51 End Msnode    3239   3.70  22.5  102  3.1  0.00  0.00  0.00  0.00     5
  6 JUN   80 End Leaf      7427   3.91  22.5  185  2.5  0.00  0.00  0.00  0.00     5
  9 JUN   83 End Pod       7847   3.88  22.5  193  2.5  0.00  0.00  0.00  0.00     5
 22 JUN   96 Phys. Mat     9565   3.90  22.5  215  2.2  0.00  0.00  0.00  0.00     8
 22 JUN   96 Harv. Mat     9565   3.90  22.5  215  2.2  0.00  0.00  0.00  0.00     8
 22 JUN   96 Harvest       9565   3.90  22.5  215  2.2  0.00  0.00  0.00  0.00     8


*MAIN GROWTH AND DEVELOPMENT VARIABLES

@     VARIABLE                                         SIMULATED     MEASURED
      --------                                         ---------     --------
      Anthesis day (dap)                                      25          -99
      First pod day (dap)                                     37          -99
      First seed day (dap)                                    45          -99
      Physiological maturity day (dap)                        96          -99
      Harvest maturity day (dap)                              96          -99
      Yield at harvest maturity (kg [dm]/ha)                 445          -99
      Pod/Ear/Panicle weight at maturity (kg [dm]/ha)       5590         3526
      Tops weight at anthesis (kg [dm]/ha)                   140          -99
      Tops weight at maturity (kg [dm]/ha)                  9565         7376
      By-product produced (stalk) at maturity (kg[dm]/ha    9120          -99
      Number at maturity (no/m2)                           24224          -99
      Unit wt at maturity (g [dm]/unit)                   0.0018          -99
      Number at maturity (no/unit)                        241.08          -99
      Harvest index at maturity                            0.047          -99
      Threshing % at maturity                               7.96          -99
      Leaf area index, maximum                              3.96         4.50
      Leaf number per stem at maturity                     22.50          -99
      Canopy height (m)                                     1.07          -99
      Tops N at anthesis (kg/ha)                               5          -99
      Tops N at maturity (kg/ha)                             215        239.8
      Stem N at maturity (kg/ha)                              35          -99
      Grain N at maturity (kg/ha)                             22          -99
      Grain N at maturity (%)                               4.88          -99
      Grain oil at maturity (%)                             5.00          -99


*ENVIRONMENTAL AND STRESS FACTORS

 |-----Development Phase------|--------------------------------------Environment--------------------------------------|-----------------Stress-----------------|
                              |---------------Average--------------|-----Cumulative-----|--------Count of days--------|          (0=Min, 1=Max Stress)         |
                         Time  Temp  Temp  Temp Solar Photop                Evapo    Pot TMIN TMIN TMAX TMAX TMAX RAIN|----Water----|---Nitrogen--|-Phosphorus-|
                         Span   Max   Min  Mean   Rad  [day]    CO2   Rain  Trans     ET   <    <    >    >    >    >   Photo         Photo         Photo
                         days     C     C     C MJ/m2     hr    ppm     mm     mm    mm   0 C  2 C 30 C 32 C 34 C  0mm  synth Growth  synth Growth  synth Growth
----------------------------------------------------------------------------------------------------------------------------------------------------------------
 First Flower-First Seed   20  29.7  20.3  25.0  21.2  12.85  355.2   24.1    0.0    0.0    0    0    8    4    0    3  0.000  0.000  0.000  0.000  0.000  0.000
 First Seed - Phys. Mat.   51  31.4  22.0  26.7  18.7  13.52  355.3  307.2    0.0    0.0    0    0   45   17    0   21  0.000  0.000  0.000  0.000  0.000  0.000
   
 Planting to Harvest       97  30.0  20.4  25.2  19.2  13.04  355.3  478.1    0.0    0.0    0    0   55   21    0   34  0.000  0.000  0.000  0.000  0.000  0.000
----------------------------------------------------------------------------------------------------------------------------------------------------------------

--------------------------------------------------------------------------------------------------------------

                    Tomato YIELD :     5590 kg/ha    [Dry weight] 

**************************************************************************************************************
