*WARNING DETAIL FILE

******************************************************************************

*DSSAT Cropping System Model Ver. 4.8.5.000 -release  APR 28, 2026 22:33:00

*RUN   1        : Eearly Maxim 2021         CRGRO048 SWIF2101    1
 MODEL          : CRGRO048 - Lentil
 EXPERIMENT     : SWIF2101 LT RAINFED LENTIL AT SWIFT CURRENT WITH THREE SEEDING
 DATA PATH      :
 TREATMENT  1   : Eearly Maxim 2021         CRGRO048
  

 RPLACE  YEAR DOY = 2021   1
  Warning: The residue option, "Y" is not currently                            
  supported.  No residue applications were added.                              

 SOILNI  YEAR DOY = 2021   1
 N content of residue was changed from value in initial conditions             
   section of experiment file to maintain allowable C:N ratio.                 
   - Previous crop code                 :    WH                                
   - Recommended N content for surface residue (%):   0.6                      
   - Value read from file               : 0.000%                               
   - Value changed to                   : 0.590%                               
 To change allowable N content, modify SCN parameter                           
   in RESCH048.SDA file.                                                       
