*SIMULATION OVERVIEW FILE

*DSSAT Cropping System Model Ver. 4.8.5.000 -release  APR 28, 2026 22:33:11

*RUN   1        : I1 T1 Russet Burbank      PTSUB048 WAPA9202    1
 MODEL          : PTSUB048 - Potato
 EXPERIMENT     : WAPA9202 PT PATERSON, WASHINGTON - 1992
 DATA PATH      :
 TREATMENT  1   : I1 T1 Russet Burbank      PTSUB048


 CROP           : Potato           CULTIVAR : Russet Burbank   ECOTYPE :IB0001
 STARTING DATE  : MAR  1 1992
 PLANTING DATE  : APR 11 1992      PLANTS/m2 :     4.6    ROW SPACING :  86.cm
 HARVEST DATE   : AUG 10 1992
 WEATHER        : WAPA   1992
 SOIL           : WAPA920016     TEXTURE : S     -   Quincy Sand
 SOIL INIT COND : DEPTH: 60cm EXTR. H2O: 60.0mm  NO3:  9.3kg/ha  NH4:  0.9kg/ha
 WATER BALANCE  : IRRIGATE ON REPORTED DATE(S)
 IRRIGATION     :      515 mm IN    75 APPLICATIONS
 NITROGEN BAL.  : SOIL-N & N-UPTAKE SIMULATION; NO N-FIXATION
 N-FERTILIZER   :      356 kg/ha IN    11 APPLICATIONS
 RESIDUE/MANURE : INITIAL :     0 kg/ha ;       0 kg/ha IN     0 APPLICATIONS
 ENVIRONM. OPT. : DAYL=    0.00  SRAD=    0.00  TMAX=    0.00  TMIN=    0.00
                  RAIN=    0.00  CO2 =    0.00  DEW =    0.00  WIND=    0.00
 SIMULATION OPT : WATER   :Y  NITROGEN:Y  N-FIX:N  PHOSPH :N  PESTS  :N
                  PHOTO   :C  ET      :R  INFIL:S  HYDROL :R  SOM    :G
                  CO2 356ppm  NSWIT   :1  EVAP :R  SOIL   :2  STEMP  :D
 MANAGEMENT OPT : PLANTING:R  IRRIG   :R  FERT :R  RESIDUE:R  HARVEST:R
                  WEATHER :M  TILLAGE :Y

*SUMMARY OF SOIL AND GENETIC INPUT PARAMETERS

   SOIL LOWER UPPER   SAT  EXTR  INIT   ROOT   BULK     pH    NO3    NH4    ORG
  DEPTH LIMIT LIMIT    SW    SW    SW   DIST   DENS                          C
   cm   cm3/cm3    cm3/cm3    cm3/cm3         g/cm3         ugN/g  ugN/g     %
-------------------------------------------------------------------------------
  0-  5 0.050 0.150 0.300 0.100 0.150   1.00   1.55   7.60   1.00   0.10   0.50
  5- 15 0.050 0.150 0.300 0.100 0.150   1.00   1.55   7.60   1.00   0.10   0.50
 15- 30 0.050 0.150 0.300 0.100 0.150   0.64   1.55   8.00   1.00   0.10   0.50
 30- 45 0.050 0.150 0.300 0.100 0.150   0.41   1.55   8.30   1.00   0.10   0.50
 45- 60 0.050 0.150 0.300 0.100 0.150   0.41   1.55   8.30   1.00   0.10   0.50

TOT- 60   3.0   9.0  18.0   6.0   9.0  <--cm   -  kg/ha-->    9.3    0.9  46500
SOIL ALBEDO    : 0.13      EVAPORATION LIMIT : 6.20         MIN. FACTOR  : 1.00
RUNOFF CURVE # :64.00      DRAINAGE RATE     : 0.80         FERT. FACTOR : 1.00

 Potato           CULTIVAR: IB0003-Russet Burbank     ECOTYPE: IB0001
 G2     :1522.00  G3     :21.5900
 PD     :   0.54  P2     :  0.313  TC     : 18.760


*SIMULATED CROP AND SOIL STATUS AT MAIN DEVELOPMENT STAGES

 RUN NO.     1     I1 T1 Russet Burbank    

        CROP GROWTH     BIOMASS         LEAF   CROP N     STRESS      STRESS                                           
   DATE  AGE STAGE        kg/ha    LAI   NUM  kg/ha  %   H2O  Nitr Phos1 Phos2  RSTG                                   
 ------  --- ----------   -----  -----  ----  ---  ---  ----  ----  ----  ----  ----                                   
  1 MAR    0 Start Sim        0   0.00   0.0    0  0.0  0.00  0.00  0.00  0.00     5
 11 APR    0 Sowing           0   0.00   0.0    0  0.0  0.00  0.00  0.00  0.00     7
  3 MAY   22 Emergence       14   0.02   0.0    7 48.4  0.00  0.00  0.00  0.00     1
 28 MAY   47 Beg Tuber     1875   2.87   0.0  719 38.3  0.00  0.03  0.00  0.00     2
  4 AUG  115 Maturity     10438   0.04   0.0 2563 24.6  0.00  0.01  0.00  0.00     5
 10 AUG  121 Harvest      10438   0.04   0.0 2563 24.6  0.00  0.00  0.00  0.00     5


*MAIN GROWTH AND DEVELOPMENT VARIABLES

@     VARIABLE                                         SIMULATED     MEASURED
      --------                                         ---------     --------
      Tuber initiation day (dap)                              47           38
      Physiological maturity day (dap)                       -99          125
      Tuber dry weight (kg [dm]/ha) harvest                 8493        13724
      Tuber fresh weight (Mg [fm]/ha) harvest              42.46           66
      Total wt, harvest (kg [dm]/ha)                       10438          -99
      By-product produced (stalk) at maturity (kg[dm]/ha   48017          -99
      Leaf area index, maximum                              4.76         3.82
      Tuber N at harvest (kg/ha)                          130.56        188.3
      Tuber+stem+leaf N at harvest (kg/ha)                125.73        235.4
      Tops N at maturity (kg/ha)                          125.73          -99
      Tuber N at harvest (%)                               1.537         1.29
      Emergence day (dap)                                     22           24


*ENVIRONMENTAL AND STRESS FACTORS

 |-----Development Phase------|--------------------------------------Environment--------------------------------------|-----------------Stress-----------------|
                              |---------------Average--------------|-----Cumulative-----|--------Count of days--------|          (0=Min, 1=Max Stress)         |
                         Time  Temp  Temp  Temp Solar Photop                Evapo    Pot TMIN TMIN TMAX TMAX TMAX RAIN|----Water----|---Nitrogen--|-Phosphorus-|
                         Span   Max   Min  Mean   Rad  [day]    CO2   Rain  Trans     ET   <    <    >    >    >    >   Photo         Photo         Photo
                         days     C     C     C MJ/m2     hr    ppm     mm     mm    mm   0 C  2 C 30 C 32 C 34 C  0mm  synth Growth  synth Growth  synth Growth
----------------------------------------------------------------------------------------------------------------------------------------------------------------
 Emergence-Begin Tuber     25  27.7   8.1  17.9  25.4  14.76  356.1    0.3  106.4  143.8    0    2   10    6    3    1  0.000  0.000  0.010  0.028  0.000  0.000
 Begin Tuber-Maturity      68  32.1  13.9  23.0  22.9  15.26  356.2   48.7  328.4  368.0    0    0   43   31   25   10  0.000  0.000  0.007  0.016  0.000  0.000
   
 Planting to Harvest      122  29.2  11.4  20.3  22.1  14.82  356.1   72.2  472.5  619.1    1    4   57   39   29   18  0.000  0.000  0.006  0.014  0.000  0.000
----------------------------------------------------------------------------------------------------------------------------------------------------------------


*Resource Productivity
 Growing season length: 122 days 

 Precipitation during growing season        72.2 mm[rain]
   Dry Matter Productivity                 14.46 kg[DM]/m3[rain]          =  144.6 kg[DM]/ha per mm[rain]
   Yield Productivity                      11.76 kg[grain yield]/m3[rain] =  117.6 kg[yield]/ha per mm[rain]

 Evapotranspiration during growing season  472.5 mm[ET]
   Dry Matter Productivity                  2.21 kg[DM]/m3[ET]            =   22.1 kg[DM]/ha per mm[ET]
   Yield Productivity                       1.80 kg[grain yield]/m3[ET]   =   18.0 kg[yield]/ha per mm[ET]

 Transpiration during growing season       260.0 mm[EP]
   Dry Matter Productivity                  4.02 kg[DM]/m3[EP]            =   40.2 kg[DM]/ha per mm[EP]
   Yield Productivity                       3.27 kg[grain yield]/m3[EP]   =   32.7 kg[yield]/ha per mm[EP]

 Irrigation during growing season          508.2 mm[irrig]
   Dry Matter Productivity                  2.05 kg[DM]/m3[irrig]         =   20.5 kg[DM]/ha per mm[irrig]
   Yield Productivity                       1.67 kg[grain yield]/m3[irrig]=   16.7 kg[yield]/ha per mm[irrig]

 N applied during growing season            356. kg[N applied]/ha
   Dry Matter Productivity                  29.3 kg[DM]/kg[N applied]
   Yield Productivity                       23.9 kg[yield]/kg[N applied]

 N uptake during growing season              316 kg[N uptake]/ha
   Dry Matter Productivity                  33.0 kg[DM]/kg[N uptake]
   Yield Productivity                       26.9 kg[yield]/kg[N uptake]

--------------------------------------------------------------------------------------------------------------

                    Potato YIELD :     8493 kg/ha    [Dry weight] 

**************************************************************************************************************
