*WARNING DETAIL FILE

******************************************************************************

*DSSAT Cropping System Model Ver. 4.8.5.000 -release  APR 28, 2026 22:33:11

*RUN   1        : I1 T1 Russet Burbank      PTSUB048 WAPA9202    1
 MODEL          : PTSUB048 - Potato
 EXPERIMENT     : WAPA9202 PT PATERSON, WASHINGTON - 1992
 DATA PATH      :
 TREATMENT  1   : I1 T1 Russet Burbank      PTSUB048
  

 TILLAGE  YEAR DOY = 1992  61
 User-specified tillage depth greater than that specified by tillage implement.
 Tillage operation date: 1992 100                                              
 TI033: Planter, row                                                           
 User-specified depth = 15.0 cm                                                
 Implement depth of      5.0 cm will be used.                                  

 TILLAGE  YEAR DOY = 1992  61
 User-specified tillage depth greater than that specified by tillage implement.
 Tillage operation date: 1992 116                                              
 TI013: Cultivator, ridge till                                                 
 User-specified depth = 15.0 cm                                                
 Implement depth of      3.0 cm will be used.                                  

 TILLAGE  YEAR DOY = 1992  61
 User-specified tillage depth greater than that specified by tillage implement.
 Tillage operation date: 1992 118                                              
 TI026: Drill, deep furrow                                                     
 User-specified depth = 15.0 cm                                                
 Implement depth of     10.0 cm will be used.                                  
