*SIMULATION OVERVIEW FILE

*DSSAT Cropping System Model Ver. 4.8.5.000 -release  APR 28, 2026 22:32:48

*RUN   1        : Ottava 2008               CRGRO048 USOT0801    1
 MODEL          : CRGRO048 - Canola
 EXPERIMENT     : USOT0801 CN RAPESEED OTTAVA,ITALY - N-N-N KABEL, HIGHER SR, DI
 DATA PATH      :
 TREATMENT  1   : Ottava 2008               CRGRO048


 CROP           : Canola           CULTIVAR : KABEL (11)       ECOTYPE :CN0001
 STARTING DATE  : NOV 13 2007
 PLANTING DATE  : NOV 13 2007      PLANTS/m2 :    80.0    ROW SPACING :  17.cm
 WEATHER        : USOT   2007
 SOIL           : USOT070003     TEXTURE : CL    - Sandy clay loam (Ottava)
 WATER BALANCE  : NOT SIMULATED ; NO H2O-STRESS
 IRRIGATION     :
 NITROGEN BAL.  : NOT SIMULATED ; NO N-STRESS
 N-FERTILIZER   :
 RESIDUE/MANURE :
 ENVIRONM. OPT. : DAYL=    0.00  SRAD=    0.00  TMAX=    0.00  TMIN=    0.00
                  RAIN=    0.00  CO2 =    0.00  DEW =    0.00  WIND=    0.00
 SIMULATION OPT : WATER   :N  NITROGEN:N  N-FIX:N  PHOSPH :N  PESTS  :N
                  PHOTO   :L  ET      :R  INFIL:S  HYDROL :R  SOM    :G
                  CO2 384ppm  NSWIT   :1  EVAP :R  SOIL   :2  STEMP  :D
 MANAGEMENT OPT : PLANTING:R  IRRIG   :R  FERT :R  RESIDUE:N  HARVEST:M
                  WEATHER :M  TILLAGE :Y

*SUMMARY OF SOIL AND GENETIC INPUT PARAMETERS

 Canola           CULTIVAR: OT0001-KABEL (11)         ECOTYPE: CN0001
 CSDVAR :16.00  PPSEN  :-0.01  EMG-FLW:45.00  FLW-FSD:18.50  FSD-PHM : 33.50
 WTPSD  :0.003  SDPDVR : 18.0  SDFDUR :21.00  PODDUR :10.00  XFRUIT  :  1.00
 THRESH : 81.0  SDPRO  :0.230  SDLIP   : 0.480


*SIMULATED CROP AND SOIL STATUS AT MAIN DEVELOPMENT STAGES

 RUN NO.     1     Ottava 2008             

        CROP GROWTH     BIOMASS         LEAF   CROP N     STRESS      STRESS                                           
   DATE  AGE STAGE        kg/ha    LAI   NUM  kg/ha  %   H2O  Nitr Phos1 Phos2  RSTG                                   
 ------  --- ----------   -----  -----  ----  ---  ---  ----  ----  ----  ----  ----                                   
 13 NOV    0 Start Sim        0   0.00   0.0    0  0.0  0.00  0.00  0.00  0.00     0
 13 NOV    0 Sowing           0   0.00   0.0    0  0.0  0.00  0.00  0.00  0.00     0
 23 NOV   10 Emergence        1   0.00   0.1    0  6.7  0.00  0.00  0.00  0.00     0
 23 NOV   10 End Juven.       1   0.00   0.1    0  6.7  0.00  0.00  0.00  0.00     0
  1 DEC   18 Flower Ind       2   0.00   0.6    0  6.3  0.00  0.00  0.00  0.00     0
  8 DEC   25 Unifoliate       3   0.01   1.2    0  6.2  0.00  0.00  0.00  0.00     0
  8 MAR  116 First Flwr    2881   1.87   9.7  139  4.8  0.00  0.00  0.00  0.00     1
  8 MAR  116 End Msnode    2881   1.87   9.7  139  4.8  0.00  0.00  0.00  0.00     1
 10 MAR  118 End Leaf      3145   1.84   9.7  148  4.7  0.00  0.00  0.00  0.00     1
  2 APR  141 First Pod     6340   1.54   9.7  253  4.0  0.00  0.00  0.00  0.00     3
 12 APR  151 First Seed    8259   1.40   9.7  302  3.7  0.00  0.00  0.00  0.00     5
  6 MAY  175 End Pod      11101   1.13   9.7  317  2.9  0.00  0.00  0.00  0.00     5
 29 MAY  198 Phys. Mat    13313   0.77   9.7  303  2.3  0.00  0.00  0.00  0.00     7
  1 JUN  201 Harv. Mat    12445   0.00   9.7  261  2.1  0.00  0.00  0.00  0.00     8
  1 JUN  201 Harvest      12445   0.00   9.7  261  2.1  0.00  0.00  0.00  0.00     8


*MAIN GROWTH AND DEVELOPMENT VARIABLES

@     VARIABLE                                         SIMULATED     MEASURED
      --------                                         ---------     --------
      Emergence day (dap)                                     10          -99
      Anthesis day (dap)                                     116          118
      First pod day (dap)                                    141          141
      First seed day (dap)                                   151          154
      Physiological maturity day (dap)                       198          199
      Harvest maturity day (dap)                             201          203
      Yield at harvest maturity (kg [dm]/ha)                4274         4067
      Pod/Ear/Panicle weight at maturity (kg [dm]/ha)       5274          -99
      Tops weight at anthesis (kg [dm]/ha)                  2881         4013
      Tops weight at maturity (kg [dm]/ha)                 12445        10700
      By-product produced (stalk) at maturity (kg[dm]/ha    8170          -99
      Number at maturity (no/m2)                          154772       138652
      Unit wt at maturity (g [dm]/unit)                   0.0028        .0030
      Number at maturity (no/unit)                         18.00           18
      Harvest index at maturity                            0.343         0.38
      Threshing % at maturity                              81.04          -99
      Leaf area index, maximum                              1.91         2.04
      Leaf number per stem at maturity                      9.70          -99
      Canopy height (m)                                     0.81         1.13
      Tops N at anthesis (kg/ha)                             139          -99
      Tops N at maturity (kg/ha)                             261          -99
      Stem N at maturity (kg/ha)                             117          -99
      Grain N at maturity (kg/ha)                            135          -99
      Grain N at maturity (%)                               3.16        3.312
      Grain oil at maturity (%)                            43.29         45.5


*ENVIRONMENTAL AND STRESS FACTORS

 |-----Development Phase------|--------------------------------------Environment--------------------------------------|-----------------Stress-----------------|
                              |---------------Average--------------|-----Cumulative-----|--------Count of days--------|          (0=Min, 1=Max Stress)         |
                         Time  Temp  Temp  Temp Solar Photop                Evapo    Pot TMIN TMIN TMAX TMAX TMAX RAIN|----Water----|---Nitrogen--|-Phosphorus-|
                         Span   Max   Min  Mean   Rad  [day]    CO2   Rain  Trans     ET   <    <    >    >    >    >   Photo         Photo         Photo
                         days     C     C     C MJ/m2     hr    ppm     mm     mm    mm   0 C  2 C 30 C 32 C 34 C  0mm  synth Growth  synth Growth  synth Growth
----------------------------------------------------------------------------------------------------------------------------------------------------------------
 Emergence -First Flower  106  13.2   5.9   9.6   7.3   9.75  384.5  236.4    0.0    0.0    0    8    0    0    0   59  0.000  0.000  0.000  0.000  0.000  0.000
 First Flower-First Seed   35  15.1   7.4  11.2  18.1  12.22  384.8   58.8    0.0    0.0    0    0    0    0    0   14  0.000  0.000  0.000  0.000  0.000  0.000
 First Seed - Phys. Mat.   47  20.3  10.6  15.4  18.3  13.94  385.0  133.8    0.0    0.0    0    0    3    1    0   19  0.000  0.000  0.000  0.000  0.000  0.000
 Emergence  - Phys. Mat.  188  15.3   7.4  11.3  12.1  11.26  384.7  429.0    0.0    0.0    0    8    3    1    0   92  0.000  0.000  0.000  0.000  0.000  0.000
   
 Planting to Harvest      202  15.4   7.5  11.5  11.9  11.22  384.7  464.2    0.0    0.0    0    8    3    1    0   98  0.000  0.000  0.000  0.000  0.000  0.000
----------------------------------------------------------------------------------------------------------------------------------------------------------------

--------------------------------------------------------------------------------------------------------------

                    Canola YIELD :     4274 kg/ha    [Dry weight] 

**************************************************************************************************************
