*SIMULATION OVERVIEW FILE

*DSSAT Cropping System Model Ver. 4.8.5.000 -release  APR 28, 2026 22:33:27

*RUN   1        : Heliasol 0N               CRGRO048 INRA0501    1
 MODEL          : CRGRO048 - Sunflower
 EXPERIMENT     : INRA0501 SU RESPONSE OF SUNFLOWER TO N FERTILIZER
 DATA PATH      :
 TREATMENT  1   : Heliasol 0N               CRGRO048


 CROP           : Sunflower        CULTIVAR : Heliasol RM      ECOTYPE :SU0702
 STARTING DATE  : JAN  1 2005
 PLANTING DATE  : APR 12 2005      PLANTS/m2 :     6.5    ROW SPACING :  70.cm
 HARVEST DATE   : SEP 15 2005
 WEATHER        : AUZE   2005
 SOIL           : INRAE00001     TEXTURE : SL    -   INRAE - MEDIUM SANDY LO
 SOIL INIT COND : DEPTH:150cm EXTR. H2O:225.0mm  NO3: 45.0kg/ha  NH4:  4.5kg/ha
 WATER BALANCE  : IRRIGATE ON REPORTED DATE(S)
 IRRIGATION     :      125 mm IN     4 APPLICATIONS
 NITROGEN BAL.  : SOIL-N & N-UPTAKE SIMULATION; NO N-FIXATION
 N-FERTILIZER   :        0 kg/ha IN     0 APPLICATIONS
 RESIDUE/MANURE : INITIAL :  5000 kg/ha ;       0 kg/ha IN     0 APPLICATIONS
 ENVIRONM. OPT. : DAYL=    0.00  SRAD=    0.00  TMAX=    0.00  TMIN=    0.00
                  RAIN=    0.00  CO2 =    0.00  DEW =    0.00  WIND=    0.00
 SIMULATION OPT : WATER   :Y  NITROGEN:Y  N-FIX:N  PHOSPH :N  PESTS  :N
                  PHOTO   :L  ET      :R  INFIL:S  HYDROL :R  SOM    :P
                  CO2 378ppm  NSWIT   :1  EVAP :R  SOIL   :2  STEMP  :D
 MANAGEMENT OPT : PLANTING:R  IRRIG   :R  FERT :R  RESIDUE:N  HARVEST:R
                  WEATHER :M  TILLAGE :N

*SUMMARY OF SOIL AND GENETIC INPUT PARAMETERS

   SOIL LOWER UPPER   SAT  EXTR  INIT   ROOT   BULK     pH    NO3    NH4    ORG
  DEPTH LIMIT LIMIT    SW    SW    SW   DIST   DENS                          C
   cm   cm3/cm3    cm3/cm3    cm3/cm3         g/cm3         ugN/g  ugN/g     %
-------------------------------------------------------------------------------
  0-  5 0.080 0.230 0.359 0.150 0.280   1.00   1.50   6.50   2.00   0.20   2.50
  5- 15 0.080 0.230 0.359 0.150 0.280   1.00   1.50   6.50   2.00   0.20   2.50
 15- 30 0.080 0.230 0.359 0.150 0.280   1.00   1.50   6.50   2.00   0.20   2.00
 30- 45 0.080 0.230 0.360 0.150 0.280   0.10   1.50   6.50   2.00   0.20   1.50
 45- 60 0.080 0.230 0.360 0.150 0.280   0.10   1.50   6.50   2.00   0.20   1.50
 60- 90 0.080 0.230 0.361 0.150 0.280   0.10   1.50   6.50   2.00   0.20   1.20
 90-120 0.080 0.230 0.359 0.150 0.280   0.10   1.50   6.50   2.00   0.20   0.70
120-150 0.080 0.230 0.360 0.150 0.280   0.10   1.50   6.50   2.00   0.20   0.50

TOT-150  12.0  34.5  54.0  22.5  42.0  <--cm   -  kg/ha-->   45.0    4.5 276750
SOIL ALBEDO    : 0.13      EVAPORATION LIMIT : 6.00         MIN. FACTOR  : 1.00
RUNOFF CURVE # :70.00      DRAINAGE RATE     : 0.50         FERT. FACTOR : 1.00

 Sunflower        CULTIVAR: IB0021-Heliasol RM        ECOTYPE: SU0702
 CSDVAR :15.00  PPSEN  :-0.09  EMG-FLW:17.60  FLW-FSD:10.20  FSD-PHM : 28.40
 WTPSD  :0.060  SDPDVR :  2.0  SDFDUR :24.00  PODDUR : 4.20  XFRUIT  :  0.76
 THRESH : 68.0  SDPRO  :0.140  SDLIP   : 0.480


*SIMULATED CROP AND SOIL STATUS AT MAIN DEVELOPMENT STAGES

 RUN NO.     1     Heliasol 0N             

        CROP GROWTH     BIOMASS         LEAF   CROP N     STRESS      STRESS                                           
   DATE  AGE STAGE        kg/ha    LAI   NUM  kg/ha  %   H2O  Nitr Phos1 Phos2  RSTG                                   
 ------  --- ----------   -----  -----  ----  ---  ---  ----  ----  ----  ----  ----                                   
  1 JAN    0 Start Sim        0   0.00   0.0    0  0.0  0.00  0.00  0.00  0.00     0
 12 APR    0 Sowing           0   0.00   0.0    0  0.0  0.00  0.00  0.00  0.00     0
 29 APR   17 Emergence        1   0.00   0.6    0  5.8  0.00  0.00  0.00  0.00     0
 29 APR   17 End Juven.       1   0.00   0.6    0  5.8  0.00  0.00  0.00  0.00     0
 30 APR   18 Unifoliate       2   0.00   1.2    0  5.8  0.00  0.00  0.00  0.00     0
  8 MAY   26 Flower Ind      11   0.02   4.6    1  5.6  0.00  0.00  0.00  0.00     0
 30 MAY   48 Star burst     839   1.23  14.9   46  5.5  0.00  0.00  0.00  0.00     1
  8 JUN   57 1st thalam    2599   2.44  19.3  122  4.7  0.09  0.00  0.00  0.00     3
 13 JUN   62 End Msnode    3893   2.55  21.9  165  4.3  0.10  0.00  0.00  0.00     3
 14 JUN   63 1st Flw/Sd    4151   2.53  21.9  171  4.1  0.00  0.00  0.00  0.00     5
 20 JUN   69 End Leaf      5042   2.39  21.9  191  3.8  0.48  0.00  0.00  0.00     5
 25 JUN   74 End Sd-add    5888   2.15  21.9  210  3.6  0.11  0.00  0.00  0.00     5
 16 JUL   95 Phys. Mat     8521   1.25  21.9  237  2.8  0.30  0.00  0.00  0.00     7
 21 JUL  100 Harv. Mat     8648   0.93  21.9  229  2.6  0.49  0.00  0.00  0.00     8
 15 SEP  156 Harvest      13180   0.40  21.9  273  2.1  0.00  0.00  0.00  0.00     8


*MAIN GROWTH AND DEVELOPMENT VARIABLES

@     VARIABLE                                         SIMULATED     MEASURED
      --------                                         ---------     --------
      Emergence day (dap)                                     17           15
      Anthesis day (dap)                                      48           79
      First pod day (dap)                                     57          -99
      First seed day (dap)                                    63          -99
      Physiological maturity day (dap)                        95          -99
      Harvest maturity day (dap)                             100          -99
      Yield at harvest maturity (kg [dm]/ha)                3068         3845
      Pod/Ear/Panicle weight at maturity (kg [dm]/ha)       4502          -99
      Tops weight at anthesis (kg [dm]/ha)                   839          -99
      Tops weight at maturity (kg [dm]/ha)                 13180         9163
      By-product produced (stalk) at maturity (kg[dm]/ha   10110          -99
      Number at maturity (no/m2)                            7507          -99
      Unit wt at maturity (g [dm]/unit)                   0.0409          -99
      Number at maturity (no/unit)                          2.00          -99
      Harvest index at maturity                            0.233          -99
      Threshing % at maturity                              68.14          -99
      Leaf area index, maximum                              2.57         2.49
      Leaf number per stem at maturity                     21.92          -99
      Canopy height (m)                                     1.01          -99
      Tops N at anthesis (kg/ha)                              46          -99
      Tops N at maturity (kg/ha)                             273          -99
      Stem N at maturity (kg/ha)                             139          -99
      Grain N at maturity (kg/ha)                            100          -99
      Grain N at maturity (%)                               3.24          -99
      Grain oil at maturity (%)                            45.38        59.44


*ENVIRONMENTAL AND STRESS FACTORS

 |-----Development Phase------|--------------------------------------Environment--------------------------------------|-----------------Stress-----------------|
                              |---------------Average--------------|-----Cumulative-----|--------Count of days--------|          (0=Min, 1=Max Stress)         |
                         Time  Temp  Temp  Temp Solar Photop                Evapo    Pot TMIN TMIN TMAX TMAX TMAX RAIN|----Water----|---Nitrogen--|-Phosphorus-|
                         Span   Max   Min  Mean   Rad  [day]    CO2   Rain  Trans     ET   <    <    >    >    >    >   Photo         Photo         Photo
                         days     C     C     C MJ/m2     hr    ppm     mm     mm    mm   0 C  2 C 30 C 32 C 34 C  0mm  synth Growth  synth Growth  synth Growth
----------------------------------------------------------------------------------------------------------------------------------------------------------------
 Emergence -First Flower   31  22.4  11.2  16.8  20.8  14.48  379.2   48.5   60.2  146.5    0    0    0    0    0   12  0.000  0.000  0.000  0.000  0.000  0.000
 First Flower-First Seed   15  25.6  12.7  19.1  26.7  15.12  379.3    8.0   72.1   86.4    0    0    0    0    0    2  0.009  0.088  0.000  0.000  0.000  0.000
 First Seed - Phys. Mat.   32  29.6  16.4  23.0  23.5  15.15  379.5   14.5  127.8  173.9    0    0   18   12    5    9  0.190  0.307  0.000  0.000  0.000  0.000
 Emergence  - Phys. Mat.   78  25.9  13.6  19.8  23.0  14.88  379.3   71.0  260.1  406.8    0    0   18   12    5   23  0.080  0.143  0.000  0.000  0.000  0.000
   
 Planting to Harvest      157  25.5  13.9  19.7  21.4  14.26  379.5  237.0  449.5  742.5    0    0   31   15    7   48  0.047  0.087  0.000  0.000  0.000  0.000
----------------------------------------------------------------------------------------------------------------------------------------------------------------


*Resource Productivity
 Growing season length: 157 days 

 Precipitation during growing season       237.0 mm[rain]
   Dry Matter Productivity                  5.56 kg[DM]/m3[rain]          =   55.6 kg[DM]/ha per mm[rain]
   Yield Productivity                       1.29 kg[grain yield]/m3[rain] =   12.9 kg[yield]/ha per mm[rain]

 Evapotranspiration during growing season  449.5 mm[ET]
   Dry Matter Productivity                  2.93 kg[DM]/m3[ET]            =   29.3 kg[DM]/ha per mm[ET]
   Yield Productivity                       0.68 kg[grain yield]/m3[ET]   =    6.8 kg[yield]/ha per mm[ET]

 Transpiration during growing season       263.6 mm[EP]
   Dry Matter Productivity                  5.00 kg[DM]/m3[EP]            =   50.0 kg[DM]/ha per mm[EP]
   Yield Productivity                       1.16 kg[grain yield]/m3[EP]   =   11.6 kg[yield]/ha per mm[EP]

 Irrigation during growing season          125.0 mm[irrig]
   Dry Matter Productivity                 10.54 kg[DM]/m3[irrig]         =  105.4 kg[DM]/ha per mm[irrig]
   Yield Productivity                       2.45 kg[grain yield]/m3[irrig]=   24.5 kg[yield]/ha per mm[irrig]

 N uptake during growing season              434 kg[N uptake]/ha
   Dry Matter Productivity                  30.4 kg[DM]/kg[N uptake]
   Yield Productivity                        7.1 kg[yield]/kg[N uptake]

--------------------------------------------------------------------------------------------------------------

                 Sunflower YIELD :     3068 kg/ha    [Dry weight] 

**************************************************************************************************************
