*SIMULATION OVERVIEW FILE

*DSSAT Cropping System Model Ver. 4.8.5.000 -release  APR 28, 2026 22:33:20

*RUN   1        : 76 Equidist BRAGG         CRGRO048 UFGA7601    1
 MODEL          : CRGRO048 - Soybean
 EXPERIMENT     : UFGA7601 SB BRAGG,1976,EQUIDIST
 DATA PATH      :
 TREATMENT  1   : 76 Equidist BRAGG         CRGRO048


 CROP           : Soybean          CULTIVAR : BRAGG            ECOTYPE :SB0701
 STARTING DATE  : MAY  5 1976
 PLANTING DATE  : MAY  5 1976      PLANTS/m2 :    12.9    ROW SPACING :  30.cm
 WEATHER        : UFGA   1976
 SOIL           : IBSB910015     TEXTURE : S     -   Millhopper Fine Sand
 SOIL INIT COND : DEPTH:180cm EXTR. H2O:158.4mm  NO3: 22.8kg/ha  NH4: 16.5kg/ha
 WATER BALANCE  : IRRIGATE ON REPORTED DATE(S)
 IRRIGATION     :       75 mm IN     5 APPLICATIONS
 NITROGEN BAL.  : SOIL-N, N-UPTAKE & DYNAMIC N-FIXATION SIMULATION
 N-FERTILIZER   :        0 kg/ha IN     0 APPLICATIONS
 RESIDUE/MANURE : INITIAL :     0 kg/ha ;       0 kg/ha IN     0 APPLICATIONS
 ENVIRONM. OPT. : DAYL=    0.00  SRAD=    0.00  TMAX=    0.00  TMIN=    0.00
                  RAIN=    0.00  CO2 =    0.00  DEW =    0.00  WIND=    0.00
 SIMULATION OPT : WATER   :Y  NITROGEN:Y  N-FIX:Y  PHOSPH :N  PESTS  :N
                  PHOTO   :L  ET      :R  INFIL:S  HYDROL :R  SOM    :G
                  CO2 332ppm  NSWIT   :1  EVAP :R  SOIL   :2  STEMP  :D
 MANAGEMENT OPT : PLANTING:R  IRRIG   :R  FERT :R  RESIDUE:R  HARVEST:M
                  WEATHER :M  TILLAGE :Y

*SUMMARY OF SOIL AND GENETIC INPUT PARAMETERS

   SOIL LOWER UPPER   SAT  EXTR  INIT   ROOT   BULK     pH    NO3    NH4    ORG
  DEPTH LIMIT LIMIT    SW    SW    SW   DIST   DENS                          C
   cm   cm3/cm3    cm3/cm3    cm3/cm3         g/cm3         ugN/g  ugN/g     %
-------------------------------------------------------------------------------
  0-  5 0.023 0.086 0.230 0.063 0.086   1.00   1.36   5.30   1.50   0.60   0.90
  5- 15 0.023 0.086 0.230 0.063 0.086   1.00   1.40   5.40   1.50   0.60   0.69
 15- 30 0.023 0.086 0.230 0.063 0.086   0.50   1.46   5.70   1.50   0.60   0.28
 30- 45 0.023 0.086 0.230 0.063 0.086   0.29   1.46   5.80   1.50   0.60   0.20
 45- 60 0.023 0.086 0.230 0.063 0.086   0.29   1.47   5.80   1.50   0.60   0.20
 60- 90 0.021 0.076 0.230 0.055 0.076   0.38   1.43   5.90   0.60   0.60   0.09
 90-120 0.020 0.076 0.230 0.056 0.076   0.13   1.48   5.90   0.50   0.60   0.03
120-150 0.027 0.130 0.230 0.103 0.130   0.06   1.57   5.90   0.50   0.60   0.03
150-180 0.070 0.258 0.360 0.188 0.258   0.03   1.79   5.90   0.50   0.60   0.03

TOT-180   5.5  21.4  45.3  15.8  21.4  <--cm   -  kg/ha-->   22.8   16.5  38919
SOIL ALBEDO    : 0.18      EVAPORATION LIMIT : 5.00         MIN. FACTOR  : 1.00
RUNOFF CURVE # :66.00      DRAINAGE RATE     : 0.50         FERT. FACTOR : 0.92

 Soybean          CULTIVAR: IB0001-BRAGG              ECOTYPE: SB0701
 CSDVAR :12.33  PPSEN  : 0.32  EMG-FLW:19.50  FLW-FSD:15.20  FSD-PHM : 37.60
 WTPSD  :0.170  SDPDVR : 2.00  SDFDUR :24.00  PODDUR :10.00  XFRUIT  :  1.00
 THRESH : 78.0  SDPRO  :0.400  SDLIP   : 0.200


*SIMULATED CROP AND SOIL STATUS AT MAIN DEVELOPMENT STAGES

 RUN NO.     1     76 Equidist BRAGG       

        CROP GROWTH     BIOMASS         LEAF   CROP N     STRESS      STRESS                                           
   DATE  AGE STAGE        kg/ha    LAI   NUM  kg/ha  %   H2O  Nitr Phos1 Phos2  RSTG                                   
 ------  --- ----------   -----  -----  ----  ---  ---  ----  ----  ----  ----  ----                                   
  5 MAY    0 Start Sim        0   0.00   0.0    0  0.0  0.00  0.00  0.00  0.00     0
  5 MAY    0 Sowing           0   0.00   0.0    0  0.0  0.00  0.00  0.00  0.00     0
 11 MAY    6 Emergence        6   0.01   0.1    0  5.1  0.00  0.00  0.00  0.00     0
 11 MAY    6 End Juven.       6   0.01   0.1    0  5.1  0.00  0.00  0.00  0.00     0
 18 MAY   13 Unifoliate      11   0.02   1.1    1  5.0  0.00  0.22  0.00  0.00     0
 21 MAY   16 Flower Ind      17   0.04   1.8    1  5.0  0.00  0.00  0.00  0.00     0
 24 JUN   50 First Flwr     850   1.36  10.3   30  3.5  0.05  0.01  0.00  0.00     1
 21 JUL   77 End Msnode    3560   3.66  17.3  118  3.3  0.10  0.01  0.00  0.00     1
 24 JUL   80 First Pod     3827   3.66  17.3  121  3.2  0.22  0.08  0.00  0.00     3
  5 AUG   92 First Seed    5279   3.86  17.3  156  2.9  0.04  0.00  0.00  0.00     5
 13 AUG  100 End Leaf      6379   3.79  17.3  183  2.9  0.00  0.00  0.00  0.00     5
 27 AUG  114 End Pod       7749   3.40  17.3  224  2.9  0.05  0.00  0.00  0.00     5
 25 SEP  143 Phys. Mat     9115   2.19  17.3  288  3.2  0.10  0.00  0.00  0.00     7
  7 OCT  155 Harv. Mat     7372   0.15  17.3  257  3.5  0.00  0.02  0.00  0.00     8
  7 OCT  155 Harvest       7372   0.15  17.3  257  3.5  0.00  0.00  0.00  0.00     8


*MAIN GROWTH AND DEVELOPMENT VARIABLES

@     VARIABLE                                         SIMULATED     MEASURED
      --------                                         ---------     --------
      Emergence day (dap)                                      6          -99
      Anthesis day (dap)                                      50          -99
      First pod day (dap)                                     80          -99
      First seed day (dap)                                    92          -99
      Physiological maturity day (dap)                       143          -99
      Harvest maturity day (dap)                             155          -99
      Yield at harvest maturity (kg [dm]/ha)                3471        3439.
      Pod/Ear/Panicle weight at maturity (kg [dm]/ha)       4565        4633.
      Tops weight at anthesis (kg [dm]/ha)                   850          -99
      Tops weight at maturity (kg [dm]/ha)                  7372        6848.
      By-product produced (stalk) at maturity (kg[dm]/ha    3900        2170.
      Number at maturity (no/m2)                            2125          -99
      Unit wt at maturity (g [dm]/unit)                   0.1634          -99
      Number at maturity (no/unit)                          2.00          -99
      Harvest index at maturity                            0.471         .502
      Threshing % at maturity                              76.04        74.23
      Leaf area index, maximum                              3.86         5.80
      Leaf number per stem at maturity                     17.26          -99
      Canopy height (m)                                     0.88          -99
      Tops N at anthesis (kg/ha)                              30          -99
      Tops N at maturity (kg/ha)                             257          -99
      Stem N at maturity (kg/ha)                              18          -99
      Grain N at maturity (kg/ha)                            223          -99
      Grain N at maturity (%)                               6.41          -99
      Grain oil at maturity (%)                            19.96          -99


*ENVIRONMENTAL AND STRESS FACTORS

 |-----Development Phase------|--------------------------------------Environment--------------------------------------|-----------------Stress-----------------|
                              |---------------Average--------------|-----Cumulative-----|--------Count of days--------|          (0=Min, 1=Max Stress)         |
                         Time  Temp  Temp  Temp Solar Photop                Evapo    Pot TMIN TMIN TMAX TMAX TMAX RAIN|----Water----|---Nitrogen--|-Phosphorus-|
                         Span   Max   Min  Mean   Rad  [day]    CO2   Rain  Trans     ET   <    <    >    >    >    >   Photo         Photo         Photo
                         days     C     C     C MJ/m2     hr    ppm     mm     mm    mm   0 C  2 C 30 C 32 C 34 C  0mm  synth Growth  synth Growth  synth Growth
----------------------------------------------------------------------------------------------------------------------------------------------------------------
 Emergence -First Flower   44  30.3  18.9  24.6  19.4  13.76  332.1  394.7   98.4  215.9    0    0   24   12    0   20  0.002  0.036  0.000  0.043  0.000  0.000
 First Flower-First Seed   42  33.3  21.8  27.5  20.0  13.67  332.2  192.5  188.2  209.6    0    0   40   37   11   20  0.045  0.093  0.000  0.011  0.000  0.000
 First Seed - Phys. Mat.   51  32.0  20.6  26.3  18.2  12.58  332.3  188.7  210.3  224.4    0    0   43   31    9   23  0.027  0.068  0.000  0.001  0.000  0.000
 Emergence  - Phys. Mat.  137  31.8  20.4  26.1  19.2  13.29  332.2  775.9  496.9  649.9    0    0  107   80   20   63  0.024  0.065  0.000  0.018  0.000  0.000
   
 Planting to Harvest      156  31.7  20.0  25.8  19.0  13.17  332.2  775.9  522.0  726.7    0    0  116   84   21   63  0.021  0.057  0.000  0.017  0.000  0.000
----------------------------------------------------------------------------------------------------------------------------------------------------------------


*Resource Productivity
 Growing season length: 156 days 

 Precipitation during growing season       775.9 mm[rain]
   Dry Matter Productivity                  0.95 kg[DM]/m3[rain]          =    9.5 kg[DM]/ha per mm[rain]
   Yield Productivity                       0.45 kg[grain yield]/m3[rain] =    4.5 kg[yield]/ha per mm[rain]

 Evapotranspiration during growing season  522.0 mm[ET]
   Dry Matter Productivity                  1.41 kg[DM]/m3[ET]            =   14.1 kg[DM]/ha per mm[ET]
   Yield Productivity                       0.66 kg[grain yield]/m3[ET]   =    6.6 kg[yield]/ha per mm[ET]

 Transpiration during growing season       380.3 mm[EP]
   Dry Matter Productivity                  1.94 kg[DM]/m3[EP]            =   19.4 kg[DM]/ha per mm[EP]
   Yield Productivity                       0.91 kg[grain yield]/m3[EP]   =    9.1 kg[yield]/ha per mm[EP]

 Irrigation during growing season           75.0 mm[irrig]
   Dry Matter Productivity                  9.83 kg[DM]/m3[irrig]         =   98.3 kg[DM]/ha per mm[irrig]
   Yield Productivity                       4.63 kg[grain yield]/m3[irrig]=   46.3 kg[yield]/ha per mm[irrig]

 N uptake during growing season               18 kg[N uptake]/ha
   Dry Matter Productivity                 409.6 kg[DM]/kg[N uptake]
   Yield Productivity                      192.8 kg[yield]/kg[N uptake]

--------------------------------------------------------------------------------------------------------------

                   Soybean YIELD :     3471 kg/ha    [Dry weight] 

**************************************************************************************************************
