*SIMULATION OVERVIEW FILE

*DSSAT Cropping System Model Ver. 4.8.5.000 -release  APR 28, 2026 22:32:43

*RUN   1        : 84 Treatment 1            CRGRO048 CBAN8401    1
 MODEL          : CRGRO048 - Brachiaria
 EXPERIMENT     : CBAN8401 BR BRACHIARIA ON EL NUS
 DATA PATH      :
 TREATMENT  1   : 84 Treatment 1            CRGRO048


 CROP           : Brachiaria       CULTIVAR : Brachiaria 1     ECOTYPE :BR0001
 STARTING DATE  : APR 16 1984
 PLANTING DATE  : APR 24 1984      PLANTS/m2 :   100.0    ROW SPACING :  10.cm
 HARVEST DATE   : MAR 26 1986
 WEATHER        : CBAN   1984
 SOIL           : CBAN840001     TEXTURE : SCL   -   Sandy-Clay Loam EL NUS:
 SOIL INIT COND : DEPTH:120cm EXTR. H2O:158.5mm  NO3: 44.2kg/ha  NH4:  8.6kg/ha
 WATER BALANCE  : IRRIGATE ON REPORTED DATE(S)
 IRRIGATION     :        0 mm IN     0 APPLICATIONS
 NITROGEN BAL.  : SOIL-N & N-UPTAKE SIMULATION; NO N-FIXATION
 N-FERTILIZER   :      100 kg/ha IN     2 APPLICATIONS
 RESIDUE/MANURE : INITIAL :     0 kg/ha ;       0 kg/ha IN     0 APPLICATIONS
 ENVIRONM. OPT. : DAYL=    0.00  SRAD=    0.00  TMAX=    0.00  TMIN=    0.00
                  RAIN=    0.00  CO2 =    0.00  DEW =    0.00  WIND=    0.00
 SIMULATION OPT : WATER   :Y  NITROGEN:Y  N-FIX:N  PHOSPH :N  PESTS  :Y
                  PHOTO   :C  ET      :R  INFIL:S  HYDROL :R  SOM    :P
                  CO2 344ppm  NSWIT   :1  EVAP :R  SOIL   :2  STEMP  :D
 MANAGEMENT OPT : PLANTING:R  IRRIG   :R  FERT :R  RESIDUE:N  HARVEST:R
                  WEATHER :M  TILLAGE :Y

*SUMMARY OF SOIL AND GENETIC INPUT PARAMETERS

   SOIL LOWER UPPER   SAT  EXTR  INIT   ROOT   BULK     pH    NO3    NH4    ORG
  DEPTH LIMIT LIMIT    SW    SW    SW   DIST   DENS                          C
   cm   cm3/cm3    cm3/cm3    cm3/cm3         g/cm3         ugN/g  ugN/g     %
-------------------------------------------------------------------------------
  0-  5 0.190 0.330 0.430 0.140 0.300   0.95   1.36   4.80  10.30   0.50   1.40
  5- 15 0.190 0.335 0.430 0.145 0.300   0.82   1.36   4.80   9.25   0.50   1.21
 15- 20 0.190 0.320 0.430 0.130 0.300   0.70   1.38   4.80   7.40   0.50   1.03
 20- 25 0.190 0.320 0.430 0.130 0.290   0.63   1.40   5.30   4.40   0.50   0.93
 25- 30 0.190 0.310 0.430 0.120 0.290   0.58   1.41   5.30   3.00   0.50   0.85
 30- 35 0.190 0.330 0.430 0.140 0.290   0.52   1.42   5.30   2.20   0.50   0.76
 35- 40 0.190 0.330 0.430 0.140 0.290   0.47   1.43   5.30   2.20   0.50   0.70
 40- 55 0.190 0.320 0.400 0.130 0.290   0.33   1.44   5.30   1.40   0.50   0.50
 55- 70 0.190 0.320 0.400 0.130 0.290   0.33   1.44   5.30   1.40   0.50   0.50
 70- 95 0.190 0.320 0.400 0.130 0.290   0.15   1.48   5.30   0.70   0.50   0.22
 95-120 0.190 0.320 0.400 0.130 0.290   0.15   1.48   5.30   0.70   0.50   0.22

TOT-120  22.8  38.6  49.2  15.9  35.0  <--cm   -  kg/ha-->   44.2    8.6  93799
SOIL ALBEDO    : 0.13      EVAPORATION LIMIT :11.50         MIN. FACTOR  : 1.00
RUNOFF CURVE # :75.00      DRAINAGE RATE     : 0.65         FERT. FACTOR : 1.00

 Brachiaria       CULTIVAR: CC0001-Brachiaria 1       ECOTYPE: BR0001
 CSDVAR :12.00  PPSEN  : 0.20  EMG-FLW:99.00  FLW-FSD:18.00  FSD-PHM : 33.00
 WTPSD  :0.002  SDPDVR :  2.0  SDFDUR :18.00  PODDUR :20.00  XFRUIT  :  0.01
 THRESH : 78.0  SDPRO  :0.398  SDLIP   : 0.500


*SIMULATED CROP AND SOIL STATUS AT MAIN DEVELOPMENT STAGES

 RUN NO.     1     84 Treatment 1          

        CROP GROWTH     BIOMASS         LEAF   CROP N     STRESS      STRESS                                           
   DATE  AGE STAGE        kg/ha    LAI   NUM  kg/ha  %   H2O  Nitr Phos1 Phos2  RSTG                                   
 ------  --- ----------   -----  -----  ----  ---  ---  ----  ----  ----  ----  ----                                   
 16 APR    0 Start Sim        0   0.00   0.0    0  0.0  0.00  0.00  0.00  0.00     0
 24 APR    0 Sowing           0   0.00   0.0    0  0.0  0.00  0.00  0.00  0.00     0
 29 APR    5 Emergence        1   0.00   0.1    0  2.2  0.00  0.00  0.00  0.00     0
  8 MAY   14 First Leaf       3   0.00   1.0    0  2.1  0.05  0.00  0.00  0.00     0
 26 MAR  701 Harvest       5923   4.14  20.2   55  0.9  0.07  0.21  0.00  0.00     0


*MAIN GROWTH AND DEVELOPMENT VARIABLES

@     VARIABLE                                         SIMULATED     MEASURED
      --------                                         ---------     --------
      Emergence day (dap)                                      5          -99
      Anthesis day (dap)                                     -99          -99
      Physiological maturity day (dap)                       -99          -99
      Yield at harvest maturity (kg [dm]/ha)                   0          -99
      Pod/Ear/Panicle weight at maturity (kg [dm]/ha)          0          -99
      Tops weight at anthesis (kg [dm]/ha)                     0          -99
      Tops weight at maturity (kg [dm]/ha)                  5923          -99
      By-product produced (stalk) at maturity (kg[dm]/ha    5920          -99
      Number at maturity (no/m2)                               0          -99
      Unit wt at maturity (g [dm]/unit)                   0.0000          -99
      Number at maturity (no/unit)                          0.00          -99
      Harvest index at maturity                            0.000          -99
      Threshing % at maturity                               0.00          -99
      Leaf area index, maximum                              7.64          -99
      Leaf number per stem at maturity                     20.23          -99
      Canopy height (m)                                     0.32          -99
      Tops N at anthesis (kg/ha)                               0          -99
      Tops N at maturity (kg/ha)                              55          -99
      Stem N at maturity (kg/ha)                              18          -99
      Grain N at maturity (kg/ha)                              0          -99
      Grain N at maturity (%)                               0.00          -99
      Grain oil at maturity (%)                             0.00          -99


*ENVIRONMENTAL AND STRESS FACTORS

 |-----Development Phase------|--------------------------------------Environment--------------------------------------|-----------------Stress-----------------|
                              |---------------Average--------------|-----Cumulative-----|--------Count of days--------|          (0=Min, 1=Max Stress)         |
                         Time  Temp  Temp  Temp Solar Photop                Evapo    Pot TMIN TMIN TMAX TMAX TMAX RAIN|----Water----|---Nitrogen--|-Phosphorus-|
                         Span   Max   Min  Mean   Rad  [day]    CO2   Rain  Trans     ET   <    <    >    >    >    >   Photo         Photo         Photo
                         days     C     C     C MJ/m2     hr    ppm     mm     mm    mm   0 C  2 C 30 C 32 C 34 C  0mm  synth Growth  synth Growth  synth Growth
----------------------------------------------------------------------------------------------------------------------------------------------------------------
 Emergence  - Phys. Mat.  696  27.4  17.8  22.6  15.9  11.99  345.5   4121   2345   2536    0    0   21    1    0  359  0.056  0.070  0.647  0.203  0.000  0.000
   
 Planting to Harvest      702  27.4  17.8  22.6  15.9  11.99  345.5   4155   2367   2564    0    0   21    1    0  363  0.055  0.069  0.642  0.201  0.000  0.000
----------------------------------------------------------------------------------------------------------------------------------------------------------------


*Resource Productivity
 Growing season length: 702 days 

 Precipitation during growing season      4154.6 mm[rain]
   Dry Matter Productivity                  0.14 kg[DM]/m3[rain]          =    1.4 kg[DM]/ha per mm[rain]
   Yield Productivity                       0.00 kg[grain yield]/m3[rain] =    0.0 kg[yield]/ha per mm[rain]

 Evapotranspiration during growing season 2367.0 mm[ET]
   Dry Matter Productivity                  0.25 kg[DM]/m3[ET]            =    2.5 kg[DM]/ha per mm[ET]
   Yield Productivity                       0.00 kg[grain yield]/m3[ET]   =    0.0 kg[yield]/ha per mm[ET]

 Transpiration during growing season      1773.3 mm[EP]
   Dry Matter Productivity                  0.33 kg[DM]/m3[EP]            =    3.3 kg[DM]/ha per mm[EP]
   Yield Productivity                       0.00 kg[grain yield]/m3[EP]   =    0.0 kg[yield]/ha per mm[EP]

 N applied during growing season            100. kg[N applied]/ha
   Dry Matter Productivity                  59.2 kg[DM]/kg[N applied]
   Yield Productivity                        0.0 kg[yield]/kg[N applied]

 N uptake during growing season              279 kg[N uptake]/ha
   Dry Matter Productivity                  21.2 kg[DM]/kg[N uptake]
   Yield Productivity                        0.0 kg[yield]/kg[N uptake]

--------------------------------------------------------------------------------------------------------------

                Brachiaria YIELD :        0 kg/ha    [Dry weight] 

**************************************************************************************************************
