*SIMULATION OVERVIEW FILE

*DSSAT Cropping System Model Ver. 4.8.5.000 -release  APR 28, 2026 22:33:18

*RUN   1        : 95, 1ST SOW, LABRADOR IRR CRGRO048 LUGO9501    1
 MODEL          : CRGRO048 - Soybean
 EXPERIMENT     : LUGO9501 SB SOJA, REGADIO, FECHAS DE SIEMBRA, 1995
 DATA PATH      :
 TREATMENT  1   : 95, 1ST SOW, LABRADOR IRR CRGRO048


 CROP           : Soybean          CULTIVAR : LABR.  00        ECOTYPE :SB0100
 STARTING DATE  : MAY 22 1995
 PLANTING DATE  : MAY 22 1995      PLANTS/m2 :    49.2    ROW SPACING :  40.cm
 WEATHER        : LUGO   1995
 SOIL           : LUGO930001     TEXTURE : LO    -   FINCA DE PRACTICAS EPS
 SOIL INIT COND : DEPTH:150cm EXTR. H2O:221.3mm  NO3:  0.0kg/ha  NH4:  0.0kg/ha
 WATER BALANCE  : IRRIGATE ON REPORTED DATE(S)
 IRRIGATION     :      205 mm IN     8 APPLICATIONS
 NITROGEN BAL.  : SOIL-N, N-UPTAKE & DYNAMIC N-FIXATION SIMULATION
 N-FERTILIZER   : NO N-FERTILIZER APPLIED
 RESIDUE/MANURE : INITIAL :     0 kg/ha ;       0 kg/ha IN     0 APPLICATIONS
 ENVIRONM. OPT. : DAYL=    0.00  SRAD=    0.00  TMAX=    0.00  TMIN=    0.00
                  RAIN=    0.00  CO2 =    0.00  DEW =    0.00  WIND=    0.00
 SIMULATION OPT : WATER   :Y  NITROGEN:Y  N-FIX:Y  PHOSPH :N  PESTS  :N
                  PHOTO   :L  ET      :R  INFIL:S  HYDROL :R  SOM    :G
                  CO2 361ppm  NSWIT   :1  EVAP :R  SOIL   :2  STEMP  :D
 MANAGEMENT OPT : PLANTING:R  IRRIG   :R  FERT :N  RESIDUE:N  HARVEST:M
                  WEATHER :M  TILLAGE :Y

*SUMMARY OF SOIL AND GENETIC INPUT PARAMETERS

   SOIL LOWER UPPER   SAT  EXTR  INIT   ROOT   BULK     pH    NO3    NH4    ORG
  DEPTH LIMIT LIMIT    SW    SW    SW   DIST   DENS                          C
   cm   cm3/cm3    cm3/cm3    cm3/cm3         g/cm3         ugN/g  ugN/g     %
-------------------------------------------------------------------------------
  0-  5 0.121 0.265 0.348 0.144 0.265   1.00   0.95   6.50   0.00   0.00   2.83
  5- 15 0.121 0.265 0.348 0.144 0.265   1.00   0.95   6.50   0.00   0.00   2.83
 15- 30 0.125 0.274 0.350 0.149 0.274   0.75   1.12   6.40   0.00   0.00   2.34
 30- 40 0.111 0.260 0.354 0.149 0.260   0.50   1.26   6.00   0.00   0.00   0.56
 40- 50 0.111 0.260 0.354 0.149 0.260   0.50   1.26   6.00   0.00   0.00   0.56
 50- 65 0.101 0.252 0.344 0.151 0.252   0.35   1.31   5.20   0.00   0.00   0.48
 65- 93 0.085 0.232 0.321 0.147 0.232   0.20   1.35   4.90   0.00   0.00   0.41
 93-122 0.085 0.232 0.321 0.147 0.232   0.20   1.35   4.90   0.00   0.00   0.41
122-150 0.085 0.232 0.321 0.147 0.232   0.20   1.35   4.90   0.00   0.00   0.41

TOT-150  14.7  36.8  50.0  22.1  36.8  <--cm   -  kg/ha-->    0.0    0.0 150231
SOIL ALBEDO    : 0.14      EVAPORATION LIMIT : 9.70         MIN. FACTOR  : 1.00
RUNOFF CURVE # :80.00      DRAINAGE RATE     : 0.60         FERT. FACTOR : 1.00

 Soybean          CULTIVAR: LU0004-LABR.  00          ECOTYPE: SB0100
 CSDVAR :14.00  PPSEN  : 0.15  EMG-FLW:16.60  FLW-FSD:13.20  FSD-PHM : 36.80
 WTPSD  :0.153  SDPDVR : 2.03  SDFDUR :25.00  PODDUR :11.20  XFRUIT  :  1.00
 THRESH : 77.0  SDPRO  :0.405  SDLIP   : 0.205


*SIMULATED CROP AND SOIL STATUS AT MAIN DEVELOPMENT STAGES

 RUN NO.     1     95, 1ST SOW, LABRADOR IR

        CROP GROWTH     BIOMASS         LEAF   CROP N     STRESS      STRESS                                           
   DATE  AGE STAGE        kg/ha    LAI   NUM  kg/ha  %   H2O  Nitr Phos1 Phos2  RSTG                                   
 ------  --- ----------   -----  -----  ----  ---  ---  ----  ----  ----  ----  ----                                   
 22 MAY    0 Start Sim        0   0.00   0.0    0  0.0  0.00  0.00  0.00  0.00     0
 22 MAY    0 Sowing           0   0.00   0.0    0  0.0  0.00  0.00  0.00  0.00     0
  1 JUN   10 Emergence       21   0.03   0.1    1  5.1  0.00  0.00  0.00  0.00     0
  1 JUN   10 End Juven.      21   0.03   0.1    1  5.1  0.00  0.00  0.00  0.00     0
 17 JUN   26 Unifoliate      77   0.11   1.1    4  4.5  0.00  0.11  0.00  0.00     0
 18 JUN   27 Flower Ind      89   0.14   1.3    4  4.5  0.00  0.00  0.00  0.00     0
 12 JUL   51 First Flwr     977   1.71   5.8   37  3.8  0.00  0.00  0.00  0.00     1
 23 JUL   62 First Pod     2307   3.71   8.1   85  3.7  0.00  0.00  0.00  0.00     3
  3 AUG   73 First Seed    4002   4.86  10.2  137  3.4  0.00  0.00  0.00  0.00     5
 19 AUG   89 End Pod       6136   4.45  13.1  205  3.3  0.00  0.00  0.00  0.00     5
 26 AUG   96 End Msnode    6903   4.02  13.6  239  3.5  0.00  0.00  0.00  0.00     5
  5 SEP  106 End Leaf      7701   3.59  13.6  275  3.6  0.00  0.00  0.00  0.00     5
 19 SEP  120 Phys. Mat     8156   3.30  13.6  291  3.6  0.00  0.01  0.00  0.00     7
  1 OCT  132 Harv. Mat     6427   0.22  13.6  261  4.1  0.00  0.03  0.00  0.00     8
  1 OCT  132 Harvest       6427   0.22  13.6  261  4.1  0.00  0.00  0.00  0.00     8


*MAIN GROWTH AND DEVELOPMENT VARIABLES

@     VARIABLE                                         SIMULATED     MEASURED
      --------                                         ---------     --------
      Emergence day (dap)                                     10          -99
      Anthesis day (dap)                                      51           49
      First pod day (dap)                                     62           54
      First seed day (dap)                                    73           77
      Physiological maturity day (dap)                       120          117
      Harvest maturity day (dap)                             132          -99
      Yield at harvest maturity (kg [dm]/ha)                4008        4262.
      Pod/Ear/Panicle weight at maturity (kg [dm]/ha)       5434        5749.
      Tops weight at anthesis (kg [dm]/ha)                   977        1010.
      Tops weight at maturity (kg [dm]/ha)                  6427        8032.
      By-product produced (stalk) at maturity (kg[dm]/ha    2420        3770.
      Number at maturity (no/m2)                            2797        2781.
      Unit wt at maturity (g [dm]/unit)                   0.1433        .1520
      Number at maturity (no/unit)                          2.03         2.16
      Harvest index at maturity                            0.624         .534
      Threshing % at maturity                              73.76        73.70
      Leaf area index, maximum                              4.91         6.08
      Leaf number per stem at maturity                     13.62           15
      Canopy height (m)                                     0.73          -99
      Tops N at anthesis (kg/ha)                              37          -99
      Tops N at maturity (kg/ha)                             261          -99
      Stem N at maturity (kg/ha)                               6          -99
      Grain N at maturity (kg/ha)                            237          -99
      Grain N at maturity (%)                               5.92          -99
      Grain oil at maturity (%)                            18.62          -99


*ENVIRONMENTAL AND STRESS FACTORS

 |-----Development Phase------|--------------------------------------Environment--------------------------------------|-----------------Stress-----------------|
                              |---------------Average--------------|-----Cumulative-----|--------Count of days--------|          (0=Min, 1=Max Stress)         |
                         Time  Temp  Temp  Temp Solar Photop                Evapo    Pot TMIN TMIN TMAX TMAX TMAX RAIN|----Water----|---Nitrogen--|-Phosphorus-|
                         Span   Max   Min  Mean   Rad  [day]    CO2   Rain  Trans     ET   <    <    >    >    >    >   Photo         Photo         Photo
                         days     C     C     C MJ/m2     hr    ppm     mm     mm    mm   0 C  2 C 30 C 32 C 34 C  0mm  synth Growth  synth Growth  synth Growth
----------------------------------------------------------------------------------------------------------------------------------------------------------------
 Emergence -First Flower   41  22.5  12.0  17.3  21.6  15.10  360.6   65.3   74.7  195.6    0    0    1    0    0   12  0.000  0.000  0.000  0.044  0.000  0.000
 First Flower-First Seed   22  26.9  14.2  20.6  19.2  14.63  360.8    7.1   95.4   95.8    0    0    6    6    3    9  0.000  0.000  0.000  0.000  0.000  0.000
 First Seed - Phys. Mat.   47  23.5  12.5  18.0  17.2  13.20  361.0  151.3  167.4  170.5    0    0    3    2    1   18  0.000  0.000  0.000  0.003  0.000  0.000
 Emergence  - Phys. Mat.  110  23.8  12.7  18.3  19.2  14.20  360.8  223.7  337.5  461.9    0    0   10    8    4   39  0.000  0.000  0.000  0.017  0.000  0.000
   
 Planting to Harvest      133  22.9  12.1  17.5  18.8  14.03  360.8  243.7  386.9  538.2    0    0   10    8    4   48  0.000  0.000  0.000  0.017  0.000  0.000
----------------------------------------------------------------------------------------------------------------------------------------------------------------


*Resource Productivity
 Growing season length: 133 days 

 Precipitation during growing season       243.7 mm[rain]
   Dry Matter Productivity                  2.64 kg[DM]/m3[rain]          =   26.4 kg[DM]/ha per mm[rain]
   Yield Productivity                       1.64 kg[grain yield]/m3[rain] =   16.4 kg[yield]/ha per mm[rain]

 Evapotranspiration during growing season  386.9 mm[ET]
   Dry Matter Productivity                  1.66 kg[DM]/m3[ET]            =   16.6 kg[DM]/ha per mm[ET]
   Yield Productivity                       1.04 kg[grain yield]/m3[ET]   =   10.4 kg[yield]/ha per mm[ET]

 Transpiration during growing season       264.0 mm[EP]
   Dry Matter Productivity                  2.43 kg[DM]/m3[EP]            =   24.3 kg[DM]/ha per mm[EP]
   Yield Productivity                       1.52 kg[grain yield]/m3[EP]   =   15.2 kg[yield]/ha per mm[EP]

 Irrigation during growing season          205.0 mm[irrig]
   Dry Matter Productivity                  3.13 kg[DM]/m3[irrig]         =   31.3 kg[DM]/ha per mm[irrig]
   Yield Productivity                       1.96 kg[grain yield]/m3[irrig]=   19.6 kg[yield]/ha per mm[irrig]

 N uptake during growing season               36 kg[N uptake]/ha
   Dry Matter Productivity                 178.5 kg[DM]/kg[N uptake]
   Yield Productivity                      111.3 kg[yield]/kg[N uptake]

--------------------------------------------------------------------------------------------------------------

                   Soybean YIELD :     4008 kg/ha    [Dry weight] 

**************************************************************************************************************
