*SIMULATION OVERVIEW FILE

*DSSAT Cropping System Model Ver. 4.8.5.000 -release  APR 28, 2026 22:32:59

*RUN   1        : Swif Curr 2000            CRGRO048 SWIF0002    1
 MODEL          : CRGRO048 - Lentil
 EXPERIMENT     : SWIF0002 LT RAINFED AND IRRIGATED LENTIL AT SWIFT CURRENT
 DATA PATH      :
 TREATMENT  1   : Swif Curr 2000            CRGRO048


 CROP           : Lentil           CULTIVAR : CDC Glamis       ECOTYPE :LAT001
 STARTING DATE  : APR  9 2000
 PLANTING DATE  : MAY  3 2000      PLANTS/m2 :   120.0    ROW SPACING :  40.cm
 WEATHER        : SWIF   2000
 SOIL           : CASC900051     TEXTURE : SIL   -   OTH  O.DBC
 SOIL INIT COND : DEPTH:180cm EXTR. H2O:233.0mm  NO3: 45.4kg/ha  NH4:  6.7kg/ha
 WATER BALANCE  : IRRIGATE ON REPORTED DATE(S)
 IRRIGATION     :        0 mm IN     0 APPLICATIONS
 NITROGEN BAL.  : SOIL-N, N-UPTAKE & DYNAMIC N-FIXATION SIMULATION
 N-FERTILIZER   :        0 kg/ha IN     0 APPLICATIONS
 RESIDUE/MANURE : INITIAL :   900 kg/ha ;       0 kg/ha IN     0 APPLICATIONS
 ENVIRONM. OPT. : DAYL=    0.00  SRAD=    0.00  TMAX=    0.00  TMIN=    0.00
                  RAIN=    0.00  CO2 =    0.00  DEW =    0.00  WIND=    0.00
 SIMULATION OPT : WATER   :Y  NITROGEN:Y  N-FIX:Y  PHOSPH :N  PESTS  :N
                  PHOTO   :L  ET      :R  INFIL:S  HYDROL :R  SOM    :P
                  CO2 369ppm  NSWIT   :1  EVAP :R  SOIL   :1  STEMP  :D
 MANAGEMENT OPT : PLANTING:R  IRRIG   :R  FERT :R  RESIDUE:N  HARVEST:M
                  WEATHER :M  TILLAGE :N

*SUMMARY OF SOIL AND GENETIC INPUT PARAMETERS

   SOIL LOWER UPPER   SAT  EXTR  INIT   ROOT   BULK     pH    NO3    NH4    ORG
  DEPTH LIMIT LIMIT    SW    SW    SW   DIST   DENS                          C
   cm   cm3/cm3    cm3/cm3    cm3/cm3         g/cm3         ugN/g  ugN/g     %
-------------------------------------------------------------------------------
  0-  5 0.120 0.240 0.497 0.120 0.170   1.00   1.22   7.00  10.60   1.00   1.74
  5- 15 0.120 0.240 0.497 0.120 0.170   1.00   1.22   7.00   9.00   1.00   1.74
 15- 30 0.120 0.240 0.486 0.120 0.170   0.87   1.27   7.00   3.33   0.47   1.65
 30- 45 0.120 0.237 0.461 0.117 0.183   0.67   1.33   7.00   1.10   0.20   1.59
 45- 60 0.120 0.230 0.424 0.110 0.197   0.40   1.40   7.00   1.10   0.20   1.54
 60- 90 0.122 0.260 0.403 0.138 0.213   0.14   1.64   7.00   1.10   0.20   1.46
 90-120 0.125 0.260 0.398 0.135 0.220   0.03   1.76   7.00   1.10   0.20   1.35
120-150 0.125 0.260 0.398 0.135 0.220   0.01   1.76   7.00   1.10   0.20   1.35
150-180 0.125 0.260 0.398 0.135 0.260   0.01   1.76   7.00   0.01   0.01   1.35

TOT-180  22.1  45.4  75.9  23.3  38.2  <--cm   -  kg/ha-->   45.4    6.7 413002
SOIL ALBEDO    : 0.12      EVAPORATION LIMIT : 8.00         MIN. FACTOR  : 1.00
RUNOFF CURVE # :61.00      DRAINAGE RATE     : 0.35         FERT. FACTOR : 1.00

 Lentil           CULTIVAR: CAND02-CDC Glamis         ECOTYPE: LAT001
 CSDVAR :15.40  PPSEN  :-0.11  EMG-FLW:28.00  FLW-FSD: 8.00  FSD-PHM : 22.50
 WTPSD  :0.065  SDPDVR : 2.00  SDFDUR :20.00  PODDUR :14.00  XFRUIT  :  1.00
 THRESH : 67.0  SDPRO  :0.286  SDLIP   : 0.020


*SIMULATED CROP AND SOIL STATUS AT MAIN DEVELOPMENT STAGES

 RUN NO.     1     Swif Curr 2000          

        CROP GROWTH     BIOMASS         LEAF   CROP N     STRESS      STRESS                                           
   DATE  AGE STAGE        kg/ha    LAI   NUM  kg/ha  %   H2O  Nitr Phos1 Phos2  RSTG                                   
 ------  --- ----------   -----  -----  ----  ---  ---  ----  ----  ----  ----  ----                                   
  9 APR    0 Start Sim        0   0.00   0.0    0  0.0  0.00  0.00  0.00  0.00     0
  3 MAY    0 Sowing           0   0.00   0.0    0  0.0  0.00  0.00  0.00  0.00     0
 12 MAY    9 Emergence       24   0.04   0.0    1  3.3  0.00  0.00  0.00  0.00     0
 12 MAY    9 End Juven.      24   0.04   0.0    1  3.3  0.00  0.00  0.00  0.00     0
 20 MAY   17 Unifoliate      45   0.07   1.1    1  3.3  0.00  0.00  0.00  0.00     0
 20 MAY   17 Flower Ind      45   0.07   1.1    1  3.3  0.00  0.00  0.00  0.00     0
  1 JUL   59 First Flwr    1460   1.61   7.9   41  2.8  0.01  0.00  0.00  0.00     1
  8 JUL   66 First Pod     1995   1.94   9.5   52  2.6  0.00  0.00  0.00  0.00     3
 11 JUL   69 First Seed    2297   2.02  10.2   58  2.5  0.00  0.00  0.00  0.00     5
 22 JUL   80 End Leaf      3507   1.97  12.5   82  2.3  0.00  0.00  0.00  0.00     5
 26 JUL   84 End Msnode    3854   1.92  13.1   92  2.4  0.00  0.00  0.00  0.00     5
 27 JUL   85 End Pod       3922   1.91  13.1   94  2.4  0.00  0.00  0.00  0.00     5
  6 AUG   95 Phys. Mat     4281   1.76  13.1  103  2.4  0.32  0.00  0.00  0.00     7
  9 AUG   98 Harv. Mat     3720   0.97  13.1   93  2.5  0.66  0.00  0.00  0.00     8
  9 AUG   98 Harvest       3720   0.97  13.1   93  2.5  0.00  0.00  0.00  0.00     8


*MAIN GROWTH AND DEVELOPMENT VARIABLES

@     VARIABLE                                         SIMULATED     MEASURED
      --------                                         ---------     --------
      Emergence day (dap)                                      9          -99
      Anthesis day (dap)                                      59           55
      First pod day (dap)                                     66          -99
      First seed day (dap)                                    69          -99
      Physiological maturity day (dap)                        95           93
      Harvest maturity day (dap)                              98          -99
      Yield at harvest maturity (kg [dm]/ha)                1440         1690
      Pod/Ear/Panicle weight at maturity (kg [dm]/ha)       2155          -99
      Tops weight at anthesis (kg [dm]/ha)                  1460          -99
      Tops weight at maturity (kg [dm]/ha)                  3720          -99
      By-product produced (stalk) at maturity (kg[dm]/ha    2280          -99
      Number at maturity (no/m2)                            2811          -99
      Unit wt at maturity (g [dm]/unit)                   0.0512          -99
      Number at maturity (no/unit)                          2.00          -99
      Harvest index at maturity                            0.387          -99
      Threshing % at maturity                              66.84          -99
      Leaf area index, maximum                              2.04          -99
      Leaf number per stem at maturity                     13.08          -99
      Canopy height (m)                                     0.37          -99
      Tops N at anthesis (kg/ha)                              41          -99
      Tops N at maturity (kg/ha)                              93          -99
      Stem N at maturity (kg/ha)                              10          -99
      Grain N at maturity (kg/ha)                             63          -99
      Grain N at maturity (%)                               4.40          -99
      Grain oil at maturity (%)                             1.85          -99


*ENVIRONMENTAL AND STRESS FACTORS

 |-----Development Phase------|--------------------------------------Environment--------------------------------------|-----------------Stress-----------------|
                              |---------------Average--------------|-----Cumulative-----|--------Count of days--------|          (0=Min, 1=Max Stress)         |
                         Time  Temp  Temp  Temp Solar Photop                Evapo    Pot TMIN TMIN TMAX TMAX TMAX RAIN|----Water----|---Nitrogen--|-Phosphorus-|
                         Span   Max   Min  Mean   Rad  [day]    CO2   Rain  Trans     ET   <    <    >    >    >    >   Photo         Photo         Photo
                         days     C     C     C MJ/m2     hr    ppm     mm     mm    mm   0 C  2 C 30 C 32 C 34 C  0mm  synth Growth  synth Growth  synth Growth
----------------------------------------------------------------------------------------------------------------------------------------------------------------
 Emergence -First Flower   50  19.1   7.0  13.0  21.5  15.91  369.2  103.5  122.3  208.1    0    6    1    0    0   25  0.000  0.011  0.000  0.000  0.000  0.000
 First Flower-First Seed   10  23.3  12.0  17.6  21.9  16.00  369.3   82.6   43.3   45.6    0    0    0    0    0    5  0.000  0.000  0.000  0.000  0.000  0.000
 First Seed - Phys. Mat.   26  26.4  13.6  20.0  23.4  15.35  369.4   32.8  106.7  132.3    0    0    8    0    0   10  0.051  0.124  0.000  0.000  0.000  0.000
 Emergence  - Phys. Mat.   86  21.8   9.6  15.7  22.1  15.75  369.3  218.9  272.3  386.0    0    6    9    0    0   40  0.015  0.044  0.000  0.000  0.000  0.000
   
 Planting to Harvest       99  21.3   9.0  15.1  21.9  15.63  369.2  253.3  287.6  435.2    3   10   10    1    0   44  0.028  0.058  0.000  0.000  0.000  0.000
----------------------------------------------------------------------------------------------------------------------------------------------------------------


*Resource Productivity
 Growing season length:  99 days 

 Precipitation during growing season       253.3 mm[rain]
   Dry Matter Productivity                  1.47 kg[DM]/m3[rain]          =   14.7 kg[DM]/ha per mm[rain]
   Yield Productivity                       0.57 kg[grain yield]/m3[rain] =    5.7 kg[yield]/ha per mm[rain]

 Evapotranspiration during growing season  287.6 mm[ET]
   Dry Matter Productivity                  1.29 kg[DM]/m3[ET]            =   12.9 kg[DM]/ha per mm[ET]
   Yield Productivity                       0.50 kg[grain yield]/m3[ET]   =    5.0 kg[yield]/ha per mm[ET]

 Transpiration during growing season       154.1 mm[EP]
   Dry Matter Productivity                  2.41 kg[DM]/m3[EP]            =   24.1 kg[DM]/ha per mm[EP]
   Yield Productivity                       0.93 kg[grain yield]/m3[EP]   =    9.3 kg[yield]/ha per mm[EP]

 N uptake during growing season               85 kg[N uptake]/ha
   Dry Matter Productivity                  43.8 kg[DM]/kg[N uptake]
   Yield Productivity                       16.9 kg[yield]/kg[N uptake]

--------------------------------------------------------------------------------------------------------------

                    Lentil YIELD :     1440 kg/ha    [Dry weight] 

**************************************************************************************************************
