*SIMULATION OVERVIEW FILE

*DSSAT Cropping System Model Ver. 4.8.5.000 -release  APR 28, 2026 22:33:14

*RUN   1        : 13 Irrigated              CRGRO048 NMCL1301    1
 MODEL          : CRGRO048 - Safflower
 EXPERIMENT     : NMCL1301 SF CRITICAL STAGE BASED IRRIGATION
 DATA PATH      :
 TREATMENT  1   : 13 Irrigated              CRGRO048


 CROP           : Safflower        CULTIVAR : PI8311           ECOTYPE :SF0401
 STARTING DATE  : APR 29 2013
 PLANTING DATE  : APR 30 2013      PLANTS/m2 :    48.0    ROW SPACING :  15.cm
 WEATHER        : ACNM   2013
 SOIL           : NMCL000002     TEXTURE : CL    -   Olton Clay Loam
 SOIL INIT COND : DEPTH:150cm EXTR. H2O:172.9mm  NO3:  0.0kg/ha  NH4:  0.0kg/ha
 WATER BALANCE  : IRRIGATE ON REPORTED DATE(S)
 IRRIGATION     :      303 mm IN     8 APPLICATIONS
 NITROGEN BAL.  : NOT SIMULATED ; NO N-STRESS
 N-FERTILIZER   :
 RESIDUE/MANURE :
 ENVIRONM. OPT. : DAYL=    0.00  SRAD=    0.00  TMAX=    0.00  TMIN=    0.00
                  RAIN=    0.00  CO2 =    0.00  DEW =    0.00  WIND=    0.00
 SIMULATION OPT : WATER   :Y  NITROGEN:N  N-FIX:N  PHOSPH :N  PESTS  :N
                  PHOTO   :L  ET      :R  INFIL:S  HYDROL :R  SOM    :G
                  CO2 396ppm  NSWIT   :1  EVAP :R  SOIL   :2  STEMP  :D
 MANAGEMENT OPT : PLANTING:R  IRRIG   :R  FERT :R  RESIDUE:R  HARVEST:M
                  WEATHER :M  TILLAGE :N

*SUMMARY OF SOIL AND GENETIC INPUT PARAMETERS

   SOIL LOWER UPPER   SAT  EXTR  INIT   ROOT   BULK     pH    NO3    NH4    ORG
  DEPTH LIMIT LIMIT    SW    SW    SW   DIST   DENS                          C
   cm   cm3/cm3    cm3/cm3    cm3/cm3         g/cm3         ugN/g  ugN/g     %
-------------------------------------------------------------------------------
  0-  5 0.145 0.212 0.467 0.067 0.212   1.00   1.33   7.80   0.00   0.00   0.90
  5- 15 0.147 0.230 0.477 0.083 0.230   1.00   1.30   7.75   0.00   0.00   0.77
 15- 30 0.149 0.249 0.487 0.100 0.249   1.00   1.28   7.70   0.00   0.00   0.64
 30- 40 0.162 0.293 0.487 0.131 0.293   0.44   1.28   7.70   0.00   0.00   0.64
 40- 50 0.162 0.293 0.487 0.131 0.293   0.44   1.28   7.70   0.00   0.00   0.64
 50- 60 0.152 0.282 0.464 0.130 0.282   0.19   1.35   8.50   0.00   0.00   0.34
 60- 70 0.152 0.282 0.464 0.130 0.282   0.19   1.35   8.50   0.00   0.00   0.34
 70- 90 0.162 0.273 0.443 0.111 0.273   0.09   1.41   8.60   0.00   0.00   0.25
 90-110 0.166 0.266 0.432 0.100 0.266   0.07   1.44   8.60   0.00   0.00   0.19
110-130 0.139 0.276 0.461 0.137 0.276   0.06   1.36   8.40   0.00   0.00   0.14
130-150 0.165 0.287 0.461 0.122 0.287   0.04   1.56   8.00   0.00   0.00   0.14

TOT-150  23.4  40.6  69.4  17.3  40.6  <--cm   -  kg/ha-->    0.0    0.0      0
SOIL ALBEDO    : 0.14      EVAPORATION LIMIT : 6.00         MIN. FACTOR  : 1.00
RUNOFF CURVE # :65.00      DRAINAGE RATE     : 0.60         FERT. FACTOR : 1.00

 Safflower        CULTIVAR: IB0001-PI8311             ECOTYPE: SF0401
 CSDVAR :23.00  PPSEN  : 0.00  EMG-FLW:16.50  FLW-FSD:14.70  FSD-PHM : 30.50
 WTPSD  :0.052  SDPDVR : 18.0  SDFDUR :29.00  PODDUR :18.00  XFRUIT  :  0.64
 THRESH : 46.5  SDPRO  :0.140  SDLIP   : 0.330


*SIMULATED CROP AND SOIL STATUS AT MAIN DEVELOPMENT STAGES

 RUN NO.     1     13 Irrigated            

        CROP GROWTH     BIOMASS         LEAF   CROP N     STRESS      STRESS                                           
   DATE  AGE STAGE        kg/ha    LAI   NUM  kg/ha  %   H2O  Nitr Phos1 Phos2  RSTG                                   
 ------  --- ----------   -----  -----  ----  ---  ---  ----  ----  ----  ----  ----                                   
 29 APR    0 Start Sim        0   0.00   0.0    0  0.0  0.00  0.00  0.00  0.00     0
 30 APR    0 Sowing           0   0.00   0.0    0  0.0  0.00  0.00  0.00  0.00     0
 12 MAY   12 Emergence        7   0.01   0.1    0  4.5  0.00  0.00  0.00  0.00     0
 12 MAY   12 End Juven.       7   0.01   0.1    0  4.5  0.00  0.00  0.00  0.00     0
 20 MAY   20 Unifoliate      37   0.06   1.7    2  4.2  0.00  0.00  0.00  0.00     0
 24 MAY   24 Flower Ind      93   0.15   4.5    4  4.3  0.00  0.00  0.00  0.00     0
 15 JUN   46 Star burst    3060   3.12  21.7   93  3.0  0.00  0.00  0.00  0.00     1
 19 JUN   50 1st thalam    4095   3.94  25.1  118  2.9  0.00  0.00  0.00  0.00     3
 24 JUN   55 End Msnode    5240   4.23  28.5  140  2.7  0.16  0.00  0.00  0.00     3
  5 JUL   66 1st Flw/Sd    8528   4.22  28.5  196  2.3  0.00  0.00  0.00  0.00     5
 12 JUL   73 End Leaf     10229   3.91  28.5  206  2.0  0.00  0.00  0.00  0.00     5
 18 JUL   79 End Sd-add   11362   3.72  28.5  210  1.8  0.00  0.00  0.00  0.00     5
 12 AUG  104 Phys. Mat    15235   3.13  28.5  201  1.3  0.01  0.00  0.00  0.00     7
  7 SEP  130 Harv. Mat    13173   0.20  28.5  169  1.3  0.35  0.00  0.00  0.00     8
  7 SEP  130 Harvest      13173   0.20  28.5  169  1.3  0.00  0.00  0.00  0.00     8


*MAIN GROWTH AND DEVELOPMENT VARIABLES

@     VARIABLE                                         SIMULATED     MEASURED
      --------                                         ---------     --------
      Emergence day (dap)                                     12           10
      Anthesis day (dap)                                      46           63
      First pod day (dap)                                     50          -99
      First seed day (dap)                                    66           63
      Physiological maturity day (dap)                       104          105
      Harvest maturity day (dap)                             130          -99
      Yield at harvest maturity (kg [dm]/ha)                3176         2516
      Pod/Ear/Panicle weight at maturity (kg [dm]/ha)       7579          -99
      Tops weight at anthesis (kg [dm]/ha)                  3060          -99
      Tops weight at maturity (kg [dm]/ha)                 13173         7591
      By-product produced (stalk) at maturity (kg[dm]/ha   10000          -99
      Number at maturity (no/m2)                            8125          -99
      Unit wt at maturity (g [dm]/unit)                   0.0391          -99
      Number at maturity (no/unit)                         18.00          -99
      Harvest index at maturity                            0.241        0.368
      Threshing % at maturity                              41.91          -99
      Leaf area index, maximum                              4.36          -99
      Leaf number per stem at maturity                     28.46          -99
      Canopy height (m)                                     0.80         0.42
      Tops N at anthesis (kg/ha)                              93          -99
      Tops N at maturity (kg/ha)                             169          -99
      Stem N at maturity (kg/ha)                              36          -99
      Grain N at maturity (kg/ha)                             88          -99
      Grain N at maturity (%)                               2.77          -99
      Grain oil at maturity (%)                            31.52          -99


*ENVIRONMENTAL AND STRESS FACTORS

 |-----Development Phase------|--------------------------------------Environment--------------------------------------|-----------------Stress-----------------|
                              |---------------Average--------------|-----Cumulative-----|--------Count of days--------|          (0=Min, 1=Max Stress)         |
                         Time  Temp  Temp  Temp Solar Photop                Evapo    Pot TMIN TMIN TMAX TMAX TMAX RAIN|----Water----|---Nitrogen--|-Phosphorus-|
                         Span   Max   Min  Mean   Rad  [day]    CO2   Rain  Trans     ET   <    <    >    >    >    >   Photo         Photo         Photo
                         days     C     C     C MJ/m2     hr    ppm     mm     mm    mm   0 C  2 C 30 C 32 C 34 C  0mm  synth Growth  synth Growth  synth Growth
----------------------------------------------------------------------------------------------------------------------------------------------------------------
 Emergence -First Flower   34  31.5  11.3  21.4  28.8  14.08  396.3   38.4  109.2  240.4    0    0   22   17    7    6  0.000  0.000  0.000  0.000  0.000  0.000
 First Flower-First Seed   20  33.3  15.3  24.3  27.2  14.30  396.5   31.7  130.9  135.3    0    0   14   12   10    6  0.001  0.039  0.000  0.000  0.000  0.000
 First Seed - Phys. Mat.   38  32.3  15.8  24.1  25.2  13.88  396.7   95.5  217.0  225.9    0    0   28   26   16   13  0.000  0.004  0.000  0.000  0.000  0.000
 Emergence  - Phys. Mat.   92  32.2  14.0  23.1  26.9  14.05  396.5  165.6  457.2  601.7    0    0   64   55   33   25  0.000  0.010  0.000  0.000  0.000  0.000
   
 Planting to Harvest      131  31.5  13.0  22.2  26.1  13.78  396.6  176.0  514.2  804.9    2    4   91   74   40   29  0.033  0.076  0.000  0.000  0.000  0.000
----------------------------------------------------------------------------------------------------------------------------------------------------------------


*Resource Productivity
 Growing season length: 131 days 

 Precipitation during growing season       176.0 mm[rain]
   Dry Matter Productivity                  7.48 kg[DM]/m3[rain]          =   74.8 kg[DM]/ha per mm[rain]
   Yield Productivity                       1.80 kg[grain yield]/m3[rain] =   18.0 kg[yield]/ha per mm[rain]

 Evapotranspiration during growing season  514.2 mm[ET]
   Dry Matter Productivity                  2.56 kg[DM]/m3[ET]            =   25.6 kg[DM]/ha per mm[ET]
   Yield Productivity                       0.62 kg[grain yield]/m3[ET]   =    6.2 kg[yield]/ha per mm[ET]

 Transpiration during growing season       401.5 mm[EP]
   Dry Matter Productivity                  3.28 kg[DM]/m3[EP]            =   32.8 kg[DM]/ha per mm[EP]
   Yield Productivity                       0.79 kg[grain yield]/m3[EP]   =    7.9 kg[yield]/ha per mm[EP]

 Irrigation during growing season          303.0 mm[irrig]
   Dry Matter Productivity                  4.35 kg[DM]/m3[irrig]         =   43.5 kg[DM]/ha per mm[irrig]
   Yield Productivity                       1.05 kg[grain yield]/m3[irrig]=   10.5 kg[yield]/ha per mm[irrig]

--------------------------------------------------------------------------------------------------------------

                 Safflower YIELD :     3176 kg/ha    [Dry weight] 

**************************************************************************************************************
