*SIMULATION OVERVIEW FILE

*DSSAT Cropping System Model Ver. 4.8.5.000 -release  APR 28, 2026 22:33:05

*RUN   1        : Non-nod (M4-2), 0kgN      CRGRO048 UFGA8201    1
 MODEL          : CRGRO048 - Peanut
 EXPERIMENT     : UFGA8201 PN N FERT ON NON-NOD, FLORUNNER & EARLY BUNCH
 DATA PATH      :
 TREATMENT  1   : Non-nod (M4-2), 0kgN      CRGRO048


 CROP           : Peanut           CULTIVAR : Non-Nodulated    ECOTYPE :PN0001
 STARTING DATE  : MAY 10 1982
 PLANTING DATE  : MAY 10 1982      PLANTS/m2 :     4.8    ROW SPACING :  91.cm
 HARVEST DATE   : OCT  2 1982
 WEATHER        : UFGA   1982
 SOIL           : IBPN910015     TEXTURE : S     -   Millhopper Fine Sand
 SOIL INIT COND : DEPTH:180cm EXTR. H2O:158.4mm  NO3: 22.8kg/ha  NH4: 16.5kg/ha
 WATER BALANCE  : IRRIGATE ON REPORTED DATE(S)
 IRRIGATION     :       25 mm IN     1 APPLICATIONS
 NITROGEN BAL.  : SOIL-N & N-UPTAKE SIMULATION; NO N-FIXATION
 N-FERTILIZER   :        0 kg/ha IN     0 APPLICATIONS
 RESIDUE/MANURE : INITIAL :  1000 kg/ha ;       0 kg/ha IN     0 APPLICATIONS
 ENVIRONM. OPT. : DAYL=    0.00  SRAD=    0.00  TMAX=    0.00  TMIN=    0.00
                  RAIN=    0.00  CO2 =    0.00  DEW =    0.00  WIND=    0.00
 SIMULATION OPT : WATER   :Y  NITROGEN:Y  N-FIX:N  PHOSPH :N  PESTS  :N
                  PHOTO   :L  ET      :R  INFIL:S  HYDROL :R  SOM    :P
                  CO2 341ppm  NSWIT   :1  EVAP :R  SOIL   :2  STEMP  :D
 MANAGEMENT OPT : PLANTING:R  IRRIG   :R  FERT :R  RESIDUE:N  HARVEST:R
                  WEATHER :M  TILLAGE :N

*SUMMARY OF SOIL AND GENETIC INPUT PARAMETERS

   SOIL LOWER UPPER   SAT  EXTR  INIT   ROOT   BULK     pH    NO3    NH4    ORG
  DEPTH LIMIT LIMIT    SW    SW    SW   DIST   DENS                          C
   cm   cm3/cm3    cm3/cm3    cm3/cm3         g/cm3         ugN/g  ugN/g     %
-------------------------------------------------------------------------------
  0-  5 0.023 0.086 0.230 0.063 0.086   1.00   1.36   7.00   1.50   0.60   0.90
  5- 15 0.023 0.086 0.230 0.063 0.086   1.00   1.40   7.00   1.50   0.60   0.69
 15- 30 0.023 0.086 0.230 0.063 0.086   0.55   1.46   7.00   1.50   0.60   0.28
 30- 45 0.023 0.086 0.230 0.063 0.086   0.32   1.46   7.00   1.50   0.60   0.20
 45- 60 0.023 0.086 0.230 0.063 0.086   0.32   1.47   7.00   1.50   0.60   0.20
 60- 90 0.021 0.076 0.230 0.055 0.076   0.38   1.43   7.00   0.60   0.60   0.09
 90-120 0.020 0.076 0.230 0.056 0.076   0.40   1.48   7.00   0.50   0.60   0.03
120-150 0.027 0.130 0.230 0.103 0.130   0.30   1.57   7.00   0.50   0.60   0.03
150-180 0.070 0.258 0.360 0.188 0.258   0.20   1.79   7.00   0.50   0.60   0.03

TOT-180   5.5  21.4  45.3  15.8  21.4  <--cm   -  kg/ha-->   22.8   16.5  38919
SOIL ALBEDO    : 0.18      EVAPORATION LIMIT : 5.00         MIN. FACTOR  : 1.00
RUNOFF CURVE # :66.00      DRAINAGE RATE     : 0.50         FERT. FACTOR : 0.92

 Peanut           CULTIVAR: IB0082-Non-Nodulated      ECOTYPE: PN0001
 CSDVAR :11.84  PPSEN  : 0.00  EMG-FLW:21.20  FLW-FSD:18.80  FSD-PHM : 77.30
 WTPSD  :0.455  SDPDVR : 1.65  SDFDUR :40.00  PODDUR :26.00  XFRUIT  :  0.56
 THRESH : 72.0  SDPRO  :0.190  SDLIP   : 0.510


*SIMULATED CROP AND SOIL STATUS AT MAIN DEVELOPMENT STAGES

 RUN NO.     1     Non-nod (M4-2), 0kgN    

        CROP GROWTH     BIOMASS         LEAF   CROP N     STRESS      STRESS                                           
   DATE  AGE STAGE        kg/ha    LAI   NUM  kg/ha  %   H2O  Nitr Phos1 Phos2  RSTG                                   
 ------  --- ----------   -----  -----  ----  ---  ---  ----  ----  ----  ----  ----                                   
 10 MAY    0 Start Sim        0   0.00   0.0    0  0.0  0.00  0.00  0.00  0.00     0
 10 MAY    0 Sowing           0   0.00   0.0    0  0.0  0.00  0.00  0.00  0.00     0
 18 MAY    8 Emergence        6   0.01   0.2    0  4.8  0.00  0.00  0.00  0.00     0
 18 MAY    8 End Juven.       6   0.01   0.2    0  4.8  0.00  0.00  0.00  0.00     0
 22 MAY   12 Unifoliate      10   0.01   1.3    0  4.8  0.00  0.00  0.00  0.00     0
  8 JUN   29 Flower Ind      83   0.08   7.5    2  2.2  0.00  0.15  0.00  0.00     0
 12 JUN   33 First Flwr     129   0.11   8.7    3  2.0  0.00  0.25  0.00  0.00     1
 23 JUN   44 First Peg      289   0.18  12.1    4  1.5  0.00  0.39  0.00  0.00     2
 27 JUN   48 First Pod      369   0.20  13.4    5  1.4  0.00  0.45  0.00  0.00     3
  3 JUL   54 First Seed     505   0.23  15.3    6  1.3  0.00  0.47  0.00  0.00     5
 27 AUG  109 End Msnode    2232   0.60  30.8   29  1.3  0.00  0.36  0.00  0.00     5
 15 SEP  128 End Leaf      2683   0.64  30.8   35  1.3  0.00  0.42  0.00  0.00     5
 24 SEP  137 End Pod       2830   0.65  30.8   37  1.3  0.00  0.49  0.00  0.00     8
 24 SEP  137 Phys. Mat     2830   0.65  30.8   37  1.3  0.00  0.00  0.00  0.00     8
 24 SEP  137 Harv. Mat     2830   0.65  30.8   37  1.3  0.00  0.00  0.00  0.00     8
  2 OCT  145 Harvest       2918   0.65  30.8   39  1.3  0.00  0.54  0.00  0.00     8


*MAIN GROWTH AND DEVELOPMENT VARIABLES

@     VARIABLE                                         SIMULATED     MEASURED
      --------                                         ---------     --------
      Emergence day (dap)                                      8          -99
      Anthesis day (dap)                                      33          -99
      First pod day (dap)                                     48          -99
      First seed day (dap)                                    54          -99
      Physiological maturity day (dap)                       137          -99
      Harvest maturity day (dap)                             137          -99
      Yield at harvest maturity (kg [dm]/ha)                 508         680.
      Pod/Ear/Panicle weight at maturity (kg [dm]/ha)        744        1068.
      Tops weight at anthesis (kg [dm]/ha)                   129          -99
      Tops weight at maturity (kg [dm]/ha)                  2918        10900
      By-product produced (stalk) at maturity (kg[dm]/ha    2410          -99
      Number at maturity (no/m2)                             130          191
      Unit wt at maturity (g [dm]/unit)                   0.3896        0.356
      Number at maturity (no/unit)                          1.60          -99
      Harvest index at maturity                            0.174        0.062
      Threshing % at maturity                              68.17         62.6
      Leaf area index, maximum                              0.65         3.93
      Leaf number per stem at maturity                     30.77          -99
      Canopy height (m)                                     0.48          -99
      Tops N at anthesis (kg/ha)                               3          -99
      Tops N at maturity (kg/ha)                              39         98.6
      Stem N at maturity (kg/ha)                               9          -99
      Grain N at maturity (kg/ha)                             16         20.2
      Grain N at maturity (%)                               3.15         2.97
      Grain oil at maturity (%)                            50.95          -99


*ENVIRONMENTAL AND STRESS FACTORS

 |-----Development Phase------|--------------------------------------Environment--------------------------------------|-----------------Stress-----------------|
                              |---------------Average--------------|-----Cumulative-----|--------Count of days--------|          (0=Min, 1=Max Stress)         |
                         Time  Temp  Temp  Temp Solar Photop                Evapo    Pot TMIN TMIN TMAX TMAX TMAX RAIN|----Water----|---Nitrogen--|-Phosphorus-|
                         Span   Max   Min  Mean   Rad  [day]    CO2   Rain  Trans     ET   <    <    >    >    >    >   Photo         Photo         Photo
                         days     C     C     C MJ/m2     hr    ppm     mm     mm    mm   0 C  2 C 30 C 32 C 34 C  0mm  synth Growth  synth Growth  synth Growth
----------------------------------------------------------------------------------------------------------------------------------------------------------------
 Emergence -First Flower   25  32.9  19.6  26.3  20.3  13.74  341.0  145.8   34.7  132.5    0    0   24   19    6   11  0.000  0.000  0.000  0.141  0.000  0.000
 First Flower-First Seed   21  32.3  21.4  26.8  20.2  13.89  341.1  154.2   47.4  112.9    0    0   18   15    1   10  0.000  0.000  0.000  0.423  0.000  0.000
 First Seed - Phys. Mat.   83  32.4  21.6  27.0  16.0  13.03  341.2  473.9  212.8  347.2    0    0   73   62   12   46  0.000  0.000  0.000  0.389  0.000  0.000
 Emergence  - Phys. Mat.  129  32.5  21.2  26.8  17.5  13.31  341.1  773.9  294.8  592.6    0    0  115   96   19   67  0.000  0.000  0.000  0.347  0.000  0.000
   
 Planting to Harvest      146  32.2  20.6  26.4  17.5  13.23  341.1  809.4  320.3  665.3    0    0  122   99   19   70  0.000  0.000  0.000  0.336  0.000  0.000
----------------------------------------------------------------------------------------------------------------------------------------------------------------


*Resource Productivity
 Growing season length: 146 days 

 Precipitation during growing season       809.4 mm[rain]
   Dry Matter Productivity                  0.36 kg[DM]/m3[rain]          =    3.6 kg[DM]/ha per mm[rain]
   Yield Productivity                       0.06 kg[grain yield]/m3[rain] =    0.6 kg[yield]/ha per mm[rain]

 Evapotranspiration during growing season  320.3 mm[ET]
   Dry Matter Productivity                  0.91 kg[DM]/m3[ET]            =    9.1 kg[DM]/ha per mm[ET]
   Yield Productivity                       0.16 kg[grain yield]/m3[ET]   =    1.6 kg[yield]/ha per mm[ET]

 Transpiration during growing season       115.1 mm[EP]
   Dry Matter Productivity                  2.53 kg[DM]/m3[EP]            =   25.3 kg[DM]/ha per mm[EP]
   Yield Productivity                       0.44 kg[grain yield]/m3[EP]   =    4.4 kg[yield]/ha per mm[EP]

 Irrigation during growing season           25.0 mm[irrig]
   Dry Matter Productivity                 11.67 kg[DM]/m3[irrig]         =  116.7 kg[DM]/ha per mm[irrig]
   Yield Productivity                       2.03 kg[grain yield]/m3[irrig]=   20.3 kg[yield]/ha per mm[irrig]

 N uptake during growing season               48 kg[N uptake]/ha
   Dry Matter Productivity                  60.8 kg[DM]/kg[N uptake]
   Yield Productivity                       10.6 kg[yield]/kg[N uptake]

--------------------------------------------------------------------------------------------------------------

                    Peanut YIELD :      508 kg/ha    [Dry weight] 

**************************************************************************************************************
