*SIMULATION OVERVIEW FILE

*DSSAT Cropping System Model Ver. 4.8.5.000 -release  APR 28, 2026 22:33:32

*RUN   1        : 96-CONT N-B "off" AI      CRGRO048 UFGA9602    4
 MODEL          : CRGRO048 - Tomato
 EXPERIMENT     : UFGA9602 TM SPRING 1996,AGRISET,IRR.CUT,DRIP-IRR
 DATA PATH      :
 TREATMENT  4   : 96-CONT N-B "off" AI      CRGRO048


 CROP           : Tomato           CULTIVAR : Agriset 761 10'  ECOTYPE :TM0001
 STARTING DATE  : MAR  1 1996
 PLANTING DATE  : MAR 28 1996      PLANTS/m2 :     1.2    ROW SPACING : 183.cm
 HARVEST DATE   : JUN 20 1996
 WEATHER        : UFGA   1996
 SOIL           : UFGA950003     TEXTURE : SA    -   Millhopper Fine Sand (M
 WATER BALANCE  : NOT SIMULATED ; NO H2O-STRESS
 IRRIGATION     :
 NITROGEN BAL.  : NOT SIMULATED ; NO N-STRESS
 N-FERTILIZER   :
 RESIDUE/MANURE :
 ENVIRONM. OPT. : DAYL=    0.00  SRAD=    0.00  TMAX=    0.00  TMIN=    0.00
                  RAIN=    0.00  CO2 =    0.00  DEW =    0.00  WIND=    0.00
 SIMULATION OPT : WATER   :N  NITROGEN:N  N-FIX:N  PHOSPH :N  PESTS  :N
                  PHOTO   :L  ET      :R  INFIL:S  HYDROL :R  SOM    :G
                  CO2 362ppm  NSWIT   :1  EVAP :R  SOIL   :2  STEMP  :D
 MANAGEMENT OPT : PLANTING:R  IRRIG   :A  FERT :R  RESIDUE:N  HARVEST:R
                  WEATHER :M  TILLAGE :N

*SUMMARY OF SOIL AND GENETIC INPUT PARAMETERS

 Tomato           CULTIVAR: TM0005-Agriset 761 10'    ECOTYPE: TM0001
 CSDVAR :12.33  PPSEN  : 0.00  EMG-FLW:24.40  FLW-FSD:19.00  FSD-PHM : 45.20
 WTPSD  :0.004  SDPDVR :300.0  SDFDUR :26.00  PODDUR :54.00  XFRUIT  :  0.78
 THRESH :  8.5  SDPRO  :0.300  SDLIP   : 0.050


*SIMULATED CROP AND SOIL STATUS AT MAIN DEVELOPMENT STAGES

 RUN NO.     1     96-CONT N-B "off" AI    

        CROP GROWTH     BIOMASS         LEAF   CROP N     STRESS      STRESS                                           
   DATE  AGE STAGE        kg/ha    LAI   NUM  kg/ha  %   H2O  Nitr Phos1 Phos2  RSTG                                   
 ------  --- ----------   -----  -----  ----  ---  ---  ----  ----  ----  ----  ----                                   
  1 MAR    0 Start Sim        0   0.00   0.0    0  0.0  0.00  0.00  0.00  0.00     0
 28 MAR    0 Transplant       2   0.00   4.1    0  3.8  0.00  0.00  0.00  0.00     0
 24 APR   27 First Flwr     118   0.22  12.3    4  3.7  0.00  0.00  0.00  0.00     1
 27 APR   30 First Pod      196   0.36  13.4    7  3.6  0.00  0.00  0.00  0.00     2
  8 MAY   41 First Pod      856   1.36  17.5   30  3.5  0.00  0.00  0.00  0.00     3
 17 MAY   50 First Seed    1904   2.39  20.7   63  3.3  0.00  0.00  0.00  0.00     5
 23 MAY   56 End Msnode    2612   2.91  22.6   82  3.1  0.00  0.00  0.00  0.00     5
 20 JUN   84 Harvest       6133   3.25  22.6  154  2.5  0.00  0.00  0.00  0.00     5


*MAIN GROWTH AND DEVELOPMENT VARIABLES

@     VARIABLE                                         SIMULATED     MEASURED
      --------                                         ---------     --------
      Anthesis day (dap)                                      27          -99
      First pod day (dap)                                     41          -99
      First seed day (dap)                                    50          -99
      Physiological maturity day (dap)                       -99          -99
      Yield at harvest maturity (kg [dm]/ha)                 216          -99
      Pod/Ear/Panicle weight at maturity (kg [dm]/ha)       3073         4403
      Tops weight at anthesis (kg [dm]/ha)                   118          -99
      Tops weight at maturity (kg [dm]/ha)                  6133         7260
      By-product produced (stalk) at maturity (kg[dm]/ha    5920          -99
      Number at maturity (no/m2)                           12227          -99
      Unit wt at maturity (g [dm]/unit)                   0.0018          -99
      Number at maturity (no/unit)                        186.45          -99
      Harvest index at maturity                            0.035          -99
      Threshing % at maturity                               7.03          -99
      Leaf area index, maximum                              3.27         2.63
      Leaf number per stem at maturity                     22.62          -99
      Canopy height (m)                                     0.95          -99
      Tops N at anthesis (kg/ha)                               4          -99
      Tops N at maturity (kg/ha)                             154        169.4
      Stem N at maturity (kg/ha)                              30          -99
      Grain N at maturity (kg/ha)                             11          -99
      Grain N at maturity (%)                               4.86          -99
      Grain oil at maturity (%)                             5.00          -99


*ENVIRONMENTAL AND STRESS FACTORS

 |-----Development Phase------|--------------------------------------Environment--------------------------------------|-----------------Stress-----------------|
                              |---------------Average--------------|-----Cumulative-----|--------Count of days--------|          (0=Min, 1=Max Stress)         |
                         Time  Temp  Temp  Temp Solar Photop                Evapo    Pot TMIN TMIN TMAX TMAX TMAX RAIN|----Water----|---Nitrogen--|-Phosphorus-|
                         Span   Max   Min  Mean   Rad  [day]    CO2   Rain  Trans     ET   <    <    >    >    >    >   Photo         Photo         Photo
                         days     C     C     C MJ/m2     hr    ppm     mm     mm    mm   0 C  2 C 30 C 32 C 34 C  0mm  synth Growth  synth Growth  synth Growth
----------------------------------------------------------------------------------------------------------------------------------------------------------------
 First Flower-First Seed   23  31.7  16.2  24.0  23.4  13.30  362.2   66.0    0.0    0.0    0    0   19   11    3    3  0.000  0.000  0.000  0.000  0.000  0.000
 First Seed - Phys. Mat.   34  33.0  20.0  26.5  19.8  13.78  362.3  160.0    0.0    0.0    0    0   30   22   14   14  0.000  0.000  0.000  0.000  0.000  0.000
   
 Planting to Harvest       85  30.5  15.9  23.2  20.7  13.26  362.2  292.0    0.0    0.0    1    2   55   33   17   23  0.000  0.000  0.000  0.000  0.000  0.000
----------------------------------------------------------------------------------------------------------------------------------------------------------------

--------------------------------------------------------------------------------------------------------------

                    Tomato YIELD :     3073 kg/ha    [Dry weight] 

**************************************************************************************************************
