*SIMULATION OVERVIEW FILE

*DSSAT Cropping System Model Ver. 4.8.5.000 -release  APR 28, 2026 22:32:47

*RUN   1        : IhingerHof 2013           CRGRO048 UHIH1301    1
 MODEL          : CRGRO048 - Cabbage
 EXPERIMENT     : UHIH1301 CB 2013 IHINGER HOF - CALIBRATION
 DATA PATH      :
 TREATMENT  1   : IhingerHof 2013           CRGRO048


 CROP           : Cabbage          CULTIVAR : Kalorama  4      ECOTYPE :CB0403
 STARTING DATE  : JAN  1 2013
 PLANTING DATE  : MAY 15 2013      PLANTS/m2 :     4.0    ROW SPACING :  50.cm
 HARVEST DATE   : OCT 10 2013
 WEATHER        : UHIH   2013
 SOIL           : UHIH150004     TEXTURE : SICL  - Clay loam
 SOIL INIT COND : DEPTH: 90cm EXTR. H2O:163.8mm  NO3: 20.6kg/ha  NH4:  0.1kg/ha
 WATER BALANCE  : IRRIGATE ON REPORTED DATE(S)
 IRRIGATION     :       10 mm IN     1 APPLICATIONS
 NITROGEN BAL.  : SOIL-N & N-UPTAKE SIMULATION; NO N-FIXATION
 N-FERTILIZER   :      240 kg/ha IN     1 APPLICATIONS
 RESIDUE/MANURE : INITIAL :     0 kg/ha ;       0 kg/ha IN     0 APPLICATIONS
 ENVIRONM. OPT. : DAYL=    0.00  SRAD=    0.00  TMAX=    0.00  TMIN=    0.00
                  RAIN=    0.00  CO2 =    0.00  DEW =    0.00  WIND=    0.00
 SIMULATION OPT : WATER   :Y  NITROGEN:Y  N-FIX:N  PHOSPH :N  PESTS  :N
                  PHOTO   :L  ET      :R  INFIL:S  HYDROL :R  SOM    :G
                  CO2     :D  NSWIT   :1  EVAP :R  SOIL   :2  STEMP  :D
 MANAGEMENT OPT : PLANTING:R  IRRIG   :R  FERT :R  RESIDUE:N  HARVEST:R
                  WEATHER :M  TILLAGE :Y

*SUMMARY OF SOIL AND GENETIC INPUT PARAMETERS

   SOIL LOWER UPPER   SAT  EXTR  INIT   ROOT   BULK     pH    NO3    NH4    ORG
  DEPTH LIMIT LIMIT    SW    SW    SW   DIST   DENS                          C
   cm   cm3/cm3    cm3/cm3    cm3/cm3         g/cm3         ugN/g  ugN/g     %
-------------------------------------------------------------------------------
  0-  5 0.160 0.342 0.434 0.182 0.342   0.41   1.43   7.10   2.10   0.01 -99.00
  5- 15 0.160 0.342 0.434 0.182 0.342   0.41   1.43   7.10   2.10   0.01 -99.00
 15- 30 0.160 0.342 0.434 0.182 0.342   0.41   1.43   7.10   2.10   0.01 -99.00
 30- 45 0.160 0.342 0.434 0.182 0.342   0.22   1.43   7.10   1.50   0.01 -99.00
 45- 60 0.160 0.342 0.434 0.182 0.342   0.22   1.43   7.10   1.50   0.01 -99.00
 60- 90 0.160 0.342 0.434 0.182 0.342   0.22   1.43   7.00   1.20   0.01 -99.00

TOT- 90  14.4  30.8  39.1  16.4  30.8  <--cm   -  kg/ha-->   20.6    0.1      0
SOIL ALBEDO    : 0.13      EVAPORATION LIMIT : 6.00         MIN. FACTOR  : 0.80
RUNOFF CURVE # :80.00      DRAINAGE RATE     : 0.60         FERT. FACTOR : 0.90

 Cabbage          CULTIVAR: 990003-Kalorama  4        ECOTYPE: CB0403
 CSDVAR :13.09  PPSEN  : 0.00  EMG-FLW:26.00  FLW-FSD:16.00  FSD-PHM : 82.00
 WTPSD  :0.190  SDPDVR :  2.2  SDFDUR :23.00  PODDUR :40.00  XFRUIT  :  0.65
 THRESH : 10.0  SDPRO  :0.180  SDLIP   : 0.020


*SIMULATED CROP AND SOIL STATUS AT MAIN DEVELOPMENT STAGES

 RUN NO.     1     IhingerHof 2013         

        CROP GROWTH     BIOMASS         LEAF   CROP N     STRESS      STRESS                                           
   DATE  AGE STAGE        kg/ha    LAI   NUM  kg/ha  %   H2O  Nitr Phos1 Phos2  RSTG                                   
 ------  --- ----------   -----  -----  ----  ---  ---  ----  ----  ----  ----  ----                                   
  1 JAN    0 Start Sim        0   0.00   0.0    0  0.0  0.00  0.00  0.00  0.00     0
 15 MAY    0 Transplant      18   0.02   2.4    1  4.3  0.00  0.00  0.00  0.00     0
 10 JUL   56 First Head    1675   1.57  21.1   78  4.6  0.00  0.00  0.00  0.00     3
 26 JUL   72 End Leaf      4634   2.24  26.1  180  3.9  0.00  0.00  0.00  0.00     5
 29 JUL   75 End Msnode    4788   2.27  26.7  186  3.9  0.00  0.00  0.00  0.00     5
 10 OCT  148 Harvest      10929   1.98  26.7  212  1.9  0.00  0.07  0.00  0.00     5


*MAIN GROWTH AND DEVELOPMENT VARIABLES

@     VARIABLE                                         SIMULATED     MEASURED
      --------                                         ---------     --------
      Anthesis day (dap)                                      50          -99
      First pod day (dap)                                     56          -99
      First seed day (dap)                                    67          -99
      Physiological maturity day (dap)                       -99          -99
      Yield at harvest maturity (kg [dm]/ha)                 692          -99
      Pod/Ear/Panicle weight at maturity (kg [dm]/ha)       7106          -99
      Tops weight at anthesis (kg [dm]/ha)                   913          -99
      Tops weight at maturity (kg [dm]/ha)                 10929          -99
      By-product produced (stalk) at maturity (kg[dm]/ha   10240          -99
      Number at maturity (no/m2)                             514          -99
      Unit wt at maturity (g [dm]/unit)                   0.1346          -99
      Number at maturity (no/unit)                          2.11          -99
      Harvest index at maturity                            0.063          -99
      Threshing % at maturity                               9.74          -99
      Leaf area index, maximum                              2.41          -99
      Leaf number per stem at maturity                     26.68          -99
      Canopy height (m)                                     0.45          -99
      Tops N at anthesis (kg/ha)                              43          -99
      Tops N at maturity (kg/ha)                             212          -99
      Stem N at maturity (kg/ha)                               4          -99
      Grain N at maturity (kg/ha)                             19          -99
      Grain N at maturity (%)                               2.71          -99
      Grain oil at maturity (%)                             1.53          -99


*Resource Productivity
 Growing season length: 149 days 

 Precipitation during growing season       531.2 mm[rain]
   Dry Matter Productivity                  2.06 kg[DM]/m3[rain]          =   20.6 kg[DM]/ha per mm[rain]
   Yield Productivity                       0.13 kg[grain yield]/m3[rain] =    1.3 kg[yield]/ha per mm[rain]

 Evapotranspiration during growing season  309.6 mm[ET]
   Dry Matter Productivity                  3.53 kg[DM]/m3[ET]            =   35.3 kg[DM]/ha per mm[ET]
   Yield Productivity                       0.22 kg[grain yield]/m3[ET]   =    2.2 kg[yield]/ha per mm[ET]

 Transpiration during growing season       184.9 mm[EP]
   Dry Matter Productivity                  5.91 kg[DM]/m3[EP]            =   59.1 kg[DM]/ha per mm[EP]
   Yield Productivity                       0.37 kg[grain yield]/m3[EP]   =    3.7 kg[yield]/ha per mm[EP]

 Irrigation during growing season           10.0 mm[irrig]
   Dry Matter Productivity                109.29 kg[DM]/m3[irrig]         = 1092.9 kg[DM]/ha per mm[irrig]
   Yield Productivity                       6.92 kg[grain yield]/m3[irrig]=   69.2 kg[yield]/ha per mm[irrig]

 N applied during growing season            240. kg[N applied]/ha
   Dry Matter Productivity                  45.5 kg[DM]/kg[N applied]
   Yield Productivity                        2.9 kg[yield]/kg[N applied]

 N uptake during growing season              301 kg[N uptake]/ha
   Dry Matter Productivity                  36.3 kg[DM]/kg[N uptake]
   Yield Productivity                        2.3 kg[yield]/kg[N uptake]

--------------------------------------------------------------------------------------------------------------

                   Cabbage YIELD :      692 kg/ha    [Dry weight] 

**************************************************************************************************************
