*SIMULATION OVERVIEW FILE

*DSSAT Cropping System Model Ver. 4.8.5.000 -release  APR 28, 2026 22:33:19

*RUN   1        : CENTENNIAL, PLT-1         CRGRO048 NCCL8801    1
 MODEL          : CRGRO048 - Soybean
 EXPERIMENT     : NCCL8801 SB WILKERSON, NORTH CAROLINA
 DATA PATH      :
 TREATMENT  1   : CENTENNIAL, PLT-1         CRGRO048


 CROP           : Soybean          CULTIVAR : CENTENNIAL(6)    ECOTYPE :SB0601
 STARTING DATE  : APR  9 1988
 PLANTING DATE  : APR 18 1988      PLANTS/m2 :    25.1    ROW SPACING :  97.cm
 WEATHER        : NCCL   1988
 SOIL           : IBSB910009     TEXTURE : -99   -   Norfolk Sandy Clay Loam
 SOIL INIT COND : DEPTH:136cm EXTR. H2O:183.5mm  NO3: 12.3kg/ha  NH4:  9.8kg/ha
 WATER BALANCE  : IRRIGATE ON REPORTED DATE(S)
 IRRIGATION     :      116 mm IN     4 APPLICATIONS
 NITROGEN BAL.  : SOIL-N, N-UPTAKE & DYNAMIC N-FIXATION SIMULATION
 N-FERTILIZER   :        0 kg/ha IN     0 APPLICATIONS
 RESIDUE/MANURE : INITIAL :     0 kg/ha ;    1000 kg/ha IN     1 APPLICATIONS
 ENVIRONM. OPT. : DAYL=    0.00  SRAD=    0.00  TMAX=    0.00  TMIN=    0.00
                  RAIN=    0.00  CO2 =    0.00  DEW =    0.00  WIND=    0.00
 SIMULATION OPT : WATER   :Y  NITROGEN:Y  N-FIX:Y  PHOSPH :N  PESTS  :N
                  PHOTO   :L  ET      :R  INFIL:S  HYDROL :R  SOM    :G
                  CO2 351ppm  NSWIT   :1  EVAP :R  SOIL   :2  STEMP  :D
 MANAGEMENT OPT : PLANTING:R  IRRIG   :R  FERT :R  RESIDUE:R  HARVEST:M
                  WEATHER :M  TILLAGE :Y

*SUMMARY OF SOIL AND GENETIC INPUT PARAMETERS

   SOIL LOWER UPPER   SAT  EXTR  INIT   ROOT   BULK     pH    NO3    NH4    ORG
  DEPTH LIMIT LIMIT    SW    SW    SW   DIST   DENS                          C
   cm   cm3/cm3    cm3/cm3    cm3/cm3         g/cm3         ugN/g  ugN/g     %
-------------------------------------------------------------------------------
  0-  5 0.042 0.169 0.392 0.127 0.169   1.00   1.20   7.00   1.50   0.60 -99.00
  5- 15 0.042 0.169 0.392 0.127 0.169   1.00   1.20   7.00   1.50   0.60 -99.00
 15- 25 0.042 0.169 0.392 0.127 0.169   0.78   1.20   7.00   1.50   0.60 -99.00
 25- 33 0.044 0.177 0.358 0.133 0.177   0.35   1.20   7.00   1.50   0.60 -99.00
 33- 46 0.056 0.165 0.396 0.109 0.165   0.21   1.20   7.00   0.60   0.60 -99.00
 46- 61 0.150 0.291 0.377 0.141 0.291   0.07   1.20   7.00   0.50   0.60 -99.00
 61- 76 0.150 0.291 0.377 0.141 0.291   0.07   1.20   7.00   0.50   0.60 -99.00
 76-106 0.150 0.291 0.377 0.141 0.291   0.02   1.20   7.00   0.50   0.60 -99.00
106-136 0.150 0.291 0.377 0.141 0.291   0.00   1.20   7.00   0.50   0.60 -99.00

TOT-136  15.6  34.0  51.7  18.3  34.0  <--cm   -  kg/ha-->   12.3    9.8      0
SOIL ALBEDO    : 0.14      EVAPORATION LIMIT : 3.00         MIN. FACTOR  : 1.00
RUNOFF CURVE # :60.00      DRAINAGE RATE     : 0.23         FERT. FACTOR : 0.95

 Soybean          CULTIVAR: IB0014-CENTENNIAL(6)      ECOTYPE: SB0601
 CSDVAR :12.48  PPSEN  : 0.31  EMG-FLW:20.00  FLW-FSD:15.50  FSD-PHM : 34.50
 WTPSD  :0.180  SDPDVR : 2.05  SDFDUR :23.00  PODDUR :10.00  XFRUIT  :  1.00
 THRESH : 78.0  SDPRO  :0.400  SDLIP   : 0.200


*SIMULATED CROP AND SOIL STATUS AT MAIN DEVELOPMENT STAGES

 RUN NO.     1     CENTENNIAL, PLT-1       

        CROP GROWTH     BIOMASS         LEAF   CROP N     STRESS      STRESS                                           
   DATE  AGE STAGE        kg/ha    LAI   NUM  kg/ha  %   H2O  Nitr Phos1 Phos2  RSTG                                   
 ------  --- ----------   -----  -----  ----  ---  ---  ----  ----  ----  ----  ----                                   
  9 APR    0 Start Sim        0   0.00   0.0    0  0.0  0.00  0.00  0.00  0.00     0
 18 APR    0 Sowing           0   0.00   0.0    0  0.0  0.00  0.00  0.00  0.00     0
 30 APR   12 Emergence       12   0.02   0.0    1  5.1  0.00  0.00  0.00  0.00     0
 30 APR   12 End Juven.      12   0.02   0.0    1  5.1  0.00  0.00  0.00  0.00     0
 13 MAY   25 Unifoliate      34   0.06   1.1    2  4.8  0.00  0.00  0.00  0.00     0
 20 MAY   32 Flower Ind      76   0.15   2.6    4  4.7  0.00  0.00  0.00  0.00     0
 10 JUL   83 First Flwr    4170   5.53  14.9  150  3.6  0.02  0.00  0.00  0.00     1
  6 AUG  110 First Pod     6713   6.83  22.7  239  3.6  0.03  0.00  0.00  0.00     3
  6 AUG  110 End Msnode    6713   6.83  22.7  239  3.6  0.00  0.00  0.00  0.00     3
 19 AUG  123 First Seed    7842   6.05  22.7  264  3.4  0.08  0.00  0.00  0.00     5
 24 AUG  128 End Leaf      8039   5.48  22.7  264  3.3  0.00  0.00  0.00  0.00     5
  5 SEP  140 End Pod       8880   4.51  22.7  274  3.1  0.07  0.00  0.00  0.00     5
  1 OCT  166 Phys. Mat     9899   2.23  22.7  305  3.1  0.00  0.00  0.00  0.00     7
 13 OCT  178 Harv. Mat     8761   0.14  22.7  274  3.1  0.00  0.01  0.00  0.00     8
 13 OCT  178 Harvest       8761   0.14  22.7  274  3.1  0.00  0.00  0.00  0.00     8


*MAIN GROWTH AND DEVELOPMENT VARIABLES

@     VARIABLE                                         SIMULATED     MEASURED
      --------                                         ---------     --------
      Emergence day (dap)                                     12          -99
      Anthesis day (dap)                                      83           87
      First pod day (dap)                                    110          121
      First seed day (dap)                                   123          135
      Physiological maturity day (dap)                       166          180
      Harvest maturity day (dap)                             178          -99
      Yield at harvest maturity (kg [dm]/ha)                3683        4074.
      Pod/Ear/Panicle weight at maturity (kg [dm]/ha)       4839          -99
      Tops weight at anthesis (kg [dm]/ha)                  4170          -99
      Tops weight at maturity (kg [dm]/ha)                  8761          -99
      By-product produced (stalk) at maturity (kg[dm]/ha    5080          -99
      Number at maturity (no/m2)                            2188          -99
      Unit wt at maturity (g [dm]/unit)                   0.1684          -99
      Number at maturity (no/unit)                          2.05          -99
      Harvest index at maturity                            0.420          -99
      Threshing % at maturity                              76.10          -99
      Leaf area index, maximum                              6.92          -99
      Leaf number per stem at maturity                     22.65          -99
      Canopy height (m)                                     1.16          -99
      Tops N at anthesis (kg/ha)                             150          -99
      Tops N at maturity (kg/ha)                             274          -99
      Stem N at maturity (kg/ha)                              29          -99
      Grain N at maturity (kg/ha)                            228        275.1
      Grain N at maturity (%)                               6.18        6.752
      Grain oil at maturity (%)                            19.78          -99


*ENVIRONMENTAL AND STRESS FACTORS

 |-----Development Phase------|--------------------------------------Environment--------------------------------------|-----------------Stress-----------------|
                              |---------------Average--------------|-----Cumulative-----|--------Count of days--------|          (0=Min, 1=Max Stress)         |
                         Time  Temp  Temp  Temp Solar Photop                Evapo    Pot TMIN TMIN TMAX TMAX TMAX RAIN|----Water----|---Nitrogen--|-Phosphorus-|
                         Span   Max   Min  Mean   Rad  [day]    CO2   Rain  Trans     ET   <    <    >    >    >    >   Photo         Photo         Photo
                         days     C     C     C MJ/m2     hr    ppm     mm     mm    mm   0 C  2 C 30 C 32 C 34 C  0mm  synth Growth  synth Growth  synth Growth
----------------------------------------------------------------------------------------------------------------------------------------------------------------
 Emergence -First Flower   71  29.8  15.9  22.8  22.6  14.19  351.0  224.4  269.8  402.8    0    0   38   30   17   18  0.002  0.016  0.000  0.001  0.000  0.000
 First Flower-First Seed   40  35.4  24.2  29.8  19.3  13.80  351.3  139.6  205.6  210.4    0    0   38   35   30   14  0.012  0.047  0.000  0.000  0.000  0.000
 First Seed - Phys. Mat.   43  29.5  19.8  24.6  14.3  12.37  351.6  165.8  135.3  143.7    0    0   19   14    3   13  0.005  0.020  0.000  0.001  0.000  0.000
 Emergence  - Phys. Mat.  154  31.1  19.1  25.1  19.5  13.58  351.2  529.8  610.8  757.0    0    0   95   79   50   45  0.005  0.025  0.000  0.001  0.000  0.000
   
 Planting to Harvest      179  29.8  17.6  23.7  19.4  13.41  351.2  577.6  648.4  851.8    0    2   95   79   50   50  0.004  0.022  0.000  0.001  0.000  0.000
----------------------------------------------------------------------------------------------------------------------------------------------------------------


*Resource Productivity
 Growing season length: 179 days 

 Precipitation during growing season       577.6 mm[rain]
   Dry Matter Productivity                  1.52 kg[DM]/m3[rain]          =   15.2 kg[DM]/ha per mm[rain]
   Yield Productivity                       0.64 kg[grain yield]/m3[rain] =    6.4 kg[yield]/ha per mm[rain]

 Evapotranspiration during growing season  648.4 mm[ET]
   Dry Matter Productivity                  1.35 kg[DM]/m3[ET]            =   13.5 kg[DM]/ha per mm[ET]
   Yield Productivity                       0.57 kg[grain yield]/m3[ET]   =    5.7 kg[yield]/ha per mm[ET]

 Transpiration during growing season       503.4 mm[EP]
   Dry Matter Productivity                  1.74 kg[DM]/m3[EP]            =   17.4 kg[DM]/ha per mm[EP]
   Yield Productivity                       0.73 kg[grain yield]/m3[EP]   =    7.3 kg[yield]/ha per mm[EP]

 Irrigation during growing season          116.0 mm[irrig]
   Dry Matter Productivity                  7.55 kg[DM]/m3[irrig]         =   75.5 kg[DM]/ha per mm[irrig]
   Yield Productivity                       3.17 kg[grain yield]/m3[irrig]=   31.8 kg[yield]/ha per mm[irrig]

 N uptake during growing season              106 kg[N uptake]/ha
   Dry Matter Productivity                  82.7 kg[DM]/kg[N uptake]
   Yield Productivity                       34.7 kg[yield]/kg[N uptake]

--------------------------------------------------------------------------------------------------------------

                   Soybean YIELD :     3683 kg/ha    [Dry weight] 

**************************************************************************************************************
