*SIMULATION OVERVIEW FILE

*DSSAT Cropping System Model Ver. 4.8.5.000 -release  APR 28, 2026 22:33:26

*RUN   1        : 1743 H2O stress 2002      SCCAN048 UFBG0201    1
 MODEL          : SCCAN048 - Sugarcane
 EXPERIMENT     : UFBG0201 SC NEW COEFFICIENT SCREENING
 DATA PATH      :
 TREATMENT  1   : 1743 H2O stress 2002      SCCAN048


 CROP           : Sugarcane        CULTIVAR : CP 80-1743       ECOTYPE :SC0013
 STARTING DATE  : NOV  5 2002
 PLANTING DATE  : NOV 15 2002      PLANTS/m2 :     1.5    ROW SPACING : 150.cm
 HARVEST DATE   : FEB 15 2004
 WEATHER        : UFBG   2002
 SOIL           : UFBG760002     TEXTURE : SL    -   Lauderhill Muck
 SOIL INIT COND : DEPTH: 71cm EXTR. H2O: 63.5mm  NO3:  0.0kg/ha  NH4:  0.0kg/ha
 WATER BALANCE  : IRRIGATE ON REPORTED DAP
 IRRIGATION     :      170 mm IN     7 APPLICATIONS
 NITROGEN BAL.  : NOT SIMULATED ; NO N-STRESS
 N-FERTILIZER   :
 RESIDUE/MANURE :
 ENVIRONM. OPT. : DAYL=    0.00  SRAD=    0.00  TMAX=    0.00  TMIN=    0.00
                  RAIN=    0.00  CO2 =    0.00  DEW =    0.00  WIND=    0.00
 SIMULATION OPT : WATER   :Y  NITROGEN:N  N-FIX:N  PHOSPH :N  PESTS  :N
                  PHOTO   :C  ET      :R  INFIL:S  HYDROL :R  SOM    :G
                  CO2 374ppm  NSWIT   :1  EVAP :R  SOIL   :2  STEMP  :D
 MANAGEMENT OPT : PLANTING:R  IRRIG   :D  FERT :N  RESIDUE:N  HARVEST:R
                  WEATHER :M  TILLAGE :N

*SUMMARY OF SOIL AND GENETIC INPUT PARAMETERS

   SOIL LOWER UPPER   SAT  EXTR  INIT   ROOT   BULK     pH    NO3    NH4    ORG
  DEPTH LIMIT LIMIT    SW    SW    SW   DIST   DENS                          C
   cm   cm3/cm3    cm3/cm3    cm3/cm3         g/cm3         ugN/g  ugN/g     %
-------------------------------------------------------------------------------
  0-  5 0.150 0.250 0.500 0.100 0.250   1.00   0.35   6.20   0.00   0.00  45.00
  5- 15 0.150 0.250 0.500 0.100 0.250   1.00   0.35   6.20   0.00   0.00  45.00
 15- 20 0.150 0.250 0.500 0.100 0.250   1.00   0.35   6.20   0.00   0.00  45.00
 20- 32 0.150 0.250 0.500 0.100 0.250   0.52   0.35   6.30   0.00   0.00  46.00
 32- 45 0.150 0.250 0.500 0.100 0.250   0.52   0.35   6.30   0.00   0.00  46.00
 45- 60 0.150 0.250 0.500 0.100 0.250   0.33   0.35   6.60   0.00   0.00  40.00
 60- 71 0.026 0.058 0.402 0.032 0.058   0.01   1.53   8.40   0.00   0.00 -99.00

TOT- 71   9.3  15.6  34.4   6.4  15.6  <--cm   -  kg/ha-->    0.0    0.0      0
SOIL ALBEDO    : 0.09      EVAPORATION LIMIT : 6.00         MIN. FACTOR  : 1.00
RUNOFF CURVE # :61.00      DRAINAGE RATE     : 0.25         FERT. FACTOR : 1.00

 Sugarcane        CULTIVAR: CP1743-CP 80-1743         ECOTYPE: SC0013


*SIMULATED CROP AND SOIL STATUS AT MAIN DEVELOPMENT STAGES

 RUN NO.     1     1743 H2O stress 2002    

        CROP GROWTH     BIOMASS         LEAF   CROP N     STRESS      STRESS                                           
   DATE  AGE STAGE        kg/ha    LAI   NUM  kg/ha  %   H2O  Nitr Phos1 Phos2  RSTG                                   
 ------  --- ----------   -----  -----  ----  ---  ---  ----  ----  ----  ----  ----                                   
  5 NOV    0 Start sim        0   0.00   0.0    0  0.0  0.00  0.00  0.00  0.00     0
 10 DEC   25 Emergence        0   0.00   0.0    0  0.0  0.00  0.00  0.00  0.00     0
  8 APR  144 Stlk emerg    1297   0.45   0.0    0  0.0  0.00  0.00  0.00  0.00     0
 30 APR  166 Peak popul    3831   0.84   0.0    0  0.0  0.09  0.00  0.00  0.00     0
 15 FEB  457 Harvest      54267  16.53   0.0    0  0.0  0.04  0.00  0.00  0.00     0


*MAIN GROWTH AND DEVELOPMENT VARIABLES

@     VARIABLE                                         SIMULATED     MEASURED
      --------                                         ---------     --------
      Sucrose dry mass at harvest (t/ha)                   18.64        13.14
      Aerial dry biomass at harvest (t/ha)                 54.27          -99
      Stalk (millable) dry mass at harvest (t/ha)          37.20        32.16
      Trash (residue) dry mass at harvest (t/ha)            8.61          9.9
      Green leaf area index at harvest (m2/m2)              5.27          -99
      Leaf area index, maximum                              5.72          -99
      Canopy height (m)                                     3.59          -99
      Harvest index at maturity                             0.50         0.41
      Leaf number per stem at maturity                     12.00          -99
      Emergence day (dap)                                     25          -99
      Fresh cane yield (t/ha)                              132.7          -99


*ENVIRONMENTAL AND STRESS FACTORS

 |-----Development Phase------|--------------------------------------Environment--------------------------------------|-----------------Stress-----------------|
                              |---------------Average--------------|-----Cumulative-----|--------Count of days--------|          (0=Min, 1=Max Stress)         |
                         Time  Temp  Temp  Temp Solar Photop                Evapo    Pot TMIN TMIN TMAX TMAX TMAX RAIN|----Water----|---Nitrogen--|-Phosphorus-|
                         Span   Max   Min  Mean   Rad  [day]    CO2   Rain  Trans     ET   <    <    >    >    >    >   Photo         Photo         Photo
                         days     C     C     C MJ/m2     hr    ppm     mm     mm    mm   0 C  2 C 30 C 32 C 34 C  0mm  synth Growth  synth Growth  synth Growth
----------------------------------------------------------------------------------------------------------------------------------------------------------------
 Planting to Emergence     25  24.0  13.5  18.7  10.7  10.49  374.0   45.2   28.1   65.7    0    0    1    0    0    6  0.000  0.000  0.000  0.000  0.000  0.000
 Emergence->Stk Elongatn  119  25.2  12.5  18.8  14.8  11.07  374.5  227.2  157.3  434.5    0    4   25    7    0   28  0.000  0.000  0.000  0.000  0.000  0.000
 Stk Elong to Peak Popn.   22  27.9  16.1  22.0  20.4  12.72  375.0   95.0   55.8  112.1    0    0    4    1    0    4  0.022  0.091  0.000  0.000  0.000  0.000
 Peak Popn. to Harvest    292  29.0  18.2  23.6  15.2  11.99  376.0  846.2 1000.2 1063.5    0    1  154   75    3  112  0.014  0.037  0.000  0.000  0.000  0.000
   
 Emergence to Harvest     433  27.9  16.6  22.2  15.3  11.77  375.5   1168   1213   1610    0    5  183   83    3  144  0.011  0.029  0.000  0.000  0.000  0.000
----------------------------------------------------------------------------------------------------------------------------------------------------------------


*Resource Productivity
 Growing season length: 433 days 

 Precipitation during growing season      1168.4 mm[rain]
   Dry Matter Productivity                  4.64 kg[DM]/m3[rain]          =   46.4 kg[DM]/ha per mm[rain]
   Yield Productivity                       1.60 kg[grain yield]/m3[rain] =   16.0 kg[yield]/ha per mm[rain]

 Evapotranspiration during growing season 1213.3 mm[ET]
   Dry Matter Productivity                  4.47 kg[DM]/m3[ET]            =   44.7 kg[DM]/ha per mm[ET]
   Yield Productivity                       1.54 kg[grain yield]/m3[ET]   =   15.4 kg[yield]/ha per mm[ET]

 Transpiration during growing season       923.0 mm[EP]
   Dry Matter Productivity                  5.88 kg[DM]/m3[EP]            =   58.8 kg[DM]/ha per mm[EP]
   Yield Productivity                       2.02 kg[grain yield]/m3[EP]   =   20.2 kg[yield]/ha per mm[EP]

 Irrigation during growing season          170.0 mm[irrig]
   Dry Matter Productivity                 31.92 kg[DM]/m3[irrig]         =  319.2 kg[DM]/ha per mm[irrig]
   Yield Productivity                      10.96 kg[grain yield]/m3[irrig]=  109.6 kg[yield]/ha per mm[irrig]

--------------------------------------------------------------------------------------------------------------

                 Sugarcane YIELD :    18638 kg/ha    [Dry weight] 

**************************************************************************************************************
