*SIMULATION OVERVIEW FILE

*DSSAT Cropping System Model Ver. 4.8.5.000 -release  APR 28, 2026 22:33:23

*RUN   1        : Bucharest 1997            BSCER048 BU019701    1
 MODEL          : BSCER048 - Sugar beet
 EXPERIMENT     : BU019701 BS BUCHAREST, ROMANIA 1997
 DATA PATH      :
 TREATMENT  1   : Bucharest 1997            BSCER048


 CROP           : Sugar beet       CULTIVAR : Emma             ECOTYPE :IB0002
 STARTING DATE  : APR 29 1997
 PLANTING DATE  : APR 29 1997      PLANTS/m2 :    10.0    ROW SPACING :  50.cm
 WEATHER        : BUCH   1997
 SOIL           : IB00000001     TEXTURE : SIC   -   DEFAULT - DEEP SILTY CL
 SOIL INIT COND : DEPTH:210cm EXTR. H2O:276.6mm  NO3:  0.0kg/ha  NH4:  0.0kg/ha
 WATER BALANCE  : IRRIGATE ON REPORTED DATE(S)
 IRRIGATION     :        0 mm IN     0 APPLICATIONS
 NITROGEN BAL.  : SOIL-N & N-UPTAKE SIMULATION; NO N-FIXATION
 N-FERTILIZER   :        0 kg/ha IN     0 APPLICATIONS
 RESIDUE/MANURE : INITIAL :     0 kg/ha ;       0 kg/ha IN     0 APPLICATIONS
 ENVIRONM. OPT. : DAYL=    0.00  SRAD=    0.00  TMAX=    0.00  TMIN=    0.00
                  RAIN=    0.00  CO2 =    0.00  DEW =    0.00  WIND=    0.00
 SIMULATION OPT : WATER   :Y  NITROGEN:Y  N-FIX:N  PHOSPH :N  PESTS  :N
                  PHOTO   :C  ET      :R  INFIL:S  HYDROL :R  SOM    :G
                  CO2 363ppm  NSWIT   :1  EVAP :R  SOIL   :2  STEMP  :D
 MANAGEMENT OPT : PLANTING:R  IRRIG   :R  FERT :R  RESIDUE:R  HARVEST:M
                  WEATHER :M  TILLAGE :Y

*SUMMARY OF SOIL AND GENETIC INPUT PARAMETERS

   SOIL LOWER UPPER   SAT  EXTR  INIT   ROOT   BULK     pH    NO3    NH4    ORG
  DEPTH LIMIT LIMIT    SW    SW    SW   DIST   DENS                          C
   cm   cm3/cm3    cm3/cm3    cm3/cm3         g/cm3         ugN/g  ugN/g     %
-------------------------------------------------------------------------------
  0-  5 0.228 0.385 0.481 0.157 0.385   1.00   1.30   6.50   0.00   0.00   1.75
  5- 15 0.228 0.385 0.481 0.157 0.385   1.00   1.30   6.50   0.00   0.00   1.75
 15- 30 0.249 0.406 0.482 0.157 0.406   0.64   1.30   6.50   0.00   0.00   1.60
 30- 45 0.249 0.406 0.465 0.157 0.406   0.47   1.35   6.50   0.00   0.00   1.45
 45- 60 0.249 0.406 0.465 0.157 0.406   0.35   1.35   6.50   0.00   0.00   1.45
 60- 90 0.308 0.456 0.468 0.148 0.456   0.22   1.35   6.50   0.00   0.00   1.10
 90-120 0.207 0.341 0.452 0.134 0.341   0.12   1.40   6.50   0.00   0.00   0.65
120-150 0.243 0.365 0.455 0.122 0.365   0.07   1.40   6.50   0.00   0.00   0.30
150-180 0.259 0.361 0.457 0.102 0.361   0.04   1.40   6.50   0.00   0.00   0.10
180-210 0.259 0.361 0.457 0.102 0.361   0.02   1.40   6.50   0.00   0.00   0.01

TOT-210  52.9  80.6  97.1  27.7  80.6  <--cm   -  kg/ha-->    0.0    0.0 213120
SOIL ALBEDO    : 0.11      EVAPORATION LIMIT : 6.00         MIN. FACTOR  : 1.00
RUNOFF CURVE # :85.00      DRAINAGE RATE     : 0.30         FERT. FACTOR : 1.00

 Sugar beet       CULTIVAR: BU0003-Emma               ECOTYPE: IB0002
 P1     : 969.00  P2     : 0.0000  P5     : 730.00
 G2     : 160.00  G3     : 25.200  PHINT  :  0.000


*SIMULATED CROP AND SOIL STATUS AT MAIN DEVELOPMENT STAGES

 RUN NO.     1     Bucharest 1997          

        CROP GROWTH     BIOMASS         LEAF   CROP N     STRESS      STRESS                                           
   DATE  AGE STAGE        kg/ha    LAI   NUM  kg/ha  %   H2O  Nitr Phos1 Phos2  RSTG                                   
 ------  --- ----------   -----  -----  ----  ---  ---  ----  ----  ----  ----  ----                                   
 29 APR    0 Sowing           0   0.00   0.0    0  0.0  0.00  0.00  1.00  1.00     8
 29 APR    0 Start Sim        0   0.00   0.0    0  0.0  0.00  0.00  0.00  0.00     8
 30 APR    1 Germinate        0   0.00   0.0    0  0.0  0.00  0.00  1.00  1.00     9
  1 MAY    2 Emergence       40   0.03   1.8    2  4.4  0.00  0.03  1.00  1.00     1
  2 JUN   34 End Juveni      44   0.08  10.2    2  4.0  0.15  0.00  1.00  1.00     2
  6 JUN   38 Leaf  grow     131   0.23  11.1    5  3.7  0.00  0.00  1.00  1.00     3
  6 AUG   99 End Lf Gro    5072   4.61  23.9  122  2.4  0.07  0.00  1.00  1.00     4
 31 AUG  124 Beg Ef Gro    6382   4.25  23.9  115  1.8  0.00  0.01  1.00  1.00     5
 13 OCT  167 End Ef Gro    5689   1.84  23.9   55  1.0  0.00  0.00  1.00  1.00     6
 20 OCT  174 Maturity      5689   1.84  23.9   55  1.0  0.00  0.01  1.00  1.00    10
 20 OCT  174 Harvest       5689   1.84  23.9   55  1.0  0.00  0.00  0.00  0.00    10


*MAIN GROWTH AND DEVELOPMENT VARIABLES

@     VARIABLE                                         SIMULATED     MEASURED
      --------                                         ---------     --------
      Anthesis day (dap)                                      99          -99
      Physiological maturity day (dap)                       174          -99
      Yield at harvest maturity (kg [dm]/ha)               19495          -99
      Number at maturity (no/m2)                               0          -99
      Unit wt at maturity (g [dm]/unit)                   0.0000          -99
      Number at maturity (no/unit)                           1.0          -99
      Tops weight at maturity (kg [dm]/ha)                  5689          -99
      By-product produced (stalk) at maturity (kg[dm]/ha       0          -99
      Leaf area index, maximum                              4.63          -99
      Harvest index at maturity                            0.774          -99
      Tops N at maturity (kg/ha)                              55          -99
      Stem N at maturity (kg/ha)                              55          -99
      Tops weight at anthesis (kg [dm]/ha)                  4992          -99
      Tops N at anthesis (kg/ha)                             122          -99
      Leaf number per stem at maturity                     23.92          -99
      Emergence day (dap)                                      2          -99


*ENVIRONMENTAL AND STRESS FACTORS

 |-----Development Phase------|--------------------------------------Environment--------------------------------------|-----------------Stress-----------------|
                              |---------------Average--------------|-----Cumulative-----|--------Count of days--------|          (0=Min, 1=Max Stress)         |
                         Time  Temp  Temp  Temp Solar Photop                Evapo    Pot TMIN TMIN TMAX TMAX TMAX RAIN|----Water----|---Nitrogen--|-Phosphorus-|
                         Span   Max   Min  Mean   Rad  [day]    CO2   Rain  Trans     ET   <    <    >    >    >    >   Photo         Photo         Photo
                         days     C     C     C MJ/m2     hr    ppm     mm     mm    mm   0 C  2 C 30 C 32 C 34 C  0mm  synth Growth  synth Growth  synth Growth
----------------------------------------------------------------------------------------------------------------------------------------------------------------
 Emergence-End Juvenile    32  25.4   9.3  17.3  20.5  14.62  363.4  108.6   42.4  156.9    0    0    4    1    0    9  0.127  0.147  0.000  0.001  1.000  1.000
 End Juvenil-Leaf Grow      4  29.5  11.3  20.4  17.5  15.17  363.4    4.3    9.4   17.9    0    0    1    0    0    1  0.000  0.000  0.000  0.000  1.000  1.000
 Effec Lf Gro-End Lf Gro   61  28.9  15.0  22.0  19.2  15.07  363.6  152.1  239.0  273.0    0    0   18    3    2   30  0.017  0.067  0.000  0.000  1.000  1.000
 End Lf Grth-Beg Ef Gro    25  26.9  14.6  20.7  14.6  13.72  363.8  185.1   79.9   80.1    0    0    4    0    0   25  0.000  0.000  0.005  0.014  1.000  1.000
 Eff Growth Phase          43  23.0   7.3  15.2  12.9  11.99  364.0  257.2  109.9  110.2    0    1    0    0    0   33  0.000  0.000  0.000  0.001  1.000  1.000
   
 Planting to Harvest      174  25.8  11.4  18.6  16.6  13.84  363.7  766.3  495.9  653.3    1    3   27    4    2  103  0.029  0.051  0.001  0.003  1.000  1.000
----------------------------------------------------------------------------------------------------------------------------------------------------------------


*Resource Productivity
 Growing season length: 174 days 

 Precipitation during growing season       766.3 mm[rain]
   Dry Matter Productivity                  0.74 kg[DM]/m3[rain]          =    7.4 kg[DM]/ha per mm[rain]
   Yield Productivity                       2.54 kg[grain yield]/m3[rain] =   25.4 kg[yield]/ha per mm[rain]

 Evapotranspiration during growing season  495.9 mm[ET]
   Dry Matter Productivity                  1.15 kg[DM]/m3[ET]            =   11.5 kg[DM]/ha per mm[ET]
   Yield Productivity                       3.93 kg[grain yield]/m3[ET]   =   39.3 kg[yield]/ha per mm[ET]

 Transpiration during growing season       368.3 mm[EP]
   Dry Matter Productivity                  1.54 kg[DM]/m3[EP]            =   15.4 kg[DM]/ha per mm[EP]
   Yield Productivity                       5.29 kg[grain yield]/m3[EP]   =   52.9 kg[yield]/ha per mm[EP]

 N uptake during growing season              307 kg[N uptake]/ha
   Dry Matter Productivity                  18.5 kg[DM]/kg[N uptake]
   Yield Productivity                       63.5 kg[yield]/kg[N uptake]

--------------------------------------------------------------------------------------------------------------

                Sugar beet YIELD :    19495 kg/ha    [Dry weight] 

**************************************************************************************************************
