*SIMULATION OVERVIEW FILE

*DSSAT Cropping System Model Ver. 4.8.5.000 -release  APR 28, 2026 22:32:45

*RUN   1        : 81 Treatment 1            CRGRO048 CCYU8101    1
 MODEL          : CRGRO048 - Brachiaria
 EXPERIMENT     : CCYU8101 BR BRACHIARIA ON YURIMAGUAS
 DATA PATH      :
 TREATMENT  1   : 81 Treatment 1            CRGRO048


 CROP           : Brachiaria       CULTIVAR : Brachiaria 2     ECOTYPE :BR0001
 STARTING DATE  : NOV  3 1980
 PLANTING DATE  : NOV 11 1980      PLANTS/m2 :   100.0    ROW SPACING :  10.cm
 HARVEST DATE   : MAY 30 1983
 WEATHER        : CCYU   1980
 SOIL           : CCYU820001     TEXTURE : LOSA  -   ULTISOL, TYPIC PALEUDUL
 SOIL INIT COND : DEPTH:120cm EXTR. H2O:169.0mm  NO3: 38.9kg/ha  NH4: 10.8kg/ha
 WATER BALANCE  : IRRIGATE ON REPORTED DATE(S)
 IRRIGATION     :        0 mm IN     0 APPLICATIONS
 NITROGEN BAL.  : SOIL-N & N-UPTAKE SIMULATION; NO N-FIXATION
 N-FERTILIZER   :      100 kg/ha IN     2 APPLICATIONS
 RESIDUE/MANURE : INITIAL :     0 kg/ha ;       0 kg/ha IN     0 APPLICATIONS
 ENVIRONM. OPT. : DAYL=    0.00  SRAD=    0.00  TMAX=    0.00  TMIN=    0.00
                  RAIN=    0.00  CO2 =    0.00  DEW =    0.00  WIND=    0.00
 SIMULATION OPT : WATER   :Y  NITROGEN:Y  N-FIX:N  PHOSPH :N  PESTS  :Y
                  PHOTO   :C  ET      :R  INFIL:S  HYDROL :R  SOM    :P
                  CO2 339ppm  NSWIT   :1  EVAP :R  SOIL   :2  STEMP  :D
 MANAGEMENT OPT : PLANTING:R  IRRIG   :R  FERT :R  RESIDUE:N  HARVEST:R
                  WEATHER :M  TILLAGE :N

*SUMMARY OF SOIL AND GENETIC INPUT PARAMETERS

   SOIL LOWER UPPER   SAT  EXTR  INIT   ROOT   BULK     pH    NO3    NH4    ORG
  DEPTH LIMIT LIMIT    SW    SW    SW   DIST   DENS                          C
   cm   cm3/cm3    cm3/cm3    cm3/cm3         g/cm3         ugN/g  ugN/g     %
-------------------------------------------------------------------------------
  0-  5 0.060 0.190 0.440 0.130 0.190   0.95   1.30   4.40   6.30   0.50   1.20
  5- 15 0.060 0.205 0.440 0.145 0.205   0.82   1.53   4.40   4.60   0.35   1.03
 15- 20 0.060 0.210 0.440 0.150 0.210   0.70   1.55   4.40   3.90   0.20   0.88
 20- 25 0.060 0.200 0.410 0.140 0.200   0.63   1.55   4.60   3.50   0.20   0.80
 25- 30 0.060 0.200 0.410 0.140 0.200   0.58   1.57   4.60   3.20   0.20   0.73
 30- 35 0.060 0.200 0.410 0.140 0.200   0.52   1.58   4.60   2.80   0.20   0.65
 35- 40 0.060 0.200 0.410 0.140 0.200   0.47   1.59   4.60   2.60   0.20   0.60
 40- 55 0.060 0.200 0.410 0.140 0.200   0.33   1.62   4.60   1.80   0.20   0.42
 55- 70 0.060 0.200 0.410 0.140 0.200   0.33   1.62   4.60   1.80   0.20   0.42
 70- 95 0.059 0.200 0.410 0.141 0.200   0.15   1.63   4.60   0.80   1.00   0.19
 95-120 0.059 0.200 0.410 0.141 0.200   0.15   1.63   4.60   0.80   1.00   0.19

TOT-120   7.1  24.0  49.8  16.9  24.0  <--cm   -  kg/ha-->   38.9   10.8  88112
SOIL ALBEDO    : 0.15      EVAPORATION LIMIT :11.50         MIN. FACTOR  : 1.00
RUNOFF CURVE # :75.00      DRAINAGE RATE     : 0.65         FERT. FACTOR : 1.00

 Brachiaria       CULTIVAR: CC0002-Brachiaria 2       ECOTYPE: BR0001
 CSDVAR :12.00  PPSEN  : 0.20  EMG-FLW:99.00  FLW-FSD:18.00  FSD-PHM : 33.00
 WTPSD  :0.002  SDPDVR :  2.0  SDFDUR :18.00  PODDUR :20.00  XFRUIT  :  0.01
 THRESH : 78.0  SDPRO  :0.398  SDLIP   : 0.500


*SIMULATED CROP AND SOIL STATUS AT MAIN DEVELOPMENT STAGES

 RUN NO.     1     81 Treatment 1          

        CROP GROWTH     BIOMASS         LEAF   CROP N     STRESS      STRESS                                           
   DATE  AGE STAGE        kg/ha    LAI   NUM  kg/ha  %   H2O  Nitr Phos1 Phos2  RSTG                                   
 ------  --- ----------   -----  -----  ----  ---  ---  ----  ----  ----  ----  ----                                   
  3 NOV    0 Start Sim        0   0.00   0.0    0  0.0  0.00  0.00  0.00  0.00     0
 11 NOV    0 Sowing           0   0.00   0.0    0  0.0  0.00  0.00  0.00  0.00     0
 15 NOV    4 Emergence        1   0.00   0.1    0  2.2  0.00  0.00  0.00  0.00     0
 22 NOV   11 First Leaf       2   0.00   1.0    0  2.2  0.11  0.00  0.00  0.00     0
 30 MAY  930 Harvest       7628   5.40  20.7   74  1.0  0.00  0.07  0.00  0.00     0


*MAIN GROWTH AND DEVELOPMENT VARIABLES

@     VARIABLE                                         SIMULATED     MEASURED
      --------                                         ---------     --------
      Emergence day (dap)                                      4          -99
      Anthesis day (dap)                                     -99          -99
      Physiological maturity day (dap)                       -99          -99
      Yield at harvest maturity (kg [dm]/ha)                   0          -99
      Pod/Ear/Panicle weight at maturity (kg [dm]/ha)          0          -99
      Tops weight at anthesis (kg [dm]/ha)                     0          -99
      Tops weight at maturity (kg [dm]/ha)                  7628          -99
      By-product produced (stalk) at maturity (kg[dm]/ha    7630          -99
      Number at maturity (no/m2)                               0          -99
      Unit wt at maturity (g [dm]/unit)                   0.0000          -99
      Number at maturity (no/unit)                          0.00          -99
      Harvest index at maturity                            0.000          -99
      Threshing % at maturity                               0.00          -99
      Leaf area index, maximum                              7.39          -99
      Leaf number per stem at maturity                     20.69          -99
      Canopy height (m)                                     0.40          -99
      Tops N at anthesis (kg/ha)                               0          -99
      Tops N at maturity (kg/ha)                              74          -99
      Stem N at maturity (kg/ha)                              31          -99
      Grain N at maturity (kg/ha)                              0          -99
      Grain N at maturity (%)                               0.00          -99
      Grain oil at maturity (%)                             0.00          -99


*ENVIRONMENTAL AND STRESS FACTORS

 |-----Development Phase------|--------------------------------------Environment--------------------------------------|-----------------Stress-----------------|
                              |---------------Average--------------|-----Cumulative-----|--------Count of days--------|          (0=Min, 1=Max Stress)         |
                         Time  Temp  Temp  Temp Solar Photop                Evapo    Pot TMIN TMIN TMAX TMAX TMAX RAIN|----Water----|---Nitrogen--|-Phosphorus-|
                         Span   Max   Min  Mean   Rad  [day]    CO2   Rain  Trans     ET   <    <    >    >    >    >   Photo         Photo         Photo
                         days     C     C     C MJ/m2     hr    ppm     mm     mm    mm   0 C  2 C 30 C 32 C 34 C  0mm  synth Growth  synth Growth  synth Growth
----------------------------------------------------------------------------------------------------------------------------------------------------------------
 Emergence  - Phys. Mat.  926  31.1  20.6  25.8  12.1  12.02  340.7   6414   2622   2706    0    0  673  313   26  393  0.000  0.001  0.488  0.065  0.000  0.000
   
 Planting to Harvest      931  31.1  20.6  25.8  12.1  12.02  340.7   6446   2634   2724    0    0  676  315   26  394  0.000  0.001  0.486  0.065  0.000  0.000
----------------------------------------------------------------------------------------------------------------------------------------------------------------


*Resource Productivity
 Growing season length: 931 days 

 Precipitation during growing season      6446.0 mm[rain]
   Dry Matter Productivity                  0.12 kg[DM]/m3[rain]          =    1.2 kg[DM]/ha per mm[rain]
   Yield Productivity                       0.00 kg[grain yield]/m3[rain] =    0.0 kg[yield]/ha per mm[rain]

 Evapotranspiration during growing season 2633.6 mm[ET]
   Dry Matter Productivity                  0.29 kg[DM]/m3[ET]            =    2.9 kg[DM]/ha per mm[ET]
   Yield Productivity                       0.00 kg[grain yield]/m3[ET]   =    0.0 kg[yield]/ha per mm[ET]

 Transpiration during growing season      2275.3 mm[EP]
   Dry Matter Productivity                  0.34 kg[DM]/m3[EP]            =    3.4 kg[DM]/ha per mm[EP]
   Yield Productivity                       0.00 kg[grain yield]/m3[EP]   =    0.0 kg[yield]/ha per mm[EP]

 N applied during growing season            100. kg[N applied]/ha
   Dry Matter Productivity                  76.3 kg[DM]/kg[N applied]
   Yield Productivity                        0.0 kg[yield]/kg[N applied]

 N uptake during growing season              634 kg[N uptake]/ha
   Dry Matter Productivity                  12.0 kg[DM]/kg[N uptake]
   Yield Productivity                        0.0 kg[yield]/kg[N uptake]

--------------------------------------------------------------------------------------------------------------

                Brachiaria YIELD :        0 kg/ha    [Dry weight] 

**************************************************************************************************************
