*SIMULATION OVERVIEW FILE

*DSSAT Cropping System Model Ver. 4.8.5.000 -release  APR 28, 2026 22:33:16

*RUN   1        : 25/15 T; 400 ppm          CRGRO048 GAGR0201    1
 MODEL          : CRGRO048 - Soybean
 EXPERIMENT     : GAGR0201 SB GEORGIA ENVIROTRON CONTROL STUDY, 2002
 DATA PATH      :
 TREATMENT  1   : 25/15 T; 400 ppm          CRGRO048


 CROP           : Soybean          CULTIVAR : Hutcheson        ECOTYPE :SB0501
 STARTING DATE  : OCT  1 2002
 PLANTING DATE  : OCT 30 2002      PLANTS/m2 :    16.0    ROW SPACING :  18.cm
 HARVEST DATE   : DEC 13 2002
 WEATHER        : GAGR   2002
 SOIL           : IBMZ910114     TEXTURE : FSA   -   Millhopper Fine Sand
 SOIL INIT COND : DEPTH:180cm EXTR. H2O:160.9mm  NO3: 19.1kg/ha  NH4:  2.6kg/ha
 WATER BALANCE  : AUTOMATIC IRRIGATION - REFILL PROFILE
 IRRIGATION     : AUTOMATIC [SOIL DEPTH: 0.30 m 50.%]
 NITROGEN BAL.  : SOIL-N, N-UPTAKE & DYNAMIC N-FIXATION SIMULATION
 N-FERTILIZER   :       75 kg/ha IN     5 APPLICATIONS
 RESIDUE/MANURE : INITIAL :     0 kg/ha ;       0 kg/ha IN     0 APPLICATIONS
 ENVIRONM. OPT. : DAYL= R 16.00  SRAD= R 18.70  TMAX= R 25.00  TMIN= R 15.00
                  RAIN= A  0.00  CO2 = R 400.0  DEW =A  0.00  WIND=A  0.00
 SIMULATION OPT : WATER   :Y  NITROGEN:Y  N-FIX:Y  PHOSPH :N  PESTS  :N
                  PHOTO   :L  ET      :R  INFIL:S  HYDROL :R  SOM    :G
                  CO2 374ppm  NSWIT   :1  EVAP :R  SOIL   :2  STEMP  :D
 MANAGEMENT OPT : PLANTING:R  IRRIG   :A  FERT :R  RESIDUE:N  HARVEST:R
                  WEATHER :M  TILLAGE :N

*SUMMARY OF SOIL AND GENETIC INPUT PARAMETERS

   SOIL LOWER UPPER   SAT  EXTR  INIT   ROOT   BULK     pH    NO3    NH4    ORG
  DEPTH LIMIT LIMIT    SW    SW    SW   DIST   DENS                          C
   cm   cm3/cm3    cm3/cm3    cm3/cm3         g/cm3         ugN/g  ugN/g     %
-------------------------------------------------------------------------------
  0-  5 0.026 0.096 0.230 0.070 0.210   1.00   1.30   7.00   2.30   0.30   2.00
  5- 15 0.025 0.086 0.230 0.061 0.210   1.00   1.30   7.00   2.30   0.30   1.00
 15- 30 0.025 0.086 0.230 0.061 0.210   0.70   1.40   7.00   2.30   0.30   1.00
 30- 45 0.025 0.086 0.230 0.061 0.210   0.30   1.40   7.00   2.30   0.30   0.50
 45- 60 0.025 0.086 0.230 0.061 0.210   0.30   1.40   7.00   2.30   0.30   0.50
 60- 90 0.028 0.090 0.230 0.062 0.210   0.05   1.45   7.00   0.01   0.01   0.10
 90-120 0.028 0.090 0.230 0.062 0.210   0.03   1.45   7.00   0.01   0.01   0.10
120-150 0.029 0.130 0.230 0.101 0.210   0.00   1.45   7.00   0.01   0.01   0.04
150-180 0.070 0.258 0.360 0.188 0.210   0.00   1.20   7.00   0.01   0.01   0.24

TOT-180   6.2  22.2  45.3  16.1  37.8  <--cm   -  kg/ha-->   19.1    2.6  87080
SOIL ALBEDO    : 0.18      EVAPORATION LIMIT : 2.00         MIN. FACTOR  : 1.00
RUNOFF CURVE # :60.00      DRAINAGE RATE     : 0.65         FERT. FACTOR : 0.72

 Soybean          CULTIVAR: IB0055-Hutcheson          ECOTYPE: SB0501
 CSDVAR :12.58  PPSEN  : 0.31  EMG-FLW:22.00  FLW-FSD:15.50  FSD-PHM : 35.00
 WTPSD  :0.180  SDPDVR : 2.05  SDFDUR :23.00  PODDUR :10.00  XFRUIT  :  1.00
 THRESH : 78.0  SDPRO  :0.400  SDLIP   : 0.200


*SIMULATED CROP AND SOIL STATUS AT MAIN DEVELOPMENT STAGES

 RUN NO.     1     25/15 T; 400 ppm        

        CROP GROWTH     BIOMASS         LEAF   CROP N     STRESS      STRESS                                           
   DATE  AGE STAGE        kg/ha    LAI   NUM  kg/ha  %   H2O  Nitr Phos1 Phos2  RSTG                                   
 ------  --- ----------   -----  -----  ----  ---  ---  ----  ----  ----  ----  ----                                   
  1 OCT    0 Start Sim        0   0.00   0.0    0  0.0  0.00  0.00  0.00  0.00     0
 30 OCT    0 Sowing           0   0.00   0.0    0  0.0  0.00  0.00  0.00  0.00     0
  5 NOV    6 Emergence        8   0.01   0.1    0  5.1  0.00  0.00  0.00  0.00     0
  5 NOV    6 End Juven.       8   0.01   0.1    0  5.1  0.00  0.00  0.00  0.00     0
 14 NOV   15 Unifoliate      20   0.05   1.1    1  5.1  0.00  0.00  0.00  0.00     0
 13 DEC   44 Harvest        618   1.22   7.0   27  4.3  0.01  0.00  0.00  0.00     0


*MAIN GROWTH AND DEVELOPMENT VARIABLES

@     VARIABLE                                         SIMULATED     MEASURED
      --------                                         ---------     --------
      Emergence day (dap)                                      6          -99
      Anthesis day (dap)                                     -99          -99
      Physiological maturity day (dap)                       -99          -99
      Yield at harvest maturity (kg [dm]/ha)                   0          -99
      Pod/Ear/Panicle weight at maturity (kg [dm]/ha)          0          -99
      Tops weight at anthesis (kg [dm]/ha)                     0          -99
      Tops weight at maturity (kg [dm]/ha)                   618          -99
      By-product produced (stalk) at maturity (kg[dm]/ha     620          -99
      Number at maturity (no/m2)                               0          -99
      Unit wt at maturity (g [dm]/unit)                   0.0000          -99
      Number at maturity (no/unit)                          0.00          -99
      Harvest index at maturity                            0.000          -99
      Threshing % at maturity                               0.00          -99
      Leaf area index, maximum                              1.22         1.17
      Leaf number per stem at maturity                      7.02          -99
      Canopy height (m)                                     0.32         0.22
      Tops N at anthesis (kg/ha)                               0          -99
      Tops N at maturity (kg/ha)                              27          -99
      Stem N at maturity (kg/ha)                               6          -99
      Grain N at maturity (kg/ha)                              0          -99
      Grain N at maturity (%)                               0.00          -99
      Grain oil at maturity (%)                             0.00          -99


*ENVIRONMENTAL AND STRESS FACTORS

 |-----Development Phase------|--------------------------------------Environment--------------------------------------|-----------------Stress-----------------|
                              |---------------Average--------------|-----Cumulative-----|--------Count of days--------|          (0=Min, 1=Max Stress)         |
                         Time  Temp  Temp  Temp Solar Photop                Evapo    Pot TMIN TMIN TMAX TMAX TMAX RAIN|----Water----|---Nitrogen--|-Phosphorus-|
                         Span   Max   Min  Mean   Rad  [day]    CO2   Rain  Trans     ET   <    <    >    >    >    >   Photo         Photo         Photo
                         days     C     C     C MJ/m2     hr    ppm     mm     mm    mm   0 C  2 C 30 C 32 C 34 C  0mm  synth Growth  synth Growth  synth Growth
----------------------------------------------------------------------------------------------------------------------------------------------------------------
 Emergence -First Flower   38  25.0  15.0  20.0  18.7  16.00  400.0  157.9   62.9  162.2    0    0    0    0    0   11  0.000  0.005  0.000  0.000  0.000  0.000
 Emergence  - Phys. Mat.   38  25.0  15.0  20.0  18.7  16.00  400.0  157.9   62.9  162.2    0    0    0    0    0   11  0.000  0.005  0.000  0.000  0.000  0.000
   
 Planting to Harvest       45  25.0  15.0  20.0  18.7  16.00  400.0  173.4   73.2  192.8    0    0    0    0    0   14  0.000  0.004  0.000  0.000  0.000  0.000
----------------------------------------------------------------------------------------------------------------------------------------------------------------


*Resource Productivity
 Growing season length:  45 days 

 Precipitation during growing season       173.4 mm[rain]
   Dry Matter Productivity                  0.36 kg[DM]/m3[rain]          =    3.6 kg[DM]/ha per mm[rain]
   Yield Productivity                       0.00 kg[grain yield]/m3[rain] =    0.0 kg[yield]/ha per mm[rain]

 Evapotranspiration during growing season   73.2 mm[ET]
   Dry Matter Productivity                  0.84 kg[DM]/m3[ET]            =    8.4 kg[DM]/ha per mm[ET]
   Yield Productivity                       0.00 kg[grain yield]/m3[ET]   =    0.0 kg[yield]/ha per mm[ET]

 Transpiration during growing season        26.2 mm[EP]
   Dry Matter Productivity                  2.36 kg[DM]/m3[EP]            =   23.6 kg[DM]/ha per mm[EP]
   Yield Productivity                       0.00 kg[grain yield]/m3[EP]   =    0.0 kg[yield]/ha per mm[EP]

 Irrigation during growing season           14.5 mm[irrig]
   Dry Matter Productivity                  4.27 kg[DM]/m3[irrig]         =   42.7 kg[DM]/ha per mm[irrig]
   Yield Productivity                       0.00 kg[grain yield]/m3[irrig]=    0.0 kg[yield]/ha per mm[irrig]

 N applied during growing season             75. kg[N applied]/ha
   Dry Matter Productivity                   8.2 kg[DM]/kg[N applied]
   Yield Productivity                        0.0 kg[yield]/kg[N applied]

 N uptake during growing season               31 kg[N uptake]/ha
   Dry Matter Productivity                  19.9 kg[DM]/kg[N uptake]
   Yield Productivity                        0.0 kg[yield]/kg[N uptake]

--------------------------------------------------------------------------------------------------------------

                   Soybean YIELD :        0 kg/ha    [Dry weight] 

**************************************************************************************************************
