*SIMULATION OVERVIEW FILE

*DSSAT Cropping System Model Ver. 4.8.5.000 -release  APR 28, 2026 22:33:09

*RUN   1        : Plant Population 2.61 p/m PIALO048 UHKN8901    1
 MODEL          : PIALO048 - Pineapple
 EXPERIMENT     : UHKN8901 PI POPULATION, KUNIA, UH EXP.1989-6
 DATA PATH      :
 TREATMENT  1   : Plant Population 2.61 p/m PIALO048


 CROP           : Pineapple        CULTIVAR : SC-F153          ECOTYPE :IB0001
 STARTING DATE  : JUN  9 1989
 PLANTING DATE  : JUN 15 1989      PLANTS/m2 :     2.6    ROW SPACING :  53.cm
 WEATHER        : UHKN   1989
 SOIL           : IBPI910013     TEXTURE : -99   -   Waipio
 SOIL INIT COND : DEPTH:110cm EXTR. H2O:137.0mm  NO3: 11.8kg/ha  NH4: 13.5kg/ha
 WATER BALANCE  : IRRIGATE ON REPORTED DATE(S)
 IRRIGATION     :      304 mm IN    24 APPLICATIONS
 NITROGEN BAL.  : SOIL-N & N-UPTAKE SIMULATION; NO N-FIXATION
 N-FERTILIZER   :        0 kg/ha IN     0 APPLICATIONS
 RESIDUE/MANURE : INITIAL :  2000 kg/ha ;       0 kg/ha IN     0 APPLICATIONS
 ENVIRONM. OPT. : DAYL=    0.00  SRAD=    0.00  TMAX=    0.00  TMIN=    0.00
                  RAIN=    0.00  CO2 =    0.00  DEW =    0.00  WIND=    0.00
 SIMULATION OPT : WATER   :Y  NITROGEN:Y  N-FIX:N  PHOSPH :N  PESTS  :N
                  PHOTO   :C  ET      :R  INFIL:S  HYDROL :R  SOM    :G
                  CO2 353ppm  NSWIT   :1  EVAP :R  SOIL   :1  STEMP  :D
 MANAGEMENT OPT : PLANTING:R  IRRIG   :R  FERT :R  RESIDUE:R  HARVEST:M
                  WEATHER :M  TILLAGE :N

*SUMMARY OF SOIL AND GENETIC INPUT PARAMETERS

   SOIL LOWER UPPER   SAT  EXTR  INIT   ROOT   BULK     pH    NO3    NH4    ORG
  DEPTH LIMIT LIMIT    SW    SW    SW   DIST   DENS                          C
   cm   cm3/cm3    cm3/cm3    cm3/cm3         g/cm3         ugN/g  ugN/g     %
-------------------------------------------------------------------------------
  0-  5 0.220 0.350 0.550 0.130 0.260   1.00   1.00   6.30   3.60   3.40   2.27
  5- 15 0.230 0.350 0.550 0.120 0.260   1.00   1.00   6.30   2.80   2.80   2.27
 15- 30 0.240 0.350 0.550 0.110 0.300   0.80   1.05   5.80   1.40   1.90   1.10
 30- 45 0.250 0.370 0.480 0.120 0.370   0.40   1.17   5.80   0.70   1.10   1.41
 45- 60 0.257 0.377 0.467 0.120 0.337   0.27   1.20   5.93   0.57   0.97   0.86
 60- 90 0.253 0.380 0.460 0.127 0.300   0.10   1.22   6.00   0.50   0.57   0.44
 90-110 0.260 0.400 0.480 0.140 0.320   0.02   1.17   6.00   0.40   0.10   0.27

TOT-110  27.4  41.1  54.1  13.7  34.4  <--cm   -  kg/ha-->   11.8   13.5 114004
SOIL ALBEDO    : 0.14      EVAPORATION LIMIT : 5.00         MIN. FACTOR  : 1.00
RUNOFF CURVE # :60.00      DRAINAGE RATE     : 0.60         FERT. FACTOR : 1.00

 Pineapple        CULTIVAR: IB0066-SC-F153            ECOTYPE: IB0001
     P1:  60.0    P2: 629.0    P3: 381.0    P4: 2640.    P5: 400.0    P6:  60.0
     G2: 200.0    G3: 14.00 PHINT:  40.0


*SIMULATED CROP AND SOIL STATUS AT MAIN DEVELOPMENT STAGES

 RUN NO.     1     Plant Population 2.61 p/

        CROP GROWTH     BIOMASS         LEAF   CROP N     STRESS      STRESS                                           
   DATE  AGE STAGE        kg/ha    LAI   NUM  kg/ha  %   H2O  Nitr Phos1 Phos2  RSTG                                   
 ------  --- ----------   -----  -----  ----  ---  ---  ----  ----  ----  ----  ----                                   
  9 JUN    0 Start Sim        0   0.00   0.0    0  0.0  0.00  0.00  0.00  0.00     7
 15 JUN    0 Planting       595   0.22   0.0    0  0.0  0.00  0.00  0.00  0.00     8
 16 JUN    1 Root Init.     595   0.22   0.0    0  0.0  0.00  0.00  0.00  0.00     9
 15 AUG   61 Leaf Emerg     595   0.22   1.0   26  4.4  0.00  0.00  0.00  0.00     1
 14 OCT  121 Zero Stem      879   0.38   8.5   26  3.0  0.40  0.00  0.00  0.00     2
 18 SEP  460 Forcing      10921   3.21  40.4   83  0.8  0.37  0.04  0.00  0.00     3
 30 OCT  502 SCY          11978   3.33  42.3   91  0.8  0.85  0.05  0.00  0.00     4
 21 NOV  524 Early Flwr   12186   3.33  42.3   96  0.8  0.70  0.82  0.00  0.00     5
 15 MAR  638 Fruit Harv   17214   2.53  42.3  131  0.8  0.26  0.18  0.00  0.00     6
 24 APR  678 Maturity     17214   2.53  42.3  131  0.8  0.11  0.97  0.00  0.00     6


*MAIN GROWTH AND DEVELOPMENT VARIABLES

@     VARIABLE                                         SIMULATED     MEASURED
      --------                                         ---------     --------
      Forcing or flowering date (dap)                        460          460
      Physiological maturity day (dap)                       678          685
      Harvest day (dap)                                      678          653
      Yield fresh weight at harvest (t/ha)                 29.19        55.33
      Yield dry weight at harvest (t/ha)                    3.50          -99
      Above-ground biomass at forcing (pineapple, t/ha)     10.9        14.39
      Aerial biomass (green+dead), dm at harvest (t/ha)     17.2        36.20
      Vegetative dry matter at maturity (t/ha)              9.83        30.19
      Leaf area index, maximum                              3.33         4.54
      Leaf number per stem at maturity                      42.3         77.0
      Harvest index at maturity                            0.203          -99
      Eye number at maturity (no/m2)                         244          496
      Eye number at maturity (no/fruit)                     95.5          190
      Eye weight (g)                                       1.438        1.512
      Tops N at maturity (kg/ha)                           130.6          -99


*ENVIRONMENTAL AND STRESS FACTORS

 |-----Development Phase------|--------------------------------------Environment--------------------------------------|-----------------Stress-----------------|
                              |---------------Average--------------|-----Cumulative-----|--------Count of days--------|          (0=Min, 1=Max Stress)         |
                         Time  Temp  Temp  Temp Solar Photop                Evapo    Pot TMIN TMIN TMAX TMAX TMAX RAIN|----Water----|---Nitrogen--|-Phosphorus-|
                         Span   Max   Min  Mean   Rad  [day]    CO2   Rain  Trans     ET   <    <    >    >    >    >   Photo         Photo         Photo
                         days     C     C     C MJ/m2     hr    ppm     mm     mm    mm   0 C  2 C 30 C 32 C 34 C  0mm  synth Growth  synth Growth  synth Growth
----------------------------------------------------------------------------------------------------------------------------------------------------------------
 Emergence - Zero Stem     60  32.5  20.2  26.4  17.7  12.14  352.9  281.6   79.1  250.7    0    0   53   38   12   19  0.227  0.402  0.000  0.001  0.000  0.000
 Zero Stem - Forcing      339  29.7  18.5  24.1  16.4  12.01  353.6  503.5  718.2 1291.3    0    0  175   87   30   95  0.357  0.368  0.014  0.035  0.000  0.000
 Forcing - SCY             42  32.5  20.4  26.5  16.1  11.66  354.4   48.4   45.5  162.8    0    0   40   26    5   14  0.827  0.853  0.021  0.053  0.000  0.000
 SCY - Early Flwr          22  30.7  19.8  25.3  11.0  11.11  354.5   74.5   16.3   57.8    0    0   13    9    6    7  0.708  0.743  0.593  0.801  0.000  0.000
 Early Flwr - Fruit Harv  155  28.0  17.3  22.7  13.8  11.40  354.9  433.1  407.2  482.7    0    0   45   13    0   61  0.184  0.223  0.260  0.385  0.000  0.000
   
 Planting to Harvest      678  30.0  18.7  24.4  16.1  11.93  353.8   1427   1312   2532    0    0  386  204   60  220  0.315  0.347  0.086  0.133  0.000  0.000
----------------------------------------------------------------------------------------------------------------------------------------------------------------


*Resource Productivity
 Growing season length: 678 days 

 Precipitation during growing season      1426.9 mm[rain]
   Dry Matter Productivity                  1.21 kg[DM]/m3[rain]          =   12.1 kg[DM]/ha per mm[rain]
   Yield Productivity                       0.25 kg[grain yield]/m3[rain] =    2.5 kg[yield]/ha per mm[rain]

 Evapotranspiration during growing season 1311.9 mm[ET]
   Dry Matter Productivity                  1.31 kg[DM]/m3[ET]            =   13.1 kg[DM]/ha per mm[ET]
   Yield Productivity                       0.27 kg[grain yield]/m3[ET]   =    2.7 kg[yield]/ha per mm[ET]

 Transpiration during growing season       856.8 mm[EP]
   Dry Matter Productivity                  2.01 kg[DM]/m3[EP]            =   20.1 kg[DM]/ha per mm[EP]
   Yield Productivity                       0.41 kg[grain yield]/m3[EP]   =    4.1 kg[yield]/ha per mm[EP]

 Irrigation during growing season          304.0 mm[irrig]
   Dry Matter Productivity                  5.66 kg[DM]/m3[irrig]         =   56.6 kg[DM]/ha per mm[irrig]
   Yield Productivity                       1.15 kg[grain yield]/m3[irrig]=   11.5 kg[yield]/ha per mm[irrig]

 N uptake during growing season              143 kg[N uptake]/ha
   Dry Matter Productivity                 120.4 kg[DM]/kg[N uptake]
   Yield Productivity                       24.5 kg[yield]/kg[N uptake]

--------------------------------------------------------------------------------------------------------------

                 Pineapple YIELD :     3502 kg/ha    [Dry weight] 

**************************************************************************************************************
