*SIMULATION OVERVIEW FILE

*DSSAT Cropping System Model Ver. 4.8.5.000 -release  APR 28, 2026 22:33:24

*RUN   1        : 0 %  inoculum             BSCER048 UHKL1801    1
 MODEL          : BSCER048 - Sugar beet
 EXPERIMENT     : UHKL1801 BS U OF HOHENHEIM, 2018, LEAT SPOT AND FUNGICIDE LEVE
 DATA PATH      :
 TREATMENT  1   : 0 %  inoculum             BSCER048


 CROP           : Sugar beet       CULTIVAR : BTS940           ECOTYPE :IHSTUT
 STARTING DATE  : APR 14 2018
 PLANTING DATE  : APR 14 2018      PLANTS/m2 :     7.5    ROW SPACING :  50.cm
 WEATHER        : UHIH   2018
 SOIL           : UHIH150003     TEXTURE : SIL   -   Braunerde
 SOIL INIT COND : DEPTH:180cm EXTR. H2O:185.1mm  NO3: 31.7kg/ha  NH4:  4.0kg/ha
 WATER BALANCE  : IRRIGATE ON REPORTED DATE(S)
 IRRIGATION     :        0 mm IN     0 APPLICATIONS
 NITROGEN BAL.  : SOIL-N & N-UPTAKE SIMULATION; NO N-FIXATION
 N-FERTILIZER   :      140 kg/ha IN     1 APPLICATIONS
 RESIDUE/MANURE : INITIAL :    20 kg/ha ;       0 kg/ha IN     0 APPLICATIONS
 ENVIRONM. OPT. : DAYL=    0.00  SRAD=    0.00  TMAX=    0.00  TMIN=    0.00
                  RAIN=    0.00  CO2 =    0.00  DEW =    0.00  WIND=    0.00
 SIMULATION OPT : WATER   :Y  NITROGEN:Y  N-FIX:N  PHOSPH :N  PESTS  :Y
                  PHOTO   :C  ET      :R  INFIL:S  HYDROL :R  SOM    :G
                  CO2 408ppm  NSWIT   :1  EVAP :R  SOIL   :2  STEMP  :D
 MANAGEMENT OPT : PLANTING:R  IRRIG   :R  FERT :R  RESIDUE:R  HARVEST:D
                  WEATHER :M  TILLAGE :Y

*SUMMARY OF SOIL AND GENETIC INPUT PARAMETERS

   SOIL LOWER UPPER   SAT  EXTR  INIT   ROOT   BULK     pH    NO3    NH4    ORG
  DEPTH LIMIT LIMIT    SW    SW    SW   DIST   DENS                          C
   cm   cm3/cm3    cm3/cm3    cm3/cm3         g/cm3         ugN/g  ugN/g     %
-------------------------------------------------------------------------------
  0-  5 0.278 0.380 0.536 0.102 0.380   1.00   1.09   7.00   2.40   0.30   3.88
  5- 15 0.278 0.380 0.536 0.102 0.380   1.00   1.09   7.00   2.40   0.30   3.88
 15- 30 0.278 0.380 0.536 0.102 0.380   1.00   1.09   7.00   2.40   0.30   3.88
 30- 45 0.297 0.380 0.536 0.083 0.380   0.33   1.09   7.00   2.40   0.30   3.83
 45- 60 0.297 0.380 0.536 0.083 0.380   0.33   1.09   7.00   2.40   0.30   3.83
 60- 90 0.272 0.380 0.530 0.108 0.380   0.18   1.11   7.00   2.40   0.30   3.58
 90-120 0.272 0.380 0.530 0.108 0.380   0.18   1.11   7.00   2.40   0.30   3.58
120-150 0.272 0.380 0.530 0.108 0.380   0.18   1.11   7.00   0.01   0.01   3.58
150-180 0.272 0.380 0.530 0.108 0.380   0.18   1.11   7.00   0.01   0.01   3.58

TOT-180  49.9  68.4  95.8  18.5  68.4  <--cm   -  kg/ha-->   31.7    4.0 729604
SOIL ALBEDO    : 0.13      EVAPORATION LIMIT : 6.00         MIN. FACTOR  : 1.00
RUNOFF CURVE # :73.00      DRAINAGE RATE     : 0.60         FERT. FACTOR : 1.00

 Sugar beet       CULTIVAR: IH0001-BTS940             ECOTYPE: IHSTUT
 P1     : 760.00  P2     : 0.0000  P5     : 700.00
 G2     : 420.00  G3     : 27.500  PHINT  :  0.000


*SIMULATED CROP AND SOIL STATUS AT MAIN DEVELOPMENT STAGES

 RUN NO.     1     0 %  inoculum           

        CROP GROWTH     BIOMASS         LEAF   CROP N     STRESS      STRESS                                           
   DATE  AGE STAGE        kg/ha    LAI   NUM  kg/ha  %   H2O  Nitr Phos1 Phos2  RSTG                                   
 ------  --- ----------   -----  -----  ----  ---  ---  ----  ----  ----  ----  ----                                   
 14 APR    0 Sowing           0   0.00   0.0    0  0.0  0.00  0.00  1.00  1.00     8
 14 APR    0 Start Sim        0   0.00   0.0    0  0.0  0.00  0.00  0.00  0.00     8
 29 APR   15 Germinate        0   0.00   0.0    0  0.0  0.00  0.00  1.00  1.00     9
 30 APR   16 Emergence       30   0.02   1.9    1  4.4  0.00  0.03  1.00  1.00     1
 26 MAY   42 End Juveni      22   0.04   7.8    1  5.9  0.21  0.00  1.00  1.00     2
 30 MAY   46 Leaf  grow      68   0.10   8.6    2  3.7  0.00  0.00  1.00  1.00     3
 29 JUL  106 End Lf Gro    5185   3.99  19.1  128  2.5  0.34  0.00  1.00  1.00     4
 20 AUG  128 Beg Ef Gro    5396   3.43  19.1  101  1.9  0.40  0.01  1.00  1.00     5
 28 SEP  167 End Ef Gro    3496   0.77  19.1   35  1.0  0.17  0.00  1.00  1.00     6
 30 SEP  169 Harvest       3496   0.77  19.1   35  1.0  0.00  0.00  1.00  1.00     6


*MAIN GROWTH AND DEVELOPMENT VARIABLES

@     VARIABLE                                         SIMULATED     MEASURED
      --------                                         ---------     --------
      Anthesis day (dap)                                     106          -99
      Physiological maturity day (dap)                       -99          -99
      Yield at harvest maturity (kg [dm]/ha)               20479          -99
      Number at maturity (no/m2)                               0          -99
      Unit wt at maturity (g [dm]/unit)                   0.0000          -99
      Number at maturity (no/unit)                           0.0          -99
      Tops weight at maturity (kg [dm]/ha)                  3496          -99
      By-product produced (stalk) at maturity (kg[dm]/ha       0          -99
      Leaf area index, maximum                              4.04          -99
      Harvest index at maturity                            0.854          -99
      Tops N at maturity (kg/ha)                              35          -99
      Stem N at maturity (kg/ha)                              35          -99
      Tops weight at anthesis (kg [dm]/ha)                  5180          -99
      Tops N at anthesis (kg/ha)                             128          -99
      Leaf number per stem at maturity                     19.08          -99
      Emergence day (dap)                                     16          -99


*ENVIRONMENTAL AND STRESS FACTORS

 |-----Development Phase------|--------------------------------------Environment--------------------------------------|-----------------Stress-----------------|
                              |---------------Average--------------|-----Cumulative-----|--------Count of days--------|          (0=Min, 1=Max Stress)         |
                         Time  Temp  Temp  Temp Solar Photop                Evapo    Pot TMIN TMIN TMAX TMAX TMAX RAIN|----Water----|---Nitrogen--|-Phosphorus-|
                         Span   Max   Min  Mean   Rad  [day]    CO2   Rain  Trans     ET   <    <    >    >    >    >   Photo         Photo         Photo
                         days     C     C     C MJ/m2     hr    ppm     mm     mm    mm   0 C  2 C 30 C 32 C 34 C  0mm  synth Growth  synth Growth  synth Growth
----------------------------------------------------------------------------------------------------------------------------------------------------------------
 Emergence-End Juvenile    26  18.7   8.4  13.5  18.4  14.90  408.1   39.4   40.6  103.3    0    0    0    0    0   14  0.126  0.213  0.000  0.001  1.000  1.000
 End Juvenil-Leaf Grow      4  25.1  12.9  19.0  20.2  15.52  408.2    0.7    2.4   19.3    0    0    0    0    0    1  0.000  0.000  0.000  0.000  1.000  1.000
 Effec Lf Gro-End Lf Gro   60  23.9  12.2  18.1  21.4  15.71  408.4   94.6  169.2  280.9    0    0    3    0    0   21  0.163  0.333  0.000  0.000  1.000  1.000
 End Lf Grth-Beg Ef Gro    22  28.4  14.8  21.6  20.1  14.51  408.7   11.7   77.1   99.4    0    0    8    4    0    7  0.182  0.392  0.005  0.013  1.000  1.000
 Eff Growth Phase          39  22.3  10.0  16.1  14.6  12.77  408.9  100.2   97.9  116.7    1    2    1    0    0   19  0.095  0.182  0.000  0.001  1.000  1.000
   
 Planting to Harvest      169  22.9  10.9  16.9  19.0  14.52  408.5  255.0  409.1  695.9    1    3   12    4    0   68  0.123  0.244  0.001  0.002  1.000  1.000
----------------------------------------------------------------------------------------------------------------------------------------------------------------


*Resource Productivity
 Growing season length: 169 days 

 Precipitation during growing season       255.0 mm[rain]
   Dry Matter Productivity                  1.37 kg[DM]/m3[rain]          =   13.7 kg[DM]/ha per mm[rain]
   Yield Productivity                       8.03 kg[grain yield]/m3[rain] =   80.3 kg[yield]/ha per mm[rain]

 Evapotranspiration during growing season  409.1 mm[ET]
   Dry Matter Productivity                  0.85 kg[DM]/m3[ET]            =    8.5 kg[DM]/ha per mm[ET]
   Yield Productivity                       5.01 kg[grain yield]/m3[ET]   =   50.1 kg[yield]/ha per mm[ET]

 Transpiration during growing season       256.7 mm[EP]
   Dry Matter Productivity                  1.36 kg[DM]/m3[EP]            =   13.6 kg[DM]/ha per mm[EP]
   Yield Productivity                       7.98 kg[grain yield]/m3[EP]   =   79.8 kg[yield]/ha per mm[EP]

 N applied during growing season            140. kg[N applied]/ha
   Dry Matter Productivity                  25.0 kg[DM]/kg[N applied]
   Yield Productivity                      146.3 kg[yield]/kg[N applied]

 N uptake during growing season              314 kg[N uptake]/ha
   Dry Matter Productivity                  11.1 kg[DM]/kg[N uptake]
   Yield Productivity                       65.2 kg[yield]/kg[N uptake]

--------------------------------------------------------------------------------------------------------------

                Sugar beet YIELD :    20479 kg/ha    [Dry weight] 

**************************************************************************************************************
