*WARNING DETAIL FILE

******************************************************************************

*DSSAT Cropping System Model Ver. 4.8.5.000 -release  APR 28, 2026 22:33:04

*RUN   1        : P0F0 dis"on" PCLA,PDLA    CRGRO048 GHWA0305    1
 MODEL          : CRGRO048 - Peanut
 EXPERIMENT     : GHWA0305 PN 2003 FUNGICIDE X PHOSPHORUS EXPT GHANA
 DATA PATH      :
 TREATMENT  1   : P0F0 dis"on" PCLA,PDLA    CRGRO048
  

 SOILDYN  YEAR DOY = 2003 152
 Initial soil water content > SAT.                                             
                                                                               
          FileX           Revised                                              
 Layer  Init SW      SAT  Init SW                                              
     7    0.230    0.171    0.171                                              

 SOILDYN  YEAR DOY = 2003 152
 Soil photosynthesis factor (SLPF) = 0.88                                      

 SOILNI  YEAR DOY = 2003 152
 N content of residue was changed from value in initial conditions             
   section of experiment file to maintain allowable C:N ratio.                 
   - Previous crop code                 :    PN                                
   - Recommended N content for surface residue (%):   1.2                      
   - Value read from file               : 1.500%                               
   - Value changed to                   : 1.440%                               
 To change allowable N content, modify SCN parameter                           
   in RESCH048.SDA file.                                                       

 NCHECK  YEAR DOY = 2003 177
 The carbon/nutrient ratio (C/N or C/P) of the residue                         
 or senesced biomass that was added to the soil                                
 is outside the common range to which the CESTR                                
 parameter in the file SOMFX048.SDA applies. You have a                        
 residue with an extremely low nutrient concentration.                         
 Please check your data and/or adapt the CESTR value.                          
