*SIMULATION OVERVIEW FILE

*DSSAT Cropping System Model Ver. 4.8.5.000 -release  APR 28, 2026 22:33:32

*RUN   1        : 96-N=200 N-B "off" A.I.   CRGRO048 UFGA9601    3
 MODEL          : CRGRO048 - Tomato
 EXPERIMENT     : UFGA9601 TM SPRING 1996,AGRISET,N-RATE,DRIP-IRR
 DATA PATH      :
 TREATMENT  3   : 96-N=200 N-B "off" A.I.   CRGRO048


 CROP           : Tomato           CULTIVAR : Agriset 761 10'  ECOTYPE :TM0001
 STARTING DATE  : MAR  1 1996
 PLANTING DATE  : MAR 14 1996      PLANTS/m2 :     1.2    ROW SPACING : 183.cm
 HARVEST DATE   : JUN 13 1996
 WEATHER        : UFGA   1996
 SOIL           : UFGA950003     TEXTURE : SA    -   Millhopper Fine Sand (M
 WATER BALANCE  : NOT SIMULATED ; NO H2O-STRESS
 IRRIGATION     :
 NITROGEN BAL.  : NOT SIMULATED ; NO N-STRESS
 N-FERTILIZER   :
 RESIDUE/MANURE :
 ENVIRONM. OPT. : DAYL=    0.00  SRAD=    0.00  TMAX=    0.00  TMIN=    0.00
                  RAIN=    0.00  CO2 =    0.00  DEW =    0.00  WIND=    0.00
 SIMULATION OPT : WATER   :N  NITROGEN:N  N-FIX:N  PHOSPH :N  PESTS  :N
                  PHOTO   :L  ET      :R  INFIL:S  HYDROL :R  SOM    :G
                  CO2 362ppm  NSWIT   :1  EVAP :R  SOIL   :2  STEMP  :D
 MANAGEMENT OPT : PLANTING:R  IRRIG   :A  FERT :R  RESIDUE:N  HARVEST:R
                  WEATHER :M  TILLAGE :N

*SUMMARY OF SOIL AND GENETIC INPUT PARAMETERS

 Tomato           CULTIVAR: TM0005-Agriset 761 10'    ECOTYPE: TM0001
 CSDVAR :12.33  PPSEN  : 0.00  EMG-FLW:24.40  FLW-FSD:19.00  FSD-PHM : 45.20
 WTPSD  :0.004  SDPDVR :300.0  SDFDUR :26.00  PODDUR :54.00  XFRUIT  :  0.78
 THRESH :  8.5  SDPRO  :0.300  SDLIP   : 0.050


*SIMULATED CROP AND SOIL STATUS AT MAIN DEVELOPMENT STAGES

 RUN NO.     1     96-N=200 N-B "off" A.I. 

        CROP GROWTH     BIOMASS         LEAF   CROP N     STRESS      STRESS                                           
   DATE  AGE STAGE        kg/ha    LAI   NUM  kg/ha  %   H2O  Nitr Phos1 Phos2  RSTG                                   
 ------  --- ----------   -----  -----  ----  ---  ---  ----  ----  ----  ----  ----                                   
  1 MAR    0 Start Sim        0   0.00   0.0    0  0.0  0.00  0.00  0.00  0.00     0
 14 MAR    0 Transplant       2   0.00   4.1    0  3.8  0.00  0.00  0.00  0.00     0
 14 APR   31 First Flwr     101   0.18  12.6    4  3.6  0.00  0.00  0.00  0.00     1
 17 APR   34 First Pod      139   0.24  13.5    5  3.6  0.00  0.00  0.00  0.00     2
 29 APR   46 First Pod      737   1.10  17.8   26  3.5  0.00  0.00  0.00  0.00     3
  8 MAY   55 First Seed    1617   1.99  20.9   54  3.3  0.00  0.00  0.00  0.00     5
 14 MAY   61 End Msnode    2388   2.37  22.7   75  3.2  0.00  0.00  0.00  0.00     5
 13 JUN   91 Harvest       5938   2.80  22.7  149  2.5  0.00  0.00  0.00  0.00     5


*MAIN GROWTH AND DEVELOPMENT VARIABLES

@     VARIABLE                                         SIMULATED     MEASURED
      --------                                         ---------     --------
      Anthesis day (dap)                                      31          -99
      First pod day (dap)                                     46          -99
      First seed day (dap)                                    55          -99
      Physiological maturity day (dap)                       -99          -99
      Yield at harvest maturity (kg [dm]/ha)                 227          -99
      Pod/Ear/Panicle weight at maturity (kg [dm]/ha)       3094          -99
      Tops weight at anthesis (kg [dm]/ha)                   101          -99
      Tops weight at maturity (kg [dm]/ha)                  5938          -99
      By-product produced (stalk) at maturity (kg[dm]/ha    5710          -99
      Number at maturity (no/m2)                           13650          -99
      Unit wt at maturity (g [dm]/unit)                   0.0017          -99
      Number at maturity (no/unit)                        202.12          -99
      Harvest index at maturity                            0.038          -99
      Threshing % at maturity                               7.32          -99
      Leaf area index, maximum                              2.81          -99
      Leaf number per stem at maturity                     22.71          -99
      Canopy height (m)                                     0.88          -99
      Tops N at anthesis (kg/ha)                               4          -99
      Tops N at maturity (kg/ha)                             149          -99
      Stem N at maturity (kg/ha)                              28          -99
      Grain N at maturity (kg/ha)                             11          -99
      Grain N at maturity (%)                               4.84          -99
      Grain oil at maturity (%)                             5.00          -99


*ENVIRONMENTAL AND STRESS FACTORS

 |-----Development Phase------|--------------------------------------Environment--------------------------------------|-----------------Stress-----------------|
                              |---------------Average--------------|-----Cumulative-----|--------Count of days--------|          (0=Min, 1=Max Stress)         |
                         Time  Temp  Temp  Temp Solar Photop                Evapo    Pot TMIN TMIN TMAX TMAX TMAX RAIN|----Water----|---Nitrogen--|-Phosphorus-|
                         Span   Max   Min  Mean   Rad  [day]    CO2   Rain  Trans     ET   <    <    >    >    >    >   Photo         Photo         Photo
                         days     C     C     C MJ/m2     hr    ppm     mm     mm    mm   0 C  2 C 30 C 32 C 34 C  0mm  synth Growth  synth Growth  synth Growth
----------------------------------------------------------------------------------------------------------------------------------------------------------------
 First Flower-First Seed   24  30.5  14.4  22.5  23.1  13.06  362.2   71.0    0.0    0.0    0    0   16    8    2    3  0.000  0.000  0.000  0.000  0.000  0.000
 First Seed - Phys. Mat.   36  32.7  18.7  25.7  21.1  13.68  362.3  153.0    0.0    0.0    0    0   31   21   13   11  0.000  0.000  0.000  0.000  0.000  0.000
   
 Planting to Harvest       92  29.3  14.2  21.7  20.5  13.02  362.2  298.0    0.0    0.0    2    6   48   29   15   22  0.000  0.000  0.000  0.000  0.000  0.000
----------------------------------------------------------------------------------------------------------------------------------------------------------------

--------------------------------------------------------------------------------------------------------------

                    Tomato YIELD :     3094 kg/ha    [Dry weight] 

**************************************************************************************************************
