*SIMULATION OVERVIEW FILE

*DSSAT Cropping System Model Ver. 4.8.5.000 -release  APR 28, 2026 22:32:46

*RUN   1        : 90 Treatment 1            CRGRO048 SAUR9001    1
 MODEL          : CRGRO048 - Brachiaria
 EXPERIMENT     : SAUR9001 BR BRACHIARIA ON URRAO
 DATA PATH      :
 TREATMENT  1   : 90 Treatment 1            CRGRO048


 CROP           : Brachiaria       CULTIVAR : Brachiaria 7     ECOTYPE :BR0001
 STARTING DATE  : OCT 18 1990
 PLANTING DATE  : OCT 26 1990      PLANTS/m2 :   100.0    ROW SPACING :  10.cm
 HARVEST DATE   : JAN 10 1993
 WEATHER        : SAUR   1990
 SOIL           : SAUR900001     TEXTURE : SCL   -   SANDY CLAY LOAM AT URRA
 SOIL INIT COND : DEPTH:120cm EXTR. H2O:133.0mm  NO3: 41.4kg/ha  NH4:  8.8kg/ha
 WATER BALANCE  : IRRIGATE ON REPORTED DATE(S)
 IRRIGATION     :        0 mm IN     0 APPLICATIONS
 NITROGEN BAL.  : SOIL-N & N-UPTAKE SIMULATION; NO N-FIXATION
 N-FERTILIZER   :      100 kg/ha IN     2 APPLICATIONS
 RESIDUE/MANURE : INITIAL :     0 kg/ha ;       0 kg/ha IN     0 APPLICATIONS
 ENVIRONM. OPT. : DAYL=    0.00  SRAD=    0.00  TMAX=    0.00  TMIN=    0.00
                  RAIN=    0.00  CO2 =    0.00  DEW =    0.00  WIND=    0.00
 SIMULATION OPT : WATER   :Y  NITROGEN:Y  N-FIX:N  PHOSPH :N  PESTS  :Y
                  PHOTO   :C  ET      :R  INFIL:S  HYDROL :R  SOM    :P
                  CO2 354ppm  NSWIT   :1  EVAP :R  SOIL   :2  STEMP  :D
 MANAGEMENT OPT : PLANTING:R  IRRIG   :R  FERT :R  RESIDUE:N  HARVEST:R
                  WEATHER :M  TILLAGE :N

*SUMMARY OF SOIL AND GENETIC INPUT PARAMETERS

   SOIL LOWER UPPER   SAT  EXTR  INIT   ROOT   BULK     pH    NO3    NH4    ORG
  DEPTH LIMIT LIMIT    SW    SW    SW   DIST   DENS                          C
   cm   cm3/cm3    cm3/cm3    cm3/cm3         g/cm3         ugN/g  ugN/g     %
-------------------------------------------------------------------------------
  0-  5 0.190 0.320 0.410 0.130 0.320   0.95   1.36   4.50   6.50   0.50   1.56
  5- 15 0.190 0.320 0.380 0.130 0.320   0.82   1.46   4.50   5.20   0.50   1.34
 15- 20 0.270 0.380 0.390 0.110 0.390   0.70   1.47   4.50   4.40   0.50   1.15
 20- 25 0.270 0.380 0.400 0.110 0.380   0.63   1.42   4.50   4.10   0.50   1.03
 25- 30 0.270 0.380 0.390 0.110 0.380   0.58   1.44   4.50   3.70   0.50   0.95
 30- 35 0.270 0.380 0.430 0.110 0.380   0.52   1.45   4.50   3.30   0.50   0.85
 35- 40 0.270 0.380 0.430 0.110 0.380   0.47   1.45   4.50   3.00   0.50   0.77
 40- 55 0.270 0.390 0.400 0.120 0.390   0.33   1.47   4.50   2.10   0.50   0.54
 55- 70 0.270 0.390 0.400 0.120 0.390   0.33   1.47   4.50   2.10   0.50   0.54
 70- 95 0.270 0.370 0.380 0.100 0.370   0.15   1.50   4.50   0.90   0.50   0.24
 95-120 0.270 0.370 0.380 0.100 0.370   0.15   1.50   4.50   0.90   0.50   0.24

TOT-120  31.2  44.5  47.0  13.3  44.6  <--cm   -  kg/ha-->   41.4    8.8 106342
SOIL ALBEDO    : 0.13      EVAPORATION LIMIT :11.50         MIN. FACTOR  : 1.00
RUNOFF CURVE # :75.00      DRAINAGE RATE     : 0.65         FERT. FACTOR : 1.00

 Brachiaria       CULTIVAR: SA0001-Brachiaria 7       ECOTYPE: BR0001
 CSDVAR :12.00  PPSEN  : 0.20  EMG-FLW:99.00  FLW-FSD:18.00  FSD-PHM : 33.00
 WTPSD  :0.002  SDPDVR :  2.0  SDFDUR :18.00  PODDUR :20.00  XFRUIT  :  0.01
 THRESH : 78.0  SDPRO  :0.398  SDLIP   : 0.500


*SIMULATED CROP AND SOIL STATUS AT MAIN DEVELOPMENT STAGES

 RUN NO.     1     90 Treatment 1          

        CROP GROWTH     BIOMASS         LEAF   CROP N     STRESS      STRESS                                           
   DATE  AGE STAGE        kg/ha    LAI   NUM  kg/ha  %   H2O  Nitr Phos1 Phos2  RSTG                                   
 ------  --- ----------   -----  -----  ----  ---  ---  ----  ----  ----  ----  ----                                   
 18 OCT    0 Start Sim        0   0.00   0.0    0  0.0  0.00  0.00  0.00  0.00     0
 26 OCT    0 Sowing           0   0.00   0.0    0  0.0  0.00  0.00  0.00  0.00     0
  2 NOV    7 Emergence        1   0.00   0.0    0  2.2  0.00  0.00  0.00  0.00     0
 16 NOV   21 First Leaf       3   0.00   1.0    0  2.2  0.09  0.00  0.00  0.00     0
 10 JAN  807 Harvest       6429   4.06  16.3   61  0.9  0.13  0.17  0.00  0.00     0


*MAIN GROWTH AND DEVELOPMENT VARIABLES

@     VARIABLE                                         SIMULATED     MEASURED
      --------                                         ---------     --------
      Emergence day (dap)                                      7          -99
      Anthesis day (dap)                                     -99          -99
      Physiological maturity day (dap)                       -99          -99
      Yield at harvest maturity (kg [dm]/ha)                   0          -99
      Pod/Ear/Panicle weight at maturity (kg [dm]/ha)          0          -99
      Tops weight at anthesis (kg [dm]/ha)                     0          -99
      Tops weight at maturity (kg [dm]/ha)                  6429          -99
      By-product produced (stalk) at maturity (kg[dm]/ha    6430          -99
      Number at maturity (no/m2)                               0          -99
      Unit wt at maturity (g [dm]/unit)                   0.0000          -99
      Number at maturity (no/unit)                          0.00          -99
      Harvest index at maturity                            0.000          -99
      Threshing % at maturity                               0.00          -99
      Leaf area index, maximum                              7.97          -99
      Leaf number per stem at maturity                     16.26          -99
      Canopy height (m)                                     0.30          -99
      Tops N at anthesis (kg/ha)                               0          -99
      Tops N at maturity (kg/ha)                              61          -99
      Stem N at maturity (kg/ha)                              20          -99
      Grain N at maturity (kg/ha)                              0          -99
      Grain N at maturity (%)                               0.00          -99
      Grain oil at maturity (%)                             0.00          -99


*ENVIRONMENTAL AND STRESS FACTORS

 |-----Development Phase------|--------------------------------------Environment--------------------------------------|-----------------Stress-----------------|
                              |---------------Average--------------|-----Cumulative-----|--------Count of days--------|          (0=Min, 1=Max Stress)         |
                         Time  Temp  Temp  Temp Solar Photop                Evapo    Pot TMIN TMIN TMAX TMAX TMAX RAIN|----Water----|---Nitrogen--|-Phosphorus-|
                         Span   Max   Min  Mean   Rad  [day]    CO2   Rain  Trans     ET   <    <    >    >    >    >   Photo         Photo         Photo
                         days     C     C     C MJ/m2     hr    ppm     mm     mm    mm   0 C  2 C 30 C 32 C 34 C  0mm  synth Growth  synth Growth  synth Growth
----------------------------------------------------------------------------------------------------------------------------------------------------------------
 Emergence  - Phys. Mat.  800  24.7  14.5  19.6  18.9  11.97  355.7   3109   2725   3301    0    0   55   21    8  384  0.075  0.129  0.538  0.166  0.000  0.000
   
 Planting to Harvest      808  24.7  14.5  19.6  18.9  11.97  355.7   3147   2747   3334    0    0   55   21    8  389  0.074  0.127  0.533  0.165  0.000  0.000
----------------------------------------------------------------------------------------------------------------------------------------------------------------


*Resource Productivity
 Growing season length: 808 days 

 Precipitation during growing season      3146.9 mm[rain]
   Dry Matter Productivity                  0.20 kg[DM]/m3[rain]          =    2.0 kg[DM]/ha per mm[rain]
   Yield Productivity                       0.00 kg[grain yield]/m3[rain] =    0.0 kg[yield]/ha per mm[rain]

 Evapotranspiration during growing season 2746.8 mm[ET]
   Dry Matter Productivity                  0.23 kg[DM]/m3[ET]            =    2.3 kg[DM]/ha per mm[ET]
   Yield Productivity                       0.00 kg[grain yield]/m3[ET]   =    0.0 kg[yield]/ha per mm[ET]

 Transpiration during growing season      2092.9 mm[EP]
   Dry Matter Productivity                  0.31 kg[DM]/m3[EP]            =    3.1 kg[DM]/ha per mm[EP]
   Yield Productivity                       0.00 kg[grain yield]/m3[EP]   =    0.0 kg[yield]/ha per mm[EP]

 N applied during growing season            100. kg[N applied]/ha
   Dry Matter Productivity                  64.3 kg[DM]/kg[N applied]
   Yield Productivity                        0.0 kg[yield]/kg[N applied]

 N uptake during growing season              334 kg[N uptake]/ha
   Dry Matter Productivity                  19.2 kg[DM]/kg[N uptake]
   Yield Productivity                        0.0 kg[yield]/kg[N uptake]

--------------------------------------------------------------------------------------------------------------

                Brachiaria YIELD :        0 kg/ha    [Dry weight] 

**************************************************************************************************************
