*SIMULATION OVERVIEW FILE

*DSSAT Cropping System Model Ver. 4.8.5.000 -release  APR 28, 2026 22:33:21

*RUN   1        : 79 IRRIG. BRAGG           CRGRO048 UFGA7901    1
 MODEL          : CRGRO048 - Soybean
 EXPERIMENT     : UFGA7901 SB IRRIGATION, 1979, THREE WATER LEVELS
 DATA PATH      :
 TREATMENT  1   : 79 IRRIG. BRAGG           CRGRO048


 CROP           : Soybean          CULTIVAR : BRAGG            ECOTYPE :SB0701
 STARTING DATE  : JUN 19 1979
 PLANTING DATE  : JUN 19 1979      PLANTS/m2 :    47.0    ROW SPACING :  76.cm
 WEATHER        : UFGA   1979
 SOIL           : IBSB910015     TEXTURE : S     -   Millhopper Fine Sand
 SOIL INIT COND : DEPTH:180cm EXTR. H2O:158.4mm  NO3: 22.8kg/ha  NH4: 16.5kg/ha
 WATER BALANCE  : IRRIGATE ON REPORTED DATE(S)
 IRRIGATION     :      113 mm IN     9 APPLICATIONS
 NITROGEN BAL.  : SOIL-N, N-UPTAKE & DYNAMIC N-FIXATION SIMULATION
 N-FERTILIZER   :        0 kg/ha IN     0 APPLICATIONS
 RESIDUE/MANURE : INITIAL :     0 kg/ha ;    1000 kg/ha IN     1 APPLICATIONS
 ENVIRONM. OPT. : DAYL=    0.00  SRAD=    0.00  TMAX=    0.00  TMIN=    0.00
                  RAIN=    0.00  CO2 =    0.00  DEW =    0.00  WIND=    0.00
 SIMULATION OPT : WATER   :Y  NITROGEN:Y  N-FIX:Y  PHOSPH :N  PESTS  :N
                  PHOTO   :L  ET      :R  INFIL:S  HYDROL :R  SOM    :G
                  CO2 337ppm  NSWIT   :1  EVAP :R  SOIL   :2  STEMP  :D
 MANAGEMENT OPT : PLANTING:R  IRRIG   :R  FERT :R  RESIDUE:R  HARVEST:M
                  WEATHER :M  TILLAGE :Y

*SUMMARY OF SOIL AND GENETIC INPUT PARAMETERS

   SOIL LOWER UPPER   SAT  EXTR  INIT   ROOT   BULK     pH    NO3    NH4    ORG
  DEPTH LIMIT LIMIT    SW    SW    SW   DIST   DENS                          C
   cm   cm3/cm3    cm3/cm3    cm3/cm3         g/cm3         ugN/g  ugN/g     %
-------------------------------------------------------------------------------
  0-  5 0.023 0.086 0.230 0.063 0.086   1.00   1.36   5.30   1.50   0.60   0.90
  5- 15 0.023 0.086 0.230 0.063 0.086   1.00   1.40   5.40   1.50   0.60   0.69
 15- 30 0.023 0.086 0.230 0.063 0.086   0.50   1.46   5.70   1.50   0.60   0.28
 30- 45 0.023 0.086 0.230 0.063 0.086   0.29   1.46   5.80   1.50   0.60   0.20
 45- 60 0.023 0.086 0.230 0.063 0.086   0.29   1.47   5.80   1.50   0.60   0.20
 60- 90 0.021 0.076 0.230 0.055 0.076   0.38   1.43   5.90   0.60   0.60   0.09
 90-120 0.020 0.076 0.230 0.056 0.076   0.13   1.48   5.90   0.50   0.60   0.03
120-150 0.027 0.130 0.230 0.103 0.130   0.06   1.57   5.90   0.50   0.60   0.03
150-180 0.070 0.258 0.360 0.188 0.258   0.03   1.79   5.90   0.50   0.60   0.03

TOT-180   5.5  21.4  45.3  15.8  21.4  <--cm   -  kg/ha-->   22.8   16.5  38919
SOIL ALBEDO    : 0.18      EVAPORATION LIMIT : 5.00         MIN. FACTOR  : 1.00
RUNOFF CURVE # :66.00      DRAINAGE RATE     : 0.50         FERT. FACTOR : 0.92

 Soybean          CULTIVAR: IB0001-BRAGG              ECOTYPE: SB0701
 CSDVAR :12.33  PPSEN  : 0.32  EMG-FLW:19.50  FLW-FSD:15.20  FSD-PHM : 37.60
 WTPSD  :0.170  SDPDVR : 2.00  SDFDUR :24.00  PODDUR :10.00  XFRUIT  :  1.00
 THRESH : 78.0  SDPRO  :0.400  SDLIP   : 0.200


*SIMULATED CROP AND SOIL STATUS AT MAIN DEVELOPMENT STAGES

 RUN NO.     1     79 IRRIG. BRAGG         

        CROP GROWTH     BIOMASS         LEAF   CROP N     STRESS      STRESS                                           
   DATE  AGE STAGE        kg/ha    LAI   NUM  kg/ha  %   H2O  Nitr Phos1 Phos2  RSTG                                   
 ------  --- ----------   -----  -----  ----  ---  ---  ----  ----  ----  ----  ----                                   
 19 JUN    0 Start Sim        0   0.00   0.0    0  0.0  0.00  0.00  0.00  0.00     0
 19 JUN    0 Sowing           0   0.00   0.0    0  0.0  0.00  0.00  0.00  0.00     0
 23 JUN    4 Emergence       22   0.03   0.0    1  5.1  0.00  0.00  0.00  0.00     0
 23 JUN    4 End Juven.      22   0.03   0.0    1  5.1  0.00  0.00  0.00  0.00     0
 30 JUN   11 Unifoliate      37   0.07   1.2    2  5.1  0.00  0.46  0.00  0.00     0
  4 JUL   15 Flower Ind      74   0.17   2.3    4  4.8  0.00  0.00  0.00  0.00     0
  1 AUG   43 First Flwr    1751   3.15  10.5   66  3.8  0.01  0.00  0.00  0.00     1
 19 AUG   61 End Msnode    4180   5.32  15.6  142  3.4  0.00  0.00  0.00  0.00     1
 21 AUG   63 First Pod     4451   5.42  15.6  149  3.4  0.00  0.00  0.00  0.00     3
 29 AUG   71 First Seed    5584   5.51  15.6  176  3.2  0.00  0.00  0.00  0.00     5
  4 SEP   77 End Leaf      6084   5.14  15.6  186  3.1  0.00  0.00  0.00  0.00     5
 15 SEP   88 End Pod       6847   4.44  15.6  212  3.1  0.00  0.00  0.00  0.00     5
 12 OCT  115 Phys. Mat     8010   3.17  15.6  264  3.3  0.00  0.00  0.00  0.00     7
 24 OCT  127 Harv. Mat     6314   0.21  15.6  232  3.7  0.00  0.01  0.00  0.00     8
 24 OCT  127 Harvest       6314   0.21  15.6  232  3.7  0.00  0.00  0.00  0.00     8


*MAIN GROWTH AND DEVELOPMENT VARIABLES

@     VARIABLE                                         SIMULATED     MEASURED
      --------                                         ---------     --------
      Emergence day (dap)                                      4          -99
      Anthesis day (dap)                                      43           43
      First pod day (dap)                                     63           60
      First seed day (dap)                                    71           60
      Physiological maturity day (dap)                       115          119
      Harvest maturity day (dap)                             127          -99
      Yield at harvest maturity (kg [dm]/ha)                3114        2891.
      Pod/Ear/Panicle weight at maturity (kg [dm]/ha)       3987         3734
      Tops weight at anthesis (kg [dm]/ha)                  1751          -99
      Tops weight at maturity (kg [dm]/ha)                  6314        5781.
      By-product produced (stalk) at maturity (kg[dm]/ha    3200        1848.
      Number at maturity (no/m2)                            2046        1765.
      Unit wt at maturity (g [dm]/unit)                   0.1522        .1638
      Number at maturity (no/unit)                          2.00         1.83
      Harvest index at maturity                            0.493         .500
      Threshing % at maturity                              78.11        77.42
      Leaf area index, maximum                              5.54         4.71
      Leaf number per stem at maturity                     15.64          -99
      Canopy height (m)                                     0.93          -99
      Tops N at anthesis (kg/ha)                              66        1669.
      Tops N at maturity (kg/ha)                             232          -99
      Stem N at maturity (kg/ha)                              15          -99
      Grain N at maturity (kg/ha)                            205          -99
      Grain N at maturity (%)                               6.59          -99
      Grain oil at maturity (%)                            19.60          -99


*ENVIRONMENTAL AND STRESS FACTORS

 |-----Development Phase------|--------------------------------------Environment--------------------------------------|-----------------Stress-----------------|
                              |---------------Average--------------|-----Cumulative-----|--------Count of days--------|          (0=Min, 1=Max Stress)         |
                         Time  Temp  Temp  Temp Solar Photop                Evapo    Pot TMIN TMIN TMAX TMAX TMAX RAIN|----Water----|---Nitrogen--|-Phosphorus-|
                         Span   Max   Min  Mean   Rad  [day]    CO2   Rain  Trans     ET   <    <    >    >    >    >   Photo         Photo         Photo
                         days     C     C     C MJ/m2     hr    ppm     mm     mm    mm   0 C  2 C 30 C 32 C 34 C  0mm  synth Growth  synth Growth  synth Growth
----------------------------------------------------------------------------------------------------------------------------------------------------------------
 Emergence -First Flower   39  33.6  22.1  27.9  20.7  13.72  336.9  165.1  132.8  214.0    0    0   39   35   15   24  0.000  0.005  0.000  0.082  0.000  0.000
 First Flower-First Seed   28  33.0  21.8  27.4  19.7  13.05  337.0  165.6  135.8  136.2    0    0   25   24    6   12  0.000  0.000  0.000  0.000  0.000  0.000
 First Seed - Phys. Mat.   44  30.8  20.1  25.5  15.5  12.01  337.2  325.2  160.0  161.8    0    0   28   15    0   21  0.000  0.000  0.000  0.000  0.000  0.000
 Emergence  - Phys. Mat.  111  32.4  21.2  26.8  18.4  12.87  337.0  655.9  428.6  512.0    0    0   92   74   21   57  0.000  0.002  0.000  0.029  0.000  0.000
   
 Planting to Harvest      128  32.2  20.8  26.5  18.1  12.76  337.1  695.1  460.7  578.2    0    0  103   80   23   59  0.000  0.002  0.000  0.026  0.000  0.000
----------------------------------------------------------------------------------------------------------------------------------------------------------------


*Resource Productivity
 Growing season length: 128 days 

 Precipitation during growing season       695.1 mm[rain]
   Dry Matter Productivity                  0.91 kg[DM]/m3[rain]          =    9.1 kg[DM]/ha per mm[rain]
   Yield Productivity                       0.45 kg[grain yield]/m3[rain] =    4.5 kg[yield]/ha per mm[rain]

 Evapotranspiration during growing season  460.7 mm[ET]
   Dry Matter Productivity                  1.37 kg[DM]/m3[ET]            =   13.7 kg[DM]/ha per mm[ET]
   Yield Productivity                       0.68 kg[grain yield]/m3[ET]   =    6.8 kg[yield]/ha per mm[ET]

 Transpiration during growing season       339.5 mm[EP]
   Dry Matter Productivity                  1.86 kg[DM]/m3[EP]            =   18.6 kg[DM]/ha per mm[EP]
   Yield Productivity                       0.92 kg[grain yield]/m3[EP]   =    9.2 kg[yield]/ha per mm[EP]

 Irrigation during growing season          113.0 mm[irrig]
   Dry Matter Productivity                  5.59 kg[DM]/m3[irrig]         =   55.9 kg[DM]/ha per mm[irrig]
   Yield Productivity                       2.76 kg[grain yield]/m3[irrig]=   27.6 kg[yield]/ha per mm[irrig]

 N uptake during growing season               18 kg[N uptake]/ha
   Dry Matter Productivity                 350.8 kg[DM]/kg[N uptake]
   Yield Productivity                      173.0 kg[yield]/kg[N uptake]

--------------------------------------------------------------------------------------------------------------

                   Soybean YIELD :     3114 kg/ha    [Dry weight] 

**************************************************************************************************************
