*SIMULATION OVERVIEW FILE

*DSSAT Cropping System Model Ver. 4.8.5.000 -release  APR 28, 2026 22:33:17

*RUN   1        : 91, 1ST SOW, LAB RAINFED  CRGRO048 LUGO9102    1
 MODEL          : CRGRO048 - Soybean
 EXPERIMENT     : LUGO9102 SB SOJA, MAJOR, LABRADOR RAINFED 91
 DATA PATH      :
 TREATMENT  1   : 91, 1ST SOW, LAB RAINFED  CRGRO048


 CROP           : Soybean          CULTIVAR : LABR.  00        ECOTYPE :SB0100
 STARTING DATE  : MAY  8 1991
 PLANTING DATE  : MAY 14 1991      PLANTS/m2 :    45.0    ROW SPACING :  40.cm
 WEATHER        : LUGO   1991
 SOIL           : LUGO930001     TEXTURE : LO    -   FINCA DE PRACTICAS EPS
 SOIL INIT COND : DEPTH:150cm EXTR. H2O:221.3mm  NO3:  0.0kg/ha  NH4:  0.0kg/ha
 WATER BALANCE  : RAINFED
 IRRIGATION     : NOT IRRIGATED
 NITROGEN BAL.  : SOIL-N, N-UPTAKE & DYNAMIC N-FIXATION SIMULATION
 N-FERTILIZER   : NO N-FERTILIZER APPLIED
 RESIDUE/MANURE : INITIAL :     0 kg/ha ;       0 kg/ha IN     0 APPLICATIONS
 ENVIRONM. OPT. : DAYL=    0.00  SRAD=    0.00  TMAX=    0.00  TMIN=    0.00
                  RAIN=    0.00  CO2 =    0.00  DEW =    0.00  WIND=    0.00
 SIMULATION OPT : WATER   :Y  NITROGEN:Y  N-FIX:Y  PHOSPH :N  PESTS  :N
                  PHOTO   :L  ET      :R  INFIL:S  HYDROL :R  SOM    :G
                  CO2 355ppm  NSWIT   :1  EVAP :R  SOIL   :2  STEMP  :D
 MANAGEMENT OPT : PLANTING:R  IRRIG   :N  FERT :N  RESIDUE:N  HARVEST:M
                  WEATHER :M  TILLAGE :Y

*SUMMARY OF SOIL AND GENETIC INPUT PARAMETERS

   SOIL LOWER UPPER   SAT  EXTR  INIT   ROOT   BULK     pH    NO3    NH4    ORG
  DEPTH LIMIT LIMIT    SW    SW    SW   DIST   DENS                          C
   cm   cm3/cm3    cm3/cm3    cm3/cm3         g/cm3         ugN/g  ugN/g     %
-------------------------------------------------------------------------------
  0-  5 0.121 0.265 0.348 0.144 0.265   1.00   0.95   6.50   0.00   0.00   2.83
  5- 15 0.121 0.265 0.348 0.144 0.265   1.00   0.95   6.50   0.00   0.00   2.83
 15- 30 0.125 0.274 0.350 0.149 0.274   0.75   1.12   6.40   0.00   0.00   2.34
 30- 40 0.111 0.260 0.354 0.149 0.260   0.50   1.26   6.00   0.00   0.00   0.56
 40- 50 0.111 0.260 0.354 0.149 0.260   0.50   1.26   6.00   0.00   0.00   0.56
 50- 65 0.101 0.252 0.344 0.151 0.252   0.35   1.31   5.20   0.00   0.00   0.48
 65- 93 0.085 0.232 0.321 0.147 0.232   0.20   1.35   4.90   0.00   0.00   0.41
 93-122 0.085 0.232 0.321 0.147 0.232   0.20   1.35   4.90   0.00   0.00   0.41
122-150 0.085 0.232 0.321 0.147 0.232   0.20   1.35   4.90   0.00   0.00   0.41

TOT-150  14.7  36.8  50.0  22.1  36.8  <--cm   -  kg/ha-->    0.0    0.0 150231
SOIL ALBEDO    : 0.14      EVAPORATION LIMIT : 9.70         MIN. FACTOR  : 1.00
RUNOFF CURVE # :80.00      DRAINAGE RATE     : 0.60         FERT. FACTOR : 1.00

 Soybean          CULTIVAR: LU0004-LABR.  00          ECOTYPE: SB0100
 CSDVAR :14.00  PPSEN  : 0.15  EMG-FLW:16.60  FLW-FSD:13.20  FSD-PHM : 36.80
 WTPSD  :0.153  SDPDVR : 2.03  SDFDUR :25.00  PODDUR :11.20  XFRUIT  :  1.00
 THRESH : 77.0  SDPRO  :0.405  SDLIP   : 0.205


*SIMULATED CROP AND SOIL STATUS AT MAIN DEVELOPMENT STAGES

 RUN NO.     1     91, 1ST SOW, LAB RAINFED

        CROP GROWTH     BIOMASS         LEAF   CROP N     STRESS      STRESS                                           
   DATE  AGE STAGE        kg/ha    LAI   NUM  kg/ha  %   H2O  Nitr Phos1 Phos2  RSTG                                   
 ------  --- ----------   -----  -----  ----  ---  ---  ----  ----  ----  ----  ----                                   
  8 MAY    0 Start Sim        0   0.00   0.0    0  0.0  0.00  0.00  0.00  0.00     0
 14 MAY    0 Sowing           0   0.00   0.0    0  0.0  0.00  0.00  0.00  0.00     0
 26 MAY   12 Emergence       19   0.03   0.0    1  5.1  0.00  0.00  0.00  0.00     0
 26 MAY   12 End Juven.      19   0.03   0.0    1  5.1  0.00  0.00  0.00  0.00     0
 10 JUN   27 Unifoliate      52   0.09   1.0    3  5.0  0.00  0.15  0.00  0.00     0
 12 JUN   29 Flower Ind      62   0.11   1.3    3  4.9  0.00  0.00  0.00  0.00     0
 15 JUL   62 First Flwr    1057   1.61   6.2   33  3.1  0.00  0.05  0.00  0.00     1
 27 JUL   74 First Pod     2362   3.32   8.5   80  3.4  0.04  0.00  0.00  0.00     3
  6 AUG   84 First Seed    3651   4.24  10.3  113  3.1  0.04  0.00  0.00  0.00     5
 20 AUG   98 End Pod       4880   3.71  11.9  135  2.8  0.32  0.00  0.00  0.00     5
  3 SEP  112 End Msnode    5307   2.63  12.4  150  2.8  0.27  0.00  0.00  0.00     5
 13 SEP  122 End Leaf      5614   2.47  12.4  175  3.1  0.00  0.00  0.00  0.00     5
 16 SEP  125 Phys. Mat     5687   2.43  12.4  179  3.1  0.00  0.07  0.00  0.00     7
 28 SEP  137 Harv. Mat     4204   0.16  12.4  158  3.8  0.16  0.06  0.00  0.00     8
 28 SEP  137 Harvest       4204   0.16  12.4  158  3.8  0.00  0.00  0.00  0.00     8


*MAIN GROWTH AND DEVELOPMENT VARIABLES

@     VARIABLE                                         SIMULATED     MEASURED
      --------                                         ---------     --------
      Emergence day (dap)                                     12          -99
      Anthesis day (dap)                                      62           47
      First pod day (dap)                                     74          -99
      First seed day (dap)                                    84          -99
      Physiological maturity day (dap)                       125          106
      Harvest maturity day (dap)                             137          -99
      Yield at harvest maturity (kg [dm]/ha)                2422        1606.
      Pod/Ear/Panicle weight at maturity (kg [dm]/ha)       3203        2435.
      Tops weight at anthesis (kg [dm]/ha)                  1057          -99
      Tops weight at maturity (kg [dm]/ha)                  4204        3332.
      By-product produced (stalk) at maturity (kg[dm]/ha    1780        1726.
      Number at maturity (no/m2)                            1612        1384.
      Unit wt at maturity (g [dm]/unit)                   0.1503        .1161
      Number at maturity (no/unit)                          2.03         2.45
      Harvest index at maturity                            0.576         .482
      Threshing % at maturity                              75.61        66.07
      Leaf area index, maximum                              4.32         2.92
      Leaf number per stem at maturity                     12.38           10
      Canopy height (m)                                     0.58          -99
      Tops N at anthesis (kg/ha)                              33          -99
      Tops N at maturity (kg/ha)                             158          -99
      Stem N at maturity (kg/ha)                               5          -99
      Grain N at maturity (kg/ha)                            143          -99
      Grain N at maturity (%)                               5.90          -99
      Grain oil at maturity (%)                            19.72          -99


*ENVIRONMENTAL AND STRESS FACTORS

 |-----Development Phase------|--------------------------------------Environment--------------------------------------|-----------------Stress-----------------|
                              |---------------Average--------------|-----Cumulative-----|--------Count of days--------|          (0=Min, 1=Max Stress)         |
                         Time  Temp  Temp  Temp Solar Photop                Evapo    Pot TMIN TMIN TMAX TMAX TMAX RAIN|----Water----|---Nitrogen--|-Phosphorus-|
                         Span   Max   Min  Mean   Rad  [day]    CO2   Rain  Trans     ET   <    <    >    >    >    >   Photo         Photo         Photo
                         days     C     C     C MJ/m2     hr    ppm     mm     mm    mm   0 C  2 C 30 C 32 C 34 C  0mm  synth Growth  synth Growth  synth Growth
----------------------------------------------------------------------------------------------------------------------------------------------------------------
 Emergence -First Flower   50  22.3   9.5  15.9  18.8  15.07  355.4   48.6   82.6  205.2    0    0    3    1    0   14  0.000  0.000  0.000  0.080  0.000  0.000
 First Flower-First Seed   22  25.6  13.7  19.6  17.5  14.53  355.5   29.5   72.4   84.0    0    0    4    2    0    4  0.005  0.037  0.000  0.002  0.000  0.000
 First Seed - Phys. Mat.   41  26.0  13.2  19.6  15.3  13.21  355.5   63.4  113.8  134.3    0    0    6    3    2   14  0.105  0.200  0.000  0.005  0.000  0.000
 Emergence  - Phys. Mat.  113  24.3  11.6  18.0  17.3  14.29  355.5  141.5  268.9  423.5    0    0   13    6    2   32  0.039  0.080  0.000  0.038  0.000  0.000
   
 Planting to Harvest      138  23.8  11.2  17.5  17.4  14.11  355.5  201.3  292.4  516.5    0    0   14    6    2   37  0.035  0.079  0.000  0.036  0.000  0.000
----------------------------------------------------------------------------------------------------------------------------------------------------------------


*Resource Productivity
 Growing season length: 138 days 

 Precipitation during growing season       201.3 mm[rain]
   Dry Matter Productivity                  2.09 kg[DM]/m3[rain]          =   20.9 kg[DM]/ha per mm[rain]
   Yield Productivity                       1.20 kg[grain yield]/m3[rain] =   12.0 kg[yield]/ha per mm[rain]

 Evapotranspiration during growing season  292.4 mm[ET]
   Dry Matter Productivity                  1.44 kg[DM]/m3[ET]            =   14.4 kg[DM]/ha per mm[ET]
   Yield Productivity                       0.83 kg[grain yield]/m3[ET]   =    8.3 kg[yield]/ha per mm[ET]

 Transpiration during growing season       207.3 mm[EP]
   Dry Matter Productivity                  2.03 kg[DM]/m3[EP]            =   20.3 kg[DM]/ha per mm[EP]
   Yield Productivity                       1.17 kg[grain yield]/m3[EP]   =   11.7 kg[yield]/ha per mm[EP]

 N uptake during growing season               25 kg[N uptake]/ha
   Dry Matter Productivity                 168.1 kg[DM]/kg[N uptake]
   Yield Productivity                       96.9 kg[yield]/kg[N uptake]

--------------------------------------------------------------------------------------------------------------

                   Soybean YIELD :     2422 kg/ha    [Dry weight] 

**************************************************************************************************************
