*SIMULATION OVERVIEW FILE

*DSSAT Cropping System Model Ver. 4.8.5.000 -release  APR 28, 2026 22:33:11

*RUN   1        : B (9 N app)               PTSUB048 WABE0301    1
 MODEL          : PTSUB048 - Potato
 EXPERIMENT     : WABE0301 PT NITROGEN FATE (ALVA ET AL., 2010)
 DATA PATH      :
 TREATMENT  1   : B (9 N app)               PTSUB048


 CROP           : Potato           CULTIVAR : Russet Burbank   ECOTYPE :IB0001
 STARTING DATE  : MAR 28 2003
 PLANTING DATE  : MAR 28 2003      PLANTS/m2 :     5.0    ROW SPACING :  80.cm
 HARVEST DATE   : AUG 19 2003
 WEATHER        : USBE   2003
 SOIL           : WABE000001     TEXTURE : S     - Sand
 SOIL INIT COND : DEPTH:120cm EXTR. H2O:110.1mm  NO3:108.5kg/ha  NH4: 11.2kg/ha
 WATER BALANCE  : IRRIGATE ON REPORTED DATE(S)
 IRRIGATION     :      669 mm IN    92 APPLICATIONS
 NITROGEN BAL.  : SOIL-N & N-UPTAKE SIMULATION; NO N-FIXATION
 N-FERTILIZER   :      324 kg/ha IN     9 APPLICATIONS
 RESIDUE/MANURE : INITIAL :  2000 kg/ha ;       0 kg/ha IN     0 APPLICATIONS
 ENVIRONM. OPT. : DAYL=    0.00  SRAD=    0.00  TMAX=    0.00  TMIN=    0.00
                  RAIN=    0.00  CO2 =    0.00  DEW =    0.00  WIND=    0.00
 SIMULATION OPT : WATER   :Y  NITROGEN:Y  N-FIX:N  PHOSPH :N  PESTS  :N
                  PHOTO   :C  ET      :R  INFIL:S  HYDROL :R  SOM    :P
                  CO2 375ppm  NSWIT   :1  EVAP :R  SOIL   :2  STEMP  :D
 MANAGEMENT OPT : PLANTING:R  IRRIG   :R  FERT :R  RESIDUE:R  HARVEST:R
                  WEATHER :M  TILLAGE :Y

*SUMMARY OF SOIL AND GENETIC INPUT PARAMETERS

   SOIL LOWER UPPER   SAT  EXTR  INIT   ROOT   BULK     pH    NO3    NH4    ORG
  DEPTH LIMIT LIMIT    SW    SW    SW   DIST   DENS                          C
   cm   cm3/cm3    cm3/cm3    cm3/cm3         g/cm3         ugN/g  ugN/g     %
-------------------------------------------------------------------------------
  0-  5 0.078 0.177 0.466 0.099 0.100   1.00   1.30   7.00   5.80   0.60   1.00
  5- 15 0.078 0.177 0.466 0.099 0.100   1.00   1.40   7.00   5.80   0.60   0.95
 15- 30 0.078 0.177 0.466 0.099 0.100   1.00   1.50   7.00   5.80   0.60   0.90
 30- 45 0.076 0.172 0.390 0.096 0.070   0.41   1.60   7.00   5.80   0.60   0.70
 45- 60 0.076 0.172 0.390 0.096 0.070   0.41   1.60   7.00   5.80   0.60   0.70
 60- 90 0.065 0.151 0.368 0.086 0.094   0.22   1.60   7.00   5.80   0.60   0.50
 90-120 0.065 0.151 0.368 0.086 0.097   0.22   1.60   7.00   5.80   0.60   0.20

TOT-120   8.5  19.5  47.8  11.0  10.8  <--cm   -  kg/ha-->  108.5   11.2 107250
SOIL ALBEDO    : 0.13      EVAPORATION LIMIT : 5.60         MIN. FACTOR  : 1.00
RUNOFF CURVE # :64.00      DRAINAGE RATE     : 0.60         FERT. FACTOR : 1.00

 Potato           CULTIVAR: IB0003-Russet Burbank     ECOTYPE: IB0001
 G2     :1522.00  G3     :21.5900
 PD     :   0.54  P2     :  0.313  TC     : 18.760


*SIMULATED CROP AND SOIL STATUS AT MAIN DEVELOPMENT STAGES

 RUN NO.     1     B (9 N app)             

        CROP GROWTH     BIOMASS         LEAF   CROP N     STRESS      STRESS                                           
   DATE  AGE STAGE        kg/ha    LAI   NUM  kg/ha  %   H2O  Nitr Phos1 Phos2  RSTG                                   
 ------  --- ----------   -----  -----  ----  ---  ---  ----  ----  ----  ----  ----                                   
 28 MAR    0 Sowing           0   0.00   0.0    0  0.0  0.00  0.00  0.00  0.00     7
 28 MAR    0 Start Sim        0   0.00   0.0    0  0.0  0.00  0.00  0.00  0.00     7
 20 APR   23 Emergence       14   0.02   0.0    6 47.0  0.00  0.00  0.00  0.00     1
 17 MAY   50 Beg Tuber     2871   4.40   0.0 1314 45.8  0.00  0.00  0.00  0.00     2
 17 AUG  142 Maturity     17177   0.06   0.0 3243 18.9  0.00  0.00  0.00  0.00     5
 19 AUG  144 Harvest      17177   0.06   0.0 3243 18.9  0.00  0.00  0.00  0.00     5


*MAIN GROWTH AND DEVELOPMENT VARIABLES

@     VARIABLE                                         SIMULATED     MEASURED
      --------                                         ---------     --------
      Tuber initiation day (dap)                              50          -99
      Physiological maturity day (dap)                       -99          -99
      Tuber dry weight (kg [dm]/ha) harvest                14743        22369
      Tuber fresh weight (Mg [fm]/ha) harvest              73.71          -99
      Total wt, harvest (kg [dm]/ha)                       17177          -99
      By-product produced (stalk) at maturity (kg[dm]/ha   85886          -99
      Leaf area index, maximum                              6.08        4.683
      Tuber N at harvest (kg/ha)                          214.68          -99
      Tuber+stem+leaf N at harvest (kg/ha)                109.64          -99
      Tops N at maturity (kg/ha)                          109.64          -99
      Tuber N at harvest (%)                               1.456          -99
      Emergence day (dap)                                     23          -99


*ENVIRONMENTAL AND STRESS FACTORS

 |-----Development Phase------|--------------------------------------Environment--------------------------------------|-----------------Stress-----------------|
                              |---------------Average--------------|-----Cumulative-----|--------Count of days--------|          (0=Min, 1=Max Stress)         |
                         Time  Temp  Temp  Temp Solar Photop                Evapo    Pot TMIN TMIN TMAX TMAX TMAX RAIN|----Water----|---Nitrogen--|-Phosphorus-|
                         Span   Max   Min  Mean   Rad  [day]    CO2   Rain  Trans     ET   <    <    >    >    >    >   Photo         Photo         Photo
                         days     C     C     C MJ/m2     hr    ppm     mm     mm    mm   0 C  2 C 30 C 32 C 34 C  0mm  synth Growth  synth Growth  synth Growth
----------------------------------------------------------------------------------------------------------------------------------------------------------------
 Emergence-Begin Tuber     27  19.9   6.3  13.1  21.6  13.87  375.1   30.6   91.5  105.7    0    2    0    0    0   12  0.000  0.000  0.000  0.000  0.000  0.000
 Begin Tuber-Maturity      92  30.6  13.0  21.8  25.5  14.62  375.5  126.6  481.6  525.1    0    1   52   38   27   15  0.000  0.000  0.000  0.000  0.000  0.000
   
 Planting to Harvest      145  26.6  10.5  18.5  23.7  14.17  375.3  163.8  607.5  718.1    2    8   55   40   28   30  0.000  0.000  0.000  0.000  0.000  0.000
----------------------------------------------------------------------------------------------------------------------------------------------------------------


*Resource Productivity
 Growing season length: 145 days 

 Precipitation during growing season       163.8 mm[rain]
   Dry Matter Productivity                 10.49 kg[DM]/m3[rain]          =  104.9 kg[DM]/ha per mm[rain]
   Yield Productivity                       9.00 kg[grain yield]/m3[rain] =   90.0 kg[yield]/ha per mm[rain]

 Evapotranspiration during growing season  607.5 mm[ET]
   Dry Matter Productivity                  2.83 kg[DM]/m3[ET]            =   28.3 kg[DM]/ha per mm[ET]
   Yield Productivity                       2.43 kg[grain yield]/m3[ET]   =   24.3 kg[yield]/ha per mm[ET]

 Transpiration during growing season       417.7 mm[EP]
   Dry Matter Productivity                  4.11 kg[DM]/m3[EP]            =   41.1 kg[DM]/ha per mm[EP]
   Yield Productivity                       3.53 kg[grain yield]/m3[EP]   =   35.3 kg[yield]/ha per mm[EP]

 Irrigation during growing season          668.7 mm[irrig]
   Dry Matter Productivity                  2.57 kg[DM]/m3[irrig]         =   25.7 kg[DM]/ha per mm[irrig]
   Yield Productivity                       2.20 kg[grain yield]/m3[irrig]=   22.0 kg[yield]/ha per mm[irrig]

 N applied during growing season            324. kg[N applied]/ha
   Dry Matter Productivity                  53.0 kg[DM]/kg[N applied]
   Yield Productivity                       45.5 kg[yield]/kg[N applied]

 N uptake during growing season              396 kg[N uptake]/ha
   Dry Matter Productivity                  43.4 kg[DM]/kg[N uptake]
   Yield Productivity                       37.2 kg[yield]/kg[N uptake]

--------------------------------------------------------------------------------------------------------------

                    Potato YIELD :    14743 kg/ha    [Dry weight] 

**************************************************************************************************************
