*SIMULATION OVERVIEW FILE

*DSSAT Cropping System Model Ver. 4.8.5.000 -release  APR 28, 2026 22:32:50

*RUN   1        : ICCV 88202                CRGRO048 ITBW9306    1
 MODEL          : CRGRO048 - Chickpea
 EXPERIMENT     : ITBW9306 CH CULTIVARS; BLACK WATERSHED; 1993
 DATA PATH      :
 TREATMENT  1   : ICCV 88202                CRGRO048


 CROP           : Chickpea         CULTIVAR : ICCV 88202 v48ca ECOTYPE :DFAULT
 STARTING DATE  : NOV  9 1993
 PLANTING DATE  : NOV 11 1993      PLANTS/m2 :    33.0    ROW SPACING :  38.cm
 WEATHER        : ITHY   1993
 SOIL           : ICCH910010     TEXTURE : -99   - VERY FINE MONTMORILLONITI
 SOIL INIT COND : DEPTH:180cm EXTR. H2O:250.3mm  NO3:  0.0kg/ha  NH4:  0.0kg/ha
 WATER BALANCE  : IRRIGATE ON REPORTED DATE(S)
 IRRIGATION     :       55 mm IN     2 APPLICATIONS
 NITROGEN BAL.  : NOT SIMULATED ; NO N-STRESS
 N-FERTILIZER   :
 RESIDUE/MANURE :
 ENVIRONM. OPT. : DAYL=    0.00  SRAD=    0.00  TMAX=    0.00  TMIN=    0.00
                  RAIN=    0.00  CO2 =    0.00  DEW =    0.00  WIND=    0.00
 SIMULATION OPT : WATER   :Y  NITROGEN:N  N-FIX:Y  PHOSPH :N  PESTS  :N
                  PHOTO   :L  ET      :R  INFIL:S  HYDROL :R  SOM    :G
                  CO2 357ppm  NSWIT   :1  EVAP :R  SOIL   :2  STEMP  :D
 MANAGEMENT OPT : PLANTING:R  IRRIG   :R  FERT :R  RESIDUE:R  HARVEST:M
                  WEATHER :M  TILLAGE :Y

*SUMMARY OF SOIL AND GENETIC INPUT PARAMETERS

   SOIL LOWER UPPER   SAT  EXTR  INIT   ROOT   BULK     pH    NO3    NH4    ORG
  DEPTH LIMIT LIMIT    SW    SW    SW   DIST   DENS                          C
   cm   cm3/cm3    cm3/cm3    cm3/cm3         g/cm3         ugN/g  ugN/g     %
-------------------------------------------------------------------------------
  0-  5 0.300 0.380 0.480 0.080 0.380   1.00   1.50   8.80   0.00   0.00   0.73
  5- 15 0.230 0.390 0.480 0.160 0.390   1.00   1.50   8.80   0.00   0.00   0.73
 15- 20 0.230 0.390 0.480 0.160 0.390   1.00   1.50   8.80   0.00   0.00   0.73
 20- 30 0.290 0.440 0.550 0.150 0.440   0.64   1.51   9.20   0.00   0.00   0.54
 30- 40 0.310 0.460 0.570 0.150 0.460   0.47   1.51   9.20   0.00   0.00   0.54
 40- 50 0.290 0.460 0.570 0.170 0.460   0.41   1.37   9.40   0.00   0.00   0.47
 50- 60 0.280 0.480 0.580 0.200 0.480   0.35   1.37   9.40   0.00   0.00   0.47
 60- 75 0.280 0.480 0.580 0.200 0.480   0.28   1.38   9.40   0.00   0.00   0.39
 75- 90 0.304 0.475 0.570 0.171 0.475   0.22   1.38   9.40   0.00   0.00   0.39
 90-110 0.316 0.470 0.570 0.154 0.470   0.17   1.40   9.40   0.00   0.00   0.28
110-130 0.328 0.450 0.550 0.122 0.450   0.12   1.40   9.40   0.00   0.00   0.28
130-155 0.354 0.450 0.550 0.096 0.450   0.07   1.40   9.40   0.00   0.00   0.25
155-180 0.368 0.450 0.470 0.082 0.450   0.04   1.40   9.40   0.00   0.00   0.25

TOT-180  56.3  81.4  97.4  25.0  81.4  <--cm   -  kg/ha-->    0.0    0.0      0
SOIL ALBEDO    : 0.13      EVAPORATION LIMIT : 6.00         MIN. FACTOR  : 1.00
RUNOFF CURVE # :93.00      DRAINAGE RATE     : 0.70         FERT. FACTOR : 0.94

 Chickpea         CULTIVAR: IB0005-ICCV 88202 v48ca   ECOTYPE: DFAULT
 CSDVAR :11.00  PPSEN  :-0.14  EMG-FLW:29.00  FLW-FSD: 9.50  FSD-PHM : 28.50
 WTPSD  :0.255  SDPDVR : 1.30  SDFDUR :29.00  PODDUR :18.00  XFRUIT  :  0.96
 THRESH : 85.0  SDPRO  :0.216  SDLIP   : 0.048


*SIMULATED CROP AND SOIL STATUS AT MAIN DEVELOPMENT STAGES

 RUN NO.     1     ICCV 88202              

        CROP GROWTH     BIOMASS         LEAF   CROP N     STRESS      STRESS                                           
   DATE  AGE STAGE        kg/ha    LAI   NUM  kg/ha  %   H2O  Nitr Phos1 Phos2  RSTG                                   
 ------  --- ----------   -----  -----  ----  ---  ---  ----  ----  ----  ----  ----                                   
  9 NOV    0 Start Sim        0   0.00   0.0    0  0.0  0.00  0.00  0.00  0.00     0
 11 NOV    0 Sowing           0   0.00   0.0    0  0.0  0.00  0.00  0.00  0.00     0
 16 NOV    5 Emergence       28   0.02   0.6    1  4.0  0.00  0.00  0.00  0.00     0
 16 NOV    5 End Juven.      28   0.02   0.6    1  4.0  0.00  0.00  0.00  0.00     0
 17 NOV    6 Unifoliate      30   0.02   1.1    1  3.9  0.00  0.26  0.00  0.00     0
 21 NOV   10 Flower Ind      41   0.05   3.3    2  4.0  0.00  0.08  0.00  0.00     0
 21 DEC   40 First Flwr     445   0.62  17.4   16  3.7  0.00  0.00  0.00  0.00     1
 28 DEC   47 First Pod      711   0.92  20.5   26  3.6  0.00  0.00  0.00  0.00     3
  2 JAN   52 First Seed     983   1.15  23.0   34  3.5  0.02  0.00  0.00  0.00     5
  9 JAN   59 End Pod       1456   1.34  26.2   47  3.3  0.03  0.00  0.00  0.00     5
 13 JAN   63 End Msnode    1774   1.38  27.9   55  3.1  0.03  0.00  0.00  0.00     5
  2 FEB   83 Phys. Mat     3188   1.21  27.9   87  2.7  0.34  0.00  0.00  0.00     7
  3 FEB   84 End Leaf      3119   1.03  27.9   84  2.7  0.75  0.00  0.00  0.00     7
 10 FEB   91 Harv. Mat     2851   0.35  27.9   75  2.6  0.70  0.00  0.00  0.00     8
 10 FEB   91 Harvest       2851   0.35  27.9   75  2.6  0.00  0.00  0.00  0.00     8


*MAIN GROWTH AND DEVELOPMENT VARIABLES

@     VARIABLE                                         SIMULATED     MEASURED
      --------                                         ---------     --------
      Emergence day (dap)                                      5          -99
      Anthesis day (dap)                                      40           41
      First pod day (dap)                                     47           47
      First seed day (dap)                                    52           49
      Physiological maturity day (dap)                        83           75
      Harvest maturity day (dap)                              91           83
      Yield at harvest maturity (kg [dm]/ha)                1767         1647
      Pod/Ear/Panicle weight at maturity (kg [dm]/ha)       2116         2154
      Tops weight at anthesis (kg [dm]/ha)                   445          -99
      Tops weight at maturity (kg [dm]/ha)                  2851         2926
      By-product produced (stalk) at maturity (kg[dm]/ha    1080          772
      Number at maturity (no/m2)                             805         1134
      Unit wt at maturity (g [dm]/unit)                   0.2195        0.186
      Number at maturity (no/unit)                          1.30          1.3
      Harvest index at maturity                            0.620          -99
      Threshing % at maturity                              83.51          -99
      Leaf area index, maximum                              1.39         1.22
      Leaf number per stem at maturity                     27.90          -99
      Canopy height (m)                                     0.51          -99
      Tops N at anthesis (kg/ha)                              16          -99
      Tops N at maturity (kg/ha)                              75          -99
      Stem N at maturity (kg/ha)                               5          -99
      Grain N at maturity (kg/ha)                             60          -99
      Grain N at maturity (%)                               3.40          -99
      Grain oil at maturity (%)                             4.61          -99


*ENVIRONMENTAL AND STRESS FACTORS

 |-----Development Phase------|--------------------------------------Environment--------------------------------------|-----------------Stress-----------------|
                              |---------------Average--------------|-----Cumulative-----|--------Count of days--------|          (0=Min, 1=Max Stress)         |
                         Time  Temp  Temp  Temp Solar Photop                Evapo    Pot TMIN TMIN TMAX TMAX TMAX RAIN|----Water----|---Nitrogen--|-Phosphorus-|
                         Span   Max   Min  Mean   Rad  [day]    CO2   Rain  Trans     ET   <    <    >    >    >    >   Photo         Photo         Photo
                         days     C     C     C MJ/m2     hr    ppm     mm     mm    mm   0 C  2 C 30 C 32 C 34 C  0mm  synth Growth  synth Growth  synth Growth
----------------------------------------------------------------------------------------------------------------------------------------------------------------
 Emergence -First Flower   35  27.4  12.5  20.0  16.3  11.02  357.5   29.0   53.8  127.8    0    0    2    0    0    2  0.000  0.000  0.000  0.016  0.000  0.000
 First Flower-First Seed   12  26.5  11.7  19.1  16.0  10.96  357.6    0.0   20.3   41.3    0    0    0    0    0    0  0.000  0.008  0.000  0.000  0.000  0.000
 First Seed - Phys. Mat.   31  28.8  14.7  21.7  16.6  11.09  357.7    1.8   66.4  116.0    0    0    6    0    0    1  0.083  0.230  0.000  0.000  0.000  0.000
 Emergence  - Phys. Mat.   78  27.8  13.2  20.5  16.4  11.04  357.6   30.8  140.5  285.1    0    0    8    0    0    3  0.033  0.093  0.000  0.007  0.000  0.000
   
 Planting to Harvest       92  28.0  13.9  21.0  16.6  11.07  357.6   35.6  161.6  342.8    0    0   10    0    0    4  0.063  0.140  0.000  0.006  0.000  0.000
----------------------------------------------------------------------------------------------------------------------------------------------------------------


*Resource Productivity
 Growing season length:  92 days 

 Precipitation during growing season        35.6 mm[rain]
   Dry Matter Productivity                  8.01 kg[DM]/m3[rain]          =   80.1 kg[DM]/ha per mm[rain]
   Yield Productivity                       4.96 kg[grain yield]/m3[rain] =   49.6 kg[yield]/ha per mm[rain]

 Evapotranspiration during growing season  161.6 mm[ET]
   Dry Matter Productivity                  1.76 kg[DM]/m3[ET]            =   17.6 kg[DM]/ha per mm[ET]
   Yield Productivity                       1.09 kg[grain yield]/m3[ET]   =   10.9 kg[yield]/ha per mm[ET]

 Transpiration during growing season       105.2 mm[EP]
   Dry Matter Productivity                  2.71 kg[DM]/m3[EP]            =   27.1 kg[DM]/ha per mm[EP]
   Yield Productivity                       1.68 kg[grain yield]/m3[EP]   =   16.8 kg[yield]/ha per mm[EP]

 Irrigation during growing season           55.0 mm[irrig]
   Dry Matter Productivity                  5.18 kg[DM]/m3[irrig]         =   51.8 kg[DM]/ha per mm[irrig]
   Yield Productivity                       3.21 kg[grain yield]/m3[irrig]=   32.1 kg[yield]/ha per mm[irrig]

--------------------------------------------------------------------------------------------------------------

                  Chickpea YIELD :     1767 kg/ha    [Dry weight] 

**************************************************************************************************************
