*SIMULATION OVERVIEW FILE

*DSSAT Cropping System Model Ver. 4.8.5.000 -release  APR 28, 2026 22:33:31

*RUN   1        : Sunny, Avg, auto,N-off    CRGRO048 UFBR9401    4
 MODEL          : CRGRO048 - Tomato
 EXPERIMENT     : UFBR9401 TM 1994 FERTILIZER TRIAL, SUNNY, BRADENTON
 DATA PATH      :
 TREATMENT  4   : Sunny, Avg, auto,N-off    CRGRO048


 CROP           : Tomato           CULTIVAR : Sunny S-D 2010 C ECOTYPE :TM0001
 STARTING DATE  : FEB 19 1994
 PLANTING DATE  : MAR  1 1994      PLANTS/m2 :     1.1    ROW SPACING : 152.cm
 WEATHER        : UFBR   1994
 SOIL           : UFBR950001     TEXTURE : SA    -   Eaugallie fine sand (IM
 WATER BALANCE  : NOT SIMULATED ; NO H2O-STRESS
 IRRIGATION     :
 NITROGEN BAL.  : NOT SIMULATED ; NO N-STRESS
 N-FERTILIZER   :
 RESIDUE/MANURE :
 ENVIRONM. OPT. : DAYL=    0.00  SRAD=    0.00  TMAX=    0.00  TMIN=    0.00
                  RAIN=    0.00  CO2 =    0.00  DEW =    0.00  WIND=    0.00
 SIMULATION OPT : WATER   :N  NITROGEN:N  N-FIX:N  PHOSPH :N  PESTS  :N
                  PHOTO   :L  ET      :R  INFIL:S  HYDROL :R  SOM    :G
                  CO2 358ppm  NSWIT   :1  EVAP :R  SOIL   :2  STEMP  :D
 MANAGEMENT OPT : PLANTING:R  IRRIG   :A  FERT :R  RESIDUE:N  HARVEST:M
                  WEATHER :M  TILLAGE :N

*SUMMARY OF SOIL AND GENETIC INPUT PARAMETERS

 Tomato           CULTIVAR: TM0007-Sunny S-D 2010 C   ECOTYPE: TM0001
 CSDVAR :12.33  PPSEN  : 0.00  EMG-FLW:24.40  FLW-FSD:19.00  FSD-PHM : 45.20
 WTPSD  :0.004  SDPDVR :300.0  SDFDUR :26.00  PODDUR :58.00  XFRUIT  :  0.73
 THRESH :  8.5  SDPRO  :0.300  SDLIP   : 0.050


*SIMULATED CROP AND SOIL STATUS AT MAIN DEVELOPMENT STAGES

 RUN NO.     1     Sunny, Avg, auto,N-off  

        CROP GROWTH     BIOMASS         LEAF   CROP N     STRESS      STRESS                                           
   DATE  AGE STAGE        kg/ha    LAI   NUM  kg/ha  %   H2O  Nitr Phos1 Phos2  RSTG                                   
 ------  --- ----------   -----  -----  ----  ---  ---  ----  ----  ----  ----  ----                                   
 19 FEB    0 Start Sim        0   0.00   0.0    0  0.0  0.00  0.00  0.00  0.00     0
  1 MAR    0 Transplant       2   0.00   2.8    0  3.8  0.00  0.00  0.00  0.00     0
  3 MAR    2 Flower Ind       2   0.00   3.5    0  3.6  0.00  0.00  0.00  0.00     0
 28 MAR   27 First Flwr     130   0.28  12.2    5  3.6  0.00  0.00  0.00  0.00     1
  1 APR   31 First Pod      259   0.49  13.7    9  3.6  0.00  0.00  0.00  0.00     2
 12 APR   42 First Pod     1072   1.64  17.7   37  3.5  0.00  0.00  0.00  0.00     3
 19 APR   49 First Seed    2035   2.63  20.5   67  3.3  0.00  0.00  0.00  0.00     5
 25 APR   55 End Msnode    3009   2.98  22.3   93  3.1  0.00  0.00  0.00  0.00     5
 25 MAY   85 End Leaf      8122   3.22  22.3  204  2.5  0.00  0.00  0.00  0.00     5
 29 MAY   89 End Pod       8678   3.20  22.3  214  2.5  0.00  0.00  0.00  0.00     5
 10 JUN  101 Phys. Mat     9860   3.15  22.3  223  2.3  0.00  0.00  0.00  0.00     8
 10 JUN  101 Harv. Mat     9860   3.15  22.3  223  2.3  0.00  0.00  0.00  0.00     8
 10 JUN  101 Harvest       9860   3.15  22.3  223  2.3  0.00  0.00  0.00  0.00     8


*MAIN GROWTH AND DEVELOPMENT VARIABLES

@     VARIABLE                                         SIMULATED     MEASURED
      --------                                         ---------     --------
      Anthesis day (dap)                                      27          -99
      First pod day (dap)                                     42          -99
      First seed day (dap)                                    49          -99
      Physiological maturity day (dap)                       101          -99
      Harvest maturity day (dap)                             101          -99
      Yield at harvest maturity (kg [dm]/ha)                 523          -99
      Pod/Ear/Panicle weight at maturity (kg [dm]/ha)       6360         8291
      Tops weight at anthesis (kg [dm]/ha)                   130          -99
      Tops weight at maturity (kg [dm]/ha)                  9860        11959
      By-product produced (stalk) at maturity (kg[dm]/ha    9340          -99
      Number at maturity (no/m2)                           26098          -99
      Unit wt at maturity (g [dm]/unit)                   0.0020          -99
      Number at maturity (no/unit)                        245.84          -99
      Harvest index at maturity                            0.053          -99
      Threshing % at maturity                               8.22          -99
      Leaf area index, maximum                              3.29         5.62
      Leaf number per stem at maturity                     22.32          -99
      Canopy height (m)                                     0.98          -99
      Tops N at anthesis (kg/ha)                               5          -99
      Tops N at maturity (kg/ha)                             223        262.9
      Stem N at maturity (kg/ha)                              31          -99
      Grain N at maturity (kg/ha)                             25          -99
      Grain N at maturity (%)                               4.79          -99
      Grain oil at maturity (%)                             4.98          -99


*ENVIRONMENTAL AND STRESS FACTORS

 |-----Development Phase------|--------------------------------------Environment--------------------------------------|-----------------Stress-----------------|
                              |---------------Average--------------|-----Cumulative-----|--------Count of days--------|          (0=Min, 1=Max Stress)         |
                         Time  Temp  Temp  Temp Solar Photop                Evapo    Pot TMIN TMIN TMAX TMAX TMAX RAIN|----Water----|---Nitrogen--|-Phosphorus-|
                         Span   Max   Min  Mean   Rad  [day]    CO2   Rain  Trans     ET   <    <    >    >    >    >   Photo         Photo         Photo
                         days     C     C     C MJ/m2     hr    ppm     mm     mm    mm   0 C  2 C 30 C 32 C 34 C  0mm  synth Growth  synth Growth  synth Growth
----------------------------------------------------------------------------------------------------------------------------------------------------------------
 First Flower-First Seed   22  28.4  16.9  22.7  22.4  12.48  358.1   29.1    0.0    0.0    0    0   10    1    0    4  0.000  0.000  0.000  0.000  0.000  0.000
 First Seed - Phys. Mat.   52  30.5  20.0  25.2  22.2  13.33  358.3  119.6    0.0    0.0    0    0   36    9    0   12  0.000  0.000  0.000  0.000  0.000  0.000
   
 Planting to Harvest      102  28.8  17.9  23.4  21.1  12.72  358.2  196.0    0.0    0.0    0    0   47   10    0   18  0.000  0.000  0.000  0.000  0.000  0.000
----------------------------------------------------------------------------------------------------------------------------------------------------------------

--------------------------------------------------------------------------------------------------------------

                    Tomato YIELD :     6360 kg/ha    [Dry weight] 

**************************************************************************************************************
