*SIMULATION OVERVIEW FILE

*DSSAT Cropping System Model Ver. 4.8.5.000 -release  APR 28, 2026 22:33:01

*RUN   1        : X304C 0 kg N/ha           MZCER048 IBWA8301    1
 MODEL          : MZCER048 - Maize
 EXPERIMENT     : IBWA8301 MZ N X VAR WAPIO, IBSNAT EXP.1983-4
 DATA PATH      :
 TREATMENT  1   : X304C 0 kg N/ha           MZCER048


 CROP           : Maize            CULTIVAR : PIO X 304C       ECOTYPE :IB0001
 STARTING DATE  : NOV 22 1983
 PLANTING DATE  : NOV 30 1983      PLANTS/m2 :     5.8    ROW SPACING :  75.cm
 WEATHER        : IBWA   1983
 SOIL           : IBMZ910013     TEXTURE : -99   -   Waipio
 SOIL INIT COND : DEPTH:110cm EXTR. H2O:137.0mm  NO3: 11.8kg/ha  NH4: 13.5kg/ha
 WATER BALANCE  : IRRIGATE ON REPORTED DATE(S)
 IRRIGATION     :      304 mm IN    24 APPLICATIONS
 NITROGEN BAL.  : SOIL-N & N-UPTAKE SIMULATION; NO N-FIXATION
 N-FERTILIZER   :        0 kg/ha IN     0 APPLICATIONS
 RESIDUE/MANURE : INITIAL :  2000 kg/ha ;       0 kg/ha IN     0 APPLICATIONS
 ENVIRONM. OPT. : DAYL=    0.00  SRAD=    0.00  TMAX=    0.00  TMIN=    0.00
                  RAIN=    0.00  CO2 =    0.00  DEW =    0.00  WIND=    0.00
 SIMULATION OPT : WATER   :Y  NITROGEN:Y  N-FIX:N  PHOSPH :N  PESTS  :N
                  PHOTO   :C  ET      :R  INFIL:S  HYDROL :R  SOM    :G
                  CO2 344ppm  NSWIT   :1  EVAP :R  SOIL   :2  STEMP  :D
 MANAGEMENT OPT : PLANTING:R  IRRIG   :R  FERT :R  RESIDUE:R  HARVEST:M
                  WEATHER :M  TILLAGE :Y

*SUMMARY OF SOIL AND GENETIC INPUT PARAMETERS

   SOIL LOWER UPPER   SAT  EXTR  INIT   ROOT   BULK     pH    NO3    NH4    ORG
  DEPTH LIMIT LIMIT    SW    SW    SW   DIST   DENS                          C
   cm   cm3/cm3    cm3/cm3    cm3/cm3         g/cm3         ugN/g  ugN/g     %
-------------------------------------------------------------------------------
  0-  5 0.220 0.350 0.550 0.130 0.260   1.00   1.00   6.30   3.60   3.40   2.27
  5- 15 0.230 0.350 0.550 0.120 0.260   1.00   1.00   6.30   2.80   2.80   2.27
 15- 30 0.240 0.350 0.550 0.110 0.300   0.80   1.05   5.80   1.40   1.90   1.10
 30- 40 0.250 0.370 0.480 0.120 0.370   0.40   1.17   5.80   0.70   1.10   1.41
 40- 50 0.250 0.370 0.480 0.120 0.370   0.40   1.17   5.80   0.70   1.10   1.41
 50- 60 0.260 0.380 0.460 0.120 0.320   0.20   1.22   6.00   0.50   0.90   0.59
 60- 70 0.260 0.380 0.460 0.120 0.320   0.20   1.22   6.00   0.50   0.90   0.59
 70- 90 0.250 0.380 0.460 0.130 0.290   0.05   1.22   6.00   0.50   0.40   0.36
 90-110 0.260 0.400 0.480 0.140 0.320   0.02   1.17   6.00   0.40   0.10   0.27

TOT-110  27.4  41.1  54.1  13.7  34.4  <--cm   -  kg/ha-->   11.8   13.5 113867
SOIL ALBEDO    : 0.14      EVAPORATION LIMIT : 5.00         MIN. FACTOR  : 1.00
RUNOFF CURVE # :60.00      DRAINAGE RATE     : 0.60         FERT. FACTOR : 1.00

 Maize            CULTIVAR: IB0063-PIO X 304C         ECOTYPE: IB0001
 P1     : 342.40  P2     : 0.2430  P5     : 944.50
 G2     : 756.60  G3     :  5.497  PHINT  : 38.900


*SIMULATED CROP AND SOIL STATUS AT MAIN DEVELOPMENT STAGES

 RUN NO.     1     X304C 0 kg N/ha         

        CROP GROWTH     BIOMASS         LEAF   CROP N     STRESS      STRESS                                           
   DATE  AGE STAGE        kg/ha    LAI   NUM  kg/ha  %   H2O  Nitr Phos1 Phos2  RSTG                                   
 ------  --- ----------   -----  -----  ----  ---  ---  ----  ----  ----  ----  ----                                   
 22 NOV    0 Start Sim        0   0.00   0.0    0  0.0  0.00  0.00  0.00  0.00     7
 30 NOV    0 Sowing           0   0.00   0.0    0  0.0  0.00  0.00  0.00  0.00     8
  1 DEC    1 Germinate        0   0.00   0.0    0  0.0  0.00  0.00  0.00  0.00     9
  6 DEC    6 Emergence       23   0.00   2.1    1  4.4  0.00  0.01  0.00  0.00     1
 31 DEC   31 End Juveni     617   0.98  11.7   17  2.7  0.00  0.02  0.00  0.00     2
  4 JAN   35 Floral Ini     873   1.22  13.2   21  2.4  0.00  0.34  0.00  0.00     3
 15 FEB   77 75% Silkin    4677   1.28  27.1   46  1.0  0.00  0.59  0.00  0.00     4
 27 FEB   89 Beg Gr Fil    5643   0.88  27.1   51  0.9  0.00  0.61  0.00  0.00     5
 11 APR  133 End Gr Fil    7505   0.39  27.1   65  0.9  0.00  0.37  0.00  0.00     6
 14 APR  136 Maturity      7505   0.39  27.1   65  0.9  0.00  0.16  0.00  0.00    10
 14 APR  136 Harvest       7505   0.39  27.1   65  0.9  0.00  0.00  0.00  0.00    10


*MAIN GROWTH AND DEVELOPMENT VARIABLES

@     VARIABLE                                         SIMULATED     MEASURED
      --------                                         ---------     --------
      Anthesis day (dap)                                      77           79
      Physiological maturity day (dap)                       136          139
      Yield at harvest maturity (kg [dm]/ha)                1930        2527.
      Number at maturity (no/m2)                             787        1245.
      Unit wt at maturity (g [dm]/unit)                   0.2451        0.203
      Number at maturity (no/unit)                         135.7         215.
      Tops weight at maturity (kg [dm]/ha)                  7505        7801.
      By-product produced (stalk) at maturity (kg[dm]/ha    5636        5274.
      Leaf area index, maximum                              1.69         3.24
      Harvest index at maturity                            0.257          -99
      Grain N at maturity (kg/ha)                             23         23.0
      Tops N at maturity (kg/ha)                              65         37.6
      Stem N at maturity (kg/ha)                              42         14.6
      Grain N at maturity (%)                                1.2         0.91
      Tops weight at anthesis (kg [dm]/ha)                  4598          -99
      Tops N at anthesis (kg/ha)                              45          -99
      Leaf number per stem at maturity                     27.08          -99
      Emergence day (dap)                                      6          -99


*ENVIRONMENTAL AND STRESS FACTORS

 |-----Development Phase------|--------------------------------------Environment--------------------------------------|-----------------Stress-----------------|
                              |---------------Average--------------|-----Cumulative-----|--------Count of days--------|          (0=Min, 1=Max Stress)         |
                         Time  Temp  Temp  Temp Solar Photop                Evapo    Pot TMIN TMIN TMAX TMAX TMAX RAIN|----Water----|---Nitrogen--|-Phosphorus-|
                         Span   Max   Min  Mean   Rad  [day]    CO2   Rain  Trans     ET   <    <    >    >    >    >   Photo         Photo         Photo
                         days     C     C     C MJ/m2     hr    ppm     mm     mm    mm   0 C  2 C 30 C 32 C 34 C  0mm  synth Growth  synth Growth  synth Growth
----------------------------------------------------------------------------------------------------------------------------------------------------------------
 Emergence-End Juvenile    25  27.1  15.8  21.5  13.3  10.73  343.6   47.0   67.5   83.0    0    0    2    0    0    6  0.000  0.000  0.005  0.012  0.000  0.000
 End Juvenil-Floral Init    4  29.1  18.2  23.7  13.4  10.75  343.7    0.0   12.3   13.2    0    0    2    0    0    0  0.000  0.000  0.115  0.288  0.000  0.000
 Floral Init-End Lf Grow   42  28.4  17.7  23.1  14.6  10.98  343.8   54.0  144.0  146.0    0    0    4    1    0   10  0.000  0.000  0.316  0.587  0.000  0.000
 End Lf Grth-Beg Grn Fil   12  28.5  17.6  23.1  18.7  11.40  344.0   15.0   51.4   54.3    0    0    0    0    0    4  0.000  0.000  0.335  0.613  0.000  0.000
 Grain Filling Phase       44  30.3  18.4  24.4  20.7  11.96  344.0   65.0  183.1  233.6    0    0   15    1    0   11  0.000  0.000  0.159  0.378  0.000  0.000
   
 Planting to Harvest      136  28.9  17.6  23.3  16.8  11.31  343.8  192.0  480.9  571.3    0    0   25    2    0   33  0.000  0.000  0.184  0.372  0.000  0.000
----------------------------------------------------------------------------------------------------------------------------------------------------------------


*Resource Productivity
 Growing season length: 136 days 

 Precipitation during growing season       192.0 mm[rain]
   Dry Matter Productivity                  3.91 kg[DM]/m3[rain]          =   39.1 kg[DM]/ha per mm[rain]
   Yield Productivity                       1.01 kg[grain yield]/m3[rain] =   10.1 kg[yield]/ha per mm[rain]

 Evapotranspiration during growing season  480.9 mm[ET]
   Dry Matter Productivity                  1.56 kg[DM]/m3[ET]            =   15.6 kg[DM]/ha per mm[ET]
   Yield Productivity                       0.40 kg[grain yield]/m3[ET]   =    4.0 kg[yield]/ha per mm[ET]

 Transpiration during growing season       220.6 mm[EP]
   Dry Matter Productivity                  3.40 kg[DM]/m3[EP]            =   34.0 kg[DM]/ha per mm[EP]
   Yield Productivity                       0.87 kg[grain yield]/m3[EP]   =    8.7 kg[yield]/ha per mm[EP]

 Irrigation during growing season          304.0 mm[irrig]
   Dry Matter Productivity                  2.47 kg[DM]/m3[irrig]         =   24.7 kg[DM]/ha per mm[irrig]
   Yield Productivity                       0.63 kg[grain yield]/m3[irrig]=    6.3 kg[yield]/ha per mm[irrig]

 N uptake during growing season               77 kg[N uptake]/ha
   Dry Matter Productivity                  97.5 kg[DM]/kg[N uptake]
   Yield Productivity                       25.1 kg[yield]/kg[N uptake]

--------------------------------------------------------------------------------------------------------------

                     Maize YIELD :     1930 kg/ha    [Dry weight] 

**************************************************************************************************************
