*SIMULATION OVERVIEW FILE

*DSSAT Cropping System Model Ver. 4.8.5.000 -release  APR 28, 2026 22:33:22

*RUN   1        : 88 ONFARM, IRR. LEFLORE   CRGRO048 UFGW8801    1
 MODEL          : CRGRO048 - Soybean
 EXPERIMENT     : UFGW8801 SB CRAWFORD, IRRIG LEFLORE, GREENWOOD
 DATA PATH      :
 TREATMENT  1   : 88 ONFARM, IRR. LEFLORE   CRGRO048


 CROP           : Soybean          CULTIVAR : LEFLORE (6)      ECOTYPE :SB0601
 STARTING DATE  : JUN  3 1988
 PLANTING DATE  : JUN  3 1988      PLANTS/m2 :    31.8    ROW SPACING :  91.cm
 WEATHER        : UFGW   1988
 SOIL           : IBSB910055     TEXTURE : -99   -   TROUP FINE SAND
 SOIL INIT COND : DEPTH:190cm EXTR. H2O:142.5mm  NO3: 24.8kg/ha  NH4: 18.0kg/ha
 WATER BALANCE  : IRRIGATE ON REPORTED DATE(S)
 IRRIGATION     :      188 mm IN     8 APPLICATIONS
 NITROGEN BAL.  : SOIL-N, N-UPTAKE & DYNAMIC N-FIXATION SIMULATION
 N-FERTILIZER   :        0 kg/ha IN     0 APPLICATIONS
 RESIDUE/MANURE : INITIAL :     0 kg/ha ;       0 kg/ha IN     0 APPLICATIONS
 ENVIRONM. OPT. : DAYL=    0.00  SRAD=    0.00  TMAX=    0.00  TMIN=    0.00
                  RAIN=    0.00  CO2 =    0.00  DEW =    0.00  WIND=    0.00
 SIMULATION OPT : WATER   :Y  NITROGEN:Y  N-FIX:Y  PHOSPH :N  PESTS  :N
                  PHOTO   :L  ET      :R  INFIL:S  HYDROL :R  SOM    :G
                  CO2 351ppm  NSWIT   :1  EVAP :R  SOIL   :2  STEMP  :D
 MANAGEMENT OPT : PLANTING:R  IRRIG   :R  FERT :R  RESIDUE:R  HARVEST:M
                  WEATHER :M  TILLAGE :Y

*SUMMARY OF SOIL AND GENETIC INPUT PARAMETERS

   SOIL LOWER UPPER   SAT  EXTR  INIT   ROOT   BULK     pH    NO3    NH4    ORG
  DEPTH LIMIT LIMIT    SW    SW    SW   DIST   DENS                          C
   cm   cm3/cm3    cm3/cm3    cm3/cm3         g/cm3         ugN/g  ugN/g     %
-------------------------------------------------------------------------------
  0-  5 0.033 0.105 0.314 0.072 0.118   1.00   1.56   5.80   1.50   0.60   0.64
  5- 15 0.033 0.105 0.314 0.072 0.118   1.00   1.56   5.80   1.50   0.60   0.64
 15- 30 0.031 0.099 0.313 0.068 0.123   0.93   1.56   5.90   1.50   0.60   0.19
 30- 45 0.031 0.099 0.313 0.068 0.140   0.23   1.56   5.90   1.50   0.60   0.19
 45- 60 0.031 0.099 0.313 0.068 0.141   0.06   1.56   5.90   1.50   0.60   0.19
 60- 90 0.029 0.092 0.315 0.063 0.144   0.02   1.60   5.40   0.60   0.60   0.05
 90-120 0.029 0.092 0.315 0.063 0.152   0.01   1.60   5.40   0.50   0.60   0.05
120-145 0.030 0.096 0.316 0.066 0.152   0.01   1.60   5.10   0.50   0.60   0.04
145-167 0.047 0.151 0.357 0.104 0.218   0.00   1.56   5.20   0.50   0.60   0.10
167-190 0.047 0.151 0.357 0.104 0.218   0.00   1.56   5.20   0.50   0.60   0.10

TOT-190   6.5  20.7  61.7  14.2  30.3  <--cm   -  kg/ha-->   24.8   18.0  41734
SOIL ALBEDO    : 0.13      EVAPORATION LIMIT : 6.20         MIN. FACTOR  : 1.00
RUNOFF CURVE # :76.00      DRAINAGE RATE     : 0.60         FERT. FACTOR : 0.92

 Soybean          CULTIVAR: IB0013-LEFLORE (6)        ECOTYPE: SB0601
 CSDVAR :12.55  PPSEN  : 0.31  EMG-FLW:19.60  FLW-FSD:16.00  FSD-PHM : 37.30
 WTPSD  :0.175  SDPDVR : 2.05  SDFDUR :23.00  PODDUR :10.50  XFRUIT  :  1.00
 THRESH : 78.0  SDPRO  :0.400  SDLIP   : 0.200


*SIMULATED CROP AND SOIL STATUS AT MAIN DEVELOPMENT STAGES

 RUN NO.     1     88 ONFARM, IRR. LEFLORE 

        CROP GROWTH     BIOMASS         LEAF   CROP N     STRESS      STRESS                                           
   DATE  AGE STAGE        kg/ha    LAI   NUM  kg/ha  %   H2O  Nitr Phos1 Phos2  RSTG                                   
 ------  --- ----------   -----  -----  ----  ---  ---  ----  ----  ----  ----  ----                                   
  3 JUN    0 Start Sim        0   0.00   0.0    0  0.0  0.00  0.00  0.00  0.00     0
  3 JUN    0 Sowing           0   0.00   0.0    0  0.0  0.00  0.00  0.00  0.00     0
  8 JUN    5 Emergence       15   0.02   0.1    1  5.1  0.00  0.00  0.00  0.00     0
  8 JUN    5 End Juven.      15   0.02   0.1    1  5.1  0.00  0.00  0.00  0.00     0
 15 JUN   12 Unifoliate      35   0.07   1.1    2  5.0  0.00  0.06  0.00  0.00     0
 20 JUN   17 Flower Ind      74   0.17   2.4    4  4.8  0.00  0.00  0.00  0.00     0
 20 JUL   47 First Flwr    1335   2.31  10.1   45  3.4  0.11  0.02  0.00  0.00     1
  7 AUG   65 First Pod     2643   3.14  14.1   73  2.8  0.22  0.06  0.00  0.00     3
  9 AUG   67 End Msnode    2877   3.30  14.6   80  2.8  0.00  0.00  0.00  0.00     3
 20 AUG   78 First Seed    4231   3.47  14.6  114  2.7  0.06  0.00  0.00  0.00     5
 24 AUG   82 End Leaf      4668   3.40  14.6  126  2.7  0.00  0.00  0.00  0.00     5
  6 SEP   95 End Pod       5628   2.95  14.6  160  2.8  0.07  0.00  0.00  0.00     5
  1 OCT  120 Phys. Mat     6399   2.20  14.6  205  3.2  0.19  0.00  0.00  0.00     7
 13 OCT  132 Harv. Mat     4980   0.15  14.6  183  3.7  0.09  0.00  0.00  0.00     8
 13 OCT  132 Harvest       4980   0.15  14.6  183  3.7  0.00  0.00  0.00  0.00     8


*MAIN GROWTH AND DEVELOPMENT VARIABLES

@     VARIABLE                                         SIMULATED     MEASURED
      --------                                         ---------     --------
      Emergence day (dap)                                      5          -99
      Anthesis day (dap)                                      47           47
      First pod day (dap)                                     65           67
      First seed day (dap)                                    78           74
      Physiological maturity day (dap)                       120          122
      Harvest maturity day (dap)                             132          -99
      Yield at harvest maturity (kg [dm]/ha)                2496        2424.
      Pod/Ear/Panicle weight at maturity (kg [dm]/ha)       3328        3324.
      Tops weight at anthesis (kg [dm]/ha)                  1335          -99
      Tops weight at maturity (kg [dm]/ha)                  4980        5329.
      By-product produced (stalk) at maturity (kg[dm]/ha    2480        1882.
      Number at maturity (no/m2)                            1739        1606.
      Unit wt at maturity (g [dm]/unit)                   0.1435        .1509
      Number at maturity (no/unit)                          2.05         2.07
      Harvest index at maturity                            0.501          -99
      Threshing % at maturity                              75.00          -99
      Leaf area index, maximum                              3.54         4.79
      Leaf number per stem at maturity                     14.64          -99
      Canopy height (m)                                     0.77          -99
      Tops N at anthesis (kg/ha)                              45          -99
      Tops N at maturity (kg/ha)                             183          -99
      Stem N at maturity (kg/ha)                              10          -99
      Grain N at maturity (kg/ha)                            161          -99
      Grain N at maturity (%)                               6.46          -99
      Grain oil at maturity (%)                            19.74          -99


*ENVIRONMENTAL AND STRESS FACTORS

 |-----Development Phase------|--------------------------------------Environment--------------------------------------|-----------------Stress-----------------|
                              |---------------Average--------------|-----Cumulative-----|--------Count of days--------|          (0=Min, 1=Max Stress)         |
                         Time  Temp  Temp  Temp Solar Photop                Evapo    Pot TMIN TMIN TMAX TMAX TMAX RAIN|----Water----|---Nitrogen--|-Phosphorus-|
                         Span   Max   Min  Mean   Rad  [day]    CO2   Rain  Trans     ET   <    <    >    >    >    >   Photo         Photo         Photo
                         days     C     C     C MJ/m2     hr    ppm     mm     mm    mm   0 C  2 C 30 C 32 C 34 C  0mm  synth Growth  synth Growth  synth Growth
----------------------------------------------------------------------------------------------------------------------------------------------------------------
 Emergence -First Flower   42  33.6  20.0  26.8  22.1  13.92  351.2  120.9  116.9  250.1    0    0   39   31   18   17  0.042  0.075  0.000  0.026  0.000  0.000
 First Flower-First Seed   31  33.5  21.3  27.4  20.9  13.35  351.4   64.6  139.5  161.7    0    0   30   28   16   14  0.108  0.148  0.000  0.033  0.000  0.000
 First Seed - Phys. Mat.   42  31.1  20.4  25.7  16.2  12.29  351.6  132.9  143.4  164.2    0    0   31   21    6   17  0.081  0.133  0.000  0.000  0.000  0.000
 Emergence  - Phys. Mat.  115  32.7  20.5  26.6  19.6  13.17  351.4  318.4  399.8  576.1    0    0  100   80   40   48  0.074  0.116  0.000  0.018  0.000  0.000
   
 Planting to Harvest      133  32.1  19.9  26.0  19.2  13.05  351.4  371.9  432.7  644.3    0    0  106   83   41   52  0.068  0.108  0.000  0.016  0.000  0.000
----------------------------------------------------------------------------------------------------------------------------------------------------------------


*Resource Productivity
 Growing season length: 133 days 

 Precipitation during growing season       371.9 mm[rain]
   Dry Matter Productivity                  1.34 kg[DM]/m3[rain]          =   13.4 kg[DM]/ha per mm[rain]
   Yield Productivity                       0.67 kg[grain yield]/m3[rain] =    6.7 kg[yield]/ha per mm[rain]

 Evapotranspiration during growing season  432.7 mm[ET]
   Dry Matter Productivity                  1.15 kg[DM]/m3[ET]            =   11.5 kg[DM]/ha per mm[ET]
   Yield Productivity                       0.58 kg[grain yield]/m3[ET]   =    5.8 kg[yield]/ha per mm[ET]

 Transpiration during growing season       300.3 mm[EP]
   Dry Matter Productivity                  1.66 kg[DM]/m3[EP]            =   16.6 kg[DM]/ha per mm[EP]
   Yield Productivity                       0.83 kg[grain yield]/m3[EP]   =    8.3 kg[yield]/ha per mm[EP]

 Irrigation during growing season          188.0 mm[irrig]
   Dry Matter Productivity                  2.65 kg[DM]/m3[irrig]         =   26.5 kg[DM]/ha per mm[irrig]
   Yield Productivity                       1.33 kg[grain yield]/m3[irrig]=   13.3 kg[yield]/ha per mm[irrig]

 N uptake during growing season               19 kg[N uptake]/ha
   Dry Matter Productivity                 262.1 kg[DM]/kg[N uptake]
   Yield Productivity                      131.4 kg[yield]/kg[N uptake]

--------------------------------------------------------------------------------------------------------------

                   Soybean YIELD :     2496 kg/ha    [Dry weight] 

**************************************************************************************************************
