*WARNING DETAIL FILE

******************************************************************************

*DSSAT Cropping System Model Ver. 4.8.5.000 -release  APR 28, 2026 22:33:17

*RUN   1        : 2016 PT_SR                CRGRO048 LQPI1602    1
 MODEL          : CRGRO048 - Soybean
 EXPERIMENT     : LQPI1602 SB EVAPOTRANSPIRATION AND CROP WATER PRODUCTIVITY
 DATA PATH      :
 TREATMENT  1   : 2016 PT_SR                CRGRO048
  

 TILLAGE  YEAR DOY = 2016 288
 User-specified tillage depth greater than that specified by tillage implement.
 Tillage operation date: 2016 290                                              
 TI010: Disk, double disk                                                      
 User-specified depth = 45.0 cm                                                
 Implement depth of     10.0 cm will be used.                                  

 TILLAGE  YEAR DOY = 2016 288
 User-specified tillage depth less than that specified by tillage implement.   
 Tillage operation date: 2016 292                                              
 TI019: Fertilizer applicator, anhydr                                          
 Implement depth =         5.0 cm                                              
 User-specified depth of   4.0 cm will be used.                                

 TILLAGE  YEAR DOY = 2016 288
 User-specified tillage depth greater than that specified by tillage implement.
 Tillage operation date: 2016 292                                              
 TI033: Planter, row                                                           
 User-specified depth =  8.0 cm                                                
 Implement depth of      5.0 cm will be used.                                  

 TILLAGE  YEAR DOY = 2016 288
 User-specified tillage depth greater than that specified by tillage implement.
 Tillage operation date: 2016 292                                              
 TI014: Harrow, spike                                                          
 User-specified depth = 15.0 cm                                                
 Implement depth of      2.5 cm will be used.                                  
