*SIMULATION OVERVIEW FILE

*DSSAT Cropping System Model Ver. 4.8.5.000 -release  APR 28, 2026 22:33:13

*RUN   1        : IR36, 120 kg N/ha, W1 irr RICER048 IRPI8001    1
 MODEL          : RICER048 - Rice
 EXPERIMENT     : IRPI8001 RI IRRI, LOS BANOS, IRRIG. & N STUDY, 1980
 DATA PATH      :
 TREATMENT  1   : IR36, 120 kg N/ha, W1 irr RICER048


 CROP           : Rice             CULTIVAR : IR 36            ECOTYPE :IB0001
 STARTING DATE  : JAN  1 1980
 PLANTING DATE  : JAN  9 1980      PLANTS/m2 :   200.0    ROW SPACING :  25.cm
 WEATHER        : IRPI   1980
 SOIL           : IBRI910023     TEXTURE : -99   -   Upland Soil
 SOIL INIT COND : DEPTH:135cm EXTR. H2O:100.1mm  NO3: 27.0kg/ha  NH4: 36.9kg/ha
 WATER BALANCE  : IRRIGATE ON REPORTED DATE(S)
 IRRIGATION     :      638 mm IN    34 APPLICATIONS
 NITROGEN BAL.  : SOIL-N & N-UPTAKE SIMULATION; NO N-FIXATION
 N-FERTILIZER   :      120 kg/ha IN     1 APPLICATIONS
 RESIDUE/MANURE : INITIAL :     0 kg/ha ;     500 kg/ha IN     1 APPLICATIONS
 ENVIRONM. OPT. : DAYL=    0.00  SRAD=    0.00  TMAX=    0.00  TMIN=    0.00
                  RAIN=    0.00  CO2 =    0.00  DEW =    0.00  WIND=    0.00
 SIMULATION OPT : WATER   :Y  NITROGEN:Y  N-FIX:N  PHOSPH :N  PESTS  :N
                  PHOTO   :C  ET      :R  INFIL:S  HYDROL :R  SOM    :G
                  CO2 338ppm  NSWIT   :1  EVAP :R  SOIL   :2  STEMP  :D
 MANAGEMENT OPT : PLANTING:R  IRRIG   :R  FERT :R  RESIDUE:R  HARVEST:M
                  WEATHER :M  TILLAGE :N

*SUMMARY OF SOIL AND GENETIC INPUT PARAMETERS

   SOIL LOWER UPPER   SAT  EXTR  INIT   ROOT   BULK     pH    NO3    NH4    ORG
  DEPTH LIMIT LIMIT    SW    SW    SW   DIST   DENS                          C
   cm   cm3/cm3    cm3/cm3    cm3/cm3         g/cm3         ugN/g  ugN/g     %
-------------------------------------------------------------------------------
  0-  5 0.280 0.397 0.412 0.117 0.397   1.00   1.00   6.00   8.70  18.00   2.45
  5- 15 0.280 0.397 0.412 0.117 0.397   1.00   1.00   6.00   5.00  15.00   2.45
 15- 29 0.275 0.392 0.407 0.117 0.392   1.00   1.00   6.50   4.10   3.00   1.48
 29- 38 0.198 0.264 0.412 0.066 0.264   0.20   0.93   7.00   3.80   3.00   0.52
 38- 47 0.198 0.264 0.412 0.066 0.264   0.20   0.93   7.00   3.50   2.00   0.52
 47- 58 0.174 0.235 0.373 0.061 0.235   0.10   0.78   6.90   3.50   2.00   0.31
 58- 69 0.174 0.235 0.373 0.061 0.235   0.05   0.78   6.90   0.50   0.50   0.31
 69- 96 0.152 0.213 0.366 0.061 0.213   0.00   0.74   7.00   0.50   0.50   0.25
 96-123 0.152 0.213 0.366 0.061 0.213   0.00   0.74   7.00   0.50   0.50   0.25
123-135 0.172 0.238 0.364 0.066 0.238   0.00   0.55   7.00   0.50   0.50   0.06

TOT-135  25.7  35.7  51.6  10.0  35.7  <--cm   -  kg/ha-->   27.0   36.9  81880
SOIL ALBEDO    : 0.13      EVAPORATION LIMIT :12.00         MIN. FACTOR  : 0.90
RUNOFF CURVE # :67.00      DRAINAGE RATE     : 0.60         FERT. FACTOR : 1.00

 Rice             CULTIVAR: IB0003-IR 36              ECOTYPE: IB0001
 P1     : 556.8  P2R    :  53.9  P5     : 373.4  P2O    :  12.9
 G1     :  68.0  G2     :0.0230  G3     :  1.00  THOT   :  31.3  TCLDP  :  15.0  TCLDF  :  15.0


*SIMULATED CROP AND SOIL STATUS AT MAIN DEVELOPMENT STAGES

 RUN NO.     1     IR36, 120 kg N/ha, W1 ir

        CROP GROWTH     BIOMASS         LEAF   CROP N     STRESS      STRESS                                           
   DATE  AGE STAGE        kg/ha    LAI   NUM  kg/ha  %   H2O  Nitr Phos1 Phos2  RSTG                                   
 ------  --- ----------   -----  -----  ----  ---  ---  ----  ----  ----  ----  ----                                   
  1 JAN    0 Start Sim        0   0.00   0.0    0  0.0  0.00  0.00  0.00  0.00     7
  9 JAN    0 Sowing           0   0.00   0.0    0  0.0  0.00  0.00  0.00  0.00     8
 14 JAN    5 Germinate        0   0.00   0.0    0  0.0  0.00  0.00  0.00  0.00     9
 16 JAN    7 Emergence        7   0.02   1.0    0  2.4  0.00  0.00  0.00  0.00     1
 19 FEB   41 End Juveni     937   1.36   9.0   30  3.2  0.00  0.03  0.00  0.00     2
 26 FEB   48 Pan Init      2305   2.55  10.0   70  3.1  0.00  0.02  0.00  0.00     3
 31 MAR   82 Heading       8355   3.14  15.0  115  1.4  0.00  0.36  0.00  0.00     4
  7 APR   89 Beg Gr Fil    9595   2.57  15.0  117  1.2  0.00  0.36  0.00  0.00     5
 26 APR  108 End Mn Fil   12510   1.69  15.0  119  0.9  0.00  0.10  0.00  0.00     5
 27 APR  109 End Ti Fil   12510   1.69  15.0  119  0.9  0.00  0.00  0.00  0.00     6
 28 APR  110 Maturity     12510   1.69  15.0  119  0.9  0.00  0.00  0.00  0.00    20
 28 APR  110 Harvest      12510   1.69  15.0  119  0.9  0.00  0.00  0.00  0.00    20


*MAIN GROWTH AND DEVELOPMENT VARIABLES

@     VARIABLE                                         SIMULATED     MEASURED
      --------                                         ---------     --------
      Panicle Initiation day (dap)                            48          -99
      Anthesis day (dap)                                      82           81
      Physiological maturity day (dap)                       110          109
      Yield at harvest maturity (kg [dm]/ha)                6272         6700
      Unit wt at maturity (g [dm]/unit)                   0.0230        0.023
      Number at maturity (no/m2)                           27269          -99
      Pod or panicle number (no/m2)                       374.17          -99
      Leaf area index, maximum                              3.86          -99
      Tops weight at anthesis (kg [dm]/ha)                  8156          -99
      Tops N at anthesis (kg/ha)                             115          -99
      Tops weight at maturity (kg [dm]/ha)                 12510        12592
      By-product produced (stalk) at maturity (kg[dm]/ha    6238         6830
      Harvest index at maturity                            0.501          -99
      Leaf number per stem at maturity                        15          -99
      Grain N at maturity (kg/ha)                             80          -99
      Tops N at maturity (kg/ha)                             119          -99
      Stem N at maturity (kg/ha)                              39          -99
      Grain N at maturity (%)                               1.27          -99
      Emergence day (dap)                                      7          -99


*ENVIRONMENTAL AND STRESS FACTORS

 |-----Development Phase------|--------------------------------------Environment--------------------------------------|-----------------Stress-----------------|
                              |---------------Average--------------|-----Cumulative-----|--------Count of days--------|          (0=Min, 1=Max Stress)         |
                         Time  Temp  Temp  Temp Solar Photop                Evapo    Pot TMIN TMIN TMAX TMAX TMAX RAIN|----Water----|---Nitrogen--|-Phosphorus-|
                         Span   Max   Min  Mean   Rad  [day]    CO2   Rain  Trans     ET   <    <    >    >    >    >   Photo         Photo         Photo
                         days     C     C     C MJ/m2     hr    ppm     mm     mm    mm   0 C  2 C 30 C 32 C 34 C  0mm  synth Growth  synth Growth  synth Growth
----------------------------------------------------------------------------------------------------------------------------------------------------------------
 Emergence-End Juvenile    34  29.7  21.4  25.6  14.4  11.40  337.9   30.3   99.5  130.5    0    0   18    2    0   12  0.000  0.000  0.019  0.030  0.000  0.000
 End Juvenil-Panicl Init    7  32.4  20.5  26.5  22.6  11.63  338.0    0.0   38.7   39.9    0    0    7    5    0    0  0.000  0.000  0.000  0.019  0.000  0.000
 Panicl Init-End Lf Grow   34  32.2  21.0  26.6  18.5  11.90  338.1  122.3  153.9  154.0    0    0   31   23    4    8  0.000  0.000  0.201  0.349  0.000  0.000
 End Lf Grth-Beg Grn Fil    7  32.6  22.1  27.4  21.9  12.17  338.2    2.1   37.7   37.7    0    0    7    6    0    3  0.000  0.000  0.276  0.413  0.000  0.000
 Grain Filling Phase       20  32.8  23.5  28.2  19.9  12.35  338.3   97.3   97.5   97.6    0    0   19   16    4    3  0.000  0.000  0.050  0.093  0.000  0.000
   
 Planting to Harvest      110  31.4  21.7  26.5  17.8  11.79  338.1  252.0  453.5  493.9    0    0   86   53    8   26  0.000  0.000  0.094  0.162  0.000  0.000
----------------------------------------------------------------------------------------------------------------------------------------------------------------


*Resource Productivity
 Growing season length: 110 days 

 Precipitation during growing season       252.0 mm[rain]
   Dry Matter Productivity                  4.96 kg[DM]/m3[rain]          =   49.6 kg[DM]/ha per mm[rain]
   Yield Productivity                       2.49 kg[grain yield]/m3[rain] =   24.9 kg[yield]/ha per mm[rain]

 Evapotranspiration during growing season  453.5 mm[ET]
   Dry Matter Productivity                  2.76 kg[DM]/m3[ET]            =   27.6 kg[DM]/ha per mm[ET]
   Yield Productivity                       1.38 kg[grain yield]/m3[ET]   =   13.8 kg[yield]/ha per mm[ET]

 Transpiration during growing season       275.6 mm[EP]
   Dry Matter Productivity                  4.54 kg[DM]/m3[EP]            =   45.4 kg[DM]/ha per mm[EP]
   Yield Productivity                       2.28 kg[grain yield]/m3[EP]   =   22.8 kg[yield]/ha per mm[EP]

 Irrigation during growing season          623.0 mm[irrig]
   Dry Matter Productivity                  2.01 kg[DM]/m3[irrig]         =   20.1 kg[DM]/ha per mm[irrig]
   Yield Productivity                       1.01 kg[grain yield]/m3[irrig]=   10.1 kg[yield]/ha per mm[irrig]

 N applied during growing season            120. kg[N applied]/ha
   Dry Matter Productivity                 104.3 kg[DM]/kg[N applied]
   Yield Productivity                       52.3 kg[yield]/kg[N applied]

 N uptake during growing season              119 kg[N uptake]/ha
   Dry Matter Productivity                 105.1 kg[DM]/kg[N uptake]
   Yield Productivity                       52.7 kg[yield]/kg[N uptake]

--------------------------------------------------------------------------------------------------------------

                      Rice YIELD :     6272 kg/ha    [Dry weight] 

**************************************************************************************************************
