*SIMULATION OVERVIEW FILE

*DSSAT Cropping System Model Ver. 4.8.5.000 -release  APR 28, 2026 22:33:31

*RUN   1        : Aauto irr,N-BAl 'OFF'     CRGRO048 UFBR9502    1
 MODEL          : CRGRO048 - Tomato
 EXPERIMENT     : UFBR9502 TM SPRING 1995,SUNNY,SUB-IRR.,BRADENTON,FL
 DATA PATH      :
 TREATMENT  1   : Aauto irr,N-BAl 'OFF'     CRGRO048


 CROP           : Tomato           CULTIVAR : Sunny S-D 2010 C ECOTYPE :TM0001
 STARTING DATE  : FEB 13 1995
 PLANTING DATE  : MAR 13 1995      PLANTS/m2 :     1.1    ROW SPACING : 152.cm
 HARVEST DATE   : JUN  6 1995
 WEATHER        : UFBR   1995
 SOIL           : UFBR950001     TEXTURE : SA    -   Eaugallie fine sand (IM
 SOIL INIT COND : DEPTH:203cm EXTR. H2O:312.8mm  NO3:  0.0kg/ha  NH4:  0.0kg/ha
 WATER BALANCE  : IRRIGATE ON REPORTED DATE(S)
 IRRIGATION     :        0 mm IN     0 APPLICATIONS
 NITROGEN BAL.  : NOT SIMULATED ; NO N-STRESS
 N-FERTILIZER   :
 RESIDUE/MANURE :
 ENVIRONM. OPT. : DAYL=    0.00  SRAD=    0.00  TMAX=    0.00  TMIN=    0.00
                  RAIN=    0.00  CO2 =    0.00  DEW =    0.00  WIND=    0.00
 SIMULATION OPT : WATER   :Y  NITROGEN:N  N-FIX:N  PHOSPH :N  PESTS  :N
                  PHOTO   :L  ET      :R  INFIL:S  HYDROL :R  SOM    :G
                  CO2 360ppm  NSWIT   :1  EVAP :R  SOIL   :2  STEMP  :D
 MANAGEMENT OPT : PLANTING:R  IRRIG   :R  FERT :R  RESIDUE:N  HARVEST:R
                  WEATHER :M  TILLAGE :N

*SUMMARY OF SOIL AND GENETIC INPUT PARAMETERS

   SOIL LOWER UPPER   SAT  EXTR  INIT   ROOT   BULK     pH    NO3    NH4    ORG
  DEPTH LIMIT LIMIT    SW    SW    SW   DIST   DENS                          C
   cm   cm3/cm3    cm3/cm3    cm3/cm3         g/cm3         ugN/g  ugN/g     %
-------------------------------------------------------------------------------
  0-  5 0.022 0.133 0.423 0.111 0.133   1.00   1.22   6.00   1.00   0.50   1.02
  5- 15 0.022 0.133 0.423 0.111 0.133   1.00   1.22   6.00   1.00   0.50   1.02
 15- 18 0.022 0.133 0.423 0.111 0.133   1.00   1.22   6.00   1.00   0.50   1.02
 18- 27 0.022 0.111 0.430 0.089 0.220   0.30   1.51   5.00   1.00   0.50   0.70
 27- 36 0.022 0.111 0.430 0.089 0.220   0.30   1.51   5.00   1.00   0.50   0.70
 36- 49 0.022 0.111 0.430 0.089 0.300   0.01   1.62   4.80   1.00   0.30   0.14
 49- 61 0.022 0.111 0.430 0.089 0.392   0.01   1.62   4.80   0.08   0.03   0.14
 61- 74 0.022 0.111 0.430 0.089 0.400   0.01   1.62   4.80   0.00   0.00   0.14
 74- 81 0.035 0.248 0.396 0.213 0.400   0.00   1.60   4.50   0.00   0.00   1.20
 81-100 0.013 0.159 0.374 0.146 0.400   0.00   1.66   4.80   0.00   0.00   0.60
100-119 0.013 0.159 0.374 0.146 0.400   0.00   1.66   4.80   0.00   0.00   0.60
119-146 0.028 0.252 0.374 0.224 0.400   0.00   1.66   4.90   0.00   0.00   0.53
146-173 0.028 0.252 0.374 0.224 0.400   0.00   1.66   4.90   0.00   0.00   0.53
173-190 0.070 0.260 0.324 0.190 0.400   0.00   1.79   4.80   0.00   0.00   0.21
190-203 0.134 0.283 0.294 0.149 0.400   0.00   1.87   4.20   0.00   0.00   0.14

TOT-203   6.8  38.1  78.2  31.3  71.8  <--cm   -  kg/ha-->    0.0    0.0      0
SOIL ALBEDO    : 0.13      EVAPORATION LIMIT :12.70         MIN. FACTOR  : 1.00
RUNOFF CURVE # :87.00      DRAINAGE RATE     : 0.05         FERT. FACTOR : 0.97

 Tomato           CULTIVAR: TM0007-Sunny S-D 2010 C   ECOTYPE: TM0001
 CSDVAR :12.33  PPSEN  : 0.00  EMG-FLW:24.40  FLW-FSD:19.00  FSD-PHM : 45.20
 WTPSD  :0.004  SDPDVR :300.0  SDFDUR :26.00  PODDUR :58.00  XFRUIT  :  0.73
 THRESH :  8.5  SDPRO  :0.300  SDLIP   : 0.050


*SIMULATED CROP AND SOIL STATUS AT MAIN DEVELOPMENT STAGES

 RUN NO.     1     Aauto irr,N-BAl 'OFF'   

        CROP GROWTH     BIOMASS         LEAF   CROP N     STRESS      STRESS                                           
   DATE  AGE STAGE        kg/ha    LAI   NUM  kg/ha  %   H2O  Nitr Phos1 Phos2  RSTG                                   
 ------  --- ----------   -----  -----  ----  ---  ---  ----  ----  ----  ----  ----                                   
 13 FEB    0 Start Sim        0   0.00   0.0    0  0.0  0.00  0.00  0.00  0.00     0
 13 MAR    0 Transplant       2   0.00   4.1    0  3.8  0.00  0.00  0.00  0.00     0
  4 APR   22 First Flwr     104   0.19  12.0    4  3.7  0.04  0.00  0.00  0.00     1
  7 APR   25 First Pod      159   0.32  13.3    6  3.6  0.00  0.00  0.00  0.00     2
 17 APR   35 First Pod      723   1.12  17.0   26  3.5  0.05  0.00  0.00  0.00     3
 25 APR   43 First Seed    1696   2.17  20.2   57  3.3  0.00  0.00  0.00  0.00     5
  1 MAY   49 End Msnode    2393   2.37  21.7   75  3.1  0.09  0.00  0.00  0.00     5
 31 MAY   79 End Leaf      7117   3.17  21.7  181  2.5  0.00  0.00  0.00  0.00     5
  3 JUN   82 End Pod       7425   3.20  21.7  186  2.5  0.00  0.00  0.00  0.00     5
  6 JUN   85 Harvest       7624   3.15  21.7  189  2.5  0.13  0.00  0.00  0.00     5


*MAIN GROWTH AND DEVELOPMENT VARIABLES

@     VARIABLE                                         SIMULATED     MEASURED
      --------                                         ---------     --------
      Anthesis day (dap)                                      22          -99
      First pod day (dap)                                     35          -99
      First seed day (dap)                                    43          -99
      Physiological maturity day (dap)                       -99          -99
      Yield at harvest maturity (kg [dm]/ha)                 355          -99
      Pod/Ear/Panicle weight at maturity (kg [dm]/ha)       4354         4642
      Tops weight at anthesis (kg [dm]/ha)                   104          -99
      Tops weight at maturity (kg [dm]/ha)                  7624         7920
      By-product produced (stalk) at maturity (kg[dm]/ha    7270          -99
      Number at maturity (no/m2)                           15945          -99
      Unit wt at maturity (g [dm]/unit)                   0.0022          -99
      Number at maturity (no/unit)                        210.00          -99
      Harvest index at maturity                            0.047          -99
      Threshing % at maturity                               8.16          -99
      Leaf area index, maximum                              3.21        3.367
      Leaf number per stem at maturity                     21.74          -99
      Canopy height (m)                                     0.95          -99
      Tops N at anthesis (kg/ha)                               4          -99
      Tops N at maturity (kg/ha)                             189          -99
      Stem N at maturity (kg/ha)                              33          -99
      Grain N at maturity (kg/ha)                             17          -99
      Grain N at maturity (%)                               4.89          -99
      Grain oil at maturity (%)                             5.00          -99


*ENVIRONMENTAL AND STRESS FACTORS

 |-----Development Phase------|--------------------------------------Environment--------------------------------------|-----------------Stress-----------------|
                              |---------------Average--------------|-----Cumulative-----|--------Count of days--------|          (0=Min, 1=Max Stress)         |
                         Time  Temp  Temp  Temp Solar Photop                Evapo    Pot TMIN TMIN TMAX TMAX TMAX RAIN|----Water----|---Nitrogen--|-Phosphorus-|
                         Span   Max   Min  Mean   Rad  [day]    CO2   Rain  Trans     ET   <    <    >    >    >    >   Photo         Photo         Photo
                         days     C     C     C MJ/m2     hr    ppm     mm     mm    mm   0 C  2 C 30 C 32 C 34 C  0mm  synth Growth  synth Growth  synth Growth
----------------------------------------------------------------------------------------------------------------------------------------------------------------
 First Flower-First Seed   21  28.8  18.1  23.4  21.3  12.65  360.3   19.8   76.1  114.9    0    0    9    1    0    2  0.003  0.026  0.000  0.000  0.000  0.000
 First Seed - Phys. Mat.   42  31.4  21.3  26.3  21.7  13.36  360.4  219.0  219.9  225.5    0    0   32   25    6   12  0.006  0.021  0.000  0.000  0.000  0.000
   
 Planting to Harvest       86  29.3  19.0  24.1  20.9  12.84  360.3  301.2  343.8  458.4    0    0   41   26    6   19  0.004  0.027  0.000  0.000  0.000  0.000
----------------------------------------------------------------------------------------------------------------------------------------------------------------


*Resource Productivity
 Growing season length:  86 days 

 Precipitation during growing season       301.2 mm[rain]
   Dry Matter Productivity                  2.53 kg[DM]/m3[rain]          =   25.3 kg[DM]/ha per mm[rain]
   Yield Productivity                       1.45 kg[grain yield]/m3[rain] =   14.5 kg[yield]/ha per mm[rain]

 Evapotranspiration during growing season  343.8 mm[ET]
   Dry Matter Productivity                  2.22 kg[DM]/m3[ET]            =   22.2 kg[DM]/ha per mm[ET]
   Yield Productivity                       1.27 kg[grain yield]/m3[ET]   =   12.7 kg[yield]/ha per mm[ET]

 Transpiration during growing season       233.5 mm[EP]
   Dry Matter Productivity                  3.27 kg[DM]/m3[EP]            =   32.7 kg[DM]/ha per mm[EP]
   Yield Productivity                       1.86 kg[grain yield]/m3[EP]   =   18.6 kg[yield]/ha per mm[EP]

--------------------------------------------------------------------------------------------------------------

                    Tomato YIELD :     4354 kg/ha    [Dry weight] 

**************************************************************************************************************
