*SIMULATION OVERVIEW FILE

*DSSAT Cropping System Model Ver. 4.8.5.000 -release  APR 28, 2026 22:32:59

*RUN   1        : Meknes 2020-2021          CRGRO048 MEKN2102    1
 MODEL          : CRGRO048 - Lentil
 EXPERIMENT     : MEKN2102 LT IRRIGATION AT MOROCCO 2020-2022
 DATA PATH      :
 TREATMENT  1   : Meknes 2020-2021          CRGRO048


 CROP           : Lentil           CULTIVAR : CDC Glamis       ECOTYPE :LAT001
 STARTING DATE  : JAN  1 2020
 PLANTING DATE  : DEC 15 2020      PLANTS/m2 :   100.0    ROW SPACING :  23.cm
 WEATHER        : MEKN   2020
 SOIL           : CF_MEKN001     TEXTURE : SIL   -   Calculated from CAF plo
 SOIL INIT COND : DEPTH:150cm EXTR. H2O:300.0mm  NO3: 25.6kg/ha  NH4:  3.9kg/ha
 WATER BALANCE  : IRRIGATE ON REPORTED DATE(S)
 IRRIGATION     :      100 mm IN     5 APPLICATIONS
 NITROGEN BAL.  : SOIL-N, N-UPTAKE & DYNAMIC N-FIXATION SIMULATION
 N-FERTILIZER   :        0 kg/ha IN     0 APPLICATIONS
 RESIDUE/MANURE : INITIAL :     0 kg/ha ;       0 kg/ha IN     0 APPLICATIONS
 ENVIRONM. OPT. : DAYL=    0.00  SRAD=    0.00  TMAX=    0.00  TMIN=    0.00
                  RAIN=    0.00  CO2 =    0.00  DEW =    0.00  WIND=    0.00
 SIMULATION OPT : WATER   :Y  NITROGEN:Y  N-FIX:Y  PHOSPH :N  PESTS  :N
                  PHOTO   :L  ET      :F  INFIL:S  HYDROL :R  SOM    :P
                  CO2 413ppm  NSWIT   :1  EVAP :R  SOIL   :2  STEMP  :D
 MANAGEMENT OPT : PLANTING:R  IRRIG   :R  FERT :R  RESIDUE:N  HARVEST:M
                  WEATHER :M  TILLAGE :N

*SUMMARY OF SOIL AND GENETIC INPUT PARAMETERS

   SOIL LOWER UPPER   SAT  EXTR  INIT   ROOT   BULK     pH    NO3    NH4    ORG
  DEPTH LIMIT LIMIT    SW    SW    SW   DIST   DENS                          C
   cm   cm3/cm3    cm3/cm3    cm3/cm3         g/cm3         ugN/g  ugN/g     %
-------------------------------------------------------------------------------
  0-  5 0.262 0.462 0.481 0.200 0.400   1.00   1.27   8.50   1.40   0.10   2.00
  5- 15 0.262 0.462 0.481 0.200 0.400   1.00   1.27   8.50   1.40   0.10   2.00
 15- 20 0.262 0.462 0.481 0.200 0.400   1.00   1.27   8.50   1.40   0.10   2.00
 20- 30 0.262 0.462 0.481 0.200 0.400   0.61   1.27   8.50   1.40   0.10   2.00
 30- 60 0.262 0.462 0.487 0.200 0.400   0.17   1.47   8.50   1.30   0.20   2.00
 60- 90 0.262 0.462 0.487 0.200 0.400   0.17   1.47   8.50   1.10   0.20   2.00
 90-120 0.262 0.462 0.487 0.200 0.393   0.17   1.47   8.50   1.10   0.20   2.00
120-150 0.262 0.462 0.487 0.200 0.390   0.17   1.47   8.50   1.10   0.20   2.00

TOT-150  39.3  69.3  72.9  30.0  59.5  <--cm   -  kg/ha-->   25.6    3.9 429000
SOIL ALBEDO    : 0.17      EVAPORATION LIMIT : 6.00         MIN. FACTOR  : 1.00
RUNOFF CURVE # :61.00      DRAINAGE RATE     : 0.50         FERT. FACTOR : 1.00

 Lentil           CULTIVAR: CAND02-CDC Glamis         ECOTYPE: LAT001
 CSDVAR :15.40  PPSEN  :-0.11  EMG-FLW:28.00  FLW-FSD: 8.00  FSD-PHM : 22.50
 WTPSD  :0.065  SDPDVR : 2.00  SDFDUR :20.00  PODDUR :14.00  XFRUIT  :  1.00
 THRESH : 67.0  SDPRO  :0.286  SDLIP   : 0.020


*SIMULATED CROP AND SOIL STATUS AT MAIN DEVELOPMENT STAGES

 RUN NO.     1     Meknes 2020-2021        

        CROP GROWTH     BIOMASS         LEAF   CROP N     STRESS      STRESS                                           
   DATE  AGE STAGE        kg/ha    LAI   NUM  kg/ha  %   H2O  Nitr Phos1 Phos2  RSTG                                   
 ------  --- ----------   -----  -----  ----  ---  ---  ----  ----  ----  ----  ----                                   
  1 JAN    0 Start Sim        0   0.00   0.0    0  0.0  0.00  0.00  0.00  0.00     0
 15 DEC    0 Sowing           0   0.00   0.0    0  0.0  0.00  0.00  0.00  0.00     0
 21 DEC    6 Emergence       20   0.03   0.0    1  3.3  0.00  0.00  0.00  0.00     0
 21 DEC    6 End Juven.      20   0.03   0.0    1  3.3  0.00  0.00  0.00  0.00     0
 29 DEC   14 Unifoliate      30   0.05   1.0    1  3.3  0.00  0.00  0.00  0.00     0
 10 JAN   26 Flower Ind      56   0.10   2.5    2  3.3  0.00  0.00  0.00  0.00     0
 31 MAR  106 First Flwr    3557   2.20  15.9  110  3.1  0.00  0.00  0.00  0.00     1
  6 APR  112 First Pod     4259   2.44  17.5  129  3.0  0.00  0.00  0.00  0.00     3
 10 APR  116 First Seed    4792   2.52  18.4  143  3.0  0.00  0.00  0.00  0.00     5
 20 APR  126 End Leaf      6355   2.43  20.6  175  2.8  0.00  0.00  0.00  0.00     5
 25 APR  131 End Pod       7044   2.31  21.3  186  2.6  0.27  0.00  0.00  0.00     5
 25 APR  131 End Msnode    7044   2.31  21.3  186  2.6  0.00  0.00  0.00  0.00     5
  3 MAY  139 Phys. Mat     7246   1.96  21.3  183  2.5  0.55  0.00  0.00  0.00     7
  6 MAY  142 Harv. Mat     6845   1.06  21.3  170  2.5  0.23  0.00  0.00  0.00     8
  6 MAY  142 Harvest       6845   1.06  21.3  170  2.5  0.00  0.00  0.00  0.00     8


*MAIN GROWTH AND DEVELOPMENT VARIABLES

@     VARIABLE                                         SIMULATED     MEASURED
      --------                                         ---------     --------
      Emergence day (dap)                                      6          -99
      Anthesis day (dap)                                     106          -99
      First pod day (dap)                                    112          -99
      First seed day (dap)                                   116          -99
      Physiological maturity day (dap)                       139          -99
      Harvest maturity day (dap)                             142          -99
      Yield at harvest maturity (kg [dm]/ha)                2071         2286
      Pod/Ear/Panicle weight at maturity (kg [dm]/ha)       3177          -99
      Tops weight at anthesis (kg [dm]/ha)                  3557          -99
      Tops weight at maturity (kg [dm]/ha)                  6845          -99
      By-product produced (stalk) at maturity (kg[dm]/ha    4770          -99
      Number at maturity (no/m2)                            4454          -99
      Unit wt at maturity (g [dm]/unit)                   0.0465          -99
      Number at maturity (no/unit)                          2.00          -99
      Harvest index at maturity                            0.303          -99
      Threshing % at maturity                              65.18          -99
      Leaf area index, maximum                              2.54          -99
      Leaf number per stem at maturity                     21.25          -99
      Canopy height (m)                                     0.54          -99
      Tops N at anthesis (kg/ha)                             110          -99
      Tops N at maturity (kg/ha)                             170          -99
      Stem N at maturity (kg/ha)                              46          -99
      Grain N at maturity (kg/ha)                             94          -99
      Grain N at maturity (%)                               4.54          -99
      Grain oil at maturity (%)                             1.76          -99


*ENVIRONMENTAL AND STRESS FACTORS

 |-----Development Phase------|--------------------------------------Environment--------------------------------------|-----------------Stress-----------------|
                              |---------------Average--------------|-----Cumulative-----|--------Count of days--------|          (0=Min, 1=Max Stress)         |
                         Time  Temp  Temp  Temp Solar Photop                Evapo    Pot TMIN TMIN TMAX TMAX TMAX RAIN|----Water----|---Nitrogen--|-Phosphorus-|
                         Span   Max   Min  Mean   Rad  [day]    CO2   Rain  Trans     ET   <    <    >    >    >    >   Photo         Photo         Photo
                         days     C     C     C MJ/m2     hr    ppm     mm     mm    mm   0 C  2 C 30 C 32 C 34 C  0mm  synth Growth  synth Growth  synth Growth
----------------------------------------------------------------------------------------------------------------------------------------------------------------
 Emergence -First Flower  100  20.3   7.3  13.8  15.7  10.75  415.2    7.7  128.9  153.9    2    6    0    0    0   15  0.000  0.000  0.000  0.000  0.000  0.000
 First Flower-First Seed   10  27.6  13.3  20.4  22.7  12.51  415.5    0.1   25.0   33.3    0    0    3    0    0    1  0.000  0.000  0.000  0.000  0.000  0.000
 First Seed - Phys. Mat.   23  29.6  15.3  22.5  22.7  13.07  415.6   16.8   57.1   85.7    0    0    8    5    4    9  0.124  0.251  0.000  0.000  0.000  0.000
 Emergence  - Phys. Mat.  133  22.5   9.1  15.8  17.4  11.28  415.3   24.6  211.0  272.8    2    6   11    5    4   25  0.021  0.043  0.000  0.000  0.000  0.000
   
 Planting to Harvest      143  22.4   9.4  15.9  17.0  11.25  415.3   30.4  223.5  290.3    2    6   12    5    4   31  0.022  0.045  0.000  0.000  0.000  0.000
----------------------------------------------------------------------------------------------------------------------------------------------------------------


*Resource Productivity
 Growing season length: 143 days 

 Precipitation during growing season        30.4 mm[rain]
   Dry Matter Productivity                 22.52 kg[DM]/m3[rain]          =  225.2 kg[DM]/ha per mm[rain]
   Yield Productivity                       6.81 kg[grain yield]/m3[rain] =   68.1 kg[yield]/ha per mm[rain]

 Evapotranspiration during growing season  223.5 mm[ET]
   Dry Matter Productivity                  3.06 kg[DM]/m3[ET]            =   30.6 kg[DM]/ha per mm[ET]
   Yield Productivity                       0.93 kg[grain yield]/m3[ET]   =    9.3 kg[yield]/ha per mm[ET]

 Transpiration during growing season       138.6 mm[EP]
   Dry Matter Productivity                  4.94 kg[DM]/m3[EP]            =   49.4 kg[DM]/ha per mm[EP]
   Yield Productivity                       1.49 kg[grain yield]/m3[EP]   =   14.9 kg[yield]/ha per mm[EP]

 Irrigation during growing season          100.0 mm[irrig]
   Dry Matter Productivity                  6.84 kg[DM]/m3[irrig]         =   68.4 kg[DM]/ha per mm[irrig]
   Yield Productivity                       2.07 kg[grain yield]/m3[irrig]=   20.7 kg[yield]/ha per mm[irrig]

 N uptake during growing season              230 kg[N uptake]/ha
   Dry Matter Productivity                  29.8 kg[DM]/kg[N uptake]
   Yield Productivity                        9.0 kg[yield]/kg[N uptake]

--------------------------------------------------------------------------------------------------------------

                    Lentil YIELD :     2071 kg/ha    [Dry weight] 

**************************************************************************************************************
