*SIMULATION OVERVIEW FILE

*DSSAT Cropping System Model Ver. 4.8.5.000 -release  APR 28, 2026 22:33:27

*RUN   1        : Heliasol PP1              CRGRO048 INRA0502    1
 MODEL          : CRGRO048 - Sunflower
 EXPERIMENT     : INRA0502 SU RESPONSE OF SUNFLOWER TO PLANT POPULATION
 DATA PATH      :
 TREATMENT  1   : Heliasol PP1              CRGRO048


 CROP           : Sunflower        CULTIVAR : Heliasol RM      ECOTYPE :SU0702
 STARTING DATE  : JAN  1 2005
 PLANTING DATE  : APR 12 2005      PLANTS/m2 :     1.0    ROW SPACING :  70.cm
 HARVEST DATE   : SEP 15 2005
 WEATHER        : AUZE   2005
 SOIL           : INRAE00001     TEXTURE : SL    -   INRAE - MEDIUM SANDY LO
 SOIL INIT COND : DEPTH:150cm EXTR. H2O:225.0mm  NO3: 81.0kg/ha  NH4:  5.4kg/ha
 WATER BALANCE  : IRRIGATE ON REPORTED DATE(S)
 IRRIGATION     :      125 mm IN     4 APPLICATIONS
 NITROGEN BAL.  : SOIL-N & N-UPTAKE SIMULATION; NO N-FIXATION
 N-FERTILIZER   :       80 kg/ha IN     1 APPLICATIONS
 RESIDUE/MANURE : INITIAL :  3000 kg/ha ;       0 kg/ha IN     0 APPLICATIONS
 ENVIRONM. OPT. : DAYL=    0.00  SRAD=    0.00  TMAX=    0.00  TMIN=    0.00
                  RAIN=    0.00  CO2 =    0.00  DEW =    0.00  WIND=    0.00
 SIMULATION OPT : WATER   :Y  NITROGEN:Y  N-FIX:N  PHOSPH :N  PESTS  :N
                  PHOTO   :L  ET      :R  INFIL:S  HYDROL :R  SOM    :P
                  CO2 378ppm  NSWIT   :1  EVAP :R  SOIL   :2  STEMP  :D
 MANAGEMENT OPT : PLANTING:R  IRRIG   :R  FERT :R  RESIDUE:N  HARVEST:R
                  WEATHER :M  TILLAGE :N

*SUMMARY OF SOIL AND GENETIC INPUT PARAMETERS

   SOIL LOWER UPPER   SAT  EXTR  INIT   ROOT   BULK     pH    NO3    NH4    ORG
  DEPTH LIMIT LIMIT    SW    SW    SW   DIST   DENS                          C
   cm   cm3/cm3    cm3/cm3    cm3/cm3         g/cm3         ugN/g  ugN/g     %
-------------------------------------------------------------------------------
  0-  5 0.080 0.230 0.359 0.150 0.200   1.00   1.50   6.50   3.60   0.40   2.50
  5- 15 0.080 0.230 0.359 0.150 0.200   1.00   1.50   6.50   3.60   0.40   2.50
 15- 30 0.080 0.230 0.359 0.150 0.200   1.00   1.50   6.50   3.60   0.40   2.00
 30- 45 0.080 0.230 0.360 0.150 0.200   0.10   1.50   6.50   3.60   0.20   1.50
 45- 60 0.080 0.230 0.360 0.150 0.200   0.10   1.50   6.50   3.60   0.20   1.50
 60- 90 0.080 0.230 0.361 0.150 0.200   0.10   1.50   6.50   3.60   0.20   1.20
 90-120 0.080 0.230 0.359 0.150 0.200   0.10   1.50   6.50   3.60   0.20   0.70
120-150 0.080 0.230 0.360 0.150 0.200   0.10   1.50   6.50   3.60   0.20   0.50

TOT-150  12.0  34.5  54.0  22.5  30.0  <--cm   -  kg/ha-->   81.0    5.4 276750
SOIL ALBEDO    : 0.13      EVAPORATION LIMIT : 6.00         MIN. FACTOR  : 1.00
RUNOFF CURVE # :70.00      DRAINAGE RATE     : 0.50         FERT. FACTOR : 1.00

 Sunflower        CULTIVAR: IB0021-Heliasol RM        ECOTYPE: SU0702
 CSDVAR :15.00  PPSEN  :-0.09  EMG-FLW:17.60  FLW-FSD:10.20  FSD-PHM : 28.40
 WTPSD  :0.060  SDPDVR :  2.0  SDFDUR :24.00  PODDUR : 4.20  XFRUIT  :  0.76
 THRESH : 68.0  SDPRO  :0.140  SDLIP   : 0.480


*SIMULATED CROP AND SOIL STATUS AT MAIN DEVELOPMENT STAGES

 RUN NO.     1     Heliasol PP1            

        CROP GROWTH     BIOMASS         LEAF   CROP N     STRESS      STRESS                                           
   DATE  AGE STAGE        kg/ha    LAI   NUM  kg/ha  %   H2O  Nitr Phos1 Phos2  RSTG                                   
 ------  --- ----------   -----  -----  ----  ---  ---  ----  ----  ----  ----  ----                                   
  1 JAN    0 Start Sim        0   0.00   0.0    0  0.0  0.00  0.00  0.00  0.00     0
 12 APR    0 Sowing           0   0.00   0.0    0  0.0  0.00  0.00  0.00  0.00     0
 30 APR   18 Emergence        0   0.00   0.6    0  5.8  0.00  0.00  0.00  0.00     0
 30 APR   18 End Juven.       0   0.00   0.6    0  5.8  0.00  0.00  0.00  0.00     0
  1 MAY   19 Unifoliate       0   0.00   1.1    0  5.8  0.00  0.00  0.00  0.00     0
  9 MAY   27 Flower Ind       2   0.00   4.4    0  5.6  0.00  0.00  0.00  0.00     0
 31 MAY   49 Star burst     151   0.22  14.8    8  5.4  0.00  0.00  0.00  0.00     1
  9 JUN   58 1st thalam     677   0.64  19.7   34  5.1  0.00  0.00  0.00  0.00     3
 14 JUN   63 End Msnode    1164   0.81  22.6   56  4.8  0.00  0.00  0.00  0.00     3
 15 JUN   64 1st Flw/Sd    1283   0.82  22.6   61  4.8  0.00  0.00  0.00  0.00     5
 21 JUN   70 End Leaf      1791   0.82  22.6   76  4.2  0.40  0.00  0.00  0.00     5
 26 JUN   75 End Sd-add    2262   0.77  22.6   86  3.8  0.00  0.00  0.00  0.00     5
 18 JUL   97 Phys. Mat     3966   0.62  22.6  130  3.3  0.05  0.00  0.00  0.00     7
 22 JUL  101 Harv. Mat     4258   0.55  22.6  138  3.2  0.00  0.00  0.00  0.00     8
 15 SEP  156 Harvest       6468   0.20  22.6  219  3.4  0.00  0.00  0.00  0.00     8


*MAIN GROWTH AND DEVELOPMENT VARIABLES

@     VARIABLE                                         SIMULATED     MEASURED
      --------                                         ---------     --------
      Emergence day (dap)                                     18          -99
      Anthesis day (dap)                                      49          -99
      First pod day (dap)                                     58          -99
      First seed day (dap)                                    64          -99
      Physiological maturity day (dap)                        97          -99
      Harvest maturity day (dap)                             101          -99
      Yield at harvest maturity (kg [dm]/ha)                1558          -99
      Pod/Ear/Panicle weight at maturity (kg [dm]/ha)       2290          -99
      Tops weight at anthesis (kg [dm]/ha)                   151          -99
      Tops weight at maturity (kg [dm]/ha)                  6468          -99
      By-product produced (stalk) at maturity (kg[dm]/ha    4910          -99
      Number at maturity (no/m2)                            3024          -99
      Unit wt at maturity (g [dm]/unit)                   0.0515          -99
      Number at maturity (no/unit)                          2.00          -99
      Harvest index at maturity                            0.241          -99
      Threshing % at maturity                              68.06          -99
      Leaf area index, maximum                              0.84          -99
      Leaf number per stem at maturity                     22.62          -99
      Canopy height (m)                                     1.04          -99
      Tops N at anthesis (kg/ha)                               8          -99
      Tops N at maturity (kg/ha)                             219          -99
      Stem N at maturity (kg/ha)                             141          -99
      Grain N at maturity (kg/ha)                             49          -99
      Grain N at maturity (%)                               3.16          -99
      Grain oil at maturity (%)                            45.44          -99


*ENVIRONMENTAL AND STRESS FACTORS

 |-----Development Phase------|--------------------------------------Environment--------------------------------------|-----------------Stress-----------------|
                              |---------------Average--------------|-----Cumulative-----|--------Count of days--------|          (0=Min, 1=Max Stress)         |
                         Time  Temp  Temp  Temp Solar Photop                Evapo    Pot TMIN TMIN TMAX TMAX TMAX RAIN|----Water----|---Nitrogen--|-Phosphorus-|
                         Span   Max   Min  Mean   Rad  [day]    CO2   Rain  Trans     ET   <    <    >    >    >    >   Photo         Photo         Photo
                         days     C     C     C MJ/m2     hr    ppm     mm     mm    mm   0 C  2 C 30 C 32 C 34 C  0mm  synth Growth  synth Growth  synth Growth
----------------------------------------------------------------------------------------------------------------------------------------------------------------
 Emergence -First Flower   31  22.2  11.1  16.7  20.7  14.51  379.2   48.5   46.2  147.4    0    0    0    0    0   12  0.000  0.000  0.000  0.000  0.000  0.000
 First Flower-First Seed   15  25.8  12.7  19.3  26.7  15.13  379.3    8.0   44.7   92.6    0    0    0    0    0    2  0.000  0.000  0.000  0.000  0.000  0.000
 First Seed - Phys. Mat.   33  29.6  16.7  23.1  23.2  15.13  379.5   14.5  108.3  187.4    0    0   19   12    5    9  0.041  0.109  0.000  0.000  0.000  0.000
 Emergence  - Phys. Mat.   79  26.0  13.7  19.9  22.9  14.89  379.3   71.0  199.2  427.4    0    0   19   12    5   23  0.017  0.045  0.000  0.000  0.000  0.000
   
 Planting to Harvest      157  25.5  13.9  19.7  21.4  14.26  379.5  237.0  380.6  781.7    0    0   31   15    7   48  0.009  0.023  0.000  0.000  0.000  0.000
----------------------------------------------------------------------------------------------------------------------------------------------------------------


*Resource Productivity
 Growing season length: 157 days 

 Precipitation during growing season       237.0 mm[rain]
   Dry Matter Productivity                  2.73 kg[DM]/m3[rain]          =   27.3 kg[DM]/ha per mm[rain]
   Yield Productivity                       0.66 kg[grain yield]/m3[rain] =    6.6 kg[yield]/ha per mm[rain]

 Evapotranspiration during growing season  380.6 mm[ET]
   Dry Matter Productivity                  1.70 kg[DM]/m3[ET]            =   17.0 kg[DM]/ha per mm[ET]
   Yield Productivity                       0.41 kg[grain yield]/m3[ET]   =    4.1 kg[yield]/ha per mm[ET]

 Transpiration during growing season       154.0 mm[EP]
   Dry Matter Productivity                  4.20 kg[DM]/m3[EP]            =   42.0 kg[DM]/ha per mm[EP]
   Yield Productivity                       1.01 kg[grain yield]/m3[EP]   =   10.1 kg[yield]/ha per mm[EP]

 Irrigation during growing season          125.0 mm[irrig]
   Dry Matter Productivity                  5.17 kg[DM]/m3[irrig]         =   51.7 kg[DM]/ha per mm[irrig]
   Yield Productivity                       1.25 kg[grain yield]/m3[irrig]=   12.5 kg[yield]/ha per mm[irrig]

 N applied during growing season             80. kg[N applied]/ha
   Dry Matter Productivity                  80.8 kg[DM]/kg[N applied]
   Yield Productivity                       19.5 kg[yield]/kg[N applied]

 N uptake during growing season              324 kg[N uptake]/ha
   Dry Matter Productivity                  20.0 kg[DM]/kg[N uptake]
   Yield Productivity                        4.8 kg[yield]/kg[N uptake]

--------------------------------------------------------------------------------------------------------------

                 Sunflower YIELD :     1558 kg/ha    [Dry weight] 

**************************************************************************************************************
