*SIMULATION OVERVIEW FILE

*DSSAT Cropping System Model Ver. 4.8.5.000 -release  APR 28, 2026 22:32:47

*RUN   1        : IhingerHof 2012           CRGRO048 UHIH1201    1
 MODEL          : CRGRO048 - Cabbage
 EXPERIMENT     : UHIH1201 CB 2012 IHINGER HOF - EVALUATION
 DATA PATH      :
 TREATMENT  1   : IhingerHof 2012           CRGRO048


 CROP           : Cabbage          CULTIVAR : Kalorama  4      ECOTYPE :CB0403
 STARTING DATE  : JAN  1 2012
 PLANTING DATE  : MAY 14 2012      PLANTS/m2 :     4.0    ROW SPACING :  50.cm
 HARVEST DATE   : OCT  1 2012
 WEATHER        : UHIH   2012
 SOIL           : UHIH150004     TEXTURE : SICL  - Clay loam
 SOIL INIT COND : DEPTH: 90cm EXTR. H2O:163.8mm  NO3:170.7kg/ha  NH4:  0.1kg/ha
 WATER BALANCE  : IRRIGATE ON REPORTED DATE(S)
 IRRIGATION     :      120 mm IN     4 APPLICATIONS
 NITROGEN BAL.  : SOIL-N & N-UPTAKE SIMULATION; NO N-FIXATION
 N-FERTILIZER   :      240 kg/ha IN     1 APPLICATIONS
 RESIDUE/MANURE : INITIAL :     0 kg/ha ;       0 kg/ha IN     0 APPLICATIONS
 ENVIRONM. OPT. : DAYL=    0.00  SRAD=    0.00  TMAX=    0.00  TMIN=    0.00
                  RAIN=    0.00  CO2 =    0.00  DEW =    0.00  WIND=    0.00
 SIMULATION OPT : WATER   :Y  NITROGEN:Y  N-FIX:N  PHOSPH :N  PESTS  :N
                  PHOTO   :L  ET      :R  INFIL:S  HYDROL :R  SOM    :G
                  CO2     :D  NSWIT   :1  EVAP :R  SOIL   :2  STEMP  :D
 MANAGEMENT OPT : PLANTING:R  IRRIG   :R  FERT :R  RESIDUE:N  HARVEST:R
                  WEATHER :M  TILLAGE :Y

*SUMMARY OF SOIL AND GENETIC INPUT PARAMETERS

   SOIL LOWER UPPER   SAT  EXTR  INIT   ROOT   BULK     pH    NO3    NH4    ORG
  DEPTH LIMIT LIMIT    SW    SW    SW   DIST   DENS                          C
   cm   cm3/cm3    cm3/cm3    cm3/cm3         g/cm3         ugN/g  ugN/g     %
-------------------------------------------------------------------------------
  0-  5 0.160 0.342 0.434 0.182 0.342   0.41   1.43   7.10  21.60   0.01 -99.00
  5- 15 0.160 0.342 0.434 0.182 0.342   0.41   1.43   7.10  21.60   0.01 -99.00
 15- 30 0.160 0.342 0.434 0.182 0.342   0.41   1.43   7.10  21.60   0.01 -99.00
 30- 45 0.160 0.342 0.434 0.182 0.342   0.22   1.43   7.10   9.10   0.01 -99.00
 45- 60 0.160 0.342 0.434 0.182 0.342   0.22   1.43   7.10   9.10   0.01 -99.00
 60- 90 0.160 0.342 0.434 0.182 0.342   0.22   1.43   7.00   9.10   0.01 -99.00

TOT- 90  14.4  30.8  39.1  16.4  30.8  <--cm   -  kg/ha-->  170.7    0.1      0
SOIL ALBEDO    : 0.13      EVAPORATION LIMIT : 6.00         MIN. FACTOR  : 0.80
RUNOFF CURVE # :80.00      DRAINAGE RATE     : 0.60         FERT. FACTOR : 0.90

 Cabbage          CULTIVAR: 990003-Kalorama  4        ECOTYPE: CB0403
 CSDVAR :13.09  PPSEN  : 0.00  EMG-FLW:26.00  FLW-FSD:16.00  FSD-PHM : 82.00
 WTPSD  :0.190  SDPDVR :  2.2  SDFDUR :23.00  PODDUR :40.00  XFRUIT  :  0.65
 THRESH : 10.0  SDPRO  :0.180  SDLIP   : 0.020


*SIMULATED CROP AND SOIL STATUS AT MAIN DEVELOPMENT STAGES

 RUN NO.     1     IhingerHof 2012         

        CROP GROWTH     BIOMASS         LEAF   CROP N     STRESS      STRESS                                           
   DATE  AGE STAGE        kg/ha    LAI   NUM  kg/ha  %   H2O  Nitr Phos1 Phos2  RSTG                                   
 ------  --- ----------   -----  -----  ----  ---  ---  ----  ----  ----  ----  ----                                   
  1 JAN    0 Start Sim        0   0.00   0.0    0  0.0  0.00  0.00  0.00  0.00     0
 14 MAY    0 Transplant      18   0.02   2.4    1  4.3  0.00  0.00  0.00  0.00     0
  4 JUL   51 First Head    1196   1.29  21.4   56  4.7  0.00  0.00  0.00  0.00     3
 20 JUL   67 End Leaf      2868   1.80  26.3  116  4.0  0.00  0.00  0.00  0.00     5
 24 JUL   71 End Msnode    3595   1.86  26.9  137  3.8  0.00  0.00  0.00  0.00     5
  1 OCT  140 Harvest      10738   2.02  26.9  247  2.3  0.00  0.02  0.00  0.00     5


*MAIN GROWTH AND DEVELOPMENT VARIABLES

@     VARIABLE                                         SIMULATED     MEASURED
      --------                                         ---------     --------
      Anthesis day (dap)                                      45          -99
      First pod day (dap)                                     51          -99
      First seed day (dap)                                    62          -99
      Physiological maturity day (dap)                       -99          -99
      Yield at harvest maturity (kg [dm]/ha)                 628          -99
      Pod/Ear/Panicle weight at maturity (kg [dm]/ha)       6759          -99
      Tops weight at anthesis (kg [dm]/ha)                   897          -99
      Tops weight at maturity (kg [dm]/ha)                 10738          -99
      By-product produced (stalk) at maturity (kg[dm]/ha   10110          -99
      Number at maturity (no/m2)                             496          -99
      Unit wt at maturity (g [dm]/unit)                   0.1267          -99
      Number at maturity (no/unit)                          1.87          -99
      Harvest index at maturity                            0.059          -99
      Threshing % at maturity                               9.30          -99
      Leaf area index, maximum                              2.28          -99
      Leaf number per stem at maturity                     26.93          -99
      Canopy height (m)                                     0.44          -99
      Tops N at anthesis (kg/ha)                              42          -99
      Tops N at maturity (kg/ha)                             247          -99
      Stem N at maturity (kg/ha)                               8          -99
      Grain N at maturity (kg/ha)                             17          -99
      Grain N at maturity (%)                               2.71          -99
      Grain oil at maturity (%)                             1.52          -99


*Resource Productivity
 Growing season length: 141 days 

 Precipitation during growing season       330.1 mm[rain]
   Dry Matter Productivity                  3.25 kg[DM]/m3[rain]          =   32.5 kg[DM]/ha per mm[rain]
   Yield Productivity                       0.19 kg[grain yield]/m3[rain] =    1.9 kg[yield]/ha per mm[rain]

 Evapotranspiration during growing season  317.7 mm[ET]
   Dry Matter Productivity                  3.38 kg[DM]/m3[ET]            =   33.8 kg[DM]/ha per mm[ET]
   Yield Productivity                       0.20 kg[grain yield]/m3[ET]   =    2.0 kg[yield]/ha per mm[ET]

 Transpiration during growing season       160.1 mm[EP]
   Dry Matter Productivity                  6.71 kg[DM]/m3[EP]            =   67.1 kg[DM]/ha per mm[EP]
   Yield Productivity                       0.39 kg[grain yield]/m3[EP]   =    3.9 kg[yield]/ha per mm[EP]

 Irrigation during growing season          120.0 mm[irrig]
   Dry Matter Productivity                  8.95 kg[DM]/m3[irrig]         =   89.5 kg[DM]/ha per mm[irrig]
   Yield Productivity                       0.52 kg[grain yield]/m3[irrig]=    5.2 kg[yield]/ha per mm[irrig]

 N applied during growing season            240. kg[N applied]/ha
   Dry Matter Productivity                  44.7 kg[DM]/kg[N applied]
   Yield Productivity                        2.6 kg[yield]/kg[N applied]

 N uptake during growing season              339 kg[N uptake]/ha
   Dry Matter Productivity                  31.7 kg[DM]/kg[N uptake]
   Yield Productivity                        1.9 kg[yield]/kg[N uptake]

--------------------------------------------------------------------------------------------------------------

                   Cabbage YIELD :      628 kg/ha    [Dry weight] 

**************************************************************************************************************
