*SIMULATION OVERVIEW FILE

*DSSAT Cropping System Model Ver. 4.8.5.000 -release  APR 28, 2026 22:33:08

*RUN   1        : 2003 ICPL88039            CRGRO048 ITIN0301    1
 MODEL          : CRGRO048 - Pigeon pea
 EXPERIMENT     : ITIN0301 PP IRRIGATED & NON-IRRIGATED, INDORE INDIA
 DATA PATH      :
 TREATMENT  1   : 2003 ICPL88039            CRGRO048


 CROP           : Pigeon pea       CULTIVAR : ICRISAT ICPL8803 ECOTYPE :PP0002
 STARTING DATE  : JAN  1 2003
 PLANTING DATE  : JUN 26 2003      PLANTS/m2 :    45.0    ROW SPACING :  45.cm
 HARVEST DATE   : JAN 15 2004
 WEATHER        : ITIN   2003
 SOIL           : IN00020001     TEXTURE : -99   -   BLACK SOIL, JNKVV, INDO
 SOIL INIT COND : DEPTH:160cm EXTR. H2O:343.8mm  NO3:  0.2kg/ha  NH4:  0.2kg/ha
 WATER BALANCE  : IRRIGATE ON REPORTED DATE(S)
 IRRIGATION     :       55 mm IN     1 APPLICATIONS
 NITROGEN BAL.  : SOIL-N, N-UPTAKE & DYNAMIC N-FIXATION SIMULATION
 N-FERTILIZER   :       20 kg/ha IN     1 APPLICATIONS
 RESIDUE/MANURE : INITIAL :     0 kg/ha ;       0 kg/ha IN     0 APPLICATIONS
 ENVIRONM. OPT. : DAYL=    0.00  SRAD=    0.00  TMAX=    0.00  TMIN=    0.00
                  RAIN=    0.00  CO2 =    0.00  DEW =    0.00  WIND=    0.00
 SIMULATION OPT : WATER   :Y  NITROGEN:Y  N-FIX:Y  PHOSPH :N  PESTS  :N
                  PHOTO   :L  ET      :R  INFIL:S  HYDROL :R  SOM    :P
                  CO2 374ppm  NSWIT   :1  EVAP :R  SOIL   :2  STEMP  :D
 MANAGEMENT OPT : PLANTING:R  IRRIG   :R  FERT :R  RESIDUE:R  HARVEST:R
                  WEATHER :M  TILLAGE :Y

*SUMMARY OF SOIL AND GENETIC INPUT PARAMETERS

   SOIL LOWER UPPER   SAT  EXTR  INIT   ROOT   BULK     pH    NO3    NH4    ORG
  DEPTH LIMIT LIMIT    SW    SW    SW   DIST   DENS                          C
   cm   cm3/cm3    cm3/cm3    cm3/cm3         g/cm3         ugN/g  ugN/g     %
-------------------------------------------------------------------------------
  0-  5 0.177 0.400 0.602 0.223 0.265   1.00   1.36   8.00   0.01   0.01   0.60
  5- 15 0.177 0.400 0.602 0.223 0.265   1.00   1.36   8.00   0.01   0.01   0.60
 15- 30 0.177 0.400 0.602 0.223 0.265   1.00   1.36   8.00   0.01   0.01   0.60
 30- 45 0.177 0.390 0.603 0.213 0.207   1.00   1.36   8.10   0.01   0.01   0.64
 45- 60 0.177 0.390 0.603 0.213 0.207   1.00   1.36   8.10   0.01   0.01   0.64
 60- 90 0.177 0.390 0.603 0.213 0.172   1.00   1.36   8.10   0.01   0.01   0.64
 90-120 0.177 0.390 0.602 0.213 0.390   1.00   1.36   8.10   0.01   0.01   0.60
120-150 0.177 0.390 0.603 0.213 0.390   1.00   1.36   8.10   0.01   0.01   0.60
150-160 0.177 0.390 0.603 0.213 0.390   1.00   1.36   8.10   0.01   0.01   0.60

TOT-160  28.3  62.7  96.4  34.4  46.6  <--cm   -  kg/ha-->    0.2    0.2 133824
SOIL ALBEDO    : 0.11      EVAPORATION LIMIT : 6.00         MIN. FACTOR  : 1.00
RUNOFF CURVE # :70.00      DRAINAGE RATE     : 0.50         FERT. FACTOR : 0.88

 Pigeon pea       CULTIVAR: I88039-ICRISAT ICPL8803   ECOTYPE: PP0002
 CSDVAR :11.60  PPSEN  : 0.74  EMG-FLW:29.30  FLW-FSD:25.80  FSD-PHM : 29.01
 WTPSD  :0.100  SDPDVR : 1.81  SDFDUR :23.40  PODDUR :18.00  XFRUIT  :  0.68
 THRESH : 75.0  SDPRO  :0.223  SDLIP   : 0.015


*SIMULATED CROP AND SOIL STATUS AT MAIN DEVELOPMENT STAGES

 RUN NO.     1     2003 ICPL88039          

        CROP GROWTH     BIOMASS         LEAF   CROP N     STRESS      STRESS                                           
   DATE  AGE STAGE        kg/ha    LAI   NUM  kg/ha  %   H2O  Nitr Phos1 Phos2  RSTG                                   
 ------  --- ----------   -----  -----  ----  ---  ---  ----  ----  ----  ----  ----                                   
  1 JAN    0 Start Sim        0   0.00   0.0    0  0.0  0.00  0.00  0.00  0.00     0
 26 JUN    0 Sowing           0   0.00   0.0    0  0.0  0.00  0.00  0.00  0.00     0
  2 JUL    6 Emergence       15   0.03   0.1    1  5.2  0.00  0.00  0.00  0.00     0
  2 JUL    6 End Juven.      15   0.03   0.1    1  5.2  0.00  0.00  0.00  0.00     0
  8 JUL   12 Unifoliate      31   0.07   1.6    2  5.1  0.00  0.00  0.00  0.00     0
  3 SEP   69 Flower Ind    3413   4.86  42.4  122  3.6  0.00  0.00  0.00  0.00     0
 10 OCT  106 First Flwr    6416   4.82  67.2  153  2.4  0.00  0.00  0.00  0.00     1
 24 OCT  120 First Pod     7437   4.59  75.1  157  2.1  0.00  0.00  0.00  0.00     3
 28 OCT  124 End Msnode    7752   4.51  77.1  158  2.0  0.00  0.00  0.00  0.00     3
 10 NOV  137 End Leaf      8695   4.15  77.1  163  1.9  0.00  0.00  0.00  0.00     3
 13 NOV  140 First Seed    8918   4.09  77.1  164  1.8  0.00  0.00  0.00  0.00     5
 24 NOV  151 End Pod       9693   3.85  77.1  167  1.7  0.00  0.00  0.00  0.00     5
 16 DEC  173 Phys. Mat    11010   3.25  77.1  168  1.5  0.00  0.00  0.00  0.00     7
  7 JAN  195 Harv. Mat    12097   3.15  77.1  170  1.4  0.01  0.43  0.00  0.00     8
 15 JAN  203 Harvest      12145   3.14  77.1  170  1.4  0.56  0.77  0.00  0.00     8


*MAIN GROWTH AND DEVELOPMENT VARIABLES

@     VARIABLE                                         SIMULATED     MEASURED
      --------                                         ---------     --------
      Emergence day (dap)                                      6          -99
      Anthesis day (dap)                                     106          -99
      First pod day (dap)                                    120          -99
      First seed day (dap)                                   140          -99
      Physiological maturity day (dap)                       173          -99
      Harvest maturity day (dap)                             195          -99
      Yield at harvest maturity (kg [dm]/ha)                2117         1950
      Pod/Ear/Panicle weight at maturity (kg [dm]/ha)       3002          -99
      Tops weight at anthesis (kg [dm]/ha)                  6416          -99
      Tops weight at maturity (kg [dm]/ha)                 12145        13610
      By-product produced (stalk) at maturity (kg[dm]/ha   10030          -99
      Number at maturity (no/m2)                            2543         2293
      Unit wt at maturity (g [dm]/unit)                   0.0832         0.09
      Number at maturity (no/unit)                          1.81         1.82
      Harvest index at maturity                            0.174        .1432
      Threshing % at maturity                              70.50          -99
      Leaf area index, maximum                              5.27          -99
      Leaf number per stem at maturity                     77.06          -99
      Canopy height (m)                                     0.79          -99
      Tops N at anthesis (kg/ha)                             153          -99
      Tops N at maturity (kg/ha)                             170          -99
      Stem N at maturity (kg/ha)                              57          -99
      Grain N at maturity (kg/ha)                             68          -99
      Grain N at maturity (%)                               3.21          -99
      Grain oil at maturity (%)                             1.79          -99


*ENVIRONMENTAL AND STRESS FACTORS

 |-----Development Phase------|--------------------------------------Environment--------------------------------------|-----------------Stress-----------------|
                              |---------------Average--------------|-----Cumulative-----|--------Count of days--------|          (0=Min, 1=Max Stress)         |
                         Time  Temp  Temp  Temp Solar Photop                Evapo    Pot TMIN TMIN TMAX TMAX TMAX RAIN|----Water----|---Nitrogen--|-Phosphorus-|
                         Span   Max   Min  Mean   Rad  [day]    CO2   Rain  Trans     ET   <    <    >    >    >    >   Photo         Photo         Photo
                         days     C     C     C MJ/m2     hr    ppm     mm     mm    mm   0 C  2 C 30 C 32 C 34 C  0mm  synth Growth  synth Growth  synth Growth
----------------------------------------------------------------------------------------------------------------------------------------------------------------
 Emergence -First Flower  100  29.4  23.2  26.3  13.9  12.59  375.8  827.2  318.8  350.0    0    0   31    8    1   55  0.000  0.000  0.000  0.000  0.000  0.000
 First Flower-First Seed   34  31.6  16.3  24.0  16.9  11.23  376.2    0.2  132.7  133.2    0    0   30    9    0    1  0.000  0.000  0.000  0.000  0.000  0.000
 First Seed - Phys. Mat.   33  30.1  13.7  21.9  14.5  10.74  376.4    0.0  107.2  107.6    0    0   13    0    0    0  0.000  0.000  0.000  0.000  0.000  0.000
 Emergence  - Phys. Mat.  167  30.0  19.9  25.0  14.6  11.95  376.0  827.4  558.7  590.7    0    0   74   17    1   56  0.000  0.000  0.000  0.000  0.000  0.000
   
 Planting to Harvest      204  29.4  18.5  23.9  14.6  11.81  376.1  849.6  654.6  709.8    0    0   79   19    1   61  0.014  0.023  0.000  0.077  0.000  0.000
----------------------------------------------------------------------------------------------------------------------------------------------------------------


*Resource Productivity
 Growing season length: 204 days 

 Precipitation during growing season       849.6 mm[rain]
   Dry Matter Productivity                  1.43 kg[DM]/m3[rain]          =   14.3 kg[DM]/ha per mm[rain]
   Yield Productivity                       0.25 kg[grain yield]/m3[rain] =    2.5 kg[yield]/ha per mm[rain]

 Evapotranspiration during growing season  654.6 mm[ET]
   Dry Matter Productivity                  1.86 kg[DM]/m3[ET]            =   18.6 kg[DM]/ha per mm[ET]
   Yield Productivity                       0.32 kg[grain yield]/m3[ET]   =    3.2 kg[yield]/ha per mm[ET]

 Transpiration during growing season       490.4 mm[EP]
   Dry Matter Productivity                  2.48 kg[DM]/m3[EP]            =   24.8 kg[DM]/ha per mm[EP]
   Yield Productivity                       0.43 kg[grain yield]/m3[EP]   =    4.3 kg[yield]/ha per mm[EP]

 Irrigation during growing season           55.0 mm[irrig]
   Dry Matter Productivity                 22.08 kg[DM]/m3[irrig]         =  220.8 kg[DM]/ha per mm[irrig]
   Yield Productivity                       3.85 kg[grain yield]/m3[irrig]=   38.5 kg[yield]/ha per mm[irrig]

 N applied during growing season             20. kg[N applied]/ha
   Dry Matter Productivity                 607.2 kg[DM]/kg[N applied]
   Yield Productivity                      105.8 kg[yield]/kg[N applied]

 N uptake during growing season              105 kg[N uptake]/ha
   Dry Matter Productivity                 115.7 kg[DM]/kg[N uptake]
   Yield Productivity                       20.2 kg[yield]/kg[N uptake]

--------------------------------------------------------------------------------------------------------------

                Pigeon pea YIELD :     2117 kg/ha    [Dry weight] 

**************************************************************************************************************
