*SIMULATION OVERVIEW FILE

*DSSAT Cropping System Model Ver. 4.8.5.000 -release  APR 28, 2026 22:33:22

*RUN   1        : 85 IRRIGATED              CRGRO048 UFGA8501    1
 MODEL          : CRGRO048 - Soybean
 EXPERIMENT     : UFGA8501 SB COBB, IRR & NON-IRR, RKN (IRR & NON-IRR)
 DATA PATH      :
 TREATMENT  1   : 85 IRRIGATED              CRGRO048


 CROP           : Soybean          CULTIVAR : COBB (8)         ECOTYPE :SB0801
 STARTING DATE  : JUN 20 1985
 PLANTING DATE  : JUN 20 1985      PLANTS/m2 :    22.0    ROW SPACING :  76.cm
 WEATHER        : UFGA   1985
 SOIL           : IBSB910015     TEXTURE : S     -   Millhopper Fine Sand
 SOIL INIT COND : DEPTH:180cm EXTR. H2O:158.4mm  NO3: 22.8kg/ha  NH4: 16.5kg/ha
 WATER BALANCE  : IRRIGATE ON REPORTED DATE(S)
 IRRIGATION     :      217 mm IN    16 APPLICATIONS
 NITROGEN BAL.  : SOIL-N, N-UPTAKE & DYNAMIC N-FIXATION SIMULATION
 N-FERTILIZER   :        0 kg/ha IN     0 APPLICATIONS
 RESIDUE/MANURE : INITIAL :     0 kg/ha ;    1000 kg/ha IN     1 APPLICATIONS
 ENVIRONM. OPT. : DAYL=    0.00  SRAD=    0.00  TMAX=    0.00  TMIN=    0.00
                  RAIN=    0.00  CO2 =    0.00  DEW =    0.00  WIND=    0.00
 SIMULATION OPT : WATER   :Y  NITROGEN:Y  N-FIX:Y  PHOSPH :N  PESTS  :N
                  PHOTO   :L  ET      :R  INFIL:S  HYDROL :R  SOM    :G
                  CO2 346ppm  NSWIT   :1  EVAP :R  SOIL   :2  STEMP  :D
 MANAGEMENT OPT : PLANTING:R  IRRIG   :R  FERT :R  RESIDUE:R  HARVEST:M
                  WEATHER :M  TILLAGE :Y

*SUMMARY OF SOIL AND GENETIC INPUT PARAMETERS

   SOIL LOWER UPPER   SAT  EXTR  INIT   ROOT   BULK     pH    NO3    NH4    ORG
  DEPTH LIMIT LIMIT    SW    SW    SW   DIST   DENS                          C
   cm   cm3/cm3    cm3/cm3    cm3/cm3         g/cm3         ugN/g  ugN/g     %
-------------------------------------------------------------------------------
  0-  5 0.023 0.086 0.230 0.063 0.086   1.00   1.36   5.30   1.50   0.60   0.90
  5- 15 0.023 0.086 0.230 0.063 0.086   1.00   1.40   5.40   1.50   0.60   0.69
 15- 30 0.023 0.086 0.230 0.063 0.086   0.50   1.46   5.70   1.50   0.60   0.28
 30- 45 0.023 0.086 0.230 0.063 0.086   0.29   1.46   5.80   1.50   0.60   0.20
 45- 60 0.023 0.086 0.230 0.063 0.086   0.29   1.47   5.80   1.50   0.60   0.20
 60- 90 0.021 0.076 0.230 0.055 0.076   0.38   1.43   5.90   0.60   0.60   0.09
 90-120 0.020 0.076 0.230 0.056 0.076   0.13   1.48   5.90   0.50   0.60   0.03
120-150 0.027 0.130 0.230 0.103 0.130   0.06   1.57   5.90   0.50   0.60   0.03
150-180 0.070 0.258 0.360 0.188 0.258   0.03   1.79   5.90   0.50   0.60   0.03

TOT-180   5.5  21.4  45.3  15.8  21.4  <--cm   -  kg/ha-->   22.8   16.5  38919
SOIL ALBEDO    : 0.18      EVAPORATION LIMIT : 5.00         MIN. FACTOR  : 1.00
RUNOFF CURVE # :66.00      DRAINAGE RATE     : 0.50         FERT. FACTOR : 0.92

 Soybean          CULTIVAR: IB0002-COBB (8)           ECOTYPE: SB0801
 CSDVAR :12.25  PPSEN  : 0.33  EMG-FLW:21.00  FLW-FSD:16.00  FSD-PHM : 37.20
 WTPSD  :0.155  SDPDVR : 1.90  SDFDUR :23.50  PODDUR :10.00  XFRUIT  :  1.00
 THRESH : 78.0  SDPRO  :0.400  SDLIP   : 0.200


*SIMULATED CROP AND SOIL STATUS AT MAIN DEVELOPMENT STAGES

 RUN NO.     1     85 IRRIGATED            

        CROP GROWTH     BIOMASS         LEAF   CROP N     STRESS      STRESS                                           
   DATE  AGE STAGE        kg/ha    LAI   NUM  kg/ha  %   H2O  Nitr Phos1 Phos2  RSTG                                   
 ------  --- ----------   -----  -----  ----  ---  ---  ----  ----  ----  ----  ----                                   
 20 JUN    0 Start Sim        0   0.00   0.0    0  0.0  0.00  0.00  0.00  0.00     0
 20 JUN    0 Sowing           0   0.00   0.0    0  0.0  0.00  0.00  0.00  0.00     0
 24 JUN    4 Emergence        9   0.01   0.1    0  5.1  0.00  0.00  0.00  0.00     0
 24 JUN    4 End Juven.       9   0.01   0.1    0  5.1  0.00  0.00  0.00  0.00     0
 30 JUN   10 Unifoliate      15   0.03   1.1    1  5.1  0.00  0.46  0.00  0.00     0
  6 JUL   16 Flower Ind      47   0.11   2.8    2  4.2  0.00  0.07  0.00  0.00     0
  7 AUG   48 First Flwr    1719   3.00  11.8   62  3.6  0.02  0.02  0.00  0.00     1
 25 AUG   66 First Pod     3897   5.15  17.0  129  3.3  0.00  0.00  0.00  0.00     3
 25 AUG   66 End Msnode    3897   5.15  17.0  129  3.3  0.00  0.00  0.00  0.00     3
  5 SEP   77 First Seed    5023   4.88  17.0  157  3.1  0.00  0.00  0.00  0.00     5
  9 SEP   81 End Leaf      5553   4.73  17.0  169  3.0  0.00  0.00  0.00  0.00     5
 21 SEP   93 End Pod       6680   4.10  17.0  208  3.1  0.00  0.00  0.00  0.00     5
 17 OCT  119 Phys. Mat     8195   2.85  17.0  282  3.4  0.00  0.01  0.00  0.00     7
 29 OCT  131 Harv. Mat     6803   0.19  17.0  259  3.8  0.00  0.03  0.00  0.00     8
 29 OCT  131 Harvest       6803   0.19  17.0  259  3.8  0.00  0.00  0.00  0.00     8


*MAIN GROWTH AND DEVELOPMENT VARIABLES

@     VARIABLE                                         SIMULATED     MEASURED
      --------                                         ---------     --------
      Emergence day (dap)                                      4          -99
      Anthesis day (dap)                                      48           51
      First pod day (dap)                                     66          -99
      First seed day (dap)                                    77          -99
      Physiological maturity day (dap)                       119          128
      Harvest maturity day (dap)                             131          -99
      Yield at harvest maturity (kg [dm]/ha)                3622        3566.
      Pod/Ear/Panicle weight at maturity (kg [dm]/ha)       4715          -99
      Tops weight at anthesis (kg [dm]/ha)                  1719          -99
      Tops weight at maturity (kg [dm]/ha)                  6803        6403.
      By-product produced (stalk) at maturity (kg[dm]/ha    3180        2837.
      Number at maturity (no/m2)                            2416        2270.
      Unit wt at maturity (g [dm]/unit)                   0.1499        .1571
      Number at maturity (no/unit)                          1.90         2.00
      Harvest index at maturity                            0.532         .557
      Threshing % at maturity                              76.83        79.08
      Leaf area index, maximum                              5.29         4.50
      Leaf number per stem at maturity                     16.97          -99
      Canopy height (m)                                     0.97          -99
      Tops N at anthesis (kg/ha)                              62          -99
      Tops N at maturity (kg/ha)                             259          -99
      Stem N at maturity (kg/ha)                              13          -99
      Grain N at maturity (kg/ha)                            232          -99
      Grain N at maturity (%)                               6.41          -99
      Grain oil at maturity (%)                            19.86          -99


*ENVIRONMENTAL AND STRESS FACTORS

 |-----Development Phase------|--------------------------------------Environment--------------------------------------|-----------------Stress-----------------|
                              |---------------Average--------------|-----Cumulative-----|--------Count of days--------|          (0=Min, 1=Max Stress)         |
                         Time  Temp  Temp  Temp Solar Photop                Evapo    Pot TMIN TMIN TMAX TMAX TMAX RAIN|----Water----|---Nitrogen--|-Phosphorus-|
                         Span   Max   Min  Mean   Rad  [day]    CO2   Rain  Trans     ET   <    <    >    >    >    >   Photo         Photo         Photo
                         days     C     C     C MJ/m2     hr    ppm     mm     mm    mm   0 C  2 C 30 C 32 C 34 C  0mm  synth Growth  synth Growth  synth Growth
----------------------------------------------------------------------------------------------------------------------------------------------------------------
 Emergence -First Flower   44  32.5  21.5  27.0  21.1  13.67  345.9  251.3  144.5  243.4    0    0   41   31    7   19  0.000  0.015  0.000  0.084  0.000  0.000
 First Flower-First Seed   29  31.7  22.2  26.9  16.8  12.88  346.0  344.4  119.6  119.8    0    0   24   15    1   23  0.000  0.000  0.000  0.000  0.000  0.000
 First Seed - Phys. Mat.   42  30.8  19.8  25.3  16.8  11.83  346.1   70.1  164.7  166.7    0    0   25   13    1   17  0.000  0.000  0.000  0.004  0.000  0.000
 Emergence  - Phys. Mat.  115  31.7  21.1  26.4  18.4  12.80  346.0  665.8  428.8  529.9    0    0   90   59    9   59  0.000  0.006  0.000  0.034  0.000  0.000
   
 Planting to Harvest      132  31.5  21.0  26.3  18.2  12.68  346.0  741.3  467.9  597.9    0    0  102   63    9   66  0.000  0.005  0.000  0.032  0.000  0.000
----------------------------------------------------------------------------------------------------------------------------------------------------------------


*Resource Productivity
 Growing season length: 132 days 

 Precipitation during growing season       741.3 mm[rain]
   Dry Matter Productivity                  0.92 kg[DM]/m3[rain]          =    9.2 kg[DM]/ha per mm[rain]
   Yield Productivity                       0.49 kg[grain yield]/m3[rain] =    4.9 kg[yield]/ha per mm[rain]

 Evapotranspiration during growing season  467.9 mm[ET]
   Dry Matter Productivity                  1.45 kg[DM]/m3[ET]            =   14.5 kg[DM]/ha per mm[ET]
   Yield Productivity                       0.77 kg[grain yield]/m3[ET]   =    7.7 kg[yield]/ha per mm[ET]

 Transpiration during growing season       324.1 mm[EP]
   Dry Matter Productivity                  2.10 kg[DM]/m3[EP]            =   21.0 kg[DM]/ha per mm[EP]
   Yield Productivity                       1.12 kg[grain yield]/m3[EP]   =   11.2 kg[yield]/ha per mm[EP]

 Irrigation during growing season          217.0 mm[irrig]
   Dry Matter Productivity                  3.14 kg[DM]/m3[irrig]         =   31.4 kg[DM]/ha per mm[irrig]
   Yield Productivity                       1.67 kg[grain yield]/m3[irrig]=   16.7 kg[yield]/ha per mm[irrig]

 N uptake during growing season               14 kg[N uptake]/ha
   Dry Matter Productivity                 485.9 kg[DM]/kg[N uptake]
   Yield Productivity                      258.7 kg[yield]/kg[N uptake]

--------------------------------------------------------------------------------------------------------------

                   Soybean YIELD :     3622 kg/ha    [Dry weight] 

**************************************************************************************************************
