*SIMULATION OVERVIEW FILE

*DSSAT Cropping System Model Ver. 4.8.5.000 -release  APR 28, 2026 22:33:26

*RUN   1        : CP80-1743                 SCCAN048 UFBG0001    1
 MODEL          : SCCAN048 - Sugarcane
 EXPERIMENT     : UFBG0001 SC CP SUGARCANE VARIETY GROWTH MODEL
 DATA PATH      :
 TREATMENT  1   : CP80-1743                 SCCAN048


 CROP           : Sugarcane        CULTIVAR : CP 80-1743       ECOTYPE :SC0013
 STARTING DATE  : FEB 20 2002
 PLANTING DATE  : FEB 20 2002      PLANTS/m2 :     1.5    ROW SPACING : 150.cm
 HARVEST DATE   : SEP 20 2002
 WEATHER        : UFBG   2002
 SOIL           : UFBG760002     TEXTURE : SL    -   Lauderhill Muck
 WATER BALANCE  : NOT SIMULATED ; NO H2O-STRESS
 IRRIGATION     :
 NITROGEN BAL.  : NOT SIMULATED ; NO N-STRESS
 N-FERTILIZER   :
 RESIDUE/MANURE :
 ENVIRONM. OPT. : DAYL=    0.00  SRAD=    0.00  TMAX=    0.00  TMIN=    0.00
                  RAIN=    0.00  CO2 =    0.00  DEW =    0.00  WIND=    0.00
 SIMULATION OPT : WATER   :N  NITROGEN:N  N-FIX:N  PHOSPH :N  PESTS  :N
                  PHOTO   :C  ET      :R  INFIL:N  HYDROL :R  SOM    :G
                  CO2 372ppm  NSWIT   :1  EVAP :R  SOIL   :2  STEMP  :D
 MANAGEMENT OPT : PLANTING:R  IRRIG   :R  FERT :R  RESIDUE:N  HARVEST:R
                  WEATHER :M  TILLAGE :N

*SUMMARY OF SOIL AND GENETIC INPUT PARAMETERS

 Sugarcane        CULTIVAR: CP1743-CP 80-1743         ECOTYPE: SC0013


*SIMULATED CROP AND SOIL STATUS AT MAIN DEVELOPMENT STAGES

 RUN NO.     1     CP80-1743               

        CROP GROWTH     BIOMASS         LEAF   CROP N     STRESS      STRESS                                           
   DATE  AGE STAGE        kg/ha    LAI   NUM  kg/ha  %   H2O  Nitr Phos1 Phos2  RSTG                                   
 ------  --- ----------   -----  -----  ----  ---  ---  ----  ----  ----  ----  ----                                   
 20 FEB    0 Planting         0   0.00   0.0    0  0.0  0.00  0.00  0.00  0.00     0
 20 FEB    0 Start sim        0   0.00   0.0    0  0.0  0.00  0.00  0.00  0.00     0
 13 MAR   21 Emergence        0   0.00   0.0    0  0.0  0.00  0.00  0.00  0.00     0
 29 MAY   98 Peak popul    2667   0.76   0.0    0  0.0  0.00  0.00  0.00  0.00     0
 20 SEP  212 Harvest      28201   5.27   0.0    0  0.0  0.00  0.00  0.00  0.00     0


*MAIN GROWTH AND DEVELOPMENT VARIABLES

@     VARIABLE                                         SIMULATED     MEASURED
      --------                                         ---------     --------
      Sucrose dry mass at harvest (t/ha)                    3.65          -99
      Aerial dry biomass at harvest (t/ha)                 28.20          -99
      Stalk (millable) dry mass at harvest (t/ha)          18.02          -99
      Trash (residue) dry mass at harvest (t/ha)            4.51          -99
      Green leaf area index at harvest (m2/m2)              2.47          -99
      Leaf area index, maximum                              2.52          -99
      Canopy height (m)                                     2.33          -99
      Harvest index at maturity                             0.20          -99
      Leaf number per stem at maturity                      5.61          -99
      Emergence day (dap)                                     21          -99
      Fresh cane yield (t/ha)                               75.5          -99


*ENVIRONMENTAL AND STRESS FACTORS

 |-----Development Phase------|--------------------------------------Environment--------------------------------------|-----------------Stress-----------------|
                              |---------------Average--------------|-----Cumulative-----|--------Count of days--------|          (0=Min, 1=Max Stress)         |
                         Time  Temp  Temp  Temp Solar Photop                Evapo    Pot TMIN TMIN TMAX TMAX TMAX RAIN|----Water----|---Nitrogen--|-Phosphorus-|
                         Span   Max   Min  Mean   Rad  [day]    CO2   Rain  Trans     ET   <    <    >    >    >    >   Photo         Photo         Photo
                         days     C     C     C MJ/m2     hr    ppm     mm     mm    mm   0 C  2 C 30 C 32 C 34 C  0mm  synth Growth  synth Growth  synth Growth
----------------------------------------------------------------------------------------------------------------------------------------------------------------
 Planting to Emergence     21  24.9  13.1  19.0  13.9  11.46  372.1   42.4    0.0    0.0    0    0    1    0    0    6  0.000  0.000  0.000  0.000  0.000  0.000
 Emergence->Stk Elongatn  192  30.9  20.3  25.6  18.8  12.99  372.8  582.8    0.0    0.0    0    0  133   61    6   77  0.000  0.000  0.000  0.000  0.000  0.000
   
 Emergence to Harvest     192  30.9  20.3  25.6  18.8  12.99  372.8  582.8    0.0    0.0    0    0  133   61    6   77  0.000  0.000  0.000  0.000  0.000  0.000
----------------------------------------------------------------------------------------------------------------------------------------------------------------

--------------------------------------------------------------------------------------------------------------

                 Sugarcane YIELD :     3646 kg/ha    [Dry weight] 

**************************************************************************************************************
