*SIMULATION OVERVIEW FILE

*DSSAT Cropping System Model Ver. 4.8.5.000 -release  APR 28, 2026 22:33:19

*RUN   1        : CENTENNIAL, PLT-1         CRGRO048 NCRM8701    1
 MODEL          : CRGRO048 - Soybean
 EXPERIMENT     : NCRM8701 SB WILKERSON, NORTH CAROLINA
 DATA PATH      :
 TREATMENT  1   : CENTENNIAL, PLT-1         CRGRO048


 CROP           : Soybean          CULTIVAR : CENTENNIAL(6)    ECOTYPE :SB0601
 STARTING DATE  : APR 15 1987
 PLANTING DATE  : MAY  8 1987      PLANTS/m2 :    25.1    ROW SPACING :  97.cm
 WEATHER        : NCRM   1987
 SOIL           : IBSB910009     TEXTURE : -99   -   Norfolk Sandy Clay Loam
 SOIL INIT COND : DEPTH:136cm EXTR. H2O:183.5mm  NO3: 12.3kg/ha  NH4:  9.8kg/ha
 WATER BALANCE  : IRRIGATE ON REPORTED DATE(S)
 IRRIGATION     :      163 mm IN     6 APPLICATIONS
 NITROGEN BAL.  : SOIL-N, N-UPTAKE & DYNAMIC N-FIXATION SIMULATION
 N-FERTILIZER   :        0 kg/ha IN     0 APPLICATIONS
 RESIDUE/MANURE : INITIAL :     0 kg/ha ;    1000 kg/ha IN     1 APPLICATIONS
 ENVIRONM. OPT. : DAYL=    0.00  SRAD=    0.00  TMAX=    0.00  TMIN=    0.00
                  RAIN=    0.00  CO2 =    0.00  DEW =    0.00  WIND=    0.00
 SIMULATION OPT : WATER   :Y  NITROGEN:Y  N-FIX:Y  PHOSPH :N  PESTS  :N
                  PHOTO   :L  ET      :R  INFIL:S  HYDROL :R  SOM    :G
                  CO2 348ppm  NSWIT   :1  EVAP :R  SOIL   :2  STEMP  :D
 MANAGEMENT OPT : PLANTING:R  IRRIG   :R  FERT :R  RESIDUE:R  HARVEST:M
                  WEATHER :M  TILLAGE :Y

*SUMMARY OF SOIL AND GENETIC INPUT PARAMETERS

   SOIL LOWER UPPER   SAT  EXTR  INIT   ROOT   BULK     pH    NO3    NH4    ORG
  DEPTH LIMIT LIMIT    SW    SW    SW   DIST   DENS                          C
   cm   cm3/cm3    cm3/cm3    cm3/cm3         g/cm3         ugN/g  ugN/g     %
-------------------------------------------------------------------------------
  0-  5 0.042 0.169 0.392 0.127 0.169   1.00   1.20   7.00   1.50   0.60 -99.00
  5- 15 0.042 0.169 0.392 0.127 0.169   1.00   1.20   7.00   1.50   0.60 -99.00
 15- 25 0.042 0.169 0.392 0.127 0.169   0.78   1.20   7.00   1.50   0.60 -99.00
 25- 33 0.044 0.177 0.358 0.133 0.177   0.35   1.20   7.00   1.50   0.60 -99.00
 33- 46 0.056 0.165 0.396 0.109 0.165   0.21   1.20   7.00   0.60   0.60 -99.00
 46- 61 0.150 0.291 0.377 0.141 0.291   0.07   1.20   7.00   0.50   0.60 -99.00
 61- 76 0.150 0.291 0.377 0.141 0.291   0.07   1.20   7.00   0.50   0.60 -99.00
 76-106 0.150 0.291 0.377 0.141 0.291   0.02   1.20   7.00   0.50   0.60 -99.00
106-136 0.150 0.291 0.377 0.141 0.291   0.00   1.20   7.00   0.50   0.60 -99.00

TOT-136  15.6  34.0  51.7  18.3  34.0  <--cm   -  kg/ha-->   12.3    9.8      0
SOIL ALBEDO    : 0.14      EVAPORATION LIMIT : 3.00         MIN. FACTOR  : 1.00
RUNOFF CURVE # :60.00      DRAINAGE RATE     : 0.23         FERT. FACTOR : 0.95

 Soybean          CULTIVAR: IB0014-CENTENNIAL(6)      ECOTYPE: SB0601
 CSDVAR :12.48  PPSEN  : 0.31  EMG-FLW:20.00  FLW-FSD:15.50  FSD-PHM : 34.50
 WTPSD  :0.180  SDPDVR : 2.05  SDFDUR :23.00  PODDUR :10.00  XFRUIT  :  1.00
 THRESH : 78.0  SDPRO  :0.400  SDLIP   : 0.200


*SIMULATED CROP AND SOIL STATUS AT MAIN DEVELOPMENT STAGES

 RUN NO.     1     CENTENNIAL, PLT-1       

        CROP GROWTH     BIOMASS         LEAF   CROP N     STRESS      STRESS                                           
   DATE  AGE STAGE        kg/ha    LAI   NUM  kg/ha  %   H2O  Nitr Phos1 Phos2  RSTG                                   
 ------  --- ----------   -----  -----  ----  ---  ---  ----  ----  ----  ----  ----                                   
 15 APR    0 Start Sim        0   0.00   0.0    0  0.0  0.00  0.00  0.00  0.00     0
  8 MAY    0 Sowing           0   0.00   0.0    0  0.0  0.00  0.00  0.00  0.00     0
 16 MAY    8 Emergence       12   0.02   0.1    1  5.1  0.00  0.00  0.00  0.00     0
 16 MAY    8 End Juven.      12   0.02   0.1    1  5.1  0.00  0.00  0.00  0.00     0
 24 MAY   16 Unifoliate      26   0.05   1.2    1  5.0  0.00  0.14  0.00  0.00     0
 29 MAY   21 Flower Ind      51   0.13   2.4    2  4.8  0.00  0.00  0.00  0.00     0
 14 JUL   67 First Flwr    3334   4.97  14.2  116  3.5  0.04  0.00  0.00  0.00     1
 10 AUG   94 First Pod     5308   5.90  20.1  162  3.0  0.22  0.01  0.00  0.00     3
 10 AUG   94 End Msnode    5308   5.90  20.1  162  3.0  0.00  0.00  0.00  0.00     3
 23 AUG  107 First Seed    6527   5.61  20.1  194  3.0  0.11  0.00  0.00  0.00     5
 31 AUG  115 End Leaf      6174   4.30  20.1  173  2.8  0.43  0.00  0.00  0.00     5
  7 SEP  122 End Pod       6388   3.66  20.1  174  2.7  0.00  0.00  0.00  0.00     5
  3 OCT  148 Phys. Mat     8013   2.53  20.1  241  3.0  0.00  0.00  0.00  0.00     7
 15 OCT  160 Harv. Mat     6632   0.17  20.1  216  3.3  0.00  0.00  0.00  0.00     8
 15 OCT  160 Harvest       6632   0.17  20.1  216  3.3  0.00  0.00  0.00  0.00     8


*MAIN GROWTH AND DEVELOPMENT VARIABLES

@     VARIABLE                                         SIMULATED     MEASURED
      --------                                         ---------     --------
      Emergence day (dap)                                      8          -99
      Anthesis day (dap)                                      67           65
      First pod day (dap)                                     94          101
      First seed day (dap)                                   107          119
      Physiological maturity day (dap)                       148          162
      Harvest maturity day (dap)                             160          -99
      Yield at harvest maturity (kg [dm]/ha)                2933        2740.
      Pod/Ear/Panicle weight at maturity (kg [dm]/ha)       3756          -99
      Tops weight at anthesis (kg [dm]/ha)                  3334          -99
      Tops weight at maturity (kg [dm]/ha)                  6632          -99
      By-product produced (stalk) at maturity (kg[dm]/ha    3700          -99
      Number at maturity (no/m2)                            1563          -99
      Unit wt at maturity (g [dm]/unit)                   0.1877          -99
      Number at maturity (no/unit)                          2.05          -99
      Harvest index at maturity                            0.442          -99
      Threshing % at maturity                              78.09          -99
      Leaf area index, maximum                              6.06          -99
      Leaf number per stem at maturity                     20.12          -99
      Canopy height (m)                                     1.01          -99
      Tops N at anthesis (kg/ha)                             116          -99
      Tops N at maturity (kg/ha)                             216          -99
      Stem N at maturity (kg/ha)                              19          -99
      Grain N at maturity (kg/ha)                            184        194.2
      Grain N at maturity (%)                               6.28        7.088
      Grain oil at maturity (%)                            18.98          -99


*ENVIRONMENTAL AND STRESS FACTORS

 |-----Development Phase------|--------------------------------------Environment--------------------------------------|-----------------Stress-----------------|
                              |---------------Average--------------|-----Cumulative-----|--------Count of days--------|          (0=Min, 1=Max Stress)         |
                         Time  Temp  Temp  Temp Solar Photop                Evapo    Pot TMIN TMIN TMAX TMAX TMAX RAIN|----Water----|---Nitrogen--|-Phosphorus-|
                         Span   Max   Min  Mean   Rad  [day]    CO2   Rain  Trans     ET   <    <    >    >    >    >   Photo         Photo         Photo
                         days     C     C     C MJ/m2     hr    ppm     mm     mm    mm   0 C  2 C 30 C 32 C 34 C  0mm  synth Growth  synth Growth  synth Growth
----------------------------------------------------------------------------------------------------------------------------------------------------------------
 Emergence -First Flower   59  31.8  18.5  25.1  20.0  14.29  348.7  118.4  206.3  305.1    0    0   46   26    7   19  0.011  0.030  0.000  0.019  0.000  0.000
 First Flower-First Seed   40  33.5  20.7  27.1  19.4  13.69  349.0   68.9  160.1  196.0    0    0   33   26   18   11  0.139  0.183  0.000  0.009  0.000  0.000
 First Seed - Phys. Mat.   41  28.4  17.4  22.9  14.0  12.30  349.3  156.7  113.1  130.6    0    0   11    4    2   14  0.065  0.084  0.000  0.000  0.000  0.000
 Emergence  - Phys. Mat.  140  31.3  18.8  25.0  18.1  13.53  349.0  344.0  479.5  631.7    0    0   90   56   27   44  0.063  0.089  0.000  0.010  0.000  0.000
   
 Planting to Harvest      161  30.2  17.5  23.9  18.0  13.38  349.0  361.6  515.4  707.3    0    0   90   56   27   48  0.055  0.078  0.000  0.009  0.000  0.000
----------------------------------------------------------------------------------------------------------------------------------------------------------------


*Resource Productivity
 Growing season length: 161 days 

 Precipitation during growing season       361.6 mm[rain]
   Dry Matter Productivity                  1.83 kg[DM]/m3[rain]          =   18.3 kg[DM]/ha per mm[rain]
   Yield Productivity                       0.81 kg[grain yield]/m3[rain] =    8.1 kg[yield]/ha per mm[rain]

 Evapotranspiration during growing season  515.4 mm[ET]
   Dry Matter Productivity                  1.29 kg[DM]/m3[ET]            =   12.9 kg[DM]/ha per mm[ET]
   Yield Productivity                       0.57 kg[grain yield]/m3[ET]   =    5.7 kg[yield]/ha per mm[ET]

 Transpiration during growing season       388.2 mm[EP]
   Dry Matter Productivity                  1.71 kg[DM]/m3[EP]            =   17.1 kg[DM]/ha per mm[EP]
   Yield Productivity                       0.76 kg[grain yield]/m3[EP]   =    7.6 kg[yield]/ha per mm[EP]

 Irrigation during growing season          163.0 mm[irrig]
   Dry Matter Productivity                  4.07 kg[DM]/m3[irrig]         =   40.7 kg[DM]/ha per mm[irrig]
   Yield Productivity                       1.80 kg[grain yield]/m3[irrig]=   18.0 kg[yield]/ha per mm[irrig]

 N uptake during growing season              102 kg[N uptake]/ha
   Dry Matter Productivity                  65.0 kg[DM]/kg[N uptake]
   Yield Productivity                       28.8 kg[yield]/kg[N uptake]

--------------------------------------------------------------------------------------------------------------

                   Soybean YIELD :     2933 kg/ha    [Dry weight] 

**************************************************************************************************************
