*SIMULATION OVERVIEW FILE

*DSSAT Cropping System Model Ver. 4.8.5.000 -release  APR 28, 2026 22:33:14

*RUN   1        : S1, R1, B1                CRGRO048 UHIH1705    1
 MODEL          : CRGRO048 - Safflower
 EXPERIMENT     : UHIH1705 SF TWO CULTIVARS
 DATA PATH      :
 TREATMENT  1   : S1, R1, B1                CRGRO048


 CROP           : Safflower        CULTIVAR : Goldschopf       ECOTYPE :BW0001
 STARTING DATE  : APR 21 2017
 PLANTING DATE  : APR 25 2017      PLANTS/m2 :    49.0    ROW SPACING :  23.cm
 HARVEST DATE   : AUG 29 2017
 WEATHER        : IHUH   2017
 SOIL           : UH00002020     TEXTURE : L     -   UHIH2017
 SOIL INIT COND : DEPTH:180cm EXTR. H2O:307.8mm  NO3:  0.0kg/ha  NH4:  0.0kg/ha
 WATER BALANCE  : RAINFED
 IRRIGATION     : NOT IRRIGATED
 NITROGEN BAL.  : NOT SIMULATED ; NO N-STRESS
 N-FERTILIZER   :
 RESIDUE/MANURE :
 ENVIRONM. OPT. : DAYL=    0.00  SRAD=    0.00  TMAX=    0.00  TMIN=    0.00
                  RAIN=    0.00  CO2 =    0.00  DEW =    0.00  WIND=    0.00
 SIMULATION OPT : WATER   :Y  NITROGEN:N  N-FIX:N  PHOSPH :N  PESTS  :N
                  PHOTO   :L  ET      :R  INFIL:S  HYDROL :R  SOM    :G
                  CO2 406ppm  NSWIT   :1  EVAP :R  SOIL   :2  STEMP  :D
 MANAGEMENT OPT : PLANTING:R  IRRIG   :N  FERT :N  RESIDUE:N  HARVEST:R
                  WEATHER :M  TILLAGE :Y

*SUMMARY OF SOIL AND GENETIC INPUT PARAMETERS

   SOIL LOWER UPPER   SAT  EXTR  INIT   ROOT   BULK     pH    NO3    NH4    ORG
  DEPTH LIMIT LIMIT    SW    SW    SW   DIST   DENS                          C
   cm   cm3/cm3    cm3/cm3    cm3/cm3         g/cm3         ugN/g  ugN/g     %
-------------------------------------------------------------------------------
  0-  5 0.229 0.406 0.482 0.177 0.406   1.00   1.40   0.00  17.80   0.00   1.24
  5- 15 0.229 0.406 0.482 0.177 0.406   1.00   1.40   0.00  17.80   0.00   1.24
 15- 30 0.229 0.406 0.482 0.177 0.406   1.00   1.40   0.00  17.80   0.00   1.24
 30- 45 0.229 0.406 0.465 0.177 0.406   0.55   1.50   0.00   8.20   0.00   0.65
 45- 60 0.229 0.406 0.465 0.177 0.406   0.55   1.50   0.00   8.20   0.00   0.65
 60- 90 0.238 0.406 0.468 0.168 0.406   0.40   1.60   0.00   2.40   0.00   0.55
 90-120 0.238 0.406 0.468 0.168 0.406   0.30   1.60   0.00   2.40   0.00   0.55
120-150 0.238 0.406 0.468 0.168 0.406   0.20   1.60   0.00   2.40   0.00   0.55
150-180 0.238 0.406 0.468 0.168 0.406   0.10   1.60   0.00   2.40   0.00   0.55

TOT-180  42.3  73.1  84.6  30.8  73.1  <--cm   -  kg/ha-->    0.0    0.0      0
SOIL ALBEDO    : 0.11      EVAPORATION LIMIT : 6.00         MIN. FACTOR  : 1.00
RUNOFF CURVE # :73.00      DRAINAGE RATE     : 0.30         FERT. FACTOR : 1.00

 Safflower        CULTIVAR: UH0001-Goldschopf         ECOTYPE: BW0001
 CSDVAR :23.00  PPSEN  : 0.00  EMG-FLW:10.30  FLW-FSD:13.00  FSD-PHM : 28.50
 WTPSD  :0.064  SDPDVR : 22.2  SDFDUR :30.00  PODDUR :19.00  XFRUIT  :  0.67
 THRESH : 55.0  SDPRO  :0.140  SDLIP   : 0.330


*SIMULATED CROP AND SOIL STATUS AT MAIN DEVELOPMENT STAGES

 RUN NO.     1     S1, R1, B1              

        CROP GROWTH     BIOMASS         LEAF   CROP N     STRESS      STRESS                                           
   DATE  AGE STAGE        kg/ha    LAI   NUM  kg/ha  %   H2O  Nitr Phos1 Phos2  RSTG                                   
 ------  --- ----------   -----  -----  ----  ---  ---  ----  ----  ----  ----  ----                                   
 21 APR    0 Start Sim        0   0.00   0.0    0  0.0  0.00  0.00  0.00  0.00     0
 25 APR    0 Sowing           0   0.00   0.0    0  0.0  0.00  0.00  0.00  0.00     0
 15 MAY   20 Emergence        9   0.01   0.1    0  4.5  0.00  0.00  0.00  0.00     0
 15 MAY   20 End Juven.       9   0.01   0.1    0  4.5  0.00  0.00  0.00  0.00     0
 20 MAY   25 Unifoliate      22   0.04   1.3    1  4.4  0.00  0.00  0.00  0.00     0
 29 MAY   34 Flower Ind     189   0.28   7.6    7  3.9  0.00  0.00  0.00  0.00     0
 13 JUN   49 Star burst    1941   2.09  18.2   64  3.3  0.00  0.00  0.00  0.00     1
 20 JUN   56 1st thalam    3842   3.48  23.8  114  3.0  0.00  0.00  0.00  0.00     3
  3 JUL   69 1st Flw/Sd    7359   4.03  34.1  182  2.5  0.00  0.00  0.00  0.00     5
  4 JUL   70 End Msnode    7660   4.00  34.9  187  2.4  0.00  0.00  0.00  0.00     5
 10 JUL   76 End Leaf      8922   3.73  34.9  193  2.2  0.00  0.00  0.00  0.00     5
 18 JUL   84 End Sd-add   10652   3.50  34.9  214  2.0  0.00  0.00  0.00  0.00     5
 18 AUG  115 Phys. Mat    14548   2.76  34.9  213  1.5  0.00  0.00  0.00  0.00     7
 29 AUG  126 Harvest      13600   0.85  34.9  200  1.5  0.00  0.00  0.00  0.00     7


*MAIN GROWTH AND DEVELOPMENT VARIABLES

@     VARIABLE                                         SIMULATED     MEASURED
      --------                                         ---------     --------
      Emergence day (dap)                                     20           14
      Anthesis day (dap)                                      49          -99
      First pod day (dap)                                     56           56
      First seed day (dap)                                    69           83
      Physiological maturity day (dap)                       115          109
      Yield at harvest maturity (kg [dm]/ha)                3786          -99
      Pod/Ear/Panicle weight at maturity (kg [dm]/ha)       7428          -99
      Tops weight at anthesis (kg [dm]/ha)                  1941          -99
      Tops weight at maturity (kg [dm]/ha)                 13600        7754.
      By-product produced (stalk) at maturity (kg[dm]/ha    9810          -99
      Number at maturity (no/m2)                            6434          -99
      Unit wt at maturity (g [dm]/unit)                   0.0588          -99
      Number at maturity (no/unit)                         22.25          -99
      Harvest index at maturity                            0.278          -99
      Threshing % at maturity                              50.97          -99
      Leaf area index, maximum                              4.09          -99
      Leaf number per stem at maturity                     34.94          -99
      Canopy height (m)                                     0.92          -99
      Tops N at anthesis (kg/ha)                              64          -99
      Tops N at maturity (kg/ha)                             200        134.1
      Stem N at maturity (kg/ha)                              30          -99
      Grain N at maturity (kg/ha)                            128          -99
      Grain N at maturity (%)                               3.37          -99
      Grain oil at maturity (%)                            26.41          -99


*ENVIRONMENTAL AND STRESS FACTORS

 |-----Development Phase------|--------------------------------------Environment--------------------------------------|-----------------Stress-----------------|
                              |---------------Average--------------|-----Cumulative-----|--------Count of days--------|          (0=Min, 1=Max Stress)         |
                         Time  Temp  Temp  Temp Solar Photop                Evapo    Pot TMIN TMIN TMAX TMAX TMAX RAIN|----Water----|---Nitrogen--|-Phosphorus-|
                         Span   Max   Min  Mean   Rad  [day]    CO2   Rain  Trans     ET   <    <    >    >    >    >   Photo         Photo         Photo
                         days     C     C     C MJ/m2     hr    ppm     mm     mm    mm   0 C  2 C 30 C 32 C 34 C  0mm  synth Growth  synth Growth  synth Growth
----------------------------------------------------------------------------------------------------------------------------------------------------------------
 Emergence -First Flower   29  22.4   9.7  16.0  22.7  15.55  406.2   38.7   69.9  147.8    0    0    1    0    0   13  0.000  0.000  0.000  0.000  0.000  0.000
 First Flower-First Seed   20  24.6  13.3  19.0  23.1  15.91  406.4   46.5   89.9   98.7    0    0    3    0    0    8  0.000  0.001  0.000  0.000  0.000  0.000
 First Seed - Phys. Mat.   46  23.4  13.1  18.3  17.3  15.06  406.5  163.9  155.5  165.9    0    0    1    0    0   33  0.000  0.000  0.000  0.000  0.000  0.000
 Emergence  - Phys. Mat.   95  23.3  12.1  17.7  20.2  15.39  406.4  249.1  315.3  412.3    0    0    5    0    0   54  0.000  0.000  0.000  0.000  0.000  0.000
   
 Planting to Harvest      127  21.9  10.8  16.3  19.0  15.10  406.4  305.1  393.3  512.5    1    5    5    0    0   75  0.000  0.000  0.000  0.000  0.000  0.000
----------------------------------------------------------------------------------------------------------------------------------------------------------------


*Resource Productivity
 Growing season length: 127 days 

 Precipitation during growing season       305.1 mm[rain]
   Dry Matter Productivity                  4.46 kg[DM]/m3[rain]          =   44.6 kg[DM]/ha per mm[rain]
   Yield Productivity                       1.24 kg[grain yield]/m3[rain] =   12.4 kg[yield]/ha per mm[rain]

 Evapotranspiration during growing season  393.3 mm[ET]
   Dry Matter Productivity                  3.46 kg[DM]/m3[ET]            =   34.6 kg[DM]/ha per mm[ET]
   Yield Productivity                       0.96 kg[grain yield]/m3[ET]   =    9.6 kg[yield]/ha per mm[ET]

 Transpiration during growing season       261.6 mm[EP]
   Dry Matter Productivity                  5.20 kg[DM]/m3[EP]            =   52.0 kg[DM]/ha per mm[EP]
   Yield Productivity                       1.45 kg[grain yield]/m3[EP]   =   14.5 kg[yield]/ha per mm[EP]

--------------------------------------------------------------------------------------------------------------

                 Safflower YIELD :     3786 kg/ha    [Dry weight] 

**************************************************************************************************************
