*SIMULATION OVERVIEW FILE

*DSSAT Cropping System Model Ver. 4.8.5.000 -release  APR 28, 2026 22:32:51

*RUN   1        : 1984 season               CRGRO048 TXTE8401    1
 MODEL          : CRGRO048 - Cotton
 EXPERIMENT     : TXTE8401 CO 1984 COTTON ROOT GROWTH AND SOIL WATER EXTRACTION
 DATA PATH      :
 TREATMENT  1   : 1984 season               CRGRO048


 CROP           : Cotton           CULTIVAR : GP 3774 (RLD,LAI ECOTYPE :CO0021
 STARTING DATE  : JUN  4 1984
 PLANTING DATE  : JUN  4 1984      PLANTS/m2 :    15.0    ROW SPACING :  68.cm
 WEATHER        : TXBD   1984
 SOIL           : TXBD000005     TEXTURE : C     - DEFAULT - DEEP SILTY CLAY
 SOIL INIT COND : DEPTH:210cm EXTR. H2O:301.5mm  NO3: 14.4kg/ha  NH4: 14.4kg/ha
 WATER BALANCE  : IRRIGATE ON REPORTED DATE(S)
 IRRIGATION     :       61 mm IN     2 APPLICATIONS
 NITROGEN BAL.  : SOIL-N & N-UPTAKE SIMULATION; NO N-FIXATION
 N-FERTILIZER   :       85 kg/ha IN     2 APPLICATIONS
 RESIDUE/MANURE : INITIAL :     0 kg/ha ;       0 kg/ha IN     0 APPLICATIONS
 ENVIRONM. OPT. : DAYL=    0.00  SRAD=    0.00  TMAX=    0.00  TMIN=    0.00
                  RAIN=    0.00  CO2 =    0.00  DEW =    0.00  WIND=    0.00
 SIMULATION OPT : WATER   :Y  NITROGEN:Y  N-FIX:N  PHOSPH :N  PESTS  :N
                  PHOTO   :L  ET      :R  INFIL:S  HYDROL :R  SOM    :G
                  CO2 344ppm  NSWIT   :1  EVAP :R  SOIL   :2  STEMP  :D
 MANAGEMENT OPT : PLANTING:R  IRRIG   :R  FERT :R  RESIDUE:N  HARVEST:M
                  WEATHER :M  TILLAGE :N

*SUMMARY OF SOIL AND GENETIC INPUT PARAMETERS

   SOIL LOWER UPPER   SAT  EXTR  INIT   ROOT   BULK     pH    NO3    NH4    ORG
  DEPTH LIMIT LIMIT    SW    SW    SW   DIST   DENS                          C
   cm   cm3/cm3    cm3/cm3    cm3/cm3         g/cm3         ugN/g  ugN/g     %
-------------------------------------------------------------------------------
  0-  5 0.150 0.300 0.481 0.150 0.180   1.00   1.30   6.50   0.50   0.50   1.75
  5- 15 0.150 0.300 0.481 0.150 0.180   1.00   1.30   6.50   0.50   0.50   1.75
 15- 30 0.150 0.300 0.482 0.150 0.240   0.70   1.30   6.50   0.50   0.50   1.60
 30- 45 0.180 0.320 0.465 0.140 0.250   0.40   1.35   6.50   0.50   0.50   1.45
 45- 60 0.190 0.330 0.465 0.140 0.300   0.30   1.35   6.50   0.50   0.50   1.45
 60- 90 0.210 0.350 0.468 0.140 0.340   0.24   1.35   6.50   0.50   0.50   1.10
 90-120 0.230 0.370 0.452 0.140 0.370   0.26   1.40   6.50   0.50   0.50   0.65
120-150 0.245 0.390 0.455 0.145 0.370   0.20   1.40   6.50   0.50   0.50   0.30
150-180 0.245 0.390 0.457 0.145 0.370   0.18   1.40   6.50   0.50   0.50   0.10
180-210 0.245 0.390 0.457 0.145 0.350   0.14   1.40   6.50   0.50   0.50   0.01

TOT-210  45.3  75.5  97.1  30.1  68.6  <--cm   -  kg/ha-->   14.4   14.4 213120
SOIL ALBEDO    : 0.11      EVAPORATION LIMIT : 6.00         MIN. FACTOR  : 1.00
RUNOFF CURVE # :76.00      DRAINAGE RATE     : 0.40         FERT. FACTOR : 1.00

 Cotton           CULTIVAR: TX0003-GP 3774 (RLD,LAI   ECOTYPE: CO0021
 CSDVAR :23.00  PPSEN  : 0.01  EMG-FLW:37.00  FLW-FSD:18.00  FSD-PHM : 45.00
 WTPSD  :0.180  SDPDVR : 20.0  SDFDUR :30.00  PODDUR :10.00  XFRUIT  :  0.55
 THRESH : 70.0  SDPRO  :0.153  SDLIP   : 0.120


*SIMULATED CROP AND SOIL STATUS AT MAIN DEVELOPMENT STAGES

 RUN NO.     1     1984 season             

        CROP GROWTH     BIOMASS         LEAF   CROP N     STRESS      STRESS                                           
   DATE  AGE STAGE        kg/ha    LAI   NUM  kg/ha  %   H2O  Nitr Phos1 Phos2  RSTG                                   
 ------  --- ----------   -----  -----  ----  ---  ---  ----  ----  ----  ----  ----                                   
  4 JUN    0 Emergence       10   0.01   0.2    0  4.2  0.00  0.00  0.00  0.00     0
  4 JUN    0 End Juven.      10   0.01   0.2    0  4.2  0.00  0.00  0.00  0.00     0
  4 JUN    0 Flower Ind      10   0.01   0.2    0  4.2  0.00  0.00  0.00  0.00     0
  4 JUN    0 Start Sim       10   0.01   0.2    0  4.2  0.00  0.00  0.00  0.00     0
  4 JUN    0 Sowing          10   0.01   0.2    0  4.2  0.00  0.00  0.00  0.00     0
  9 JUN    5 First Leaf      19   0.03   1.3    1  4.2  0.00  0.00  0.00  0.00     0
 18 JUL   44 Flowering     1443   1.54   8.7   49  3.4  0.00  0.00  0.00  0.00     1
 31 JUL   57 Boll > 6mm    3135   2.93  10.8   97  3.1  0.00  0.00  0.00  0.00     3
 11 AUG   68 First Seed    4876   3.65  12.5  144  3.0  0.00  0.06  0.00  0.00     5
  6 OCT  124 Bolls>.5sz    8533   2.23  14.8  148  1.7  0.36  0.04  0.00  0.00     5
 14 OCT  132 Cracked Bl    8777   2.29  15.2  151  1.7  0.06  0.13  0.00  0.00     7
 24 OCT  142 90%Open Bl    8832   2.20  15.9  151  1.7  0.00  0.10  0.00  0.00     8
 24 OCT  142 Harvest       8832   2.20  15.9  151  1.7  0.00  0.00  0.00  0.00     8


*MAIN GROWTH AND DEVELOPMENT VARIABLES

@     VARIABLE                                         SIMULATED     MEASURED
      --------                                         ---------     --------
      Anthesis day (dap)                                      44          -99
      First pod day (dap)                                     57          -99
      First seed day (dap)                                    68          -99
      Physiological maturity day (dap)                       132          -99
      Harvest maturity day (dap)                             142          -99
      Yield at harvest maturity (kg [dm]/ha)                3053          -99
      Economic Yield (ton/ha)                               1.22          -99
      Lint Percentage (%)                                   40.1          -99
      Pod/Ear/Panicle weight at maturity (kg [dm]/ha)       4360          -99
      Tops weight at anthesis (kg [dm]/ha)                  1443          -99
      Tops weight at maturity (kg [dm]/ha)                  8832          -99
      By-product produced (stalk) at maturity (kg[dm]/ha    5780          -99
      Number at maturity (no/m2)                            1850          -99
      Unit wt at maturity (g [dm]/unit)                   0.1651          -99
      Number at maturity (no/unit)                         20.00          -99
      Harvest index at maturity                            0.346          -99
      Threshing % at maturity                              70.03          -99
      Leaf area index, maximum                              3.66          -99
      Leaf number per stem at maturity                     15.90          -99
      Canopy height (m)                                     1.14          -99
      Tops N at anthesis (kg/ha)                              49          -99
      Tops N at maturity (kg/ha)                             151          -99
      Stem N at maturity (kg/ha)                              28          -99
      Grain N at maturity (kg/ha)                             83          -99
      Grain N at maturity (%)                               2.72          -99
      Grain oil at maturity (%)                            11.45          -99


*ENVIRONMENTAL AND STRESS FACTORS

 |-----Development Phase------|--------------------------------------Environment--------------------------------------|-----------------Stress-----------------|
                              |---------------Average--------------|-----Cumulative-----|--------Count of days--------|          (0=Min, 1=Max Stress)         |
                         Time  Temp  Temp  Temp Solar Photop                Evapo    Pot TMIN TMIN TMAX TMAX TMAX RAIN|----Water----|---Nitrogen--|-Phosphorus-|
                         Span   Max   Min  Mean   Rad  [day]    CO2   Rain  Trans     ET   <    <    >    >    >    >   Photo         Photo         Photo
                         days     C     C     C MJ/m2     hr    ppm     mm     mm    mm   0 C  2 C 30 C 32 C 34 C  0mm  synth Growth  synth Growth  synth Growth
----------------------------------------------------------------------------------------------------------------------------------------------------------------
 Emergence -First Flower   44  33.7  21.3  27.5  24.7  13.95  344.4  110.4  120.2  310.5    0    0   40   32   20    5  0.000  0.000  0.000  0.000  0.000  0.000
 First Flower-First Seed   24  33.6  21.6  27.6  23.7  13.50  344.6   84.8  131.9  145.8    0    0   23   18   14    3  0.000  0.000  0.000  0.027  0.000  0.000
 First Seed - Phys. Mat.   64  31.1  19.5  25.3  18.8  12.23  344.7  193.4  232.1  300.2    0    0   40   34   23   16  0.193  0.325  0.000  0.047  0.000  0.000
 Emergence  - Phys. Mat.  132  32.4  20.5  26.5  21.7  13.03  344.6  388.6  484.3  756.5    0    0  103   84   57   24  0.094  0.158  0.000  0.028  0.000  0.000
   
 Planting to Harvest      143  31.7  20.1  25.9  20.8  12.90  344.6  462.7  507.4  780.7    0    0  106   84   57   32  0.086  0.146  0.000  0.033  0.000  0.000
----------------------------------------------------------------------------------------------------------------------------------------------------------------


*Resource Productivity
 Growing season length: 143 days 

 Precipitation during growing season       462.7 mm[rain]
   Dry Matter Productivity                  1.91 kg[DM]/m3[rain]          =   19.1 kg[DM]/ha per mm[rain]
   Yield Productivity                       0.66 kg[grain yield]/m3[rain] =    6.6 kg[yield]/ha per mm[rain]

 Evapotranspiration during growing season  507.4 mm[ET]
   Dry Matter Productivity                  1.74 kg[DM]/m3[ET]            =   17.4 kg[DM]/ha per mm[ET]
   Yield Productivity                       0.60 kg[grain yield]/m3[ET]   =    6.0 kg[yield]/ha per mm[ET]

 Transpiration during growing season       383.8 mm[EP]
   Dry Matter Productivity                  2.30 kg[DM]/m3[EP]            =   23.0 kg[DM]/ha per mm[EP]
   Yield Productivity                       0.80 kg[grain yield]/m3[EP]   =    8.0 kg[yield]/ha per mm[EP]

 Irrigation during growing season           61.0 mm[irrig]
   Dry Matter Productivity                 14.48 kg[DM]/m3[irrig]         =  144.8 kg[DM]/ha per mm[irrig]
   Yield Productivity                       5.00 kg[grain yield]/m3[irrig]=   50.0 kg[yield]/ha per mm[irrig]

 N applied during growing season             85. kg[N applied]/ha
   Dry Matter Productivity                 103.9 kg[DM]/kg[N applied]
   Yield Productivity                       35.9 kg[yield]/kg[N applied]

 N uptake during growing season              216 kg[N uptake]/ha
   Dry Matter Productivity                  40.9 kg[DM]/kg[N uptake]
   Yield Productivity                       14.1 kg[yield]/kg[N uptake]

--------------------------------------------------------------------------------------------------------------

                    Cotton YIELD :     3053 kg/ha    [Dry weight] 

**************************************************************************************************************
