*SIMULATION OVERVIEW FILE

*DSSAT Cropping System Model Ver. 4.8.5.000 -release  APR 28, 2026 22:33:00

*RUN   1        : rainfed   2006            CRGRO048 SWIF0607    1
 MODEL          : CRGRO048 - Lentil
 EXPERIMENT     : SWIF0607 LT RAINFED AND IRRIGATED LENTIL AT SWIFT CURRENT
 DATA PATH      :
 TREATMENT  1   : rainfed   2006            CRGRO048


 CROP           : Lentil           CULTIVAR : CDC Glamis       ECOTYPE :LAT001
 STARTING DATE  : APR 10 2006
 PLANTING DATE  : MAY 19 2006      PLANTS/m2 :   170.0    ROW SPACING :  40.cm
 WEATHER        : SWIF   2006
 SOIL           : CASC900061     TEXTURE : SIL   -   OTH  O.DBC
 SOIL INIT COND : DEPTH:180cm EXTR. H2O:312.0mm  NO3: 71.6kg/ha  NH4:  9.8kg/ha
 WATER BALANCE  : IRRIGATE ON REPORTED DATE(S)
 IRRIGATION     :        0 mm IN     0 APPLICATIONS
 NITROGEN BAL.  : SOIL-N, N-UPTAKE & DYNAMIC N-FIXATION SIMULATION
 N-FERTILIZER   :        0 kg/ha IN     0 APPLICATIONS
 RESIDUE/MANURE : INITIAL :     0 kg/ha ;       0 kg/ha IN     0 APPLICATIONS
 ENVIRONM. OPT. : DAYL=    0.00  SRAD=    0.00  TMAX=    0.00  TMIN=    0.00
                  RAIN=    0.00  CO2 =    0.00  DEW =    0.00  WIND=    0.00
 SIMULATION OPT : WATER   :Y  NITROGEN:Y  N-FIX:Y  PHOSPH :N  PESTS  :N
                  PHOTO   :L  ET      :R  INFIL:S  HYDROL :R  SOM    :P
                  CO2 381ppm  NSWIT   :1  EVAP :R  SOIL   :3  STEMP  :D
 MANAGEMENT OPT : PLANTING:R  IRRIG   :R  FERT :R  RESIDUE:N  HARVEST:M
                  WEATHER :M  TILLAGE :N

*SUMMARY OF SOIL AND GENETIC INPUT PARAMETERS

   SOIL LOWER UPPER   SAT  EXTR  INIT   ROOT   BULK     pH    NO3    NH4    ORG
  DEPTH LIMIT LIMIT    SW    SW    SW   DIST   DENS                          C
   cm   cm3/cm3    cm3/cm3    cm3/cm3         g/cm3         ugN/g  ugN/g     %
-------------------------------------------------------------------------------
  0- 20 0.090 0.260 0.497 0.170 0.220   1.00   1.22   7.00  10.60   1.00   1.74
 20- 40 0.090 0.260 0.480 0.170 0.250   1.00   1.30   7.00   7.40   1.00   1.61
 40- 60 0.090 0.260 0.424 0.170 0.240   0.47   1.40   7.00   1.30   0.20   1.54
 60- 80 0.095 0.270 0.405 0.175 0.240   0.35   1.58   7.00   1.10   0.20   1.51
 80-100 0.095 0.270 0.398 0.175 0.240   0.19   1.76   7.00   1.10   0.20   1.35
100-180 0.095 0.270 0.398 0.175 0.240   0.19   1.76   7.00   1.10   0.20   1.35

TOT-180  16.8  48.0  75.9  31.2  43.0  <--cm   -  kg/ha-->   71.6    9.8 412752
SOIL ALBEDO    : 0.12      EVAPORATION LIMIT : 8.00         MIN. FACTOR  : 1.00
RUNOFF CURVE # :61.00      DRAINAGE RATE     : 0.45         FERT. FACTOR : 1.00

 Lentil           CULTIVAR: CAND02-CDC Glamis         ECOTYPE: LAT001
 CSDVAR :15.40  PPSEN  :-0.11  EMG-FLW:28.00  FLW-FSD: 8.00  FSD-PHM : 22.50
 WTPSD  :0.065  SDPDVR : 2.00  SDFDUR :20.00  PODDUR :14.00  XFRUIT  :  1.00
 THRESH : 67.0  SDPRO  :0.286  SDLIP   : 0.020


*SIMULATED CROP AND SOIL STATUS AT MAIN DEVELOPMENT STAGES

 RUN NO.     1     rainfed   2006          

        CROP GROWTH     BIOMASS         LEAF   CROP N     STRESS      STRESS                                           
   DATE  AGE STAGE        kg/ha    LAI   NUM  kg/ha  %   H2O  Nitr Phos1 Phos2  RSTG                                   
 ------  --- ----------   -----  -----  ----  ---  ---  ----  ----  ----  ----  ----                                   
 10 APR    0 Start Sim        0   0.00   0.0    0  0.0  0.00  0.00  0.00  0.00     0
 19 MAY    0 Sowing           0   0.00   0.0    0  0.0  0.00  0.00  0.00  0.00     0
 23 MAY    4 Emergence       34   0.06   0.0    1  3.3  0.00  0.00  0.00  0.00     0
 23 MAY    4 End Juven.      34   0.06   0.0    1  3.3  0.00  0.00  0.00  0.00     0
 28 MAY    9 Flower Ind      54   0.09   0.8    2  3.3  0.00  0.00  0.00  0.00     0
 30 MAY   11 Unifoliate      64   0.11   1.0    2  3.3  0.00  0.00  0.00  0.00     0
  3 JUL   45 First Flwr    1564   1.97   8.1   50  3.2  0.00  0.00  0.00  0.00     1
  9 JUL   51 First Pod     2214   2.33   9.7   64  2.9  0.00  0.00  0.00  0.00     3
 13 JUL   55 First Seed    2736   2.47  10.8   74  2.7  0.00  0.00  0.00  0.00     5
 23 JUL   65 End Leaf      4009   2.37  13.0   97  2.4  0.03  0.00  0.00  0.00     5
 27 JUL   69 End Pod       4361   2.29  13.4  105  2.4  0.44  0.00  0.00  0.00     5
 28 JUL   70 End Msnode    4415   2.27  13.4  106  2.4  0.59  0.00  0.00  0.00     5
  5 AUG   78 Phys. Mat     4327   1.78  13.4  103  2.4  0.68  0.00  0.00  0.00     7
  8 AUG   81 Harv. Mat     3772   0.98  13.4   93  2.5  0.69  0.00  0.00  0.00     8
  8 AUG   81 Harvest       3772   0.98  13.4   93  2.5  0.00  0.00  0.00  0.00     8


*MAIN GROWTH AND DEVELOPMENT VARIABLES

@     VARIABLE                                         SIMULATED     MEASURED
      --------                                         ---------     --------
      Emergence day (dap)                                      4          -99
      Anthesis day (dap)                                      45           52
      First pod day (dap)                                     51          -99
      First seed day (dap)                                    55          -99
      Physiological maturity day (dap)                        78           84
      Harvest maturity day (dap)                              81          -99
      Yield at harvest maturity (kg [dm]/ha)                1335         1463
      Pod/Ear/Panicle weight at maturity (kg [dm]/ha)       1989          -99
      Tops weight at anthesis (kg [dm]/ha)                  1564          -99
      Tops weight at maturity (kg [dm]/ha)                  3772         3872
      By-product produced (stalk) at maturity (kg[dm]/ha    2440          -99
      Number at maturity (no/m2)                            3587          -99
      Unit wt at maturity (g [dm]/unit)                   0.0372          -99
      Number at maturity (no/unit)                          2.00          -99
      Harvest index at maturity                            0.354          -99
      Threshing % at maturity                              67.13          -99
      Leaf area index, maximum                              2.48          -99
      Leaf number per stem at maturity                     13.43          -99
      Canopy height (m)                                     0.39          -99
      Tops N at anthesis (kg/ha)                              50          -99
      Tops N at maturity (kg/ha)                              93          -99
      Stem N at maturity (kg/ha)                              14          -99
      Grain N at maturity (kg/ha)                             60          -99
      Grain N at maturity (%)                               4.46          -99
      Grain oil at maturity (%)                             1.84          -99


*ENVIRONMENTAL AND STRESS FACTORS

 |-----Development Phase------|--------------------------------------Environment--------------------------------------|-----------------Stress-----------------|
                              |---------------Average--------------|-----Cumulative-----|--------Count of days--------|          (0=Min, 1=Max Stress)         |
                         Time  Temp  Temp  Temp Solar Photop                Evapo    Pot TMIN TMIN TMAX TMAX TMAX RAIN|----Water----|---Nitrogen--|-Phosphorus-|
                         Span   Max   Min  Mean   Rad  [day]    CO2   Rain  Trans     ET   <    <    >    >    >    >   Photo         Photo         Photo
                         days     C     C     C MJ/m2     hr    ppm     mm     mm    mm   0 C  2 C 30 C 32 C 34 C  0mm  synth Growth  synth Growth  synth Growth
----------------------------------------------------------------------------------------------------------------------------------------------------------------
 Emergence -First Flower   41  21.3   9.9  15.6  19.8  16.04  381.6  113.5  129.8  179.5    0    0    2    1    0   20  0.000  0.000  0.000  0.000  0.000  0.000
 First Flower-First Seed   10  29.7  13.8  21.7  25.9  15.97  381.7   10.2   49.2   58.9    0    0    5    2    0    2  0.000  0.000  0.000  0.000  0.000  0.000
 First Seed - Phys. Mat.   23  28.3  12.8  20.5  23.2  15.38  381.8   17.1   84.2  118.7    0    0    7    4    1    7  0.230  0.353  0.000  0.000  0.000  0.000
 Emergence  - Phys. Mat.   74  24.6  11.4  18.0  21.7  15.83  381.7  140.8  263.3  357.1    0    0   14    7    1   29  0.071  0.110  0.000  0.000  0.000  0.000
   
 Planting to Harvest       82  25.0  11.4  18.2  21.8  15.77  381.7  156.7  271.4  400.8    0    0   17   10    3   31  0.084  0.124  0.000  0.000  0.000  0.000
----------------------------------------------------------------------------------------------------------------------------------------------------------------


*Resource Productivity
 Growing season length:  82 days 

 Precipitation during growing season       156.7 mm[rain]
   Dry Matter Productivity                  2.41 kg[DM]/m3[rain]          =   24.1 kg[DM]/ha per mm[rain]
   Yield Productivity                       0.85 kg[grain yield]/m3[rain] =    8.5 kg[yield]/ha per mm[rain]

 Evapotranspiration during growing season  271.4 mm[ET]
   Dry Matter Productivity                  1.39 kg[DM]/m3[ET]            =   13.9 kg[DM]/ha per mm[ET]
   Yield Productivity                       0.49 kg[grain yield]/m3[ET]   =    4.9 kg[yield]/ha per mm[ET]

 Transpiration during growing season       154.7 mm[EP]
   Dry Matter Productivity                  2.44 kg[DM]/m3[EP]            =   24.4 kg[DM]/ha per mm[EP]
   Yield Productivity                       0.86 kg[grain yield]/m3[EP]   =    8.6 kg[yield]/ha per mm[EP]

 N uptake during growing season              116 kg[N uptake]/ha
   Dry Matter Productivity                  32.5 kg[DM]/kg[N uptake]
   Yield Productivity                       11.5 kg[yield]/kg[N uptake]

--------------------------------------------------------------------------------------------------------------

                    Lentil YIELD :     1335 kg/ha    [Dry weight] 

**************************************************************************************************************
