*SIMULATION OVERVIEW FILE

*DSSAT Cropping System Model Ver. 4.8.5.000 -release  APR 28, 2026 22:33:31

*RUN   1        : SUNNY subirrigated        CRGRO048 UFBR9201    1
 MODEL          : CRGRO048 - Tomato
 EXPERIMENT     : UFBR9201 TM 1992 POTENTIAL YIELD, SUNNY, SUBIRRIGATED
 DATA PATH      :
 TREATMENT  1   : SUNNY subirrigated        CRGRO048


 CROP           : Tomato           CULTIVAR : Sunny S-D 2010 C ECOTYPE :TM0001
 STARTING DATE  : MAR  4 1992
 PLANTING DATE  : MAR  4 1992      PLANTS/m2 :     1.1    ROW SPACING : 152.cm
 WEATHER        : UFBR   1992
 SOIL           : UFBR950001     TEXTURE : SA    -   Eaugallie fine sand (IM
 WATER BALANCE  : NOT SIMULATED ; NO H2O-STRESS
 IRRIGATION     :
 NITROGEN BAL.  : NOT SIMULATED ; NO N-STRESS
 N-FERTILIZER   :
 RESIDUE/MANURE :
 ENVIRONM. OPT. : DAYL=    0.00  SRAD=    0.00  TMAX=    0.00  TMIN=    0.00
                  RAIN=    0.00  CO2 =    0.00  DEW =    0.00  WIND=    0.00
 SIMULATION OPT : WATER   :N  NITROGEN:N  N-FIX:N  PHOSPH :N  PESTS  :N
                  PHOTO   :L  ET      :R  INFIL:S  HYDROL :R  SOM    :G
                  CO2 356ppm  NSWIT   :1  EVAP :R  SOIL   :2  STEMP  :D
 MANAGEMENT OPT : PLANTING:R  IRRIG   :A  FERT :R  RESIDUE:N  HARVEST:M
                  WEATHER :M  TILLAGE :N

*SUMMARY OF SOIL AND GENETIC INPUT PARAMETERS

 Tomato           CULTIVAR: TM0007-Sunny S-D 2010 C   ECOTYPE: TM0001
 CSDVAR :12.33  PPSEN  : 0.00  EMG-FLW:24.40  FLW-FSD:19.00  FSD-PHM : 45.20
 WTPSD  :0.004  SDPDVR :300.0  SDFDUR :26.00  PODDUR :58.00  XFRUIT  :  0.73
 THRESH :  8.5  SDPRO  :0.300  SDLIP   : 0.050


*SIMULATED CROP AND SOIL STATUS AT MAIN DEVELOPMENT STAGES

 RUN NO.     1     SUNNY subirrigated      

        CROP GROWTH     BIOMASS         LEAF   CROP N     STRESS      STRESS                                           
   DATE  AGE STAGE        kg/ha    LAI   NUM  kg/ha  %   H2O  Nitr Phos1 Phos2  RSTG                                   
 ------  --- ----------   -----  -----  ----  ---  ---  ----  ----  ----  ----  ----                                   
  4 MAR    0 Start Sim        2   0.00   2.8    0  3.8  0.00  0.00  0.00  0.00     0
  4 MAR    0 Transplant       2   0.00   2.8    0  3.8  0.00  0.00  0.00  0.00     0
  6 MAR    2 Flower Ind       2   0.00   3.6    0  3.6  0.00  0.00  0.00  0.00     0
  2 APR   29 First Flwr     164   0.28  12.2    6  3.6  0.00  0.00  0.00  0.00     1
  7 APR   34 First Pod      332   0.54  13.7   12  3.6  0.00  0.00  0.00  0.00     2
 17 APR   44 First Pod     1093   1.67  17.8   38  3.5  0.00  0.00  0.00  0.00     3
 24 APR   51 First Seed    1878   2.37  20.3   62  3.3  0.00  0.00  0.00  0.00     5
  2 MAY   59 End Msnode    3229   2.70  22.0  101  3.1  0.00  0.00  0.00  0.00     5
  2 JUN   90 End Leaf      8425   2.82  22.0  208  2.5  0.00  0.00  0.00  0.00     5
  6 JUN   94 End Pod       8848   2.84  22.0  214  2.4  0.00  0.00  0.00  0.00     5
 19 JUN  107 Phys. Mat    10232   2.93  22.0  228  2.2  0.00  0.00  0.00  0.00     8
 19 JUN  107 Harv. Mat    10232   2.93  22.0  228  2.2  0.00  0.00  0.00  0.00     8
 19 JUN  107 Harvest      10232   2.93  22.0  228  2.2  0.00  0.00  0.00  0.00     8


*MAIN GROWTH AND DEVELOPMENT VARIABLES

@     VARIABLE                                         SIMULATED     MEASURED
      --------                                         ---------     --------
      Anthesis day (dap)                                      29          -99
      First pod day (dap)                                     44          -99
      First seed day (dap)                                    51          -99
      Physiological maturity day (dap)                       107          -99
      Harvest maturity day (dap)                             107          -99
      Yield at harvest maturity (kg [dm]/ha)                 547          -99
      Pod/Ear/Panicle weight at maturity (kg [dm]/ha)       6702         6422
      Tops weight at anthesis (kg [dm]/ha)                   164          -99
      Tops weight at maturity (kg [dm]/ha)                 10232         9733
      By-product produced (stalk) at maturity (kg[dm]/ha    9680          -99
      Number at maturity (no/m2)                           25937          -99
      Unit wt at maturity (g [dm]/unit)                   0.0021          -99
      Number at maturity (no/unit)                        265.61          -99
      Harvest index at maturity                            0.053          -99
      Threshing % at maturity                               8.16          -99
      Leaf area index, maximum                              2.93         4.69
      Leaf number per stem at maturity                     21.97          -99
      Canopy height (m)                                     0.95          -99
      Tops N at anthesis (kg/ha)                               6          -99
      Tops N at maturity (kg/ha)                             228        150.1
      Stem N at maturity (kg/ha)                              31          -99
      Grain N at maturity (kg/ha)                             26          -99
      Grain N at maturity (%)                               4.79          -99
      Grain oil at maturity (%)                             4.94          -99


*ENVIRONMENTAL AND STRESS FACTORS

 |-----Development Phase------|--------------------------------------Environment--------------------------------------|-----------------Stress-----------------|
                              |---------------Average--------------|-----Cumulative-----|--------Count of days--------|          (0=Min, 1=Max Stress)         |
                         Time  Temp  Temp  Temp Solar Photop                Evapo    Pot TMIN TMIN TMAX TMAX TMAX RAIN|----Water----|---Nitrogen--|-Phosphorus-|
                         Span   Max   Min  Mean   Rad  [day]    CO2   Rain  Trans     ET   <    <    >    >    >    >   Photo         Photo         Photo
                         days     C     C     C MJ/m2     hr    ppm     mm     mm    mm   0 C  2 C 30 C 32 C 34 C  0mm  synth Growth  synth Growth  synth Growth
----------------------------------------------------------------------------------------------------------------------------------------------------------------
 First Flower-First Seed   22  27.1  16.9  22.0  19.0  12.64  356.0   74.4    0.0    0.0    0    0    3    0    0    7  0.000  0.000  0.000  0.000  0.000  0.000
 First Seed - Phys. Mat.   56  29.6  18.7  24.1  24.6  13.45  356.1  140.7    0.0    0.0    0    0   31   17    1   14  0.000  0.000  0.000  0.000  0.000  0.000
   
 Planting to Harvest      108  27.6  16.9  22.3  21.9  12.86  356.1  315.7    0.0    0.0    0    0   34   17    1   26  0.000  0.000  0.000  0.000  0.000  0.000
----------------------------------------------------------------------------------------------------------------------------------------------------------------

--------------------------------------------------------------------------------------------------------------

                    Tomato YIELD :     6702 kg/ha    [Dry weight] 

**************************************************************************************************************
