*SIMULATION OVERVIEW FILE

*DSSAT Cropping System Model Ver. 4.8.5.000 -release  APR 28, 2026 22:33:31

*RUN   1        : 06-Ctrl WB "on"           CRGRO048 UFGA0602    4
 MODEL          : CRGRO048 - Tomato
 EXPERIMENT     : UFGA0602 TM SPRING 2006,FLA 47,DRIP-IRR.
 DATA PATH      :
 TREATMENT  4   : 06-Ctrl WB "on"           CRGRO048


 CROP           : Tomato           CULTIVAR : Florida 47 2010  ECOTYPE :TM0001
 STARTING DATE  : MAR 30 2006
 PLANTING DATE  : APR  5 2006      PLANTS/m2 :     1.2    ROW SPACING : 183.cm
 HARVEST DATE   : JUL  2 2006
 WEATHER        : UFGA   2006
 SOIL           : UFGA010700     TEXTURE : SA    -   Candler
 SOIL INIT COND : DEPTH:180cm EXTR. H2O: 68.2mm  NO3:  0.0kg/ha  NH4:  0.0kg/ha
 WATER BALANCE  : IRRIGATE ON REPORTED DATE(S)
 IRRIGATION     :      516 mm IN    92 APPLICATIONS
 NITROGEN BAL.  : NOT SIMULATED ; NO N-STRESS
 N-FERTILIZER   :
 RESIDUE/MANURE :
 ENVIRONM. OPT. : DAYL=    0.00  SRAD=    0.00  TMAX=    0.00  TMIN=    0.00
                  RAIN=    0.00  CO2 =    0.00  DEW =    0.00  WIND=    0.00
 SIMULATION OPT : WATER   :Y  NITROGEN:N  N-FIX:N  PHOSPH :N  PESTS  :N
                  PHOTO   :L  ET      :R  INFIL:S  HYDROL :R  SOM    :G
                  CO2 381ppm  NSWIT   :1  EVAP :R  SOIL   :2  STEMP  :D
 MANAGEMENT OPT : PLANTING:R  IRRIG   :R  FERT :A  RESIDUE:N  HARVEST:R
                  WEATHER :M  TILLAGE :N

*SUMMARY OF SOIL AND GENETIC INPUT PARAMETERS

   SOIL LOWER UPPER   SAT  EXTR  INIT   ROOT   BULK     pH    NO3    NH4    ORG
  DEPTH LIMIT LIMIT    SW    SW    SW   DIST   DENS                          C
   cm   cm3/cm3    cm3/cm3    cm3/cm3         g/cm3         ugN/g  ugN/g     %
-------------------------------------------------------------------------------
  0-  5 0.045 0.091 0.412 0.046 0.092   1.00   1.49   5.50   1.00   0.20   0.48
  5- 15 0.045 0.091 0.412 0.046 0.075   1.00   1.49   5.50   1.00   0.20   0.48
 15- 30 0.037 0.076 0.404 0.039 0.059   0.64   1.52   5.30   1.00   0.20   0.18
 30- 45 0.034 0.071 0.415 0.037 0.058   0.47   1.49   5.10   0.70   0.14   0.09
 45- 60 0.034 0.071 0.415 0.037 0.057   0.35   1.49   5.10   0.50   0.10   0.09
 60- 90 0.043 0.081 0.412 0.038 0.087   0.22   1.50   5.20   0.35   0.10   0.09
 90-120 0.042 0.078 0.412 0.036 0.169   0.12   1.50   5.30   0.03   0.03   0.02
120-150 0.047 0.084 0.416 0.037 0.400   0.07   1.49   5.20   0.00   0.00   0.02
150-180 0.047 0.084 0.416 0.037 0.400   0.04   1.49   5.20   0.00   0.00   0.02

TOT-180   7.6  14.4  74.4   6.8  35.5  <--cm   -  kg/ha-->    0.0    0.0      0
SOIL ALBEDO    : 0.17      EVAPORATION LIMIT : 6.00         MIN. FACTOR  : 1.00
RUNOFF CURVE # :64.00      DRAINAGE RATE     : 0.85         FERT. FACTOR : 0.95

 Tomato           CULTIVAR: TM0001-Florida 47 2010    ECOTYPE: TM0001
 CSDVAR :12.33  PPSEN  : 0.00  EMG-FLW:24.40  FLW-FSD:19.00  FSD-PHM : 45.20
 WTPSD  :0.004  SDPDVR :300.0  SDFDUR :26.00  PODDUR :55.00  XFRUIT  :  0.78
 THRESH :  8.5  SDPRO  :0.300  SDLIP   : 0.050


*SIMULATED CROP AND SOIL STATUS AT MAIN DEVELOPMENT STAGES

 RUN NO.     1     06-Ctrl WB "on"         

        CROP GROWTH     BIOMASS         LEAF   CROP N     STRESS      STRESS                                           
   DATE  AGE STAGE        kg/ha    LAI   NUM  kg/ha  %   H2O  Nitr Phos1 Phos2  RSTG                                   
 ------  --- ----------   -----  -----  ----  ---  ---  ----  ----  ----  ----  ----                                   
 30 MAR    0 Start Sim        0   0.00   0.0    0  0.0  0.00  0.00  0.00  0.00     0
  5 APR    0 Transplant       2   0.00   4.1    0  3.8  0.00  0.00  0.00  0.00     0
 27 APR   22 First Flwr      71   0.14  11.2    3  3.7  0.16  0.00  0.00  0.00     1
 29 APR   24 First Pod      101   0.19  11.9    4  3.7  0.11  0.00  0.00  0.00     2
 10 MAY   35 First Pod      464   0.65  15.3   17  3.6  0.18  0.00  0.00  0.00     3
 19 MAY   44 First Seed    1071   1.10  17.7   37  3.5  0.17  0.00  0.00  0.00     5
 26 MAY   51 End Msnode    1665   1.47  19.6   54  3.2  0.12  0.00  0.00  0.00     5
 25 JUN   81 End Leaf      4757   1.89  19.6  122  2.6  0.05  0.00  0.00  0.00     5
 28 JUN   84 End Pod       4992   1.88  19.6  126  2.5  0.00  0.00  0.00  0.00     5
  2 JUL   88 Harvest       5368   1.92  19.6  133  2.5  0.00  0.00  0.00  0.00     5


*MAIN GROWTH AND DEVELOPMENT VARIABLES

@     VARIABLE                                         SIMULATED     MEASURED
      --------                                         ---------     --------
      Anthesis day (dap)                                      22          -99
      First pod day (dap)                                     35          -99
      First seed day (dap)                                    44          -99
      Physiological maturity day (dap)                       -99          -99
      Yield at harvest maturity (kg [dm]/ha)                 258          -99
      Pod/Ear/Panicle weight at maturity (kg [dm]/ha)       3182          -99
      Tops weight at anthesis (kg [dm]/ha)                    71          -99
      Tops weight at maturity (kg [dm]/ha)                  5368          -99
      By-product produced (stalk) at maturity (kg[dm]/ha    5110          -99
      Number at maturity (no/m2)                           11590          -99
      Unit wt at maturity (g [dm]/unit)                   0.0022          -99
      Number at maturity (no/unit)                        211.40          -99
      Harvest index at maturity                            0.048          -99
      Threshing % at maturity                               8.10          -99
      Leaf area index, maximum                              1.92          -99
      Leaf number per stem at maturity                     19.59          -99
      Canopy height (m)                                     0.73          -99
      Tops N at anthesis (kg/ha)                               3          -99
      Tops N at maturity (kg/ha)                             133          -99
      Stem N at maturity (kg/ha)                              21          -99
      Grain N at maturity (kg/ha)                             13          -99
      Grain N at maturity (%)                               4.86          -99
      Grain oil at maturity (%)                             5.00          -99


*ENVIRONMENTAL AND STRESS FACTORS

 |-----Development Phase------|--------------------------------------Environment--------------------------------------|-----------------Stress-----------------|
                              |---------------Average--------------|-----Cumulative-----|--------Count of days--------|          (0=Min, 1=Max Stress)         |
                         Time  Temp  Temp  Temp Solar Photop                Evapo    Pot TMIN TMIN TMAX TMAX TMAX RAIN|----Water----|---Nitrogen--|-Phosphorus-|
                         Span   Max   Min  Mean   Rad  [day]    CO2   Rain  Trans     ET   <    <    >    >    >    >   Photo         Photo         Photo
                         days     C     C     C MJ/m2     hr    ppm     mm     mm    mm   0 C  2 C 30 C 32 C 34 C  0mm  synth Growth  synth Growth  synth Growth
----------------------------------------------------------------------------------------------------------------------------------------------------------------
 First Flower-First Seed   22  29.4  15.5  22.4  20.5  13.33  381.4    8.4   81.6  111.4    0    0   11    4    0    3  0.027  0.171  0.000  0.000  0.000  0.000
 First Seed - Phys. Mat.   44  32.7  20.6  26.6  18.8  13.82  381.6  133.3  201.1  207.8    0    0   39   30   15   16  0.003  0.053  0.000  0.000  0.000  0.000
   
 Planting to Harvest       89  31.0  18.1  24.5  19.3  13.42  381.5  193.5  329.9  430.4    0    0   60   36   15   24  0.012  0.107  0.000  0.000  0.000  0.000
----------------------------------------------------------------------------------------------------------------------------------------------------------------


*Resource Productivity
 Growing season length:  89 days 

 Precipitation during growing season       193.5 mm[rain]
   Dry Matter Productivity                  2.77 kg[DM]/m3[rain]          =   27.7 kg[DM]/ha per mm[rain]
   Yield Productivity                       1.64 kg[grain yield]/m3[rain] =   16.4 kg[yield]/ha per mm[rain]

 Evapotranspiration during growing season  329.9 mm[ET]
   Dry Matter Productivity                  1.63 kg[DM]/m3[ET]            =   16.3 kg[DM]/ha per mm[ET]
   Yield Productivity                       0.96 kg[grain yield]/m3[ET]   =    9.6 kg[yield]/ha per mm[ET]

 Transpiration during growing season       157.5 mm[EP]
   Dry Matter Productivity                  3.41 kg[DM]/m3[EP]            =   34.1 kg[DM]/ha per mm[EP]
   Yield Productivity                       2.02 kg[grain yield]/m3[EP]   =   20.2 kg[yield]/ha per mm[EP]

 Irrigation during growing season          515.9 mm[irrig]
   Dry Matter Productivity                  1.04 kg[DM]/m3[irrig]         =   10.4 kg[DM]/ha per mm[irrig]
   Yield Productivity                       0.62 kg[grain yield]/m3[irrig]=    6.2 kg[yield]/ha per mm[irrig]

--------------------------------------------------------------------------------------------------------------

                    Tomato YIELD :     3182 kg/ha    [Dry weight] 

**************************************************************************************************************
