*SIMULATION OVERVIEW FILE

*DSSAT Cropping System Model Ver. 4.8.5.000 -release  APR 28, 2026 22:33:26

*RUN   1        : 1743 H2O stress 2007      SCCAN048 UFBG0701    1
 MODEL          : SCCAN048 - Sugarcane
 EXPERIMENT     : UFBG0701 SC SCGC GROWTH TRIAL LABORDE TILLER COUNTS
 DATA PATH      :
 TREATMENT  1   : 1743 H2O stress 2007      SCCAN048


 CROP           : Sugarcane        CULTIVAR : CP 80-1743       ECOTYPE :SC0013
 STARTING DATE  : OCT 27 2007
 PLANTING DATE  : NOV 18 2007      PLANTS/m2 :     1.5    ROW SPACING : 150.cm
 HARVEST DATE   : NOV 20 2008
 WEATHER        : UFBG   2007
 SOIL           : UFBG760001     TEXTURE : SL    - Okeelanta Muck
 SOIL INIT COND : DEPTH:105cm EXTR. H2O:301.6mm  NO3:  0.0kg/ha  NH4:  0.0kg/ha
 WATER BALANCE  : RAINFED
 IRRIGATION     : NOT IRRIGATED
 NITROGEN BAL.  : NOT SIMULATED ; NO N-STRESS
 N-FERTILIZER   :
 RESIDUE/MANURE :
 ENVIRONM. OPT. : DAYL=    0.00  SRAD=    0.00  TMAX=    0.00  TMIN=    0.00
                  RAIN=    0.00  CO2 =    0.00  DEW =    0.00  WIND=    0.00
 SIMULATION OPT : WATER   :Y  NITROGEN:N  N-FIX:N  PHOSPH :N  PESTS  :N
                  PHOTO   :C  ET      :R  INFIL:N  HYDROL :R  SOM    :G
                  CO2 384ppm  NSWIT   :1  EVAP :R  SOIL   :2  STEMP  :D
 MANAGEMENT OPT : PLANTING:R  IRRIG   :N  FERT :N  RESIDUE:N  HARVEST:R
                  WEATHER :M  TILLAGE :N

*SUMMARY OF SOIL AND GENETIC INPUT PARAMETERS

   SOIL LOWER UPPER   SAT  EXTR  INIT   ROOT   BULK     pH    NO3    NH4    ORG
  DEPTH LIMIT LIMIT    SW    SW    SW   DIST   DENS                          C
   cm   cm3/cm3    cm3/cm3    cm3/cm3         g/cm3         ugN/g  ugN/g     %
-------------------------------------------------------------------------------
  0-  5 0.200 0.500 0.800 0.300 0.500   1.00   0.35   6.00   0.00   0.00  58.00
  5- 15 0.200 0.500 0.800 0.300 0.500   1.00   0.35   6.00   0.00   0.00  58.00
 15- 43 0.200 0.500 0.800 0.300 0.500   1.00   0.35   6.00   0.00   0.00  58.00
 43- 72 0.200 0.500 0.800 0.300 0.500   1.00   0.35   6.00   0.00   0.00  58.00
 72-100 0.200 0.500 0.800 0.300 0.500   1.00   0.35   6.00   0.00   0.00  58.00
100-105 0.026 0.058 0.402 0.032 0.058   0.13   1.53   8.40   0.00   0.00   0.01

TOT-105  20.1  50.3  82.0  30.2  50.3  <--cm   -  kg/ha-->    0.0    0.0      0
SOIL ALBEDO    : 0.09      EVAPORATION LIMIT : 6.00         MIN. FACTOR  : 1.00
RUNOFF CURVE # :61.00      DRAINAGE RATE     : 0.40         FERT. FACTOR : 1.00

 Sugarcane        CULTIVAR: CP1743-CP 80-1743         ECOTYPE: SC0013


*SIMULATED CROP AND SOIL STATUS AT MAIN DEVELOPMENT STAGES

 RUN NO.     1     1743 H2O stress 2007    

        CROP GROWTH     BIOMASS         LEAF   CROP N     STRESS      STRESS                                           
   DATE  AGE STAGE        kg/ha    LAI   NUM  kg/ha  %   H2O  Nitr Phos1 Phos2  RSTG                                   
 ------  --- ----------   -----  -----  ----  ---  ---  ----  ----  ----  ----  ----                                   
 27 OCT    0 Start sim        0   0.00   0.0    0  0.0  0.00  0.00  0.00  0.00     0
  1 DEC   13 Emergence        0   0.00   0.0    0  0.0  0.00  0.00  0.00  0.00     0
 20 MAR  123 Stlk emerg    1666   0.60   0.0    0  0.0  0.00  0.00  0.00  0.00     0
 22 APR  156 Peak popul    6796   1.38   0.0    0  0.0  0.00  0.00  0.00  0.00     0
 20 NOV  368 Harvest      53986  14.90   0.0    0  0.0  0.00  0.00  0.00  0.00     0


*MAIN GROWTH AND DEVELOPMENT VARIABLES

@     VARIABLE                                         SIMULATED     MEASURED
      --------                                         ---------     --------
      Sucrose dry mass at harvest (t/ha)                   16.12          -99
      Aerial dry biomass at harvest (t/ha)                 53.99          -99
      Stalk (millable) dry mass at harvest (t/ha)          36.70          -99
      Trash (residue) dry mass at harvest (t/ha)            8.38          -99
      Green leaf area index at harvest (m2/m2)              5.27          -99
      Leaf area index, maximum                              5.73          -99
      Canopy height (m)                                     3.28          -99
      Harvest index at maturity                             0.44          -99
      Leaf number per stem at maturity                     12.00          -99
      Emergence day (dap)                                     13          -99
      Fresh cane yield (t/ha)                              135.6          -99


*ENVIRONMENTAL AND STRESS FACTORS

 |-----Development Phase------|--------------------------------------Environment--------------------------------------|-----------------Stress-----------------|
                              |---------------Average--------------|-----Cumulative-----|--------Count of days--------|          (0=Min, 1=Max Stress)         |
                         Time  Temp  Temp  Temp Solar Photop                Evapo    Pot TMIN TMIN TMAX TMAX TMAX RAIN|----Water----|---Nitrogen--|-Phosphorus-|
                         Span   Max   Min  Mean   Rad  [day]    CO2   Rain  Trans     ET   <    <    >    >    >    >   Photo         Photo         Photo
                         days     C     C     C MJ/m2     hr    ppm     mm     mm    mm   0 C  2 C 30 C 32 C 34 C  0mm  synth Growth  synth Growth  synth Growth
----------------------------------------------------------------------------------------------------------------------------------------------------------------
 Planting to Emergence     13  27.7  15.9  21.8  11.3  10.53  384.3   12.6    8.6   39.0    0    0    0    0    0    2  0.000  0.000  0.000  0.000  0.000  0.000
 Emergence->Stk Elongatn  110  25.6  13.6  19.6  13.0  10.83  384.5  206.7  149.9  354.8    0    0    1    0    0   30  0.000  0.000  0.000  0.000  0.000  0.000
 Stk Elong to Peak Popn.   33  26.7  14.9  20.8  19.1  12.39  384.9  113.8  116.6  152.2    0    0    2    0    0    6  0.000  0.000  0.000  0.000  0.000  0.000
 Peak Popn. to Harvest    213  30.6  19.1  24.8  18.5  12.61  385.5   1146    902    965    0    0  145   73    7   86  0.000  0.000  0.000  0.000  0.000  0.000
   
 Emergence to Harvest     356  28.7  17.0  22.8  16.9  12.04  385.2   1466   1168   1472    0    0  148   73    7  122  0.000  0.000  0.000  0.000  0.000  0.000
----------------------------------------------------------------------------------------------------------------------------------------------------------------


*Resource Productivity
 Growing season length: 356 days 

 Precipitation during growing season      1466.0 mm[rain]
   Dry Matter Productivity                  3.68 kg[DM]/m3[rain]          =   36.8 kg[DM]/ha per mm[rain]
   Yield Productivity                       1.10 kg[grain yield]/m3[rain] =   11.0 kg[yield]/ha per mm[rain]

 Evapotranspiration during growing season 1168.1 mm[ET]
   Dry Matter Productivity                  4.62 kg[DM]/m3[ET]            =   46.2 kg[DM]/ha per mm[ET]
   Yield Productivity                       1.38 kg[grain yield]/m3[ET]   =   13.8 kg[yield]/ha per mm[ET]

 Transpiration during growing season       884.7 mm[EP]
   Dry Matter Productivity                  6.10 kg[DM]/m3[EP]            =   61.0 kg[DM]/ha per mm[EP]
   Yield Productivity                       1.82 kg[grain yield]/m3[EP]   =   18.2 kg[yield]/ha per mm[EP]

--------------------------------------------------------------------------------------------------------------

                 Sugarcane YIELD :    16119 kg/ha    [Dry weight] 

**************************************************************************************************************
