*SIMULATION OVERVIEW FILE

*DSSAT Cropping System Model Ver. 4.8.5.000 -release  APR 28, 2026 22:33:08

*RUN   1        : NO FERT: WATER BALANCE    MLCER048 ITSC8601    1
 MODEL          : MLCER048 - Pearl millet
 EXPERIMENT     : ITSC8601 ML ICRISAT SAHELIAN CENTRE, SADORE
 DATA PATH      :
 TREATMENT  1   : NO FERT: WATER BALANCE    MLCER048


 CROP           : Pearl millet     CULTIVAR : CIVT             ECOTYPE :IB0001
 STARTING DATE  : JUN 10 1986
 PLANTING DATE  : JUN 17 1986      PLANTS/m2 :     3.0    ROW SPACING : 100.cm
 WEATHER        : ITSC   1986
 SOIL           : IBML910001     TEXTURE : -99   -   Niger Sandy Soil
 SOIL INIT COND : DEPTH:210cm EXTR. H2O:167.4mm  NO3: 59.6kg/ha  NH4: 16.7kg/ha
 WATER BALANCE  : RAINFED
 IRRIGATION     : NOT IRRIGATED
 NITROGEN BAL.  : SOIL-N & N-UPTAKE SIMULATION; NO N-FIXATION
 N-FERTILIZER   :        0 kg/ha IN     0 APPLICATIONS
 RESIDUE/MANURE : INITIAL :    50 kg/ha ;       0 kg/ha IN     0 APPLICATIONS
 ENVIRONM. OPT. : DAYL=    0.00  SRAD=    0.00  TMAX=    0.00  TMIN=    0.00
                  RAIN=    0.00  CO2 =    0.00  DEW =    0.00  WIND=    0.00
 SIMULATION OPT : WATER   :Y  NITROGEN:Y  N-FIX:N  PHOSPH :N  PESTS  :N
                  PHOTO   :C  ET      :R  INFIL:S  HYDROL :R  SOM    :G
                  CO2 347ppm  NSWIT   :1  EVAP :R  SOIL   :2  STEMP  :D
 MANAGEMENT OPT : PLANTING:R  IRRIG   :N  FERT :R  RESIDUE:N  HARVEST:M
                  WEATHER :M  TILLAGE :N

*SUMMARY OF SOIL AND GENETIC INPUT PARAMETERS

   SOIL LOWER UPPER   SAT  EXTR  INIT   ROOT   BULK     pH    NO3    NH4    ORG
  DEPTH LIMIT LIMIT    SW    SW    SW   DIST   DENS                          C
   cm   cm3/cm3    cm3/cm3    cm3/cm3         g/cm3         ugN/g  ugN/g     %
-------------------------------------------------------------------------------
  0-  5 0.031 0.097 0.320 0.066 0.031   1.00   1.61   5.50   8.80   0.50   0.50
  5- 15 0.031 0.097 0.320 0.066 0.031   1.00   1.61   5.50   8.00   0.50   0.50
 15- 30 0.037 0.119 0.331 0.082 0.037   0.80   1.66   5.50   5.00   0.50   0.50
 30- 45 0.037 0.117 0.332 0.080 0.037   0.60   1.54   5.50   4.00   0.50   0.50
 45- 60 0.037 0.117 0.332 0.080 0.037   0.40   1.54   5.50   2.00   0.50   0.50
 60- 90 0.040 0.126 0.331 0.086 0.040   0.01   1.57   5.50   0.80   0.50   0.50
 90-120 0.037 0.117 0.331 0.080 0.037   0.01   1.55   5.50   0.50   0.50   0.50
120-150 0.037 0.119 0.330 0.082 0.037   0.01   1.64   5.50   0.50   0.50   0.50
150-180 0.037 0.119 0.331 0.082 0.037   0.01   1.58   5.50   0.50   0.50   0.50
180-210 0.034 0.108 0.324 0.074 0.034   0.01   1.60   5.50   0.50   0.50   0.50

TOT-210   7.7  24.4  69.1  16.7   7.7  <--cm   -  kg/ha-->   59.6   16.7 166725
SOIL ALBEDO    : 0.14      EVAPORATION LIMIT :10.00         MIN. FACTOR  : 0.35
RUNOFF CURVE # :76.00      DRAINAGE RATE     : 0.80         FERT. FACTOR : 0.70

 Pearl millet     CULTIVAR: IB0044-CIVT               ECOTYPE: IB0001
 P1     :100.00  P2O    :14.540  P2R    : 338.1  P5     :569.80
 G1     :  1.60  G4     :  0.50  PHINT  : 43.00


*SIMULATED CROP AND SOIL STATUS AT MAIN DEVELOPMENT STAGES

 RUN NO.     1     NO FERT: WATER BALANCE  

        CROP GROWTH     BIOMASS         LEAF   CROP N     STRESS      STRESS                                           
   DATE  AGE STAGE        kg/ha    LAI   NUM  kg/ha  %   H2O  Nitr Phos1 Phos2  RSTG                                   
 ------  --- ----------   -----  -----  ----  ---  ---  ----  ----  ----  ----  ----                                   
 10 JUN    0 Start Sim        0   0.00   0.0    0  0.0  0.00  1.00  0.00  0.00     0
 17 JUN    0 Sowing           0   0.00   0.0    0  0.0  0.00  1.00  0.00  0.00     8
 18 JUN    1 Germinate        0   0.00   0.0    0  0.0  0.00  0.00  0.00  0.00     9
 22 JUN    5 Emergence        0   0.00   1.0    0  5.0  0.00  0.00  0.00  0.00     1
 27 JUN   10 End Juveni       1   0.00   4.0    0  7.2  0.00  0.00  0.00  0.00     2
  1 JUL   14 Floral Ini       5   0.01   6.0    0  6.5  0.00  0.02  0.00  0.00     3
 22 JUL   35 End Lf Gro     325   0.34  14.6    4  1.3  0.02  0.13  0.00  0.00     4
 25 JUL   38 Anthesis       417   0.31  14.6    4  1.1  0.00  0.69  0.00  0.00     4
 30 JUL   43 End Pan Gr     543   0.26  14.6    5  0.8  0.00  0.66  0.00  0.00     5
  2 SEP   77 End Mn Fil     830   0.07  14.6    5  0.6  0.00  0.58  0.00  0.00     5
  8 SEP   83 End Tlr Fl     872   0.06  14.6    5  0.6  0.00  0.00  0.00  0.00     6
  9 SEP   84 Maturity       872   0.06  14.6    5  0.6  0.00  0.00  0.00  0.00     7
  9 SEP   84 Harvest        872   0.06  14.6    5  0.6  0.00  0.00  0.00  0.00     7


*MAIN GROWTH AND DEVELOPMENT VARIABLES

@     VARIABLE                                         SIMULATED     MEASURED
      --------                                         ---------     --------
      Anthesis day (dap)                                      38           36
      Physiological maturity day (dap)                        84           84
      Yield at harvest maturity (kg [dm]/ha)                 156         280.
      Number at maturity (no/m2)                            4272          -99
      Unit wt at maturity (g [dm]/unit)                   0.0037          -99
      Number at maturity (no/unit)                        1424.1          -99
      Tops weight at maturity (kg [dm]/ha)                   872        2543.
      By-product produced (stalk) at maturity (kg[dm]/ha     716        1905.
      Leaf area index, maximum                              0.32         0.46
      Harvest index at maturity                            0.179          -99
      Grain N at maturity (kg/ha)                              0          -99
      Tops N at maturity (kg/ha)                               5          -99
      Stem N at maturity (kg/ha)                               5          -99
      Grain N at maturity (%)                                0.0          -99
      Tops weight at anthesis (kg [dm]/ha)                   302          -99
      Tops N at anthesis (kg/ha)                               4          -99
      Leaf number per stem at maturity                     14.65          -99
      Emergence day (dap)                                      5          -99


*ENVIRONMENTAL AND STRESS FACTORS

 |-----Development Phase------|--------------------------------------Environment--------------------------------------|-----------------Stress-----------------|
                              |---------------Average--------------|-----Cumulative-----|--------Count of days--------|          (0=Min, 1=Max Stress)         |
                         Time  Temp  Temp  Temp Solar Photop                Evapo    Pot TMIN TMIN TMAX TMAX TMAX RAIN|----Water----|---Nitrogen--|-Phosphorus-|
                         Span   Max   Min  Mean   Rad  [day]    CO2   Rain  Trans     ET   <    <    >    >    >    >   Photo         Photo         Photo
                         days     C     C     C MJ/m2     hr    ppm     mm     mm    mm   0 C  2 C 30 C 32 C 34 C  0mm  synth Growth  synth Growth  synth Growth
----------------------------------------------------------------------------------------------------------------------------------------------------------------
 Emergence-End Juvenile     5  35.3  25.6  30.5  23.0  12.78  347.0   12.2    5.0   35.6    0    0    5    4    3    1  0.000  0.000  0.000  0.000  0.000  0.000
 End Juvenil-Floral Init    4  36.2  25.1  30.6  23.8  12.78  347.0    0.0    0.6   28.7    0    0    4    4    4    0  0.000  0.000  0.000  0.000  0.000  0.000
 Floral Init-End Lf Grow   21  32.8  23.7  28.3  20.0  12.73  347.1  138.7   30.6  120.0    0    0   17   13    7    6  0.000  0.021  0.003  0.098  0.000  0.000
 End Lf Grth-Beg Grn Fil    8  30.9  23.4  27.1  20.1  12.64  347.2   37.8   21.8   43.5    0    0    5    3    0    6  0.000  0.000  0.375  0.645  0.000  0.000
 Grain Filling Phase       40  32.5  22.1  27.3  21.5  12.40  347.3  203.9   68.8  237.5    0    0   34   26   10   14  0.000  0.000  0.374  0.521  0.000  0.000
   
 Planting to Harvest       85  32.9  23.2  28.0  21.3  12.56  347.2  457.8  140.7  514.0    0    0   72   56   28   29  0.000  0.005  0.212  0.342  0.000  0.000
----------------------------------------------------------------------------------------------------------------------------------------------------------------


*Resource Productivity
 Growing season length:  85 days 

 Precipitation during growing season       457.8 mm[rain]
   Dry Matter Productivity                  0.19 kg[DM]/m3[rain]          =    1.9 kg[DM]/ha per mm[rain]
   Yield Productivity                       0.03 kg[grain yield]/m3[rain] =    0.3 kg[yield]/ha per mm[rain]

 Evapotranspiration during growing season  140.7 mm[ET]
   Dry Matter Productivity                  0.62 kg[DM]/m3[ET]            =    6.2 kg[DM]/ha per mm[ET]
   Yield Productivity                       0.11 kg[grain yield]/m3[ET]   =    1.1 kg[yield]/ha per mm[ET]

 Transpiration during growing season        35.7 mm[EP]
   Dry Matter Productivity                  2.44 kg[DM]/m3[EP]            =   24.4 kg[DM]/ha per mm[EP]
   Yield Productivity                       0.44 kg[grain yield]/m3[EP]   =    4.4 kg[yield]/ha per mm[EP]

 N uptake during growing season                5 kg[N uptake]/ha
   Dry Matter Productivity                 174.4 kg[DM]/kg[N uptake]
   Yield Productivity                       31.2 kg[yield]/kg[N uptake]

--------------------------------------------------------------------------------------------------------------

              Pearl millet YIELD :      156 kg/ha    [Dry weight] 

**************************************************************************************************************
