*WARNING DETAIL FILE

******************************************************************************

*DSSAT Cropping System Model Ver. 4.8.5.000 -release  APR 28, 2026 22:33:08

*RUN   1        : NO FERT: WATER BALANCE    MLCER048 ITSC8601    1
 MODEL          : MLCER048 - Pearl millet
 EXPERIMENT     : ITSC8601 ML ICRISAT SAHELIAN CENTRE, SADORE
 DATA PATH      :
 TREATMENT  1   : NO FERT: WATER BALANCE    MLCER048
  

 IPSOIL  YEAR DOY =    0   0
 Saturated hydraulic conductivity equal to zero for one or more soil layers.   
 Data will be treated as missing.                                              

 SOILDYN  YEAR DOY = 1986 161
 Soil photosynthesis factor (SLPF) = 0.70                                      

 IPWTH   YEAR DOY = 1986 161
 Value of TAV, average annual soil temperature, is missing.                    
 A default value of 20.0°C is being used for this simulation,                 
 which may produce inaccurate results.                                         

 IPWTH   YEAR DOY = 1986 161
 Value of TAMP, amplitude of soil temperature function, is missing.            
 A default value of  5.0°C is being used for this simulation,                 
 which may produce inaccurate results.                                         
