*SIMULATION OVERVIEW FILE

*DSSAT Cropping System Model Ver. 4.8.5.000 -release  APR 28, 2026 22:33:29

*RUN   1        : 100% N                    SWCER048 UFCI0401    1
 MODEL          : SWCER048 - Sweet corn
 EXPERIMENT     : UFCI0401 SW 2004 MICROWEX 2
 DATA PATH      :
 TREATMENT  1   : 100% N                    SWCER048


 CROP           : Sweet corn       CULTIVAR : Saturn sh2       ECOTYPE :IB0001
 STARTING DATE  : JAN  1 2004
 PLANTING DATE  : MAR 18 2004      PLANTS/m2 :     6.1    ROW SPACING :  76.cm
 HARVEST DATE   : JUN  2 2004
 WEATHER        : UFCI   2004
 SOIL           : IBMZ910214     TEXTURE : S     -   Millhopper Fine Sand
 SOIL INIT COND : DEPTH:180cm EXTR. H2O: 99.9mm  NO3: 68.7kg/ha  NH4:  9.0kg/ha
 WATER BALANCE  : IRRIGATE ON REPORTED DATE(S)
 IRRIGATION     :      330 mm IN    29 APPLICATIONS
 NITROGEN BAL.  : SOIL-N & N-UPTAKE SIMULATION; NO N-FIXATION
 N-FERTILIZER   :      252 kg/ha IN    11 APPLICATIONS
 RESIDUE/MANURE : INITIAL :     0 kg/ha ;       0 kg/ha IN     0 APPLICATIONS
 ENVIRONM. OPT. : DAYL=    0.00  SRAD=    0.00  TMAX=    0.00  TMIN=    0.00
                  RAIN=    0.00  CO2 =    0.00  DEW =    0.00  WIND=    0.00
 SIMULATION OPT : WATER   :Y  NITROGEN:Y  N-FIX:N  PHOSPH :N  PESTS  :N
                  PHOTO   :R  ET      :R  INFIL:S  HYDROL :R  SOM    :G
                  CO2 377ppm  NSWIT   :1  EVAP :R  SOIL   :2  STEMP  :D
 MANAGEMENT OPT : PLANTING:R  IRRIG   :R  FERT :R  RESIDUE:R  HARVEST:R
                  WEATHER :M  TILLAGE :Y

*SUMMARY OF SOIL AND GENETIC INPUT PARAMETERS

   SOIL LOWER UPPER   SAT  EXTR  INIT   ROOT   BULK     pH    NO3    NH4    ORG
  DEPTH LIMIT LIMIT    SW    SW    SW   DIST   DENS                          C
   cm   cm3/cm3    cm3/cm3    cm3/cm3         g/cm3         ugN/g  ugN/g     %
-------------------------------------------------------------------------------
  0-  5 0.026 0.096 0.345 0.070 0.210   1.00   1.66   7.00   2.30   0.30   0.67
  5- 15 0.025 0.105 0.345 0.080 0.210   1.00   1.66   7.00   2.30   0.30   0.67
 15- 30 0.075 0.120 0.345 0.045 0.210   0.70   1.66   7.00   2.30   0.30   0.17
 30- 45 0.025 0.086 0.345 0.061 0.210   0.30   1.66   7.00   2.30   0.30   0.17
 45- 60 0.025 0.072 0.345 0.047 0.210   0.30   1.66   7.00   2.30   0.30   0.17
 60- 90 0.028 0.072 0.345 0.044 0.210   0.10   1.66   7.00   2.30   0.30   0.17
 90-120 0.028 0.080 0.345 0.052 0.210   0.10   1.66   7.00   2.30   0.30   0.18
120-150 0.029 0.090 0.345 0.061 0.210   0.05   1.66   7.00   2.30   0.30   0.15
150-180 0.029 0.090 0.345 0.061 0.210   0.05   1.66   7.00   2.30   0.30   0.10

TOT-180   5.7  15.7  62.1  10.0  37.8  <--cm   -  kg/ha-->   68.7    9.0  59262
SOIL ALBEDO    : 0.18      EVAPORATION LIMIT : 2.00         MIN. FACTOR  : 1.00
RUNOFF CURVE # :60.00      DRAINAGE RATE     : 0.65         FERT. FACTOR : 0.92

 Sweet corn       CULTIVAR: SW0002-Saturn sh2         ECOTYPE: IB0001


*SIMULATED CROP AND SOIL STATUS AT MAIN DEVELOPMENT STAGES

 RUN NO.     1     100% N                  

        CROP GROWTH     BIOMASS         LEAF   CROP N     STRESS      STRESS                                           
   DATE  AGE STAGE        kg/ha    LAI   NUM  kg/ha  %   H2O  Nitr Phos1 Phos2  RSTG                                   
 ------  --- ----------   -----  -----  ----  ---  ---  ----  ----  ----  ----  ----                                   
  1 JAN    0 Start Sim        0   0.00   0.0    0  0.0  0.00  0.00  0.00  0.00     7
 18 MAR    0 Sowing           0   0.00   0.0    0  0.0  0.00  0.00  0.00  0.00     8
 19 MAR    1 Germinate        0   0.00   0.0    0  0.0  0.00  0.00  0.00  0.00     9
 27 MAR    9 Emergence       24   0.00   2.1    1  4.4  0.00  0.00  0.00  0.00     1
 11 APR   24 End Juveni     133   0.28   7.7    4  3.4  0.00  0.00  0.00  0.00     2
 16 APR   29 Floral Ini     243   0.46   9.0    9  3.7  0.00  0.00  0.00  0.00     3
 17 MAY   60 75% Silkin    6455   3.39  18.9  122  1.9  0.00  0.00  0.00  0.00     4
 27 MAY   70 Beg Gr Fil    9806   3.19  18.9  122  1.2  0.00  0.00  0.00  0.00     5
  2 JUN   76 Harvest      11996   3.07  18.9  142  1.2  0.00  0.00  0.00  0.00     5


*MAIN GROWTH AND DEVELOPMENT VARIABLES

@     VARIABLE                                         SIMULATED     MEASURED
      --------                                         ---------     --------
      Anthesis day (dap)                                      60           57
      Physiological maturity day (dap)                       -99          -99
      Yield at harvest maturity (kg [dm]/ha)                3645          -99
      Number at maturity (no/m2)                            3471          -99
      Unit wt at maturity (g [dm]/unit)                   0.1050          -99
      Number at maturity (no/unit)                         569.0          -99
      Tops weight at maturity (kg [dm]/ha)                 11996        11464
      By-product produced (stalk) at maturity (kg[dm]/ha    8408          -99
      Leaf area index, maximum                              3.57          2.8
      Harvest index at maturity                            0.304          -99
      Grain N at maturity (kg/ha)                             64          -99
      Tops N at maturity (kg/ha)                             142          -99
      Stem N at maturity (kg/ha)                              78          -99
      Grain N at maturity (%)                                1.7          -99
      Tops weight at anthesis (kg [dm]/ha)                  6196         4686
      Tops N at anthesis (kg/ha)                             122          -99
      Leaf number per stem at maturity                     18.88          -99
      Emergence day (dap)                                      9          -99


*ENVIRONMENTAL AND STRESS FACTORS

 |-----Development Phase------|--------------------------------------Environment--------------------------------------|-----------------Stress-----------------|
                              |---------------Average--------------|-----Cumulative-----|--------Count of days--------|          (0=Min, 1=Max Stress)         |
                         Time  Temp  Temp  Temp Solar Photop                Evapo    Pot TMIN TMIN TMAX TMAX TMAX RAIN|----Water----|---Nitrogen--|-Phosphorus-|
                         Span   Max   Min  Mean   Rad  [day]    CO2   Rain  Trans     ET   <    <    >    >    >    >   Photo         Photo         Photo
                         days     C     C     C MJ/m2     hr    ppm     mm     mm    mm   0 C  2 C 30 C 32 C 34 C  0mm  synth Growth  synth Growth  synth Growth
----------------------------------------------------------------------------------------------------------------------------------------------------------------
 Emergence-End Juvenile    15  25.8  11.0  18.4  20.9  12.38  376.9   11.8   29.6   72.6    0    0    0    0    0    2  0.000  0.000  0.001  0.004  0.000  0.000
 End Juvenil-Floral Init    5  23.9  10.9  17.4  17.6  12.68  376.9   13.4   10.9   19.0    0    0    0    0    0    2  0.000  0.000  0.001  0.002  0.000  0.000
 Floral Init-End Lf Grow   31  29.0  14.2  21.6  19.9  13.16  377.0   97.5  127.9  142.5    0    0   12    0    0   10  0.000  0.000  0.000  0.000  0.000  0.000
 End Lf Grth-Beg Grn Fil   10  32.5  18.5  25.5  22.9  13.61  377.1    7.3   55.2   55.5    0    0   10    6    2    2  0.000  0.000  0.000  0.000  0.000  0.000
 Grain Filling Phase        7  34.3  19.5  26.9  21.9  13.74  377.1    0.2   38.2   38.3    0    0    7    7    4    1  0.000  0.000  0.000  0.000  0.000  0.000
   
 Planting to Harvest       76  28.4  13.7  21.1  20.4  12.94  377.0  130.2  271.0  361.7    0    0   28   12    6   17  0.000  0.000  0.000  0.001  0.000  0.000
----------------------------------------------------------------------------------------------------------------------------------------------------------------


*Resource Productivity
 Growing season length:  76 days 

 Precipitation during growing season       130.2 mm[rain]
   Dry Matter Productivity                  9.21 kg[DM]/m3[rain]          =   92.1 kg[DM]/ha per mm[rain]
   Yield Productivity                       2.80 kg[grain yield]/m3[rain] =   28.0 kg[yield]/ha per mm[rain]

 Evapotranspiration during growing season  271.0 mm[ET]
   Dry Matter Productivity                  4.43 kg[DM]/m3[ET]            =   44.3 kg[DM]/ha per mm[ET]
   Yield Productivity                       1.34 kg[grain yield]/m3[ET]   =   13.4 kg[yield]/ha per mm[ET]

 Transpiration during growing season       183.2 mm[EP]
   Dry Matter Productivity                  6.55 kg[DM]/m3[EP]            =   65.5 kg[DM]/ha per mm[EP]
   Yield Productivity                       1.99 kg[grain yield]/m3[EP]   =   19.9 kg[yield]/ha per mm[EP]

 Irrigation during growing season          329.7 mm[irrig]
   Dry Matter Productivity                  3.64 kg[DM]/m3[irrig]         =   36.4 kg[DM]/ha per mm[irrig]
   Yield Productivity                       1.11 kg[grain yield]/m3[irrig]=   11.1 kg[yield]/ha per mm[irrig]

 N applied during growing season            252. kg[N applied]/ha
   Dry Matter Productivity                  47.6 kg[DM]/kg[N applied]
   Yield Productivity                       14.5 kg[yield]/kg[N applied]

 N uptake during growing season              153 kg[N uptake]/ha
   Dry Matter Productivity                  78.4 kg[DM]/kg[N uptake]
   Yield Productivity                       23.8 kg[yield]/kg[N uptake]

--------------------------------------------------------------------------------------------------------------

                Sweet corn YIELD :     3645 kg/ha    [Dry weight] 

**************************************************************************************************************
