*SIMULATION OVERVIEW FILE

*DSSAT Cropping System Model Ver. 4.8.5.000 -release  APR 28, 2026 22:33:21

*RUN   1        : 81 IRRIG COBB             CRGRO048 UFGA8101    1
 MODEL          : CRGRO048 - Soybean
 EXPERIMENT     : UFGA8101 SB COBB, IRRIGATED, VEG. & REPROD. STRESS
 DATA PATH      :
 TREATMENT  1   : 81 IRRIG COBB             CRGRO048


 CROP           : Soybean          CULTIVAR : COBB (8)         ECOTYPE :SB0801
 STARTING DATE  : JUN 26 1981
 PLANTING DATE  : JUN 26 1981      PLANTS/m2 :    35.9    ROW SPACING :  76.cm
 WEATHER        : UFGA   1981
 SOIL           : IBSB910015     TEXTURE : S     -   Millhopper Fine Sand
 SOIL INIT COND : DEPTH:180cm EXTR. H2O:158.4mm  NO3: 22.8kg/ha  NH4: 16.5kg/ha
 WATER BALANCE  : IRRIGATE ON REPORTED DATE(S)
 IRRIGATION     :      315 mm IN    19 APPLICATIONS
 NITROGEN BAL.  : SOIL-N, N-UPTAKE & DYNAMIC N-FIXATION SIMULATION
 N-FERTILIZER   :        0 kg/ha IN     0 APPLICATIONS
 RESIDUE/MANURE : INITIAL :     0 kg/ha ;       0 kg/ha IN     0 APPLICATIONS
 ENVIRONM. OPT. : DAYL=    0.00  SRAD=    0.00  TMAX=    0.00  TMIN=    0.00
                  RAIN=    0.00  CO2 =    0.00  DEW =    0.00  WIND=    0.00
 SIMULATION OPT : WATER   :Y  NITROGEN:Y  N-FIX:Y  PHOSPH :N  PESTS  :N
                  PHOTO   :L  ET      :R  INFIL:S  HYDROL :R  SOM    :G
                  CO2 340ppm  NSWIT   :1  EVAP :R  SOIL   :2  STEMP  :D
 MANAGEMENT OPT : PLANTING:R  IRRIG   :R  FERT :R  RESIDUE:R  HARVEST:M
                  WEATHER :M  TILLAGE :Y

*SUMMARY OF SOIL AND GENETIC INPUT PARAMETERS

   SOIL LOWER UPPER   SAT  EXTR  INIT   ROOT   BULK     pH    NO3    NH4    ORG
  DEPTH LIMIT LIMIT    SW    SW    SW   DIST   DENS                          C
   cm   cm3/cm3    cm3/cm3    cm3/cm3         g/cm3         ugN/g  ugN/g     %
-------------------------------------------------------------------------------
  0-  5 0.023 0.086 0.230 0.063 0.086   1.00   1.36   5.30   1.50   0.60   0.90
  5- 15 0.023 0.086 0.230 0.063 0.086   1.00   1.40   5.40   1.50   0.60   0.69
 15- 30 0.023 0.086 0.230 0.063 0.086   0.50   1.46   5.70   1.50   0.60   0.28
 30- 45 0.023 0.086 0.230 0.063 0.086   0.29   1.46   5.80   1.50   0.60   0.20
 45- 60 0.023 0.086 0.230 0.063 0.086   0.29   1.47   5.80   1.50   0.60   0.20
 60- 90 0.021 0.076 0.230 0.055 0.076   0.38   1.43   5.90   0.60   0.60   0.09
 90-120 0.020 0.076 0.230 0.056 0.076   0.13   1.48   5.90   0.50   0.60   0.03
120-150 0.027 0.130 0.230 0.103 0.130   0.06   1.57   5.90   0.50   0.60   0.03
150-180 0.070 0.258 0.360 0.188 0.258   0.03   1.79   5.90   0.50   0.60   0.03

TOT-180   5.5  21.4  45.3  15.8  21.4  <--cm   -  kg/ha-->   22.8   16.5  38919
SOIL ALBEDO    : 0.18      EVAPORATION LIMIT : 5.00         MIN. FACTOR  : 1.00
RUNOFF CURVE # :66.00      DRAINAGE RATE     : 0.50         FERT. FACTOR : 0.92

 Soybean          CULTIVAR: IB0002-COBB (8)           ECOTYPE: SB0801
 CSDVAR :12.25  PPSEN  : 0.33  EMG-FLW:21.00  FLW-FSD:16.00  FSD-PHM : 37.20
 WTPSD  :0.155  SDPDVR : 1.90  SDFDUR :23.50  PODDUR :10.00  XFRUIT  :  1.00
 THRESH : 78.0  SDPRO  :0.400  SDLIP   : 0.200


*SIMULATED CROP AND SOIL STATUS AT MAIN DEVELOPMENT STAGES

 RUN NO.     1     81 IRRIG COBB           

        CROP GROWTH     BIOMASS         LEAF   CROP N     STRESS      STRESS                                           
   DATE  AGE STAGE        kg/ha    LAI   NUM  kg/ha  %   H2O  Nitr Phos1 Phos2  RSTG                                   
 ------  --- ----------   -----  -----  ----  ---  ---  ----  ----  ----  ----  ----                                   
 26 JUN    0 Start Sim        0   0.00   0.0    0  0.0  0.00  0.00  0.00  0.00     0
 26 JUN    0 Sowing           0   0.00   0.0    0  0.0  0.00  0.00  0.00  0.00     0
  1 JUL    5 Emergence       15   0.02   0.1    1  5.1  0.00  0.00  0.00  0.00     0
  1 JUL    5 End Juven.      15   0.02   0.1    1  5.1  0.00  0.00  0.00  0.00     0
  8 JUL   12 Unifoliate      34   0.08   1.3    2  5.0  0.00  0.20  0.00  0.00     0
 13 JUL   17 Flower Ind      85   0.22   2.7    4  4.4  0.00  0.01  0.00  0.00     0
 12 AUG   47 First Flwr    2156   3.65  11.5   78  3.6  0.01  0.01  0.00  0.00     1
 29 AUG   64 First Pod     4129   5.50  16.4  139  3.4  0.00  0.00  0.00  0.00     3
 29 AUG   64 End Msnode    4129   5.50  16.4  139  3.4  0.00  0.00  0.00  0.00     3
  8 SEP   74 First Seed    5483   5.50  16.4  171  3.1  0.00  0.00  0.00  0.00     5
 13 SEP   79 End Leaf      6056   5.26  16.4  184  3.0  0.00  0.00  0.00  0.00     5
 25 SEP   91 End Pod       6889   4.42  16.4  212  3.1  0.00  0.00  0.00  0.00     5
 22 OCT  118 Phys. Mat     8216   3.19  16.4  276  3.4  0.00  0.00  0.00  0.00     7
  3 NOV  130 Harv. Mat     6662   0.22  16.4  251  3.8  0.00  0.02  0.00  0.00     8
  3 NOV  130 Harvest       6662   0.22  16.4  251  3.8  0.00  0.00  0.00  0.00     8


*MAIN GROWTH AND DEVELOPMENT VARIABLES

@     VARIABLE                                         SIMULATED     MEASURED
      --------                                         ---------     --------
      Emergence day (dap)                                      5          -99
      Anthesis day (dap)                                      47           47
      First pod day (dap)                                     64           66
      First seed day (dap)                                    74           66
      Physiological maturity day (dap)                       118          118
      Harvest maturity day (dap)                             130          -99
      Yield at harvest maturity (kg [dm]/ha)                3529        3502.
      Pod/Ear/Panicle weight at maturity (kg [dm]/ha)       4521        4526.
      Tops weight at anthesis (kg [dm]/ha)                  2156          -99
      Tops weight at maturity (kg [dm]/ha)                  6662        6851.
      By-product produced (stalk) at maturity (kg[dm]/ha    3130        2137.
      Number at maturity (no/m2)                            2266        2374.
      Unit wt at maturity (g [dm]/unit)                   0.1558        .1476
      Number at maturity (no/unit)                          1.90         1.88
      Harvest index at maturity                            0.530         .511
      Threshing % at maturity                              78.07        77.38
      Leaf area index, maximum                              5.64         6.25
      Leaf number per stem at maturity                     16.37          -99
      Canopy height (m)                                     1.00          -99
      Tops N at anthesis (kg/ha)                              78          -99
      Tops N at maturity (kg/ha)                             251          -99
      Stem N at maturity (kg/ha)                              14          -99
      Grain N at maturity (kg/ha)                            224          -99
      Grain N at maturity (%)                               6.35          -99
      Grain oil at maturity (%)                            19.57          -99


*ENVIRONMENTAL AND STRESS FACTORS

 |-----Development Phase------|--------------------------------------Environment--------------------------------------|-----------------Stress-----------------|
                              |---------------Average--------------|-----Cumulative-----|--------Count of days--------|          (0=Min, 1=Max Stress)         |
                         Time  Temp  Temp  Temp Solar Photop                Evapo    Pot TMIN TMIN TMAX TMAX TMAX RAIN|----Water----|---Nitrogen--|-Phosphorus-|
                         Span   Max   Min  Mean   Rad  [day]    CO2   Rain  Trans     ET   <    <    >    >    >    >   Photo         Photo         Photo
                         days     C     C     C MJ/m2     hr    ppm     mm     mm    mm   0 C  2 C 30 C 32 C 34 C  0mm  synth Growth  synth Growth  synth Growth
----------------------------------------------------------------------------------------------------------------------------------------------------------------
 Emergence -First Flower   42  34.1  22.4  28.3  19.7  13.58  340.0  125.9  135.0  219.7    0    0   41   40   23   17  0.000  0.010  0.000  0.040  0.000  0.000
 First Flower-First Seed   27  32.4  21.9  27.2  16.5  12.77  340.1   77.6  108.7  108.9    0    0   25   18    1   11  0.000  0.000  0.000  0.000  0.000  0.000
 First Seed - Phys. Mat.   44  30.6  17.0  23.8  16.3  11.71  340.2   31.2  163.8  165.5    0    0   26   16    0    7  0.000  0.000  0.000  0.002  0.000  0.000
 Emergence  - Phys. Mat.  113  32.3  20.2  26.3  17.6  12.65  340.1  234.7  407.6  494.1    0    0   92   74   24   35  0.000  0.004  0.000  0.016  0.000  0.000
   
 Planting to Harvest      131  31.9  20.0  25.9  17.2  12.55  340.1  269.6  440.1  559.6    0    0   99   79   26   42  0.000  0.003  0.000  0.016  0.000  0.000
----------------------------------------------------------------------------------------------------------------------------------------------------------------


*Resource Productivity
 Growing season length: 131 days 

 Precipitation during growing season       269.6 mm[rain]
   Dry Matter Productivity                  2.47 kg[DM]/m3[rain]          =   24.7 kg[DM]/ha per mm[rain]
   Yield Productivity                       1.31 kg[grain yield]/m3[rain] =   13.1 kg[yield]/ha per mm[rain]

 Evapotranspiration during growing season  440.1 mm[ET]
   Dry Matter Productivity                  1.51 kg[DM]/m3[ET]            =   15.1 kg[DM]/ha per mm[ET]
   Yield Productivity                       0.80 kg[grain yield]/m3[ET]   =    8.0 kg[yield]/ha per mm[ET]

 Transpiration during growing season       329.4 mm[EP]
   Dry Matter Productivity                  2.02 kg[DM]/m3[EP]            =   20.2 kg[DM]/ha per mm[EP]
   Yield Productivity                       1.07 kg[grain yield]/m3[EP]   =   10.7 kg[yield]/ha per mm[EP]

 Irrigation during growing season          315.0 mm[irrig]
   Dry Matter Productivity                  2.11 kg[DM]/m3[irrig]         =   21.1 kg[DM]/ha per mm[irrig]
   Yield Productivity                       1.12 kg[grain yield]/m3[irrig]=   11.2 kg[yield]/ha per mm[irrig]

 N uptake during growing season               30 kg[N uptake]/ha
   Dry Matter Productivity                 222.1 kg[DM]/kg[N uptake]
   Yield Productivity                      117.6 kg[yield]/kg[N uptake]

--------------------------------------------------------------------------------------------------------------

                   Soybean YIELD :     3529 kg/ha    [Dry weight] 

**************************************************************************************************************
