*SIMULATION OVERVIEW FILE

*DSSAT Cropping System Model Ver. 4.8.5.000 -release  APR 28, 2026 22:32:50

*RUN   1        : Control - 350 ppm         CRGRO048 AZMC8901    1
 MODEL          : CRGRO048 - Cotton
 EXPERIMENT     : AZMC8901 CO 1989 FACE EXPERIMENT
 DATA PATH      :
 TREATMENT  1   : Control - 350 ppm         CRGRO048


 CROP           : Cotton           CULTIVAR : Deltapine 77     ECOTYPE :CO0001
 STARTING DATE  : APR 10 1989
 PLANTING DATE  : APR 17 1989      PLANTS/m2 :    10.0    ROW SPACING : 102.cm
 WEATHER        : AZMC   1989
 SOIL           : AZMC920001     TEXTURE : CL    - TRIX CLAY LOAM
 SOIL INIT COND : DEPTH:210cm EXTR. H2O:246.3mm  NO3: 31.4kg/ha  NH4:  0.0kg/ha
 WATER BALANCE  : IRRIGATE ON REPORTED DATE(S)
 IRRIGATION     :     1119 mm IN    35 APPLICATIONS
 NITROGEN BAL.  : SOIL-N & N-UPTAKE SIMULATION; NO N-FIXATION
 N-FERTILIZER   :      133 kg/ha IN     4 APPLICATIONS
 RESIDUE/MANURE : INITIAL :     0 kg/ha ;       0 kg/ha IN     0 APPLICATIONS
 ENVIRONM. OPT. : DAYL= A  0.00  SRAD= A  0.00  TMAX= A  0.00  TMIN= A  0.00
                  RAIN= A  0.00  CO2 = R 350.0  DEW =A  0.00  WIND=A  0.00
 SIMULATION OPT : WATER   :Y  NITROGEN:Y  N-FIX:N  PHOSPH :N  PESTS  :N
                  PHOTO   :L  ET      :R  INFIL:S  HYDROL :R  SOM    :G
                  CO2 352ppm  NSWIT   :1  EVAP :R  SOIL   :2  STEMP  :D
 MANAGEMENT OPT : PLANTING:R  IRRIG   :R  FERT :R  RESIDUE:N  HARVEST:M
                  WEATHER :M  TILLAGE :Y

*SUMMARY OF SOIL AND GENETIC INPUT PARAMETERS

   SOIL LOWER UPPER   SAT  EXTR  INIT   ROOT   BULK     pH    NO3    NH4    ORG
  DEPTH LIMIT LIMIT    SW    SW    SW   DIST   DENS                          C
   cm   cm3/cm3    cm3/cm3    cm3/cm3         g/cm3         ugN/g  ugN/g     %
-------------------------------------------------------------------------------
  0-  5 0.202 0.320 0.417 0.118 0.250   1.00   1.31   8.50   3.00   0.00   0.41
  5- 15 0.201 0.319 0.424 0.118 0.295   0.74   1.27   8.50   3.00   0.00   0.35
 15- 30 0.199 0.319 0.424 0.120 0.310   0.61   1.27   8.50   3.00   0.00   0.27
 30- 40 0.198 0.318 0.419 0.120 0.280   0.45   1.30   8.60   2.00   0.00   0.24
 40- 50 0.198 0.318 0.419 0.120 0.280   0.45   1.30   8.60   2.00   0.00   0.24
 50- 60 0.198 0.318 0.387 0.120 0.230   0.30   1.47   8.60   1.00   0.00   0.16
 60- 70 0.198 0.318 0.387 0.120 0.230   0.30   1.47   8.60   1.00   0.00   0.16
 70- 90 0.186 0.299 0.359 0.113 0.200   0.18   1.57   8.60   1.00   0.00   0.30
 90-110 0.159 0.275 0.347 0.116 0.180   0.10   1.57   8.60   0.75   0.00   0.10
110-120 0.159 0.275 0.347 0.116 0.160   0.10   1.57   8.60   0.50   0.00   0.10
120-130 0.159 0.275 0.347 0.116 0.160   0.10   1.57   8.60   0.50   0.00   0.10
130-150 0.136 0.254 0.336 0.118 0.150   0.05   1.57   8.60   0.50   0.00 -99.00
150-170 0.136 0.254 0.336 0.118 0.150   0.00   1.57   8.60   0.50   0.00 -99.00
170-190 0.128 0.244 0.331 0.116 0.150   0.00   1.57   8.60   0.50   0.00 -99.00
190-210 0.128 0.244 0.331 0.116 0.244   0.00   1.57   8.60   0.01   0.01 -99.00

TOT-210  34.6  59.2  76.5  24.6  43.7  <--cm   -  kg/ha-->   31.4    0.0  38918
SOIL ALBEDO    : 0.20      EVAPORATION LIMIT :12.00         MIN. FACTOR  : 1.00
RUNOFF CURVE # :70.00      DRAINAGE RATE     : 0.29         FERT. FACTOR : 0.90

 Cotton           CULTIVAR: IB0001-Deltapine 77       ECOTYPE: CO0001
 CSDVAR :23.00  PPSEN  : 0.01  EMG-FLW:34.00  FLW-FSD:15.00  FSD-PHM : 49.00
 WTPSD  :0.180  SDPDVR : 27.0  SDFDUR :35.00  PODDUR : 8.00  XFRUIT  :  0.80
 THRESH : 70.0  SDPRO  :0.153  SDLIP   : 0.120


*SIMULATED CROP AND SOIL STATUS AT MAIN DEVELOPMENT STAGES

 RUN NO.     1     Control - 350 ppm       

        CROP GROWTH     BIOMASS         LEAF   CROP N     STRESS      STRESS                                           
   DATE  AGE STAGE        kg/ha    LAI   NUM  kg/ha  %   H2O  Nitr Phos1 Phos2  RSTG                                   
 ------  --- ----------   -----  -----  ----  ---  ---  ----  ----  ----  ----  ----                                   
 10 APR    0 Start Sim        0   0.00   0.0    0  0.0  0.00  0.00  0.00  0.00     0
 17 APR    0 Sowing           0   0.00   0.0    0  0.0  0.00  0.00  0.00  0.00     0
 27 APR   10 Emergence        7   0.01   0.0    0  4.2  0.00  0.00  0.00  0.00     0
 27 APR   10 End Juven.       7   0.01   0.0    0  4.2  0.00  0.00  0.00  0.00     0
 27 APR   10 Flower Ind       7   0.01   0.0    0  4.2  0.00  0.00  0.00  0.00     0
  4 MAY   17 First Leaf      14   0.02   1.1    1  4.2  0.00  0.00  0.00  0.00     0
 17 JUN   61 Flowering      881   0.84   8.1   31  3.5  0.00  0.00  0.00  0.00     1
 29 JUN   73 Boll > 6mm    1827   1.61   9.9   61  3.3  0.02  0.00  0.00  0.00     3
  9 JUL   83 First Seed    2892   2.31  11.4   88  3.0  0.00  0.00  0.00  0.00     5
  4 SEP  140 Bolls>.5sz    8430   2.34  14.6  130  1.5  0.00  0.08  0.00  0.00     5
 10 SEP  146 Cracked Bl    8569   2.30  14.6  131  1.5  0.03  0.38  0.00  0.00     7
 20 SEP  156 90%Open Bl    8214   2.06  14.8  129  1.6  0.53  0.20  0.00  0.00     8
 20 SEP  156 Harvest       8214   2.06  14.8  129  1.6  0.00  0.00  0.00  0.00     8


*MAIN GROWTH AND DEVELOPMENT VARIABLES

@     VARIABLE                                         SIMULATED     MEASURED
      --------                                         ---------     --------
      Emergence day (dap)                                     10            4
      Anthesis day (dap)                                      61           59
      First pod day (dap)                                     73          -99
      First seed day (dap)                                    83          -99
      Physiological maturity day (dap)                       146          144
      Harvest maturity day (dap)                             156          -99
      Yield at harvest maturity (kg [dm]/ha)                3222         3203
      Economic Yield (ton/ha)                               1.24          -99
      Lint Percentage (%)                                   38.4          -99
      Pod/Ear/Panicle weight at maturity (kg [dm]/ha)       4599         6992
      Tops weight at anthesis (kg [dm]/ha)                   881          -99
      Tops weight at maturity (kg [dm]/ha)                  8214        12509
      By-product produced (stalk) at maturity (kg[dm]/ha    4990         5517
      Number at maturity (no/m2)                            2009          -99
      Unit wt at maturity (g [dm]/unit)                   0.1604          -99
      Number at maturity (no/unit)                         26.99          -99
      Harvest index at maturity                            0.392          -99
      Threshing % at maturity                              70.06          -99
      Leaf area index, maximum                              2.92         3.20
      Leaf number per stem at maturity                     14.78          -99
      Canopy height (m)                                     1.01          -99
      Tops N at anthesis (kg/ha)                              31          -99
      Tops N at maturity (kg/ha)                             129          -99
      Stem N at maturity (kg/ha)                              18          -99
      Grain N at maturity (kg/ha)                             80          -99
      Grain N at maturity (%)                               2.48          -99
      Grain oil at maturity (%)                            12.32          -99


*ENVIRONMENTAL AND STRESS FACTORS

 |-----Development Phase------|--------------------------------------Environment--------------------------------------|-----------------Stress-----------------|
                              |---------------Average--------------|-----Cumulative-----|--------Count of days--------|          (0=Min, 1=Max Stress)         |
                         Time  Temp  Temp  Temp Solar Photop                Evapo    Pot TMIN TMIN TMAX TMAX TMAX RAIN|----Water----|---Nitrogen--|-Phosphorus-|
                         Span   Max   Min  Mean   Rad  [day]    CO2   Rain  Trans     ET   <    <    >    >    >    >   Photo         Photo         Photo
                         days     C     C     C MJ/m2     hr    ppm     mm     mm    mm   0 C  2 C 30 C 32 C 34 C  0mm  synth Growth  synth Growth  synth Growth
----------------------------------------------------------------------------------------------------------------------------------------------------------------
 Emergence -First Flower   51  35.6  15.4  25.5  30.1  13.82  350.0    0.0  169.3  442.8    0    0   43   40   39    0  0.000  0.000  0.000  0.000  0.000  0.000
 First Flower-First Seed   22  41.6  20.8  31.2  29.8  14.15  350.0    0.0  177.5  233.2    0    0   22   22   22    0  0.000  0.009  0.000  0.000  0.000  0.000
 First Seed - Phys. Mat.   63  39.2  22.1  30.7  26.4  13.33  350.0   22.0  505.2  527.8    0    0   63   63   62    5  0.000  0.003  0.000  0.105  0.000  0.000
 Emergence  - Phys. Mat.  136  38.3  19.4  28.8  28.4  13.64  350.0   22.0  852.0 1203.8    0    0  128  125  123    5  0.000  0.003  0.000  0.049  0.000  0.000
   
 Planting to Harvest      157  37.8  18.6  28.2  28.1  13.51  350.0   22.0  899.3 1346.8    0    0  145  141  136    5  0.020  0.036  0.000  0.055  0.000  0.000
----------------------------------------------------------------------------------------------------------------------------------------------------------------


*Resource Productivity
 Growing season length: 157 days 

 Precipitation during growing season        22.0 mm[rain]
   Dry Matter Productivity                 37.34 kg[DM]/m3[rain]          =  373.4 kg[DM]/ha per mm[rain]
   Yield Productivity                      14.65 kg[grain yield]/m3[rain] =  146.5 kg[yield]/ha per mm[rain]

 Evapotranspiration during growing season  899.3 mm[ET]
   Dry Matter Productivity                  0.91 kg[DM]/m3[ET]            =    9.1 kg[DM]/ha per mm[ET]
   Yield Productivity                       0.36 kg[grain yield]/m3[ET]   =    3.6 kg[yield]/ha per mm[ET]

 Transpiration during growing season       595.3 mm[EP]
   Dry Matter Productivity                  1.38 kg[DM]/m3[EP]            =   13.8 kg[DM]/ha per mm[EP]
   Yield Productivity                       0.54 kg[grain yield]/m3[EP]   =    5.4 kg[yield]/ha per mm[EP]

 Irrigation during growing season         1119.0 mm[irrig]
   Dry Matter Productivity                  0.73 kg[DM]/m3[irrig]         =    7.3 kg[DM]/ha per mm[irrig]
   Yield Productivity                       0.29 kg[grain yield]/m3[irrig]=    2.9 kg[yield]/ha per mm[irrig]

 N applied during growing season            133. kg[N applied]/ha
   Dry Matter Productivity                  61.8 kg[DM]/kg[N applied]
   Yield Productivity                       24.2 kg[yield]/kg[N applied]

 N uptake during growing season              171 kg[N uptake]/ha
   Dry Matter Productivity                  48.0 kg[DM]/kg[N uptake]
   Yield Productivity                       18.8 kg[yield]/kg[N uptake]

--------------------------------------------------------------------------------------------------------------

                    Cotton YIELD :     3222 kg/ha    [Dry weight] 

**************************************************************************************************************
