*SIMULATION OVERVIEW FILE

*DSSAT Cropping System Model Ver. 4.8.5.000 -release  APR 28, 2026 22:33:10

*RUN   1        : Achirana                  PTSUB048 CPSR1302    1
 MODEL          : PTSUB048 - Potato
 EXPERIMENT     : CPSR1302 PT CIP 2013 3 CULTIVARS
 DATA PATH      :
 TREATMENT  1   : Achirana                  PTSUB048


 CROP           : Potato           CULTIVAR : ACHIRANA         ECOTYPE :IB0001
 STARTING DATE  : AUG  1 2013
 PLANTING DATE  : AUG  1 2013      PLANTS/m2 :     3.3    ROW SPACING : 100.cm
 HARVEST DATE   : NOV 14 2013
 WEATHER        : CPSR   2013
 SOIL           : CPSR000022     TEXTURE : L     -   Silty loam
 SOIL INIT COND : DEPTH: 90cm EXTR. H2O: 76.8mm  NO3: 89.8kg/ha  NH4: 10.6kg/ha
 WATER BALANCE  : AUTOMATIC IRRIGATION - REFILL PROFILE
 IRRIGATION     : AUTOMATIC [SOIL DEPTH: 0.30 m 50.%]
 NITROGEN BAL.  : SOIL-N & N-UPTAKE SIMULATION; NO N-FIXATION
 N-FERTILIZER   :      300 kg/ha IN     4 APPLICATIONS
 RESIDUE/MANURE : INITIAL :     0 kg/ha ;       0 kg/ha IN     0 APPLICATIONS
 ENVIRONM. OPT. : DAYL=    0.00  SRAD=    0.00  TMAX=    0.00  TMIN=    0.00
                  RAIN=    0.00  CO2 =    0.00  DEW =    0.00  WIND=    0.00
 SIMULATION OPT : WATER   :Y  NITROGEN:Y  N-FIX:N  PHOSPH :N  PESTS  :N
                  PHOTO   :C  ET      :R  INFIL:S  HYDROL :R  SOM    :P
                  CO2 397ppm  NSWIT   :1  EVAP :R  SOIL   :2  STEMP  :D
 MANAGEMENT OPT : PLANTING:R  IRRIG   :A  FERT :R  RESIDUE:R  HARVEST:R
                  WEATHER :M  TILLAGE :Y

*SUMMARY OF SOIL AND GENETIC INPUT PARAMETERS

   SOIL LOWER UPPER   SAT  EXTR  INIT   ROOT   BULK     pH    NO3    NH4    ORG
  DEPTH LIMIT LIMIT    SW    SW    SW   DIST   DENS                          C
   cm   cm3/cm3    cm3/cm3    cm3/cm3         g/cm3         ugN/g  ugN/g     %
-------------------------------------------------------------------------------
  0-  5 0.104 0.199 0.408 0.095 0.128   1.00   1.50   5.50   6.80   0.80   0.48
  5- 15 0.104 0.199 0.408 0.095 0.128   1.00   1.50   5.50   6.80   0.80   0.48
 15- 30 0.104 0.199 0.408 0.095 0.128   1.00   1.50   5.50   6.80   0.80   0.48
 30- 45 0.118 0.203 0.388 0.085 0.139   0.41   1.40   5.70   6.80   0.80   0.28
 45- 60 0.118 0.203 0.388 0.085 0.139   0.41   1.40   5.70   6.80   0.80   0.28
 60- 90 0.136 0.212 0.379 0.076 0.155   0.22   1.50   5.50   6.80   0.80   0.18

TOT- 90  10.7  18.4  35.2   7.7  12.7  <--cm   -  kg/ha-->   89.8   10.6  41399
SOIL ALBEDO    : 0.13      EVAPORATION LIMIT : 1.00         MIN. FACTOR  : 1.00
RUNOFF CURVE # :76.00      DRAINAGE RATE     : 0.50         FERT. FACTOR : 0.70

 Potato           CULTIVAR: AR0003-ACHIRANA           ECOTYPE: IB0001
 G2     :1564.00  G3     :21.0100
 PD     :   0.55  P2     :  0.420  TC     : 21.150


*SIMULATED CROP AND SOIL STATUS AT MAIN DEVELOPMENT STAGES

 RUN NO.     1     Achirana                

        CROP GROWTH     BIOMASS         LEAF   CROP N     STRESS      STRESS                                           
   DATE  AGE STAGE        kg/ha    LAI   NUM  kg/ha  %   H2O  Nitr Phos1 Phos2  RSTG                                   
 ------  --- ----------   -----  -----  ----  ---  ---  ----  ----  ----  ----  ----                                   
  1 AUG    0 Sowing           0   0.00   0.0    0  0.0  0.00  0.00  0.00  0.00     7
  1 AUG    0 Start Sim        0   0.00   0.0    0  0.0  0.00  0.00  0.00  0.00     7
 16 AUG   15 Emergence        9   0.01   0.0    4 43.3  0.00  0.00  0.00  0.00     1
  7 SEP   37 Beg Tuber      433   0.64   0.0  231 53.3  0.00  0.02  0.00  0.00     2
 14 NOV  105 Harvest       2510   0.11   0.0  604 24.0  0.00  0.00  0.00  0.00     2


*MAIN GROWTH AND DEVELOPMENT VARIABLES

@     VARIABLE                                         SIMULATED     MEASURED
      --------                                         ---------     --------
      Tuber initiation day (dap)                              37          -99
      Physiological maturity day (dap)                       -99          -99
      Tuber dry weight (kg [dm]/ha) harvest                 2200         1768
      Tuber fresh weight (Mg [fm]/ha) harvest              11.00           12
      Total wt, harvest (kg [dm]/ha)                        2510          -99
      By-product produced (stalk) at maturity (kg[dm]/ha    8284          -99
      Leaf area index, maximum                              0.74          -99
      Tuber N at harvest (kg/ha)                           34.54          -99
      Tuber+stem+leaf N at harvest (kg/ha)                 25.82          -99
      Tops N at maturity (kg/ha)                           25.82          -99
      Tuber N at harvest (%)                               1.570          -99
      Emergence day (dap)                                     15          -99


*ENVIRONMENTAL AND STRESS FACTORS

 |-----Development Phase------|--------------------------------------Environment--------------------------------------|-----------------Stress-----------------|
                              |---------------Average--------------|-----Cumulative-----|--------Count of days--------|          (0=Min, 1=Max Stress)         |
                         Time  Temp  Temp  Temp Solar Photop                Evapo    Pot TMIN TMIN TMAX TMAX TMAX RAIN|----Water----|---Nitrogen--|-Phosphorus-|
                         Span   Max   Min  Mean   Rad  [day]    CO2   Rain  Trans     ET   <    <    >    >    >    >   Photo         Photo         Photo
                         days     C     C     C MJ/m2     hr    ppm     mm     mm    mm   0 C  2 C 30 C 32 C 34 C  0mm  synth Growth  synth Growth  synth Growth
----------------------------------------------------------------------------------------------------------------------------------------------------------------
 Emergence-Begin Tuber     22  31.8  19.3  25.6  17.0  11.74  396.9   70.0   44.8  101.9    0    0   16   14    6    8  0.000  0.000  0.002  0.016  0.000  0.000
 Begin Tuber-Maturity      69  32.0  20.4  26.2  18.3  12.20  397.2  249.4  226.7  340.5    0    0   59   40   14   33  0.000  0.000  0.000  0.000  0.000  0.000
   
 Planting to Harvest      106  32.1  20.1  26.1  17.9  12.02  397.0  348.8  295.1  516.0    0    0   89   65   25   46  0.000  0.000  0.000  0.003  0.000  0.000
----------------------------------------------------------------------------------------------------------------------------------------------------------------


*Resource Productivity
 Growing season length: 106 days 

 Precipitation during growing season       348.8 mm[rain]
   Dry Matter Productivity                  0.72 kg[DM]/m3[rain]          =    7.2 kg[DM]/ha per mm[rain]
   Yield Productivity                       0.63 kg[grain yield]/m3[rain] =    6.3 kg[yield]/ha per mm[rain]

 Evapotranspiration during growing season  295.1 mm[ET]
   Dry Matter Productivity                  0.85 kg[DM]/m3[ET]            =    8.5 kg[DM]/ha per mm[ET]
   Yield Productivity                       0.75 kg[grain yield]/m3[ET]   =    7.5 kg[yield]/ha per mm[ET]

 Transpiration during growing season       103.5 mm[EP]
   Dry Matter Productivity                  2.42 kg[DM]/m3[EP]            =   24.2 kg[DM]/ha per mm[EP]
   Yield Productivity                       2.13 kg[grain yield]/m3[EP]   =   21.3 kg[yield]/ha per mm[EP]

 Irrigation during growing season           68.1 mm[irrig]
   Dry Matter Productivity                  3.68 kg[DM]/m3[irrig]         =   36.8 kg[DM]/ha per mm[irrig]
   Yield Productivity                       3.23 kg[grain yield]/m3[irrig]=   32.3 kg[yield]/ha per mm[irrig]

 N applied during growing season            300. kg[N applied]/ha
   Dry Matter Productivity                   8.4 kg[DM]/kg[N applied]
   Yield Productivity                        7.3 kg[yield]/kg[N applied]

 N uptake during growing season               69 kg[N uptake]/ha
   Dry Matter Productivity                  36.4 kg[DM]/kg[N uptake]
   Yield Productivity                       31.9 kg[yield]/kg[N uptake]

--------------------------------------------------------------------------------------------------------------

                    Potato YIELD :     2200 kg/ha    [Dry weight] 

**************************************************************************************************************
