*SIMULATION OVERVIEW FILE

*DSSAT Cropping System Model Ver. 4.8.5.000 -release  APR 28, 2026 22:33:07

*RUN   1        : 83 FLORUNNER              CRGRO048 UFMA8301    1
 MODEL          : CRGRO048 - Peanut
 EXPERIMENT     : UFMA8301 PN 1983 DISEASE STUDY, 4 CULTIVARS, IRRIGATED
 DATA PATH      :
 TREATMENT  1   : 83 FLORUNNER              CRGRO048


 CROP           : Peanut           CULTIVAR : FLORUNNER        ECOTYPE :PN0001
 STARTING DATE  : MAY  4 1983
 PLANTING DATE  : MAY  5 1983      PLANTS/m2 :    11.0    ROW SPACING :  91.cm
 WEATHER        : UFMA   1983
 SOIL           : IBPN910025     TEXTURE : L     -   Norfolk Sandy Loam
 SOIL INIT COND : DEPTH:173cm EXTR. H2O:218.5mm  NO3: 21.4kg/ha  NH4: 14.6kg/ha
 WATER BALANCE  : IRRIGATE ON REPORTED DATE(S)
 IRRIGATION     :      201 mm IN    12 APPLICATIONS
 NITROGEN BAL.  : SOIL-N, N-UPTAKE & DYNAMIC N-FIXATION SIMULATION
 N-FERTILIZER   :        0 kg/ha IN     0 APPLICATIONS
 RESIDUE/MANURE : INITIAL :     0 kg/ha ;    1000 kg/ha IN     1 APPLICATIONS
 ENVIRONM. OPT. : DAYL=    0.00  SRAD=    0.00  TMAX=    0.00  TMIN=    0.00
                  RAIN=    0.00  CO2 =    0.00  DEW =    0.00  WIND=    0.00
 SIMULATION OPT : WATER   :Y  NITROGEN:Y  N-FIX:Y  PHOSPH :N  PESTS  :N
                  PHOTO   :L  ET      :R  INFIL:S  HYDROL :R  SOM    :G
                  CO2 342ppm  NSWIT   :1  EVAP :R  SOIL   :2  STEMP  :D
 MANAGEMENT OPT : PLANTING:R  IRRIG   :R  FERT :R  RESIDUE:R  HARVEST:M
                  WEATHER :M  TILLAGE :N

*SUMMARY OF SOIL AND GENETIC INPUT PARAMETERS

   SOIL LOWER UPPER   SAT  EXTR  INIT   ROOT   BULK     pH    NO3    NH4    ORG
  DEPTH LIMIT LIMIT    SW    SW    SW   DIST   DENS                          C
   cm   cm3/cm3    cm3/cm3    cm3/cm3         g/cm3         ugN/g  ugN/g     %
-------------------------------------------------------------------------------
  0-  5 0.101 0.249 0.498 0.148 0.249   1.00   1.24   6.00   1.50   0.60   1.16
  5- 15 0.101 0.249 0.498 0.148 0.249   1.00   1.24   6.00   1.50   0.60   1.16
 15- 25 0.101 0.249 0.498 0.148 0.249   1.00   1.24   6.00   1.50   0.60   1.16
 25- 39 0.173 0.303 0.439 0.130 0.303   0.40   1.42   6.50   1.50   0.60   0.30
 39- 52 0.173 0.303 0.439 0.130 0.303   0.40   1.42   6.50   1.50   0.60   0.30
 52- 66 0.173 0.303 0.439 0.130 0.303   0.40   1.42   6.50   1.50   0.60   0.30
 66- 91 0.203 0.329 0.444 0.126 0.329   0.21   1.41   4.70   0.60   0.60   0.13
 91-109 0.212 0.333 0.437 0.121 0.333   0.11   1.43   4.90   0.50   0.60   0.07
109-127 0.212 0.333 0.437 0.121 0.333   0.11   1.43   4.90   0.50   0.60   0.07
127-142 0.214 0.339 0.444 0.125 0.339   0.07   1.41   4.90   0.50   0.60   0.13
142-157 0.205 0.316 0.422 0.111 0.316   0.04   1.47   4.70   0.50   0.60   0.07
157-173 0.205 0.316 0.422 0.111 0.316   0.04   1.47   4.70   0.50   0.60   0.07

TOT-173  31.9  53.7  77.0  21.9  53.7  <--cm   -  kg/ha-->   21.4   14.6  67552
SOIL ALBEDO    : 0.13      EVAPORATION LIMIT : 6.00         MIN. FACTOR  : 1.00
RUNOFF CURVE # :61.00      DRAINAGE RATE     : 0.60         FERT. FACTOR : 0.92

 Peanut           CULTIVAR: IB0002-FLORUNNER          ECOTYPE: PN0001
 CSDVAR :11.84  PPSEN  : 0.00  EMG-FLW:21.20  FLW-FSD:18.80  FSD-PHM : 74.30
 WTPSD  :0.690  SDPDVR : 1.65  SDFDUR :40.00  PODDUR :24.00  XFRUIT  :  0.92
 THRESH : 80.0  SDPRO  :0.270  SDLIP   : 0.510


*SIMULATED CROP AND SOIL STATUS AT MAIN DEVELOPMENT STAGES

 RUN NO.     1     83 FLORUNNER            

        CROP GROWTH     BIOMASS         LEAF   CROP N     STRESS      STRESS                                           
   DATE  AGE STAGE        kg/ha    LAI   NUM  kg/ha  %   H2O  Nitr Phos1 Phos2  RSTG                                   
 ------  --- ----------   -----  -----  ----  ---  ---  ----  ----  ----  ----  ----                                   
  4 MAY    0 Start Sim        0   0.00   0.0    0  0.0  0.00  0.00  0.00  0.00     0
  5 MAY    0 Sowing           0   0.00   0.0    0  0.0  0.00  0.00  0.00  0.00     0
 14 MAY    9 Emergence       23   0.03   0.0    1  4.8  0.00  0.00  0.00  0.00     0
 14 MAY    9 End Juven.      23   0.03   0.0    1  4.8  0.00  0.00  0.00  0.00     0
 19 MAY   14 Unifoliate      33   0.04   1.3    2  4.6  0.00  0.00  0.00  0.00     0
  6 JUN   32 Flower Ind     239   0.35   7.3    9  3.7  0.00  0.00  0.00  0.00     0
 10 JUN   36 First Flwr     384   0.54   8.3   13  3.4  0.00  0.00  0.00  0.00     1
 21 JUN   47 First Peg     1178   1.55  11.5   39  3.3  0.01  0.00  0.00  0.00     2
 26 JUN   52 First Pod     1736   2.19  13.1   57  3.3  0.00  0.00  0.00  0.00     3
  2 JUL   58 First Seed    2609   3.06  15.0   84  3.2  0.00  0.00  0.00  0.00     5
 26 AUG  113 End Msnode   10436   4.91  26.9  281  2.7  0.01  0.00  0.00  0.00     5
 19 SEP  137 End Leaf     12061   4.68  26.9  337  2.8  0.05  0.00  0.00  0.00     5
 20 SEP  138 End Pod      12133   4.67  26.9  337  2.8  0.00  0.25  0.00  0.00     8
 20 SEP  138 Phys. Mat    12133   4.67  26.9  337  2.8  0.00  0.00  0.00  0.00     8
 20 SEP  138 Harv. Mat    12133   4.67  26.9  337  2.8  0.00  0.00  0.00  0.00     8
 20 SEP  138 Harvest      12133   4.67  26.9  337  2.8  0.00  0.00  0.00  0.00     8


*MAIN GROWTH AND DEVELOPMENT VARIABLES

@     VARIABLE                                         SIMULATED     MEASURED
      --------                                         ---------     --------
      Emergence day (dap)                                      9          -99
      Anthesis day (dap)                                      36           33
      First pod day (dap)                                     52           54
      First seed day (dap)                                    58           64
      Physiological maturity day (dap)                       138          131
      Harvest maturity day (dap)                             138          -99
      Yield at harvest maturity (kg [dm]/ha)                4748        4646.
      Pod/Ear/Panicle weight at maturity (kg [dm]/ha)       6015        5889.
      Tops weight at anthesis (kg [dm]/ha)                   384          -99
      Tops weight at maturity (kg [dm]/ha)                 12133        12595
      By-product produced (stalk) at maturity (kg[dm]/ha    7380        3955.
      Number at maturity (no/m2)                             862          -99
      Unit wt at maturity (g [dm]/unit)                   0.5506          -99
      Number at maturity (no/unit)                          1.63          -99
      Harvest index at maturity                            0.391        0.369
      Threshing % at maturity                              78.94        78.89
      Leaf area index, maximum                              5.27         4.78
      Leaf number per stem at maturity                     26.90          -99
      Canopy height (m)                                     0.62          -99
      Tops N at anthesis (kg/ha)                              13          -99
      Tops N at maturity (kg/ha)                             337          -99
      Stem N at maturity (kg/ha)                              43          -99
      Grain N at maturity (kg/ha)                            217          -99
      Grain N at maturity (%)                               4.57          -99
      Grain oil at maturity (%)                            50.93          -99


*ENVIRONMENTAL AND STRESS FACTORS

 |-----Development Phase------|--------------------------------------Environment--------------------------------------|-----------------Stress-----------------|
                              |---------------Average--------------|-----Cumulative-----|--------Count of days--------|          (0=Min, 1=Max Stress)         |
                         Time  Temp  Temp  Temp Solar Photop                Evapo    Pot TMIN TMIN TMAX TMAX TMAX RAIN|----Water----|---Nitrogen--|-Phosphorus-|
                         Span   Max   Min  Mean   Rad  [day]    CO2   Rain  Trans     ET   <    <    >    >    >    >   Photo         Photo         Photo
                         days     C     C     C MJ/m2     hr    ppm     mm     mm    mm   0 C  2 C 30 C 32 C 34 C  0mm  synth Growth  synth Growth  synth Growth
----------------------------------------------------------------------------------------------------------------------------------------------------------------
 Emergence -First Flower   27  30.5  17.8  24.2  21.2  13.78  342.5  100.8   82.0  151.8    0    0   15    5    1    8  0.000  0.000  0.000  0.000  0.000  0.000
 First Flower-First Seed   22  30.7  20.6  25.7  20.3  13.98  342.7   88.3   96.1  111.5    0    0   15    5    1    9  0.000  0.005  0.000  0.000  0.000  0.000
 First Seed - Phys. Mat.   80  33.3  22.0  27.6  18.4  13.14  343.0  299.2  372.9  376.7    0    0   68   53   31   28  0.008  0.026  0.000  0.003  0.000  0.000
 Emergence  - Phys. Mat.  129  32.3  20.9  26.6  19.3  13.42  342.8  488.3  550.9  640.1    0    0   98   63   33   45  0.005  0.017  0.000  0.002  0.000  0.000
   
 Planting to Harvest      139  32.0  20.4  26.2  19.8  13.42  342.8  494.5  574.3  703.8    0    0   99   63   33   48  0.005  0.016  0.000  0.002  0.000  0.000
----------------------------------------------------------------------------------------------------------------------------------------------------------------


*Resource Productivity
 Growing season length: 139 days 

 Precipitation during growing season       494.5 mm[rain]
   Dry Matter Productivity                  2.45 kg[DM]/m3[rain]          =   24.5 kg[DM]/ha per mm[rain]
   Yield Productivity                       0.96 kg[grain yield]/m3[rain] =    9.6 kg[yield]/ha per mm[rain]

 Evapotranspiration during growing season  574.3 mm[ET]
   Dry Matter Productivity                  2.11 kg[DM]/m3[ET]            =   21.1 kg[DM]/ha per mm[ET]
   Yield Productivity                       0.83 kg[grain yield]/m3[ET]   =    8.3 kg[yield]/ha per mm[ET]

 Transpiration during growing season       396.7 mm[EP]
   Dry Matter Productivity                  3.06 kg[DM]/m3[EP]            =   30.6 kg[DM]/ha per mm[EP]
   Yield Productivity                       1.20 kg[grain yield]/m3[EP]   =   12.0 kg[yield]/ha per mm[EP]

 Irrigation during growing season          201.0 mm[irrig]
   Dry Matter Productivity                  6.04 kg[DM]/m3[irrig]         =   60.4 kg[DM]/ha per mm[irrig]
   Yield Productivity                       2.36 kg[grain yield]/m3[irrig]=   23.6 kg[yield]/ha per mm[irrig]

 N uptake during growing season               65 kg[N uptake]/ha
   Dry Matter Productivity                 186.7 kg[DM]/kg[N uptake]
   Yield Productivity                       73.0 kg[yield]/kg[N uptake]

--------------------------------------------------------------------------------------------------------------

                    Peanut YIELD :     4748 kg/ha    [Dry weight] 

**************************************************************************************************************
