*SIMULATION OVERVIEW FILE

*DSSAT Cropping System Model Ver. 4.8.5.000 -release  APR 28, 2026 22:33:16

*RUN   1        : 97 STINE(MG3.6)           CRGRO048 IUAM9701    1
 MODEL          : CRGRO048 - Soybean
 EXPERIMENT     : IUAM9701 SB SWINE RES. FARM (ARMSTRON), IA. SOYBEAN POT. YIELD
 DATA PATH      :
 TREATMENT  1   : 97 STINE(MG3.6)           CRGRO048


 CROP           : Soybean          CULTIVAR : STIN3660  MG 3.6 ECOTYPE :SB0301
 STARTING DATE  : MAY 16 1997
 PLANTING DATE  : MAY 16 1997      PLANTS/m2 :    43.2    ROW SPACING :  38.cm
 HARVEST DATE   : OCT 12 1997
 WEATHER        : IUAM   1997
 SOIL           : IUBF970110     TEXTURE : L     -   Ritchie 6/12/97  Loam
 SOIL INIT COND : DEPTH:210cm EXTR. H2O:359.7mm  NO3:  0.3kg/ha  NH4:  0.3kg/ha
 WATER BALANCE  : IRRIGATE ON REPORTED DATE(S)
 IRRIGATION     :        0 mm IN     0 APPLICATIONS
 NITROGEN BAL.  : SOIL-N, N-UPTAKE & DYNAMIC N-FIXATION SIMULATION
 N-FERTILIZER   :        0 kg/ha IN     0 APPLICATIONS
 RESIDUE/MANURE : INITIAL :     0 kg/ha ;       0 kg/ha IN     0 APPLICATIONS
 ENVIRONM. OPT. : DAYL=    0.00  SRAD=    0.00  TMAX=    0.00  TMIN=    0.00
                  RAIN=    0.00  CO2 =    0.00  DEW =    0.00  WIND=    0.00
 SIMULATION OPT : WATER   :Y  NITROGEN:Y  N-FIX:Y  PHOSPH :N  PESTS  :N
                  PHOTO   :L  ET      :R  INFIL:S  HYDROL :R  SOM    :G
                  CO2 363ppm  NSWIT   :1  EVAP :R  SOIL   :2  STEMP  :D
 MANAGEMENT OPT : PLANTING:R  IRRIG   :R  FERT :R  RESIDUE:R  HARVEST:R
                  WEATHER :M  TILLAGE :Y

*SUMMARY OF SOIL AND GENETIC INPUT PARAMETERS

   SOIL LOWER UPPER   SAT  EXTR  INIT   ROOT   BULK     pH    NO3    NH4    ORG
  DEPTH LIMIT LIMIT    SW    SW    SW   DIST   DENS                          C
   cm   cm3/cm3    cm3/cm3    cm3/cm3         g/cm3         ugN/g  ugN/g     %
-------------------------------------------------------------------------------
  0-  5 0.183 0.360 0.465 0.177 0.360   1.00   1.31   6.40   0.01   0.01   2.03
  5- 15 0.183 0.360 0.438 0.177 0.360   1.00   1.39   6.40   0.01   0.01   2.03
 15- 30 0.183 0.360 0.451 0.177 0.360   1.00   1.35   6.40   0.01   0.01   2.03
 30- 45 0.183 0.360 0.458 0.177 0.360   1.00   1.33   6.40   0.01   0.01   2.03
 45- 60 0.183 0.360 0.451 0.177 0.360   1.00   1.35   6.70   0.01   0.01   0.44
 60- 75 0.183 0.360 0.458 0.177 0.360   1.00   1.33   6.70   0.01   0.01   0.44
 75- 90 0.183 0.360 0.458 0.177 0.360   1.00   1.33   6.70   0.01   0.01   0.44
 90-105 0.163 0.330 0.434 0.167 0.330   0.85   1.40   7.90   0.01   0.01   0.15
105-120 0.163 0.330 0.410 0.167 0.330   0.70   1.47   7.90   0.01   0.01   0.15
120-135 0.163 0.330 0.396 0.167 0.330   0.55   1.51   7.90   0.01   0.01   0.15
135-150 0.163 0.330 0.403 0.167 0.330   0.40   1.49   7.90   0.01   0.01   0.15
150-165 0.163 0.330 0.403 0.167 0.330   0.30   1.49   7.90   0.01   0.01   0.15
165-180 0.163 0.330 0.403 0.167 0.330   0.20   1.49   7.90   0.01   0.01   0.15
180-195 0.163 0.330 0.403 0.167 0.330   0.10   1.49   7.90   0.01   0.01   0.15
195-210 0.163 0.330 0.403 0.167 0.330   0.00   1.49   7.90   0.01   0.01   0.15

TOT-210  36.0  72.0  89.7  36.0  72.0  <--cm   -  kg/ha-->    0.3    0.3 176203
SOIL ALBEDO    : 0.09      EVAPORATION LIMIT : 7.00         MIN. FACTOR  : 0.50
RUNOFF CURVE # :70.00      DRAINAGE RATE     : 0.55         FERT. FACTOR : 1.00

 Soybean          CULTIVAR: ST3660-STIN3660  MG 3.6   ECOTYPE: SB0301
 CSDVAR :13.44  PPSEN  : 0.28  EMG-FLW:18.80  FLW-FSD:11.00  FSD-PHM : 37.60
 WTPSD  :0.165  SDPDVR : 2.20  SDFDUR :25.00  PODDUR : 8.00  XFRUIT  :  1.00
 THRESH : 77.0  SDPRO  :0.405  SDLIP   : 0.205


*SIMULATED CROP AND SOIL STATUS AT MAIN DEVELOPMENT STAGES

 RUN NO.     1     97 STINE(MG3.6)         

        CROP GROWTH     BIOMASS         LEAF   CROP N     STRESS      STRESS                                           
   DATE  AGE STAGE        kg/ha    LAI   NUM  kg/ha  %   H2O  Nitr Phos1 Phos2  RSTG                                   
 ------  --- ----------   -----  -----  ----  ---  ---  ----  ----  ----  ----  ----                                   
 16 MAY    0 Start Sim        0   0.00   0.0    0  0.0  0.00  0.00  0.00  0.00     0
 16 MAY    0 Sowing           0   0.00   0.0    0  0.0  0.00  0.00  0.00  0.00     0
 29 MAY   13 Emergence       20   0.03   0.1    1  5.1  0.00  0.00  0.00  0.00     0
 29 MAY   13 End Juven.      20   0.03   0.1    1  5.1  0.00  0.00  0.00  0.00     0
  8 JUN   23 Unifoliate      45   0.07   1.1    2  4.9  0.00  0.34  0.00  0.00     0
 14 JUN   29 Flower Ind     102   0.19   2.3    5  4.7  0.00  0.00  0.00  0.00     0
 17 JUL   62 First Flwr    3402   4.83  10.3  125  3.7  0.00  0.00  0.00  0.00     1
 31 JUL   76 First Pod     5886   7.05  14.0  206  3.5  0.00  0.00  0.00  0.00     3
  7 AUG   83 First Seed    6958   7.06  15.6  237  3.4  0.00  0.00  0.00  0.00     5
 26 AUG  102 End Pod       8561   5.19  18.8  280  3.3  0.00  0.00  0.00  0.00     5
 31 AUG  107 End Msnode    9007   4.68  19.3  294  3.3  0.02  0.00  0.00  0.00     5
 31 AUG  107 End Leaf      9007   4.68  19.3  294  3.3  0.00  0.00  0.00  0.00     5
 24 SEP  131 Phys. Mat    10327   3.38  19.3  348  3.4  0.00  0.00  0.00  0.00     7
  6 OCT  143 Harv. Mat     8637   0.23  19.3  316  3.7  0.00  0.04  0.00  0.00     8
 12 OCT  149 Harvest       8535   0.06  19.3  315  3.7  0.00  0.00  0.00  0.00     8


*MAIN GROWTH AND DEVELOPMENT VARIABLES

@     VARIABLE                                         SIMULATED     MEASURED
      --------                                         ---------     --------
      Emergence day (dap)                                     13          -99
      Anthesis day (dap)                                      62          -99
      First pod day (dap)                                     76          -99
      First seed day (dap)                                    83          -99
      Physiological maturity day (dap)                       131          -99
      Harvest maturity day (dap)                             143          -99
      Yield at harvest maturity (kg [dm]/ha)                4502         4271
      Pod/Ear/Panicle weight at maturity (kg [dm]/ha)       5954          -99
      Tops weight at anthesis (kg [dm]/ha)                  3402          -99
      Tops weight at maturity (kg [dm]/ha)                  8535          -99
      By-product produced (stalk) at maturity (kg[dm]/ha    4030          -99
      Number at maturity (no/m2)                            2788          -99
      Unit wt at maturity (g [dm]/unit)                   0.1615          -99
      Number at maturity (no/unit)                          2.20          -99
      Harvest index at maturity                            0.528          -99
      Threshing % at maturity                              75.63          -99
      Leaf area index, maximum                              7.12          -99
      Leaf number per stem at maturity                     19.33          -99
      Canopy height (m)                                     1.09          -99
      Tops N at anthesis (kg/ha)                             125          -99
      Tops N at maturity (kg/ha)                             315          -99
      Stem N at maturity (kg/ha)                              17          -99
      Grain N at maturity (kg/ha)                            281          -99
      Grain N at maturity (%)                               6.23          -99
      Grain oil at maturity (%)                            19.20          -99


*ENVIRONMENTAL AND STRESS FACTORS

 |-----Development Phase------|--------------------------------------Environment--------------------------------------|-----------------Stress-----------------|
                              |---------------Average--------------|-----Cumulative-----|--------Count of days--------|          (0=Min, 1=Max Stress)         |
                         Time  Temp  Temp  Temp Solar Photop                Evapo    Pot TMIN TMIN TMAX TMAX TMAX RAIN|----Water----|---Nitrogen--|-Phosphorus-|
                         Span   Max   Min  Mean   Rad  [day]    CO2   Rain  Trans     ET   <    <    >    >    >    >   Photo         Photo         Photo
                         days     C     C     C MJ/m2     hr    ppm     mm     mm    mm   0 C  2 C 30 C 32 C 34 C  0mm  synth Growth  synth Growth  synth Growth
----------------------------------------------------------------------------------------------------------------------------------------------------------------
 Emergence -First Flower   49  29.4  14.8  22.1  24.7  14.96  363.5  120.0  197.4  299.4    0    0   23   13    2   21  0.000  0.000  0.000  0.070  0.000  0.000
 First Flower-First Seed   21  31.5  17.1  24.3  23.1  14.39  363.7   69.0  113.3  113.8    0    0   13   10    5   17  0.000  0.000  0.000  0.000  0.000  0.000
 First Seed - Phys. Mat.   48  27.4  13.0  20.2  17.0  12.95  363.9  156.0  170.9  177.2    0    1   18    9    2   28  0.000  0.003  0.000  0.002  0.000  0.000
 Emergence  - Phys. Mat.  118  28.9  14.5  21.7  21.3  14.04  363.7  345.0  481.6  590.4    0    1   54   32    9   66  0.000  0.001  0.000  0.030  0.000  0.000
   
 Planting to Harvest      150  28.2  13.5  20.9  20.0  13.78  363.7  508.2  540.5  697.8    0    2   61   36   10   83  0.000  0.001  0.000  0.027  0.000  0.000
----------------------------------------------------------------------------------------------------------------------------------------------------------------


*Resource Productivity
 Growing season length: 150 days 

 Precipitation during growing season       508.2 mm[rain]
   Dry Matter Productivity                  1.68 kg[DM]/m3[rain]          =   16.8 kg[DM]/ha per mm[rain]
   Yield Productivity                       0.89 kg[grain yield]/m3[rain] =    8.9 kg[yield]/ha per mm[rain]

 Evapotranspiration during growing season  540.5 mm[ET]
   Dry Matter Productivity                  1.58 kg[DM]/m3[ET]            =   15.8 kg[DM]/ha per mm[ET]
   Yield Productivity                       0.83 kg[grain yield]/m3[ET]   =    8.3 kg[yield]/ha per mm[ET]

 Transpiration during growing season       396.4 mm[EP]
   Dry Matter Productivity                  2.15 kg[DM]/m3[EP]            =   21.5 kg[DM]/ha per mm[EP]
   Yield Productivity                       1.14 kg[grain yield]/m3[EP]   =   11.4 kg[yield]/ha per mm[EP]

 N uptake during growing season               28 kg[N uptake]/ha
   Dry Matter Productivity                 304.8 kg[DM]/kg[N uptake]
   Yield Productivity                      160.8 kg[yield]/kg[N uptake]

--------------------------------------------------------------------------------------------------------------

                   Soybean YIELD :     4502 kg/ha    [Dry weight] 

**************************************************************************************************************
