*SIMULATION OVERVIEW FILE

*DSSAT Cropping System Model Ver. 4.8.5.000 -release  APR 28, 2026 22:33:20

*RUN   1        : MG77_PD10_Jan06 - CAL     CRGRO048 PARA1801    1
 MODEL          : CRGRO048 - Soybean
 EXPERIMENT     : PARA1801 SB PLANT DENSITIES FOR MATURITY GROUPS IN LOW LATITUD
 DATA PATH      :
 TREATMENT  1   : MG77_PD10_Jan06 - CAL     CRGRO048


 CROP           : Soybean          CULTIVAR : MG77PA (13)      ECOTYPE :SB0777
 STARTING DATE  : JAN  1 2018
 PLANTING DATE  : JAN  6 2018      PLANTS/m2 :    10.0    ROW SPACING :  50.cm
 WEATHER        : PARA   2018
 SOIL           : BRPA080004     TEXTURE : C     -   Oxisol
 SOIL INIT COND : DEPTH:300cm EXTR. H2O:399.2mm  NO3:  9.2kg/ha  NH4:  2.0kg/ha
 WATER BALANCE  : IRRIGATE ON REPORTED DATE(S)
 IRRIGATION     :        0 mm IN     0 APPLICATIONS
 NITROGEN BAL.  : SOIL-N, N-UPTAKE & DYNAMIC N-FIXATION SIMULATION
 N-FERTILIZER   :       23 kg/ha IN     1 APPLICATIONS
 RESIDUE/MANURE : INITIAL :     0 kg/ha ;       0 kg/ha IN     0 APPLICATIONS
 ENVIRONM. OPT. : DAYL=    0.00  SRAD=    0.00  TMAX=    0.00  TMIN=    0.00
                  RAIN=    0.00  CO2 =    0.00  DEW =    0.00  WIND=    0.00
 SIMULATION OPT : WATER   :Y  NITROGEN:Y  N-FIX:Y  PHOSPH :N  PESTS  :N
                  PHOTO   :L  ET      :R  INFIL:R  HYDROL :R  SOM    :G
                  CO2 407ppm  NSWIT   :1  EVAP :R  SOIL   :2  STEMP  :D
 MANAGEMENT OPT : PLANTING:R  IRRIG   :R  FERT :R  RESIDUE:R  HARVEST:M
                  WEATHER :M  TILLAGE :N

*SUMMARY OF SOIL AND GENETIC INPUT PARAMETERS

   SOIL LOWER UPPER   SAT  EXTR  INIT   ROOT   BULK     pH    NO3    NH4    ORG
  DEPTH LIMIT LIMIT    SW    SW    SW   DIST   DENS                          C
   cm   cm3/cm3    cm3/cm3    cm3/cm3         g/cm3         ugN/g  ugN/g     %
-------------------------------------------------------------------------------
  0-  5 0.240 0.488 0.582 0.248 0.414   1.00   0.90   5.80   0.50   0.10   1.18
  5- 15 0.250 0.455 0.553 0.205 0.404   1.00   1.00   5.55   0.50   0.10  43.59
 15- 30 0.301 0.457 0.502 0.156 0.262   0.42   0.97   5.03   0.50   0.10  29.03
 30- 40 0.307 0.434 0.489 0.127 0.253   0.34   1.10   5.00   0.50   0.10   0.39
 40- 50 0.307 0.434 0.489 0.127 0.253   0.23   1.10   5.00   0.50   0.10   0.39
 50- 60 0.307 0.434 0.489 0.127 0.261   0.20   1.20   5.00   0.50   0.10   0.20
 60- 70 0.307 0.434 0.489 0.127 0.261   0.18   1.20   5.00   0.50   0.10   0.20
 70-100 0.307 0.434 0.489 0.127 0.256   0.16   1.32   4.90   0.50   0.10   0.30
100-125 0.307 0.434 0.489 0.127 0.256   0.04   1.32   4.90   0.50   0.10   0.20
125-150 0.307 0.434 0.489 0.127 0.256   0.04   1.32   4.90   0.50   0.10   0.20
150-160 0.307 0.434 0.489 0.127 0.434   0.00   1.32   4.90   0.01   0.01   0.20
160-230 0.307 0.434 0.489 0.127 0.434   0.00   1.32   4.90   0.01   0.01   0.20
230-300 0.307 0.434 0.489 0.127 0.434   0.00   1.32   4.90   0.01   0.01   0.20

TOT-300  91.1 131.0 148.0  39.9 105.9  <--cm   -  kg/ha-->    9.2    2.0 940253
SOIL ALBEDO    : 0.17      EVAPORATION LIMIT : 6.00         MIN. FACTOR  : 1.00
RUNOFF CURVE # :73.00      DRAINAGE RATE     : 0.40         FERT. FACTOR : 1.00

 Soybean          CULTIVAR: RB0002-MG77PA (13)        ECOTYPE: SB0777
 CSDVAR :11.80  PPSEN  : 0.32  EMG-FLW:25.00  FLW-FSD:10.50  FSD-PHM : 27.50
 WTPSD  :0.150  SDPDVR : 2.00  SDFDUR :18.20  PODDUR :10.00  XFRUIT  :  1.00
 THRESH : 76.0  SDPRO  :0.400  SDLIP   : 0.200


*SIMULATED CROP AND SOIL STATUS AT MAIN DEVELOPMENT STAGES

 RUN NO.     1     MG77_PD10_Jan06 - CAL   

        CROP GROWTH     BIOMASS         LEAF   CROP N     STRESS      STRESS                                           
   DATE  AGE STAGE        kg/ha    LAI   NUM  kg/ha  %   H2O  Nitr Phos1 Phos2  RSTG                                   
 ------  --- ----------   -----  -----  ----  ---  ---  ----  ----  ----  ----  ----                                   
  1 JAN    0 Start Sim        0   0.00   0.0    0  0.0  0.00  0.00  0.00  0.00     0
  6 JAN    0 Sowing           0   0.00   0.0    0  0.0  0.00  0.00  0.00  0.00     0
 11 JAN    5 Emergence        4   0.01   0.1    0  5.1  0.00  0.00  0.00  0.00     0
 11 JAN    5 End Juven.       4   0.01   0.1    0  5.1  0.00  0.00  0.00  0.00     0
 17 JAN   11 Flower Ind      10   0.02   1.0    0  5.0  0.00  0.00  0.00  0.00     0
 18 JAN   12 Unifoliate      12   0.03   1.3    1  5.1  0.00  0.00  0.00  0.00     0
 10 FEB   35 First Flwr     433   0.80   7.8   11  2.6  0.00  0.06  0.00  0.00     1
 17 FEB   42 First Pod      890   1.43   9.8   26  2.9  0.00  0.00  0.00  0.00     3
 23 FEB   48 End Msnode    1509   1.94  11.5   46  3.1  0.00  0.00  0.00  0.00     3
 25 FEB   50 First Seed    1704   2.05  11.5   52  3.1  0.00  0.00  0.00  0.00     5
 10 MAR   63 End Pod       3254   2.15  11.5  111  3.4  0.00  0.00  0.00  0.00     5
 13 MAR   66 End Leaf      3570   2.08  11.5  126  3.5  0.00  0.00  0.00  0.00     5
  2 APR   86 Phys. Mat     5162   1.58  11.5  208  4.0  0.12  0.01  0.00  0.00     7
 14 APR   98 Harv. Mat     4458   0.10  11.5  190  4.3  0.24  0.08  0.00  0.00     8
 14 APR   98 Harvest       4458   0.10  11.5  190  4.3  0.00  0.00  0.00  0.00     8


*MAIN GROWTH AND DEVELOPMENT VARIABLES

@     VARIABLE                                         SIMULATED     MEASURED
      --------                                         ---------     --------
      Emergence day (dap)                                      5            4
      Anthesis day (dap)                                      35           35
      First pod day (dap)                                     42          -99
      First seed day (dap)                                    50           49
      Physiological maturity day (dap)                        86           87
      Harvest maturity day (dap)                              98           97
      Yield at harvest maturity (kg [dm]/ha)                2790        3102.
      Pod/Ear/Panicle weight at maturity (kg [dm]/ha)       3702        4022.
      Tops weight at anthesis (kg [dm]/ha)                   433          -99
      Tops weight at maturity (kg [dm]/ha)                  4458        4790.
      By-product produced (stalk) at maturity (kg[dm]/ha    1670          -99
      Number at maturity (no/m2)                            1737         1809
      Unit wt at maturity (g [dm]/unit)                   0.1606        0.163
      Number at maturity (no/unit)                          2.00        2.144
      Harvest index at maturity                            0.626          -99
      Threshing % at maturity                              75.36          -99
      Leaf area index, maximum                              2.21        2.749
      Leaf number per stem at maturity                     11.52         11.4
      Canopy height (m)                                     0.70         0.42
      Tops N at anthesis (kg/ha)                              11          -99
      Tops N at maturity (kg/ha)                             190          -99
      Stem N at maturity (kg/ha)                               6          -99
      Grain N at maturity (kg/ha)                            170          -99
      Grain N at maturity (%)                               6.10          -99
      Grain oil at maturity (%)                            20.90          -99


*ENVIRONMENTAL AND STRESS FACTORS

 |-----Development Phase------|--------------------------------------Environment--------------------------------------|-----------------Stress-----------------|
                              |---------------Average--------------|-----Cumulative-----|--------Count of days--------|          (0=Min, 1=Max Stress)         |
                         Time  Temp  Temp  Temp Solar Photop                Evapo    Pot TMIN TMIN TMAX TMAX TMAX RAIN|----Water----|---Nitrogen--|-Phosphorus-|
                         Span   Max   Min  Mean   Rad  [day]    CO2   Rain  Trans     ET   <    <    >    >    >    >   Photo         Photo         Photo
                         days     C     C     C MJ/m2     hr    ppm     mm     mm    mm   0 C  2 C 30 C 32 C 34 C  0mm  synth Growth  synth Growth  synth Growth
----------------------------------------------------------------------------------------------------------------------------------------------------------------
 Emergence -First Flower   30  30.8  22.5  26.6  18.2  12.15  407.5  329.0   97.2  149.8    0    0   20    6    0   12  0.000  0.000  0.000  0.044  0.000  0.000
 First Flower-First Seed   15  29.5  22.7  26.1  17.9  12.10  407.6  155.0   60.7   67.6    0    0    7    0    0    6  0.000  0.000  0.000  0.002  0.000  0.000
 First Seed - Phys. Mat.   36  31.5  22.4  27.0  19.5  12.02  407.7  352.6  170.8  174.9    0    0   33   13    1   32  0.027  0.065  0.000  0.005  0.000  0.000
 Emergence  - Phys. Mat.   81  30.9  22.5  26.7  18.7  12.08  407.6  836.6  328.7  392.3    0    0   60   19    1   50  0.012  0.029  0.000  0.019  0.000  0.000
   
 Planting to Harvest       99  30.8  22.5  26.7  18.5  12.07  407.6   1320    397    473    0    0   73   21    1   62  0.023  0.053  0.000  0.025  0.000  0.000
----------------------------------------------------------------------------------------------------------------------------------------------------------------


*Resource Productivity
 Growing season length:  99 days 

 Precipitation during growing season      1319.7 mm[rain]
   Dry Matter Productivity                  0.34 kg[DM]/m3[rain]          =    3.4 kg[DM]/ha per mm[rain]
   Yield Productivity                       0.21 kg[grain yield]/m3[rain] =    2.1 kg[yield]/ha per mm[rain]

 Evapotranspiration during growing season  397.0 mm[ET]
   Dry Matter Productivity                  1.12 kg[DM]/m3[ET]            =   11.2 kg[DM]/ha per mm[ET]
   Yield Productivity                       0.70 kg[grain yield]/m3[ET]   =    7.0 kg[yield]/ha per mm[ET]

 Transpiration during growing season       164.1 mm[EP]
   Dry Matter Productivity                  2.72 kg[DM]/m3[EP]            =   27.2 kg[DM]/ha per mm[EP]
   Yield Productivity                       1.70 kg[grain yield]/m3[EP]   =   17.0 kg[yield]/ha per mm[EP]

 N applied during growing season             23. kg[N applied]/ha
   Dry Matter Productivity                 193.8 kg[DM]/kg[N applied]
   Yield Productivity                      121.3 kg[yield]/kg[N applied]

 N uptake during growing season                6 kg[N uptake]/ha
   Dry Matter Productivity                 743.0 kg[DM]/kg[N uptake]
   Yield Productivity                      465.0 kg[yield]/kg[N uptake]

--------------------------------------------------------------------------------------------------------------

                   Soybean YIELD :     2790 kg/ha    [Dry weight] 

**************************************************************************************************************
