*SIMULATION OVERVIEW FILE

*DSSAT Cropping System Model Ver. 4.8.5.000 -release  APR 28, 2026 22:33:05

*RUN   1        : 86 Good Disease Control   CRGRO048 UFGA8601    1
 MODEL          : CRGRO048 - Peanut
 EXPERIMENT     : UFGA8601 PN 1986 RAINFED, FLORUNNER,GOOD VS NO DISEASE CONTROL
 DATA PATH      :
 TREATMENT  1   : 86 Good Disease Control   CRGRO048


 CROP           : Peanut           CULTIVAR : FLORUNNER        ECOTYPE :PN0001
 STARTING DATE  : MAY 29 1986
 PLANTING DATE  : JUN  2 1986      PLANTS/m2 :    12.6    ROW SPACING :  91.cm
 HARVEST DATE   : OCT 21 1986
 WEATHER        : UFGA   1986
 SOIL           : IBPN910015     TEXTURE : S     -   Millhopper Fine Sand
 SOIL INIT COND : DEPTH:180cm EXTR. H2O:158.4mm  NO3: 22.8kg/ha  NH4: 16.5kg/ha
 WATER BALANCE  : IRRIGATE ON REPORTED DATE(S)
 IRRIGATION     :       19 mm IN     1 APPLICATIONS
 NITROGEN BAL.  : SOIL-N, N-UPTAKE & DYNAMIC N-FIXATION SIMULATION
 N-FERTILIZER   :        0 kg/ha IN     0 APPLICATIONS
 RESIDUE/MANURE : INITIAL :  1000 kg/ha ;       0 kg/ha IN     0 APPLICATIONS
 ENVIRONM. OPT. : DAYL=    0.00  SRAD=    0.00  TMAX=    0.00  TMIN=    0.00
                  RAIN=    0.00  CO2 =    0.00  DEW =    0.00  WIND=    0.00
 SIMULATION OPT : WATER   :Y  NITROGEN:Y  N-FIX:Y  PHOSPH :N  PESTS  :Y
                  PHOTO   :L  ET      :R  INFIL:S  HYDROL :R  SOM    :G
                  CO2 347ppm  NSWIT   :1  EVAP :R  SOIL   :2  STEMP  :D
 MANAGEMENT OPT : PLANTING:R  IRRIG   :R  FERT :R  RESIDUE:N  HARVEST:R
                  WEATHER :M  TILLAGE :N

*SUMMARY OF SOIL AND GENETIC INPUT PARAMETERS

   SOIL LOWER UPPER   SAT  EXTR  INIT   ROOT   BULK     pH    NO3    NH4    ORG
  DEPTH LIMIT LIMIT    SW    SW    SW   DIST   DENS                          C
   cm   cm3/cm3    cm3/cm3    cm3/cm3         g/cm3         ugN/g  ugN/g     %
-------------------------------------------------------------------------------
  0-  5 0.023 0.086 0.230 0.063 0.086   1.00   1.36   7.00   1.50   0.60   0.90
  5- 15 0.023 0.086 0.230 0.063 0.086   1.00   1.40   7.00   1.50   0.60   0.69
 15- 30 0.023 0.086 0.230 0.063 0.086   0.55   1.46   7.00   1.50   0.60   0.28
 30- 45 0.023 0.086 0.230 0.063 0.086   0.32   1.46   7.00   1.50   0.60   0.20
 45- 60 0.023 0.086 0.230 0.063 0.086   0.32   1.47   7.00   1.50   0.60   0.20
 60- 90 0.021 0.076 0.230 0.055 0.076   0.38   1.43   7.00   0.60   0.60   0.09
 90-120 0.020 0.076 0.230 0.056 0.076   0.40   1.48   7.00   0.50   0.60   0.03
120-150 0.027 0.130 0.230 0.103 0.130   0.30   1.57   7.00   0.50   0.60   0.03
150-180 0.070 0.258 0.360 0.188 0.258   0.20   1.79   7.00   0.50   0.60   0.03

TOT-180   5.5  21.4  45.3  15.8  21.4  <--cm   -  kg/ha-->   22.8   16.5  38919
SOIL ALBEDO    : 0.18      EVAPORATION LIMIT : 5.00         MIN. FACTOR  : 1.00
RUNOFF CURVE # :66.00      DRAINAGE RATE     : 0.50         FERT. FACTOR : 0.92

 Peanut           CULTIVAR: IB0002-FLORUNNER          ECOTYPE: PN0001
 CSDVAR :11.84  PPSEN  : 0.00  EMG-FLW:21.20  FLW-FSD:18.80  FSD-PHM : 74.30
 WTPSD  :0.690  SDPDVR : 1.65  SDFDUR :40.00  PODDUR :24.00  XFRUIT  :  0.92
 THRESH : 80.0  SDPRO  :0.270  SDLIP   : 0.510


*SIMULATED CROP AND SOIL STATUS AT MAIN DEVELOPMENT STAGES

 RUN NO.     1     86 Good Disease Control 

        CROP GROWTH     BIOMASS         LEAF   CROP N     STRESS      STRESS                                           
   DATE  AGE STAGE        kg/ha    LAI   NUM  kg/ha  %   H2O  Nitr Phos1 Phos2  RSTG                                   
 ------  --- ----------   -----  -----  ----  ---  ---  ----  ----  ----  ----  ----                                   
 29 MAY    0 Start Sim        0   0.00   0.0    0  0.0  0.00  0.00  0.00  0.00     0
  2 JUN    0 Sowing           0   0.00   0.0    0  0.0  0.00  0.00  0.00  0.00     0
  7 JUN    5 Emergence       26   0.03   0.0    1  4.8  0.00  0.00  0.00  0.00     0
  7 JUN    5 End Juven.      26   0.03   0.0    1  4.8  0.00  0.00  0.00  0.00     0
 11 JUN    9 Unifoliate      36   0.05   1.4    2  4.6  0.00  0.05  0.00  0.00     0
 27 JUN   25 Flower Ind     261   0.38   7.4    8  3.2  0.00  0.03  0.00  0.00     0
  1 JUL   29 First Flwr     420   0.60   8.5   14  3.4  0.09  0.00  0.00  0.00     1
 11 JUL   39 First Peg     1247   1.66  11.6   42  3.4  0.01  0.00  0.00  0.00     2
 15 JUL   43 First Pod     1620   1.95  12.5   54  3.3  0.31  0.00  0.00  0.00     3
 23 JUL   51 First Seed    2120   2.24  13.9   64  3.0  0.44  0.00  0.00  0.00     5
 17 SEP  107 End Msnode   10067   4.68  26.7  267  2.7  0.00  0.00  0.00  0.00     5
 10 OCT  130 End Pod      11826   4.35  26.7  317  2.7  0.17  0.00  0.00  0.00     8
 10 OCT  130 Phys. Mat    11826   4.35  26.7  317  2.7  0.00  0.00  0.00  0.00     8
 10 OCT  130 Harv. Mat    11826   4.35  26.7  317  2.7  0.00  0.00  0.00  0.00     8
 13 OCT  133 End Leaf     12118   4.34  26.7  319  2.6  0.00  0.39  0.00  0.00     8
 21 OCT  141 Harvest      12707   4.33  26.7  321  2.5  0.00  0.60  0.00  0.00     8


*MAIN GROWTH AND DEVELOPMENT VARIABLES

@     VARIABLE                                         SIMULATED     MEASURED
      --------                                         ---------     --------
      Emergence day (dap)                                      5          -99
      Anthesis day (dap)                                      29           28
      First pod day (dap)                                     43           50
      First seed day (dap)                                    51           60
      Physiological maturity day (dap)                       130          141
      Harvest maturity day (dap)                             130          -99
      Yield at harvest maturity (kg [dm]/ha)                4631        3843.
      Pod/Ear/Panicle weight at maturity (kg [dm]/ha)       5923        4983.
      Tops weight at anthesis (kg [dm]/ha)                   420          -99
      Tops weight at maturity (kg [dm]/ha)                 12707        12512
      By-product produced (stalk) at maturity (kg[dm]/ha    8080        5076.
      Number at maturity (no/m2)                             824         633.
      Unit wt at maturity (g [dm]/unit)                   0.5617        .6066
      Number at maturity (no/unit)                          1.64         1.55
      Harvest index at maturity                            0.364         .307
      Threshing % at maturity                              78.19        77.12
      Leaf area index, maximum                              4.85         7.51
      Leaf number per stem at maturity                     26.70          -99
      Canopy height (m)                                     0.61          -99
      Tops N at anthesis (kg/ha)                              14          -99
      Tops N at maturity (kg/ha)                             321          -99
      Stem N at maturity (kg/ha)                              42          -99
      Grain N at maturity (kg/ha)                            202          -99
      Grain N at maturity (%)                               4.36          -99
      Grain oil at maturity (%)                            50.96          -99


*ENVIRONMENTAL AND STRESS FACTORS

 |-----Development Phase------|--------------------------------------Environment--------------------------------------|-----------------Stress-----------------|
                              |---------------Average--------------|-----Cumulative-----|--------Count of days--------|          (0=Min, 1=Max Stress)         |
                         Time  Temp  Temp  Temp Solar Photop                Evapo    Pot TMIN TMIN TMAX TMAX TMAX RAIN|----Water----|---Nitrogen--|-Phosphorus-|
                         Span   Max   Min  Mean   Rad  [day]    CO2   Rain  Trans     ET   <    <    >    >    >    >   Photo         Photo         Photo
                         days     C     C     C MJ/m2     hr    ppm     mm     mm    mm   0 C  2 C 30 C 32 C 34 C  0mm  synth Growth  synth Growth  synth Growth
----------------------------------------------------------------------------------------------------------------------------------------------------------------
 Emergence -First Flower   24  32.9  21.1  27.0  21.1  13.89  347.0  133.0   47.2  133.5    0    0   22   19    7   12  0.000  0.015  0.000  0.025  0.000  0.000
 First Flower-First Seed   22  34.7  21.7  28.2  22.1  13.75  347.1  116.8   87.6  128.0    0    0   22   22   15    9  0.118  0.219  0.000  0.000  0.000  0.000
 First Seed - Phys. Mat.   79  32.7  21.2  26.9  17.5  12.57  347.3  413.4  331.7  341.0    0    0   71   58   14   40  0.023  0.050  0.000  0.000  0.000  0.000
 Emergence  - Phys. Mat.  125  33.1  21.3  27.2  19.0  13.03  347.2  663.2  466.4  602.6    0    0  115   99   36   61  0.035  0.073  0.000  0.005  0.000  0.000
   
 Planting to Harvest      142  32.7  20.8  26.7  18.8  12.92  347.2  674.0  510.0  673.5    0    0  125  107   41   64  0.031  0.064  0.000  0.046  0.000  0.000
----------------------------------------------------------------------------------------------------------------------------------------------------------------


*Resource Productivity
 Growing season length: 142 days 

 Precipitation during growing season       674.0 mm[rain]
   Dry Matter Productivity                  1.89 kg[DM]/m3[rain]          =   18.9 kg[DM]/ha per mm[rain]
   Yield Productivity                       0.69 kg[grain yield]/m3[rain] =    6.9 kg[yield]/ha per mm[rain]

 Evapotranspiration during growing season  510.0 mm[ET]
   Dry Matter Productivity                  2.49 kg[DM]/m3[ET]            =   24.9 kg[DM]/ha per mm[ET]
   Yield Productivity                       0.91 kg[grain yield]/m3[ET]   =    9.1 kg[yield]/ha per mm[ET]

 Transpiration during growing season       394.0 mm[EP]
   Dry Matter Productivity                  3.23 kg[DM]/m3[EP]            =   32.3 kg[DM]/ha per mm[EP]
   Yield Productivity                       1.18 kg[grain yield]/m3[EP]   =   11.8 kg[yield]/ha per mm[EP]

 Irrigation during growing season           19.0 mm[irrig]
   Dry Matter Productivity                 66.88 kg[DM]/m3[irrig]         =  668.8 kg[DM]/ha per mm[irrig]
   Yield Productivity                      24.37 kg[grain yield]/m3[irrig]=  243.7 kg[yield]/ha per mm[irrig]

 N uptake during growing season               35 kg[N uptake]/ha
   Dry Matter Productivity                 363.1 kg[DM]/kg[N uptake]
   Yield Productivity                      132.3 kg[yield]/kg[N uptake]

--------------------------------------------------------------------------------------------------------------

                    Peanut YIELD :     4631 kg/ha    [Dry weight] 

**************************************************************************************************************
