*SIMULATION OVERVIEW FILE

*DSSAT Cropping System Model Ver. 4.8.5.000 -release  APR 28, 2026 22:32:51

*RUN   1        : Irrigated DP 555 BG/RR    CRGRO048 GACM0401    1
 MODEL          : CRGRO048 - Cotton
 EXPERIMENT     : GACM0401 CO 2004 SIRP IRRIGATED VS RAINFED COTTON EXPERIMENT
 DATA PATH      :
 TREATMENT  1   : Irrigated DP 555 BG/RR    CRGRO048


 CROP           : Cotton           CULTIVAR : Deltapine 555 BG ECOTYPE :CO0005
 STARTING DATE  : APR 30 2004
 PLANTING DATE  : MAY  6 2004      PLANTS/m2 :    11.0    ROW SPACING :  90.cm
 WEATHER        : GACM   2004
 SOIL           : GAPL850009     TEXTURE : LS    - Lucy, Loamy Sand
 SOIL INIT COND : DEPTH:300cm EXTR. H2O:175.5mm  NO3: 82.0kg/ha  NH4: 10.2kg/ha
 WATER BALANCE  : AUTOMATIC IRRIGATION - REFILL PROFILE
 IRRIGATION     : AUTOMATIC [SOIL DEPTH: 0.40 m 60.%]
 NITROGEN BAL.  : SOIL-N & N-UPTAKE SIMULATION; NO N-FIXATION
 N-FERTILIZER   :       90 kg/ha IN     3 APPLICATIONS
 RESIDUE/MANURE : INITIAL :  4000 kg/ha ;       0 kg/ha IN     0 APPLICATIONS
 ENVIRONM. OPT. : DAYL=    0.00  SRAD=    0.00  TMAX=    0.00  TMIN=    0.00
                  RAIN=    0.00  CO2 =    0.00  DEW =    0.00  WIND=    0.00
 SIMULATION OPT : WATER   :Y  NITROGEN:Y  N-FIX:N  PHOSPH :N  PESTS  :N
                  PHOTO   :L  ET      :R  INFIL:S  HYDROL :R  SOM    :G
                  CO2 377ppm  NSWIT   :1  EVAP :R  SOIL   :1  STEMP  :D
 MANAGEMENT OPT : PLANTING:R  IRRIG   :A  FERT :R  RESIDUE:N  HARVEST:M
                  WEATHER :M  TILLAGE :Y

*SUMMARY OF SOIL AND GENETIC INPUT PARAMETERS

   SOIL LOWER UPPER   SAT  EXTR  INIT   ROOT   BULK     pH    NO3    NH4    ORG
  DEPTH LIMIT LIMIT    SW    SW    SW   DIST   DENS                          C
   cm   cm3/cm3    cm3/cm3    cm3/cm3         g/cm3         ugN/g  ugN/g     %
-------------------------------------------------------------------------------
  0-  5 0.066 0.129 0.378 0.063 0.129   1.00   1.58   4.50   1.60   0.20   0.65
  5- 15 0.066 0.129 0.378 0.063 0.129   1.00   1.58   4.50   1.60   0.20   0.65
 15- 30 0.081 0.143 0.369 0.062 0.143   0.79   1.61   4.82   1.60   0.20   0.38
 30- 45 0.094 0.155 0.361 0.061 0.155   0.60   1.64   5.10   1.60   0.20   0.15
 45- 60 0.094 0.155 0.361 0.061 0.155   0.60   1.64   5.10   1.60   0.20   0.15
 60- 90 0.106 0.167 0.358 0.061 0.167   0.43   1.65   5.25   1.60   0.20   0.14
 90-120 0.150 0.209 0.335 0.059 0.209   0.15   1.71   5.33   1.60   0.20   0.10
120-150 0.166 0.224 0.325 0.058 0.224   0.10   1.74   5.30   1.60   0.20   0.09
150-180 0.165 0.223 0.325 0.058 0.223   0.05   1.74   5.20   1.60   0.20   0.08
180-210 0.164 0.221 0.326 0.057 0.221   0.00   1.74   5.10   1.60   0.20   0.07
210-240 0.164 0.221 0.326 0.057 0.221   0.00   1.74   5.10   1.60   0.20   0.07
240-270 0.169 0.225 0.320 0.056 0.225   0.00   1.76   5.27   1.60   0.20   0.05
270-300 0.170 0.226 0.319 0.056 0.226   0.00   1.76   5.30   1.60   0.20   0.05

TOT-300  42.6  60.2 101.0  17.6  60.2  <--cm   -  kg/ha-->   82.0   10.2  65928
SOIL ALBEDO    : 0.17      EVAPORATION LIMIT : 6.00         MIN. FACTOR  : 1.00
RUNOFF CURVE # :76.00      DRAINAGE RATE     : 0.60         FERT. FACTOR : 0.93

 Cotton           CULTIVAR: IB0004-Deltapine 555 BG   ECOTYPE: CO0005
 CSDVAR :23.00  PPSEN  : 0.01  EMG-FLW:38.00  FLW-FSD:11.50  FSD-PHM : 42.00
 WTPSD  :0.180  SDPDVR : 27.0  SDFDUR :34.00  PODDUR :12.00  XFRUIT  :  0.77
 THRESH : 76.0  SDPRO  :0.153  SDLIP   : 0.120


*SIMULATED CROP AND SOIL STATUS AT MAIN DEVELOPMENT STAGES

 RUN NO.     1     Irrigated DP 555 BG/RR  

        CROP GROWTH     BIOMASS         LEAF   CROP N     STRESS      STRESS                                           
   DATE  AGE STAGE        kg/ha    LAI   NUM  kg/ha  %   H2O  Nitr Phos1 Phos2  RSTG                                   
 ------  --- ----------   -----  -----  ----  ---  ---  ----  ----  ----  ----  ----                                   
 30 APR    0 Start Sim        0   0.00   0.0    0  0.0  0.00  0.00  0.00  0.00     0
  6 MAY    0 Sowing           0   0.00   0.0    0  0.0  0.00  0.00  0.00  0.00     0
 13 MAY    7 Emergence        7   0.01   0.1    0  4.2  0.00  0.00  0.00  0.00     0
 13 MAY    7 End Juven.       7   0.01   0.1    0  4.2  0.00  0.00  0.00  0.00     0
 13 MAY    7 Flower Ind       7   0.01   0.1    0  4.2  0.00  0.00  0.00  0.00     0
 18 MAY   12 First Leaf      14   0.02   1.3    1  4.2  0.00  0.00  0.00  0.00     0
 29 JUN   54 Flowering     1525   1.50  13.4   49  3.2  0.00  0.00  0.00  0.00     1
  9 JUL   64 Boll > 6mm    2699   2.42  16.2   84  3.1  0.00  0.00  0.00  0.00     3
 14 JUL   69 First Seed    3429   2.80  17.6  105  3.1  0.00  0.00  0.00  0.00     5
  1 SEP  118 Bolls>.5sz   10299   2.37  21.6  179  1.7  0.01  0.04  0.00  0.00     5
  7 SEP  124 Cracked Bl   10448   2.37  22.3  180  1.7  0.00  0.26  0.00  0.00     7
 17 SEP  134 90%Open Bl   10595   2.17  24.3  176  1.7  0.00  0.29  0.00  0.00     8
 17 SEP  134 Harvest      10595   2.17  24.3  176  1.7  0.00  0.00  0.00  0.00     8


*MAIN GROWTH AND DEVELOPMENT VARIABLES

@     VARIABLE                                         SIMULATED     MEASURED
      --------                                         ---------     --------
      Emergence day (dap)                                      7          -99
      Anthesis day (dap)                                      54          -99
      First pod day (dap)                                     64          -99
      First seed day (dap)                                    69          -99
      Physiological maturity day (dap)                       124          -99
      Harvest maturity day (dap)                             134          -99
      Yield at harvest maturity (kg [dm]/ha)                4363         4329
      Economic Yield (ton/ha)                               1.70          -99
      Lint Percentage (%)                                   38.9          -99
      Pod/Ear/Panicle weight at maturity (kg [dm]/ha)       5768          -99
      Tops weight at anthesis (kg [dm]/ha)                  1525          -99
      Tops weight at maturity (kg [dm]/ha)                 10595          -99
      By-product produced (stalk) at maturity (kg[dm]/ha    6230          -99
      Number at maturity (no/m2)                            2594          -99
      Unit wt at maturity (g [dm]/unit)                   0.1682          -99
      Number at maturity (no/unit)                         27.00          -99
      Harvest index at maturity                            0.412          -99
      Threshing % at maturity                              75.65          -99
      Leaf area index, maximum                              3.11          -99
      Leaf number per stem at maturity                     24.30          -99
      Canopy height (m)                                     1.27          -99
      Tops N at anthesis (kg/ha)                              49          -99
      Tops N at maturity (kg/ha)                             176          -99
      Stem N at maturity (kg/ha)                              27          -99
      Grain N at maturity (kg/ha)                            110          -99
      Grain N at maturity (%)                               2.51          -99
      Grain oil at maturity (%)                            12.01          -99


*ENVIRONMENTAL AND STRESS FACTORS

 |-----Development Phase------|--------------------------------------Environment--------------------------------------|-----------------Stress-----------------|
                              |---------------Average--------------|-----Cumulative-----|--------Count of days--------|          (0=Min, 1=Max Stress)         |
                         Time  Temp  Temp  Temp Solar Photop                Evapo    Pot TMIN TMIN TMAX TMAX TMAX RAIN|----Water----|---Nitrogen--|-Phosphorus-|
                         Span   Max   Min  Mean   Rad  [day]    CO2   Rain  Trans     ET   <    <    >    >    >    >   Photo         Photo         Photo
                         days     C     C     C MJ/m2     hr    ppm     mm     mm    mm   0 C  2 C 30 C 32 C 34 C  0mm  synth Growth  synth Growth  synth Growth
----------------------------------------------------------------------------------------------------------------------------------------------------------------
 Emergence -First Flower   47  32.2  20.5  26.3  21.8  13.91  377.2  151.2  111.1  267.5    0    0   41   28    4   19  0.000  0.000  0.000  0.000  0.000  0.000
 First Flower-First Seed   15  33.3  22.0  27.6  23.9  13.94  377.3   11.7   79.5   90.7    0    0   15   11    6    3  0.000  0.003  0.000  0.000  0.000  0.000
 First Seed - Phys. Mat.   55  32.3  21.4  26.9  20.2  13.20  377.4  302.2  269.3  274.8    0    0   47   34   10   20  0.000  0.007  0.000  0.062  0.000  0.000
 Emergence  - Phys. Mat.  117  32.4  21.1  26.8  21.3  13.58  377.3  465.1  459.9  633.1    0    0  103   73   20   42  0.000  0.004  0.000  0.029  0.000  0.000
   
 Planting to Harvest      135  32.1  21.0  26.5  20.9  13.47  377.3  485.7  494.7  714.1    0    0  115   76   20   47  0.000  0.003  0.000  0.047  0.000  0.000
----------------------------------------------------------------------------------------------------------------------------------------------------------------


*Resource Productivity
 Growing season length: 135 days 

 Precipitation during growing season       485.7 mm[rain]
   Dry Matter Productivity                  2.18 kg[DM]/m3[rain]          =   21.8 kg[DM]/ha per mm[rain]
   Yield Productivity                       0.90 kg[grain yield]/m3[rain] =    9.0 kg[yield]/ha per mm[rain]

 Evapotranspiration during growing season  494.7 mm[ET]
   Dry Matter Productivity                  2.14 kg[DM]/m3[ET]            =   21.4 kg[DM]/ha per mm[ET]
   Yield Productivity                       0.88 kg[grain yield]/m3[ET]   =    8.8 kg[yield]/ha per mm[ET]

 Transpiration during growing season       336.7 mm[EP]
   Dry Matter Productivity                  3.15 kg[DM]/m3[EP]            =   31.5 kg[DM]/ha per mm[EP]
   Yield Productivity                       1.30 kg[grain yield]/m3[EP]   =   13.0 kg[yield]/ha per mm[EP]

 Irrigation during growing season          194.4 mm[irrig]
   Dry Matter Productivity                  5.45 kg[DM]/m3[irrig]         =   54.5 kg[DM]/ha per mm[irrig]
   Yield Productivity                       2.24 kg[grain yield]/m3[irrig]=   22.4 kg[yield]/ha per mm[irrig]

 N applied during growing season             90. kg[N applied]/ha
   Dry Matter Productivity                 117.7 kg[DM]/kg[N applied]
   Yield Productivity                       48.5 kg[yield]/kg[N applied]

 N uptake during growing season              217 kg[N uptake]/ha
   Dry Matter Productivity                  48.8 kg[DM]/kg[N uptake]
   Yield Productivity                       20.1 kg[yield]/kg[N uptake]

--------------------------------------------------------------------------------------------------------------

                    Cotton YIELD :     4363 kg/ha    [Dry weight] 

**************************************************************************************************************
