*SIMULATION OVERVIEW FILE

*DSSAT Cropping System Model Ver. 4.8.5.000 -release  APR 28, 2026 22:33:14

*RUN   1        : S1, R1, B1                CRGRO048 UHIH1703    1
 MODEL          : CRGRO048 - Safflower
 EXPERIMENT     : UHIH1703 SF TWO CVS * PLANT DENSITY & SPACING; 2017; UNIV OF H
 DATA PATH      :
 TREATMENT  1   : S1, R1, B1                CRGRO048


 CROP           : Safflower        CULTIVAR : Goldschopf       ECOTYPE :BW0001
 STARTING DATE  : APR 21 2017
 PLANTING DATE  : APR 25 2017      PLANTS/m2 :    36.0    ROW SPACING :  12.cm
 HARVEST DATE   : AUG 29 2017
 WEATHER        : UHIH   2017
 SOIL           : UH00002020     TEXTURE : L     -   UHIH2017
 SOIL INIT COND : DEPTH:180cm EXTR. H2O:307.8mm  NO3:  0.0kg/ha  NH4:  0.0kg/ha
 WATER BALANCE  : RAINFED
 IRRIGATION     : NOT IRRIGATED
 NITROGEN BAL.  : NOT SIMULATED ; NO N-STRESS
 N-FERTILIZER   :
 RESIDUE/MANURE :
 ENVIRONM. OPT. : DAYL=    0.00  SRAD=    0.00  TMAX=    0.00  TMIN=    0.00
                  RAIN=    0.00  CO2 =    0.00  DEW =    0.00  WIND=    0.00
 SIMULATION OPT : WATER   :Y  NITROGEN:N  N-FIX:N  PHOSPH :N  PESTS  :N
                  PHOTO   :L  ET      :R  INFIL:S  HYDROL :R  SOM    :G
                  CO2 406ppm  NSWIT   :1  EVAP :R  SOIL   :2  STEMP  :D
 MANAGEMENT OPT : PLANTING:R  IRRIG   :N  FERT :N  RESIDUE:N  HARVEST:R
                  WEATHER :M  TILLAGE :Y

*SUMMARY OF SOIL AND GENETIC INPUT PARAMETERS

   SOIL LOWER UPPER   SAT  EXTR  INIT   ROOT   BULK     pH    NO3    NH4    ORG
  DEPTH LIMIT LIMIT    SW    SW    SW   DIST   DENS                          C
   cm   cm3/cm3    cm3/cm3    cm3/cm3         g/cm3         ugN/g  ugN/g     %
-------------------------------------------------------------------------------
  0-  5 0.229 0.406 0.482 0.177 0.406   1.00   1.40   0.00  17.80   0.00   1.24
  5- 15 0.229 0.406 0.482 0.177 0.406   1.00   1.40   0.00  17.80   0.00   1.24
 15- 30 0.229 0.406 0.482 0.177 0.406   1.00   1.40   0.00  17.80   0.00   1.24
 30- 45 0.229 0.406 0.465 0.177 0.406   0.55   1.50   0.00   8.20   0.00   0.65
 45- 60 0.229 0.406 0.465 0.177 0.406   0.55   1.50   0.00   8.20   0.00   0.65
 60- 90 0.238 0.406 0.468 0.168 0.406   0.40   1.60   0.00   2.40   0.00   0.55
 90-120 0.238 0.406 0.468 0.168 0.406   0.30   1.60   0.00   2.40   0.00   0.55
120-150 0.238 0.406 0.468 0.168 0.406   0.20   1.60   0.00   2.40   0.00   0.55
150-180 0.238 0.406 0.468 0.168 0.406   0.10   1.60   0.00   2.40   0.00   0.55

TOT-180  42.3  73.1  84.6  30.8  73.1  <--cm   -  kg/ha-->    0.0    0.0      0
SOIL ALBEDO    : 0.11      EVAPORATION LIMIT : 6.00         MIN. FACTOR  : 1.00
RUNOFF CURVE # :73.00      DRAINAGE RATE     : 0.30         FERT. FACTOR : 1.00

 Safflower        CULTIVAR: UH0001-Goldschopf         ECOTYPE: BW0001
 CSDVAR :23.00  PPSEN  : 0.00  EMG-FLW:10.30  FLW-FSD:13.00  FSD-PHM : 28.50
 WTPSD  :0.064  SDPDVR : 22.2  SDFDUR :30.00  PODDUR :19.00  XFRUIT  :  0.67
 THRESH : 55.0  SDPRO  :0.140  SDLIP   : 0.330


*SIMULATED CROP AND SOIL STATUS AT MAIN DEVELOPMENT STAGES

 RUN NO.     1     S1, R1, B1              

        CROP GROWTH     BIOMASS         LEAF   CROP N     STRESS      STRESS                                           
   DATE  AGE STAGE        kg/ha    LAI   NUM  kg/ha  %   H2O  Nitr Phos1 Phos2  RSTG                                   
 ------  --- ----------   -----  -----  ----  ---  ---  ----  ----  ----  ----  ----                                   
 21 APR    0 Start Sim        0   0.00   0.0    0  0.0  0.00  0.00  0.00  0.00     0
 25 APR    0 Sowing           0   0.00   0.0    0  0.0  0.00  0.00  0.00  0.00     0
 15 MAY   20 Emergence        7   0.01   0.1    0  4.5  0.00  0.00  0.00  0.00     0
 15 MAY   20 End Juven.       7   0.01   0.1    0  4.5  0.00  0.00  0.00  0.00     0
 20 MAY   25 Unifoliate      16   0.03   1.3    1  4.4  0.00  0.00  0.00  0.00     0
 29 MAY   34 Flower Ind     138   0.20   7.6    5  3.9  0.00  0.00  0.00  0.00     0
 13 JUN   49 Star burst    1582   1.69  18.2   52  3.3  0.00  0.00  0.00  0.00     1
 20 JUN   56 1st thalam    3325   2.98  23.8   99  3.0  0.00  0.00  0.00  0.00     3
  3 JUL   69 1st Flw/Sd    6691   3.56  34.2  167  2.5  0.00  0.00  0.00  0.00     5
  4 JUL   70 End Msnode    6981   3.54  35.0  171  2.5  0.00  0.00  0.00  0.00     5
 10 JUL   76 End Leaf      8206   3.31  35.0  179  2.2  0.00  0.00  0.00  0.00     5
 18 JUL   84 End Sd-add    9872   3.10  35.0  200  2.0  0.00  0.00  0.00  0.00     5
 18 AUG  115 Phys. Mat    13619   2.42  35.0  201  1.5  0.00  0.00  0.00  0.00     7
 29 AUG  126 Harvest      12734   0.74  35.0  190  1.5  0.00  0.00  0.00  0.00     7


*MAIN GROWTH AND DEVELOPMENT VARIABLES

@     VARIABLE                                         SIMULATED     MEASURED
      --------                                         ---------     --------
      Emergence day (dap)                                     20           15
      Anthesis day (dap)                                      49          -99
      First pod day (dap)                                     56           56
      First seed day (dap)                                    69           84
      Physiological maturity day (dap)                       115          114
      Yield at harvest maturity (kg [dm]/ha)                3585          -99
      Pod/Ear/Panicle weight at maturity (kg [dm]/ha)       7053          -99
      Tops weight at anthesis (kg [dm]/ha)                  1582          -99
      Tops weight at maturity (kg [dm]/ha)                 12734        7129.
      By-product produced (stalk) at maturity (kg[dm]/ha    9150          -99
      Number at maturity (no/m2)                            6172          -99
      Unit wt at maturity (g [dm]/unit)                   0.0581          -99
      Number at maturity (no/unit)                         22.25          -99
      Harvest index at maturity                            0.282          -99
      Threshing % at maturity                              50.84          -99
      Leaf area index, maximum                              3.61          -99
      Leaf number per stem at maturity                     34.97          -99
      Canopy height (m)                                     0.92          -99
      Tops N at anthesis (kg/ha)                              52          -99
      Tops N at maturity (kg/ha)                             190        132.2
      Stem N at maturity (kg/ha)                              27          -99
      Grain N at maturity (kg/ha)                            123          -99
      Grain N at maturity (%)                               3.43          -99
      Grain oil at maturity (%)                            26.30          -99


*ENVIRONMENTAL AND STRESS FACTORS

 |-----Development Phase------|--------------------------------------Environment--------------------------------------|-----------------Stress-----------------|
                              |---------------Average--------------|-----Cumulative-----|--------Count of days--------|          (0=Min, 1=Max Stress)         |
                         Time  Temp  Temp  Temp Solar Photop                Evapo    Pot TMIN TMIN TMAX TMAX TMAX RAIN|----Water----|---Nitrogen--|-Phosphorus-|
                         Span   Max   Min  Mean   Rad  [day]    CO2   Rain  Trans     ET   <    <    >    >    >    >   Photo         Photo         Photo
                         days     C     C     C MJ/m2     hr    ppm     mm     mm    mm   0 C  2 C 30 C 32 C 34 C  0mm  synth Growth  synth Growth  synth Growth
----------------------------------------------------------------------------------------------------------------------------------------------------------------
 Emergence -First Flower   29  22.4   9.7  16.0  22.7  15.56  406.2   38.7   65.1  148.9    0    0    1    0    0   13  0.000  0.000  0.000  0.000  0.000  0.000
 First Flower-First Seed   20  24.6  13.3  19.0  23.1  15.93  406.4   46.5   87.1   99.3    0    0    3    0    0    8  0.000  0.000  0.000  0.000  0.000  0.000
 First Seed - Phys. Mat.   46  23.4  13.1  18.2  17.3  15.07  406.5  163.9  155.3  166.1    0    0    1    0    0   33  0.000  0.000  0.000  0.000  0.000  0.000
 Emergence  - Phys. Mat.   95  23.3  12.1  17.7  20.2  15.40  406.4  249.1  307.5  414.3    0    0    5    0    0   54  0.000  0.000  0.000  0.000  0.000  0.000
   
 Planting to Harvest      127  21.9  10.8  16.3  19.0  15.11  406.4  305.1  384.9  514.4    0    5    5    0    0   75  0.000  0.000  0.000  0.000  0.000  0.000
----------------------------------------------------------------------------------------------------------------------------------------------------------------


*Resource Productivity
 Growing season length: 127 days 

 Precipitation during growing season       305.1 mm[rain]
   Dry Matter Productivity                  4.17 kg[DM]/m3[rain]          =   41.7 kg[DM]/ha per mm[rain]
   Yield Productivity                       1.18 kg[grain yield]/m3[rain] =   11.8 kg[yield]/ha per mm[rain]

 Evapotranspiration during growing season  384.9 mm[ET]
   Dry Matter Productivity                  3.31 kg[DM]/m3[ET]            =   33.1 kg[DM]/ha per mm[ET]
   Yield Productivity                       0.93 kg[grain yield]/m3[ET]   =    9.3 kg[yield]/ha per mm[ET]

 Transpiration during growing season       243.9 mm[EP]
   Dry Matter Productivity                  5.22 kg[DM]/m3[EP]            =   52.2 kg[DM]/ha per mm[EP]
   Yield Productivity                       1.47 kg[grain yield]/m3[EP]   =   14.7 kg[yield]/ha per mm[EP]

--------------------------------------------------------------------------------------------------------------

                 Safflower YIELD :     3585 kg/ha    [Dry weight] 

**************************************************************************************************************
