*SIMULATION OVERVIEW FILE

*DSSAT Cropping System Model Ver. 4.8.5.000 -release  APR 28, 2026 22:33:02

*RUN   1        : III - FULL IRRIGATION     MZCER048 SIAZ9501    1
 MODEL          : MZCER048 - Maize
 EXPERIMENT     : SIAZ9501 MZ 1995 SIA EXPERIMENT, ZARAGOSA, SPAIN
 DATA PATH      :
 TREATMENT  1   : III - FULL IRRIGATION     MZCER048


 CROP           : Maize            CULTIVAR : Prisma GC Avg    ECOTYPE :IB0001
 STARTING DATE  : MAY 16 1995
 PLANTING DATE  : MAY 17 1995      PLANTS/m2 :     8.0    ROW SPACING :   1.cm
 WEATHER        : SIAZ   1995
 SOIL           : SIAZ950001     TEXTURE : L     - Shallow loam
 SOIL INIT COND : DEPTH: 80cm EXTR. H2O:142.6mm  NO3: 15.4kg/ha  NH4:  2.2kg/ha
 WATER BALANCE  : IRRIGATE ON REPORTED DATE(S)
 IRRIGATION     :      568 mm IN     9 APPLICATIONS
 NITROGEN BAL.  : SOIL-N & N-UPTAKE SIMULATION; NO N-FIXATION
 N-FERTILIZER   :      300 kg/ha IN     2 APPLICATIONS
 RESIDUE/MANURE : INITIAL :     0 kg/ha ;       0 kg/ha IN     0 APPLICATIONS
 ENVIRONM. OPT. : DAYL=    0.00  SRAD=    0.00  TMAX=    0.00  TMIN=    0.00
                  RAIN=    0.00  CO2 =    0.00  DEW =    0.00  WIND=    0.00
 SIMULATION OPT : WATER   :Y  NITROGEN:Y  N-FIX:N  PHOSPH :N  PESTS  :N
                  PHOTO   :R  ET      :R  INFIL:S  HYDROL :R  SOM    :G
                  CO2 361ppm  NSWIT   :1  EVAP :S  SOIL   :2  STEMP  :D
 MANAGEMENT OPT : PLANTING:R  IRRIG   :R  FERT :R  RESIDUE:R  HARVEST:M
                  WEATHER :M  TILLAGE :Y

*SUMMARY OF SOIL AND GENETIC INPUT PARAMETERS

   SOIL LOWER UPPER   SAT  EXTR  INIT   ROOT   BULK     pH    NO3    NH4    ORG
  DEPTH LIMIT LIMIT    SW    SW    SW   DIST   DENS                          C
   cm   cm3/cm3    cm3/cm3    cm3/cm3         g/cm3         ugN/g  ugN/g     %
-------------------------------------------------------------------------------
  0-  5 0.103 0.267 0.368 0.164 0.203   1.00   1.32   8.30   2.10   0.20   0.95
  5- 15 0.103 0.267 0.368 0.164 0.203   1.00   1.32   8.30   2.10   0.20   0.95
 15- 30 0.103 0.267 0.368 0.164 0.203   1.00   1.32   8.30   2.10   0.20   0.95
 30- 45 0.091 0.275 0.333 0.184 0.282   0.30   1.38   8.30   1.10   0.20   0.49
 45- 60 0.091 0.275 0.333 0.184 0.282   0.30   1.38   8.30   1.10   0.20   0.49
 60- 70 0.080 0.271 0.342 0.191 0.223   0.15   1.38   8.40   0.90   0.20   0.43
 70- 80 0.080 0.271 0.342 0.191 0.223   0.15   1.38   8.40   0.90   0.20   0.43

TOT- 80   7.4  21.7  27.9  14.3  19.0  <--cm   -  kg/ha-->   15.4    2.2  69774
SOIL ALBEDO    : 0.13      EVAPORATION LIMIT : 9.30         MIN. FACTOR  : 1.00
RUNOFF CURVE # :76.00      DRAINAGE RATE     : 0.60         FERT. FACTOR : 1.00

 Maize            CULTIVAR: ZA0002-Prisma GC Avg      ECOTYPE: IB0001
 P1     : 280.00  P2     : 0.3000  P5     : 789.00
 G2     : 700.00  G3     :  6.050  PHINT  : 48.000


*SIMULATED CROP AND SOIL STATUS AT MAIN DEVELOPMENT STAGES

 RUN NO.     1     III - FULL IRRIGATION   

        CROP GROWTH     BIOMASS         LEAF   CROP N     STRESS      STRESS                                           
   DATE  AGE STAGE        kg/ha    LAI   NUM  kg/ha  %   H2O  Nitr Phos1 Phos2  RSTG                                   
 ------  --- ----------   -----  -----  ----  ---  ---  ----  ----  ----  ----  ----                                   
 16 MAY    0 Start Sim        0   0.00   0.0    0  0.0  0.00  0.00  0.00  0.00     7
 17 MAY    0 Sowing           0   0.00   0.0    0  0.0  0.00  0.00  0.00  0.00     8
 18 MAY    1 Germinate        0   0.00   0.0    0  0.0  0.00  0.00  0.00  0.00     9
 24 MAY    7 Emergence       32   0.00   1.9    1  4.4  0.00  0.01  0.00  0.00     1
 17 JUN   31 End Juveni     259   0.51   8.6    9  3.5  0.00  0.00  0.00  0.00     2
 23 JUN   37 Floral Ini     664   1.10  10.9   24  3.6  0.00  0.00  0.00  0.00     3
  3 AUG   78 75% Silkin   12253   5.57  22.5  244  2.0  0.00  0.00  0.00  0.00     4
 13 AUG   88 Beg Gr Fil   15786   5.02  22.5  244  1.5  0.00  0.00  0.00  0.00     5
  2 OCT  138 End Gr Fil   26552   2.60  22.5  268  1.0  0.00  0.04  0.00  0.00     6
  5 OCT  141 Maturity     26552   2.60  22.5  268  1.0  0.00  0.31  0.00  0.00    10
  5 OCT  141 Harvest      26552   2.60  22.5  268  1.0  0.00  0.00  0.00  0.00    10


*MAIN GROWTH AND DEVELOPMENT VARIABLES

@     VARIABLE                                         SIMULATED     MEASURED
      --------                                         ---------     --------
      Anthesis day (dap)                                      78           78
      Physiological maturity day (dap)                       141          141
      Yield at harvest maturity (kg [dm]/ha)               10990        10960
      Number at maturity (no/m2)                            3696          -99
      Unit wt at maturity (g [dm]/unit)                   0.2973        0.309
      Number at maturity (no/unit)                         462.0         531.
      Tops weight at maturity (kg [dm]/ha)                 26552        23970
      By-product produced (stalk) at maturity (kg[dm]/ha   15672          -99
      Leaf area index, maximum                              5.64         6.15
      Harvest index at maturity                            0.414         0.46
      Grain N at maturity (kg/ha)                            182          -99
      Tops N at maturity (kg/ha)                             268          -99
      Stem N at maturity (kg/ha)                              86          -99
      Grain N at maturity (%)                                1.7          -99
      Tops weight at anthesis (kg [dm]/ha)                 11796          -99
      Tops N at anthesis (kg/ha)                             239          -99
      Leaf number per stem at maturity                     22.47          -99
      Emergence day (dap)                                      7          -99


*ENVIRONMENTAL AND STRESS FACTORS

 |-----Development Phase------|--------------------------------------Environment--------------------------------------|-----------------Stress-----------------|
                              |---------------Average--------------|-----Cumulative-----|--------Count of days--------|          (0=Min, 1=Max Stress)         |
                         Time  Temp  Temp  Temp Solar Photop                Evapo    Pot TMIN TMIN TMAX TMAX TMAX RAIN|----Water----|---Nitrogen--|-Phosphorus-|
                         Span   Max   Min  Mean   Rad  [day]    CO2   Rain  Trans     ET   <    <    >    >    >    >   Photo         Photo         Photo
                         days     C     C     C MJ/m2     hr    ppm     mm     mm    mm   0 C  2 C 30 C 32 C 34 C  0mm  synth Growth  synth Growth  synth Growth
----------------------------------------------------------------------------------------------------------------------------------------------------------------
 Emergence-End Juvenile    24  25.1  12.2  18.6  25.5  14.83  360.5    3.0   35.2  143.7    0    0    1    1    0    5  0.000  0.000  0.002  0.006  0.000  0.000
 End Juvenil-Floral Init    6  31.7  16.0  23.8  24.4  15.00  360.7    0.0   22.0   37.2    0    0    4    2    1    0  0.000  0.000  0.001  0.002  0.000  0.000
 Floral Init-End Lf Grow   41  32.2  17.2  24.7  25.1  14.70  360.8   11.2  243.2  251.3    0    0   33   25   12    7  0.000  0.000  0.000  0.000  0.000  0.000
 End Lf Grth-Beg Grn Fil   10  31.7  18.5  25.1  23.6  13.98  360.9   14.2   56.0   56.1    0    0    7    5    3    2  0.000  0.000  0.000  0.000  0.000  0.000
 Grain Filling Phase       50  25.9  13.2  19.5  19.6  12.66  361.1   11.6  210.9  211.6    0    0    7    1    1    5  0.000  0.000  0.013  0.032  0.000  0.000
   
 Planting to Harvest      141  28.2  14.5  21.4  22.6  13.88  360.8   45.0  588.1  741.2    0    0   52   34   17   21  0.000  0.000  0.008  0.019  0.000  0.000
----------------------------------------------------------------------------------------------------------------------------------------------------------------


*Resource Productivity
 Growing season length: 141 days 

 Precipitation during growing season        45.0 mm[rain]
   Dry Matter Productivity                 59.01 kg[DM]/m3[rain]          =  590.1 kg[DM]/ha per mm[rain]
   Yield Productivity                      24.42 kg[grain yield]/m3[rain] =  244.2 kg[yield]/ha per mm[rain]

 Evapotranspiration during growing season  588.1 mm[ET]
   Dry Matter Productivity                  4.51 kg[DM]/m3[ET]            =   45.1 kg[DM]/ha per mm[ET]
   Yield Productivity                       1.87 kg[grain yield]/m3[ET]   =   18.7 kg[yield]/ha per mm[ET]

 Transpiration during growing season       505.2 mm[EP]
   Dry Matter Productivity                  5.26 kg[DM]/m3[EP]            =   52.6 kg[DM]/ha per mm[EP]
   Yield Productivity                       2.18 kg[grain yield]/m3[EP]   =   21.8 kg[yield]/ha per mm[EP]

 Irrigation during growing season          568.0 mm[irrig]
   Dry Matter Productivity                  4.67 kg[DM]/m3[irrig]         =   46.7 kg[DM]/ha per mm[irrig]
   Yield Productivity                       1.93 kg[grain yield]/m3[irrig]=   19.3 kg[yield]/ha per mm[irrig]

 N applied during growing season            300. kg[N applied]/ha
   Dry Matter Productivity                  88.5 kg[DM]/kg[N applied]
   Yield Productivity                       36.6 kg[yield]/kg[N applied]

 N uptake during growing season              347 kg[N uptake]/ha
   Dry Matter Productivity                  76.5 kg[DM]/kg[N uptake]
   Yield Productivity                       31.7 kg[yield]/kg[N uptake]

--------------------------------------------------------------------------------------------------------------

                     Maize YIELD :    10990 kg/ha    [Dry weight] 

**************************************************************************************************************
