*SIMULATION OVERVIEW FILE

*DSSAT Cropping System Model Ver. 4.8.5.000 -release  APR 28, 2026 22:33:11

*RUN   1        : I1 T1 Russet Burbank      PTSUB048 WAPA9402    1
 MODEL          : PTSUB048 - Potato
 EXPERIMENT     : WAPA9402 PT PATERSON, WASHINGTON - 1994
 DATA PATH      :
 TREATMENT  1   : I1 T1 Russet Burbank      PTSUB048


 CROP           : Potato           CULTIVAR : Russet Burbank   ECOTYPE :IB0001
 STARTING DATE  : MAR  1 1994
 PLANTING DATE  : APR  5 1994      PLANTS/m2 :     4.6    ROW SPACING :  86.cm
 HARVEST DATE   : AUG 15 1994
 WEATHER        : WAPA   1994
 SOIL           : WAPA920016     TEXTURE : S     -   Quincy Sand
 SOIL INIT COND : DEPTH: 60cm EXTR. H2O: 60.0mm  NO3: 25.6kg/ha  NH4: 30.2kg/ha
 WATER BALANCE  : IRRIGATE ON REPORTED DATE(S)
 IRRIGATION     :      588 mm IN    85 APPLICATIONS
 NITROGEN BAL.  : SOIL-N & N-UPTAKE SIMULATION; NO N-FIXATION
 N-FERTILIZER   :      471 kg/ha IN    15 APPLICATIONS
 RESIDUE/MANURE : INITIAL :     0 kg/ha ;    1500 kg/ha IN     1 APPLICATIONS
 ENVIRONM. OPT. : DAYL=    0.00  SRAD=    0.00  TMAX=    0.00  TMIN=    0.00
                  RAIN=    0.00  CO2 =    0.00  DEW =    0.00  WIND=    0.00
 SIMULATION OPT : WATER   :Y  NITROGEN:Y  N-FIX:N  PHOSPH :N  PESTS  :N
                  PHOTO   :C  ET      :R  INFIL:S  HYDROL :R  SOM    :G
                  CO2 358ppm  NSWIT   :1  EVAP :R  SOIL   :2  STEMP  :D
 MANAGEMENT OPT : PLANTING:R  IRRIG   :R  FERT :R  RESIDUE:R  HARVEST:R
                  WEATHER :M  TILLAGE :Y

*SUMMARY OF SOIL AND GENETIC INPUT PARAMETERS

   SOIL LOWER UPPER   SAT  EXTR  INIT   ROOT   BULK     pH    NO3    NH4    ORG
  DEPTH LIMIT LIMIT    SW    SW    SW   DIST   DENS                          C
   cm   cm3/cm3    cm3/cm3    cm3/cm3         g/cm3         ugN/g  ugN/g     %
-------------------------------------------------------------------------------
  0-  5 0.050 0.150 0.300 0.100 0.260   1.00   1.55   7.60   4.00   5.00   0.50
  5- 15 0.050 0.150 0.300 0.100 0.260   1.00   1.55   7.60   4.00   5.00   0.50
 15- 30 0.050 0.150 0.300 0.100 0.304   0.64   1.55   8.00   3.00   4.00   0.50
 30- 45 0.050 0.150 0.300 0.100 0.280   0.41   1.55   8.30   2.00   2.00   0.50
 45- 60 0.050 0.150 0.300 0.100 0.280   0.41   1.55   8.30   2.00   2.00   0.50

TOT- 60   3.0   9.0  18.0   6.0  16.9  <--cm   -  kg/ha-->   25.6   30.2  46500
SOIL ALBEDO    : 0.13      EVAPORATION LIMIT : 6.20         MIN. FACTOR  : 1.00
RUNOFF CURVE # :64.00      DRAINAGE RATE     : 0.80         FERT. FACTOR : 1.00

 Potato           CULTIVAR: IB0003-Russet Burbank     ECOTYPE: IB0001
 G2     :1522.00  G3     :21.5900
 PD     :   0.54  P2     :  0.313  TC     : 18.760


*SIMULATED CROP AND SOIL STATUS AT MAIN DEVELOPMENT STAGES

 RUN NO.     1     I1 T1 Russet Burbank    

        CROP GROWTH     BIOMASS         LEAF   CROP N     STRESS      STRESS                                           
   DATE  AGE STAGE        kg/ha    LAI   NUM  kg/ha  %   H2O  Nitr Phos1 Phos2  RSTG                                   
 ------  --- ----------   -----  -----  ----  ---  ---  ----  ----  ----  ----  ----                                   
  1 MAR    0 Start Sim        0   0.00   0.0    0  0.0  0.00  0.00  0.00  0.00     5
  5 APR    0 Sowing           0   0.00   0.0    0  0.0  0.00  0.00  0.00  0.00     7
 28 APR   23 Emergence       13   0.02   0.0    6 48.3  0.00  0.00  0.00  0.00     1
 23 MAY   48 Beg Tuber     2348   3.59   0.0 1005 42.8  0.00  0.00  0.00  0.00     2
 15 AUG  132 Harvest      16512   0.11   0.0 3919 23.7  0.00  0.00  0.00  0.00     2


*MAIN GROWTH AND DEVELOPMENT VARIABLES

@     VARIABLE                                         SIMULATED     MEASURED
      --------                                         ---------     --------
      Tuber initiation day (dap)                              48           41
      Physiological maturity day (dap)                       -99          132
      Tuber dry weight (kg [dm]/ha) harvest                13264        16748
      Tuber fresh weight (Mg [fm]/ha) harvest              66.32         80.2
      Total wt, harvest (kg [dm]/ha)                       16512          -99
      By-product produced (stalk) at maturity (kg[dm]/ha   75955          -99
      Leaf area index, maximum                              6.15         4.70
      Tuber N at harvest (kg/ha)                          195.06        239.2
      Tuber+stem+leaf N at harvest (kg/ha)                196.86          -99
      Tops N at maturity (kg/ha)                          196.86          -99
      Tuber N at harvest (%)                               1.471         1.26
      Emergence day (dap)                                     23           21


*ENVIRONMENTAL AND STRESS FACTORS

 |-----Development Phase------|--------------------------------------Environment--------------------------------------|-----------------Stress-----------------|
                              |---------------Average--------------|-----Cumulative-----|--------Count of days--------|          (0=Min, 1=Max Stress)         |
                         Time  Temp  Temp  Temp Solar Photop                Evapo    Pot TMIN TMIN TMAX TMAX TMAX RAIN|----Water----|---Nitrogen--|-Phosphorus-|
                         Span   Max   Min  Mean   Rad  [day]    CO2   Rain  Trans     ET   <    <    >    >    >    >   Photo         Photo         Photo
                         days     C     C     C MJ/m2     hr    ppm     mm     mm    mm   0 C  2 C 30 C 32 C 34 C  0mm  synth Growth  synth Growth  synth Growth
----------------------------------------------------------------------------------------------------------------------------------------------------------------
 Emergence-Begin Tuber     25  24.1   8.4  16.3  22.0  14.51  358.3   57.1   84.5  118.4    0    2    5    1    0    6  0.000  0.000  0.000  0.000  0.000  0.000
 Begin Tuber-Maturity      85  30.7  12.3  21.5  26.8  15.12  358.6   22.0  455.1  505.9    0    0   47   41   28   13  0.000  0.000  0.000  0.004  0.000  0.000
   
 Planting to Harvest      133  27.8  10.5  19.2  24.6  14.70  358.5   94.6  567.5  712.2    0    4   53   42   28   27  0.000  0.000  0.000  0.003  0.000  0.000
----------------------------------------------------------------------------------------------------------------------------------------------------------------


*Resource Productivity
 Growing season length: 133 days 

 Precipitation during growing season        94.6 mm[rain]
   Dry Matter Productivity                 17.45 kg[DM]/m3[rain]          =  174.5 kg[DM]/ha per mm[rain]
   Yield Productivity                      14.02 kg[grain yield]/m3[rain] =  140.2 kg[yield]/ha per mm[rain]

 Evapotranspiration during growing season  567.5 mm[ET]
   Dry Matter Productivity                  2.91 kg[DM]/m3[ET]            =   29.1 kg[DM]/ha per mm[ET]
   Yield Productivity                       2.34 kg[grain yield]/m3[ET]   =   23.4 kg[yield]/ha per mm[ET]

 Transpiration during growing season       408.7 mm[EP]
   Dry Matter Productivity                  4.04 kg[DM]/m3[EP]            =   40.4 kg[DM]/ha per mm[EP]
   Yield Productivity                       3.25 kg[grain yield]/m3[EP]   =   32.5 kg[yield]/ha per mm[EP]

 Irrigation during growing season          588.4 mm[irrig]
   Dry Matter Productivity                  2.81 kg[DM]/m3[irrig]         =   28.1 kg[DM]/ha per mm[irrig]
   Yield Productivity                       2.25 kg[grain yield]/m3[irrig]=   22.5 kg[yield]/ha per mm[irrig]

 N applied during growing season            471. kg[N applied]/ha
   Dry Matter Productivity                  35.1 kg[DM]/kg[N applied]
   Yield Productivity                       28.2 kg[yield]/kg[N applied]

 N uptake during growing season              480 kg[N uptake]/ha
   Dry Matter Productivity                  34.4 kg[DM]/kg[N uptake]
   Yield Productivity                       27.6 kg[yield]/kg[N uptake]

--------------------------------------------------------------------------------------------------------------

                    Potato YIELD :    13264 kg/ha    [Dry weight] 

**************************************************************************************************************
