*WARNING DETAIL FILE

******************************************************************************

*DSSAT Cropping System Model Ver. 4.8.5.000 -release  APR 28, 2026 22:32:43

*RUN   1        : Tifton85 28D Irrig        PRFRM048 SPPI1101    1
 MODEL          : PRFRM048 - Bermudagrass
 EXPERIMENT     : SPPI1101 BM TIFTON 85
 DATA PATH      :
 TREATMENT  1   : Tifton85 28D Irrig        PRFRM048
  

 SOILDYN  YEAR DOY = 2011   1
 Initial soil water content > SAT.                                             
                                                                               
          FileX           Revised                                              
 Layer  Init SW      SAT  Init SW                                              
     1    0.519    0.480    0.480                                              
     2    0.519    0.480    0.480                                              

 SOILDYN  YEAR DOY = 2011   1
 Soil photosynthesis factor (SLPF) = 0.95                                      

 FRHARV  YEAR DOY = 2011   1
 File not found. Please check file name or create file.                        
 File: SPPI1101.MOW                                                            
    Line:     0                                                                
    Error key: FRHARV                                                          
 Simulations terminated.                                                       
