*SIMULATION OVERVIEW FILE

*DSSAT Cropping System Model Ver. 4.8.5.000 -release  APR 28, 2026 22:33:01

*RUN   1        : 25/15 T; 400 ppm          MZCER048 GAGR0201    1
 MODEL          : MZCER048 - Maize
 EXPERIMENT     : GAGR0201 MZ 2002 ENVIROTRON CONTROL STUDY
 DATA PATH      :
 TREATMENT  1   : 25/15 T; 400 ppm          MZCER048


 CROP           : Maize            CULTIVAR : PIO 31G98        ECOTYPE :IB0003
 STARTING DATE  : OCT  1 2002
 PLANTING DATE  : OCT 30 2002      PLANTS/m2 :    16.0    ROW SPACING :  35.cm
 HARVEST DATE   : DEC 13 2002
 WEATHER        : GAGR   2002
 SOIL           : IBMZ910114     TEXTURE : S     -   Millhopper Fine Sand
 SOIL INIT COND : DEPTH:180cm EXTR. H2O:160.9mm  NO3: 19.1kg/ha  NH4:  2.6kg/ha
 WATER BALANCE  : AUTOMATIC IRRIGATION - REFILL PROFILE
 IRRIGATION     : AUTOMATIC [SOIL DEPTH: 0.30 m 50.%]
 NITROGEN BAL.  : SOIL-N & N-UPTAKE SIMULATION; NO N-FIXATION
 N-FERTILIZER   :      150 kg/ha IN     5 APPLICATIONS
 RESIDUE/MANURE : INITIAL :     0 kg/ha ;       0 kg/ha IN     0 APPLICATIONS
 ENVIRONM. OPT. : DAYL= R 16.00  SRAD= R 18.70  TMAX= R 25.00  TMIN= R 15.00
                  RAIN= A  0.00  CO2 = R 400.0  DEW =A  0.00  WIND=A  0.00
 SIMULATION OPT : WATER   :Y  NITROGEN:Y  N-FIX:N  PHOSPH :N  PESTS  :N
                  PHOTO   :C  ET      :R  INFIL:S  HYDROL :R  SOM    :G
                  CO2 374ppm  NSWIT   :1  EVAP :R  SOIL   :2  STEMP  :D
 MANAGEMENT OPT : PLANTING:R  IRRIG   :A  FERT :R  RESIDUE:R  HARVEST:R
                  WEATHER :M  TILLAGE :N

*SUMMARY OF SOIL AND GENETIC INPUT PARAMETERS

   SOIL LOWER UPPER   SAT  EXTR  INIT   ROOT   BULK     pH    NO3    NH4    ORG
  DEPTH LIMIT LIMIT    SW    SW    SW   DIST   DENS                          C
   cm   cm3/cm3    cm3/cm3    cm3/cm3         g/cm3         ugN/g  ugN/g     %
-------------------------------------------------------------------------------
  0-  5 0.026 0.096 0.230 0.070 0.210   1.00   1.30   7.00   2.30   0.30   2.00
  5- 15 0.025 0.086 0.230 0.061 0.210   1.00   1.30   7.00   2.30   0.30   1.00
 15- 30 0.025 0.086 0.230 0.061 0.210   0.70   1.40   7.00   2.30   0.30   1.00
 30- 45 0.025 0.086 0.230 0.061 0.210   0.30   1.40   7.00   2.30   0.30   0.50
 45- 60 0.025 0.086 0.230 0.061 0.210   0.30   1.40   7.00   2.30   0.30   0.50
 60- 90 0.028 0.090 0.230 0.062 0.210   0.05   1.45   7.00   0.01   0.01   0.10
 90-120 0.028 0.090 0.230 0.062 0.210   0.03   1.45   7.00   0.01   0.01   0.10
120-150 0.029 0.130 0.230 0.101 0.210   0.00   1.45   7.00   0.01   0.01   0.04
150-180 0.070 0.258 0.360 0.188 0.210   0.00   1.20   7.00   0.01   0.01   0.24

TOT-180   6.2  22.2  45.3  16.1  37.8  <--cm   -  kg/ha-->   19.1    2.6  87080
SOIL ALBEDO    : 0.18      EVAPORATION LIMIT : 2.00         MIN. FACTOR  : 1.00
RUNOFF CURVE # :60.00      DRAINAGE RATE     : 0.65         FERT. FACTOR : 0.72

 Maize            CULTIVAR: IB0071-PIO 31G98          ECOTYPE: IB0003
 P1     : 165.00  P2     : 0.7500  P5     : 680.00
 G2     : 820.40  G3     :  6.600  PHINT  : 48.000


*SIMULATED CROP AND SOIL STATUS AT MAIN DEVELOPMENT STAGES

 RUN NO.     1     25/15 T; 400 ppm        

        CROP GROWTH     BIOMASS         LEAF   CROP N     STRESS      STRESS                                           
   DATE  AGE STAGE        kg/ha    LAI   NUM  kg/ha  %   H2O  Nitr Phos1 Phos2  RSTG                                   
 ------  --- ----------   -----  -----  ----  ---  ---  ----  ----  ----  ----  ----                                   
  1 OCT    0 Start Sim        0   0.00   0.0    0  0.0  0.00  0.00  0.00  0.00     7
 30 OCT    0 Sowing           0   0.00   0.0    0  0.0  0.00  0.00  0.00  0.00     8
  3 NOV    4 Germinate        0   0.00   0.0    0  0.0  0.00  0.00  0.00  0.00     9
  9 NOV   10 Emergence       64   0.01   1.9    3  4.4  0.00  0.01  0.00  0.00     1
 22 NOV   23 End Juveni     138   0.30   6.0    5  3.4  0.00  0.01  0.00  0.00     2
 29 NOV   30 Floral Ini     298   0.62   7.8   11  3.8  0.24  0.00  0.00  0.00     3
 13 DEC   44 Harvest       1163   1.85  11.5   37  3.1  0.12  0.00  0.00  0.00     3


*MAIN GROWTH AND DEVELOPMENT VARIABLES

@     VARIABLE                                         SIMULATED     MEASURED
      --------                                         ---------     --------
      Anthesis day (dap)                                     -99          -99
      Physiological maturity day (dap)                       -99          -99
      Yield at harvest maturity (kg [dm]/ha)                   0          -99
      Number at maturity (no/m2)                               0          -99
      Unit wt at maturity (g [dm]/unit)                   0.0000          -99
      Number at maturity (no/unit)                           0.0          -99
      Tops weight at maturity (kg [dm]/ha)                  1163          -99
      By-product produced (stalk) at maturity (kg[dm]/ha    1165          -99
      Leaf area index, maximum                              1.85          -99
      Harvest index at maturity                            0.000          -99
      Grain N at maturity (kg/ha)                              0          -99
      Tops N at maturity (kg/ha)                              37          -99
      Stem N at maturity (kg/ha)                              37          -99
      Grain N at maturity (%)                                0.0          -99
      Tops weight at anthesis (kg [dm]/ha)                     0          -99
      Tops N at anthesis (kg/ha)                               0          -99
      Leaf number per stem at maturity                     11.52          -99
      Emergence day (dap)                                     10          -99


*ENVIRONMENTAL AND STRESS FACTORS

 |-----Development Phase------|--------------------------------------Environment--------------------------------------|-----------------Stress-----------------|
                              |---------------Average--------------|-----Cumulative-----|--------Count of days--------|          (0=Min, 1=Max Stress)         |
                         Time  Temp  Temp  Temp Solar Photop                Evapo    Pot TMIN TMIN TMAX TMAX TMAX RAIN|----Water----|---Nitrogen--|-Phosphorus-|
                         Span   Max   Min  Mean   Rad  [day]    CO2   Rain  Trans     ET   <    <    >    >    >    >   Photo         Photo         Photo
                         days     C     C     C MJ/m2     hr    ppm     mm     mm    mm   0 C  2 C 30 C 32 C 34 C  0mm  synth Growth  synth Growth  synth Growth
----------------------------------------------------------------------------------------------------------------------------------------------------------------
 Emergence-End Juvenile    13  25.0  15.0  20.0  18.7  16.00  400.0  101.6   17.5   56.4    0    0    0    0    0    6  0.000  0.000  0.003  0.009  0.000  0.000
 End Juvenil-Floral Init    7  25.0  15.0  20.0  18.7  16.00  400.0    0.0    9.7   29.5    0    0    0    0    0    0  0.076  0.242  0.001  0.002  0.000  0.000
 Floral Init-End Lf Grow   15  25.0  15.0  20.0  18.7  16.00  400.0   54.8   46.3   62.5    0    0    0    0    0    4  0.037  0.110  0.000  0.000  0.000  0.000
   
 Planting to Harvest       44  25.0  15.0  20.0  18.7  16.00  400.0  154.9   84.6  188.1    0    0    0    0    0   13  0.025  0.076  0.001  0.003  0.000  0.000
----------------------------------------------------------------------------------------------------------------------------------------------------------------


*Resource Productivity
 Growing season length:  44 days 

 Precipitation during growing season       154.9 mm[rain]
   Dry Matter Productivity                  0.75 kg[DM]/m3[rain]          =    7.5 kg[DM]/ha per mm[rain]
   Yield Productivity                       0.00 kg[grain yield]/m3[rain] =    0.0 kg[yield]/ha per mm[rain]

 Evapotranspiration during growing season   84.6 mm[ET]
   Dry Matter Productivity                  1.37 kg[DM]/m3[ET]            =   13.7 kg[DM]/ha per mm[ET]
   Yield Productivity                       0.00 kg[grain yield]/m3[ET]   =    0.0 kg[yield]/ha per mm[ET]

 Transpiration during growing season        39.4 mm[EP]
   Dry Matter Productivity                  2.95 kg[DM]/m3[EP]            =   29.5 kg[DM]/ha per mm[EP]
   Yield Productivity                       0.00 kg[grain yield]/m3[EP]   =    0.0 kg[yield]/ha per mm[EP]

 Irrigation during growing season           44.5 mm[irrig]
   Dry Matter Productivity                  2.61 kg[DM]/m3[irrig]         =   26.1 kg[DM]/ha per mm[irrig]
   Yield Productivity                       0.00 kg[grain yield]/m3[irrig]=    0.0 kg[yield]/ha per mm[irrig]

 N applied during growing season            150. kg[N applied]/ha
   Dry Matter Productivity                   7.8 kg[DM]/kg[N applied]
   Yield Productivity                        0.0 kg[yield]/kg[N applied]

 N uptake during growing season               35 kg[N uptake]/ha
   Dry Matter Productivity                  33.2 kg[DM]/kg[N uptake]
   Yield Productivity                        0.0 kg[yield]/kg[N uptake]

--------------------------------------------------------------------------------------------------------------

                     Maize YIELD :        0 kg/ha    [Dry weight] 

**************************************************************************************************************
