*SIMULATION OVERVIEW FILE

*DSSAT Cropping System Model Ver. 4.8.5.000 -release  APR 28, 2026 22:33:00

*RUN   1        : 2002, Morton              CRGRO048 WASP0201    1
 MODEL          : CRGRO048 - Lentil
 EXPERIMENT     : WASP0201 LT WINTER LENTIL AT WSU, WASHINGTON 2002-2014
 DATA PATH      :
 TREATMENT  1   : 2002, Morton              CRGRO048


 CROP           : Lentil           CULTIVAR : Morton [W]       ECOTYPE :WINTER
 STARTING DATE  : AUG 18 2001
 PLANTING DATE  : OCT  4 2001      PLANTS/m2 :   100.0    ROW SPACING :  18.cm
 WEATHER        : WAPU   2001
 SOIL           : CF_LTAR057     TEXTURE : SIL   -   Calculated from CAF plo
 SOIL INIT COND : DEPTH:155cm EXTR. H2O:321.3mm  NO3: 17.1kg/ha  NH4:  3.9kg/ha
 WATER BALANCE  : IRRIGATE ON REPORTED DATE(S)
 IRRIGATION     :        0 mm IN     0 APPLICATIONS
 NITROGEN BAL.  : SOIL-N, N-UPTAKE & DYNAMIC N-FIXATION SIMULATION
 N-FERTILIZER   :        0 kg/ha IN     0 APPLICATIONS
 RESIDUE/MANURE : INITIAL :     0 kg/ha ;       0 kg/ha IN     0 APPLICATIONS
 ENVIRONM. OPT. : DAYL=    0.00  SRAD=    0.00  TMAX=    0.00  TMIN=    0.00
                  RAIN=    0.00  CO2 =    0.00  DEW =    0.00  WIND=    0.00
 SIMULATION OPT : WATER   :Y  NITROGEN:Y  N-FIX:Y  PHOSPH :N  PESTS  :N
                  PHOTO   :L  ET      :F  INFIL:S  HYDROL :R  SOM    :P
                  CO2 371ppm  NSWIT   :1  EVAP :R  SOIL   :2  STEMP  :D
 MANAGEMENT OPT : PLANTING:R  IRRIG   :R  FERT :R  RESIDUE:N  HARVEST:M
                  WEATHER :M  TILLAGE :N

*SUMMARY OF SOIL AND GENETIC INPUT PARAMETERS

   SOIL LOWER UPPER   SAT  EXTR  INIT   ROOT   BULK     pH    NO3    NH4    ORG
  DEPTH LIMIT LIMIT    SW    SW    SW   DIST   DENS                          C
   cm   cm3/cm3    cm3/cm3    cm3/cm3         g/cm3         ugN/g  ugN/g     %
-------------------------------------------------------------------------------
  0-  5 0.130 0.330 0.450 0.200 0.300   1.00   1.33   5.20   2.60   0.10   2.19
  5- 15 0.130 0.330 0.450 0.200 0.300   1.00   1.33   5.25   2.50   0.10   2.09
 15- 20 0.130 0.330 0.450 0.200 0.300   1.00   1.33   5.30   2.40   0.10   1.98
 20- 30 0.130 0.330 0.450 0.200 0.300   1.00   1.39   6.10   1.30   0.20   0.88
 30- 39 0.130 0.330 0.450 0.200 0.300   1.00   1.39   6.20   1.10   0.20   0.50
 39- 49 0.130 0.330 0.450 0.200 0.300   1.00   1.39   6.20   1.10   0.20   0.50
 49- 60 0.130 0.330 0.450 0.200 0.300   0.70   1.40   6.60   1.10   0.20   0.38
 60- 72 0.130 0.330 0.450 0.200 0.300   0.70   1.40   6.60   1.10   0.20   0.38
 72- 83 0.130 0.330 0.450 0.200 0.300   0.70   1.40   6.60   0.83   0.20   0.38
 83- 98 0.130 0.340 0.450 0.210 0.300   0.70   1.34   6.70   0.10   0.20   0.33
 98-114 0.130 0.340 0.450 0.210 0.300   0.70   1.34   6.70   0.10   0.20   0.33
114-133 0.130 0.350 0.450 0.220 0.300   0.25   1.31   7.50   0.10   0.20   0.82
133-153 0.130 0.350 0.450 0.220 0.300   0.25   1.31   7.50   0.10   0.20   0.82
153-155 0.130 0.350 0.450 0.220 0.300   0.00   1.31   7.50   0.10   0.20   0.82

TOT-155  20.1  52.3  69.8  32.1  46.5  <--cm   -  kg/ha-->   17.1    3.9 156736
SOIL ALBEDO    : 0.17      EVAPORATION LIMIT : 6.00         MIN. FACTOR  : 1.00
RUNOFF CURVE # :80.00      DRAINAGE RATE     : 0.50         FERT. FACTOR : 1.00

 Lentil           CULTIVAR: WA0016-Morton [W]         ECOTYPE: WINTER
 CSDVAR :17.00  PPSEN  :-0.07  EMG-FLW:30.10  FLW-FSD:10.00  FSD-PHM : 27.70
 WTPSD  :0.040  SDPDVR : 2.00  SDFDUR :20.00  PODDUR :14.00  XFRUIT  :  1.00
 THRESH : 77.0  SDPRO  :0.225  SDLIP   : 0.020


*SIMULATED CROP AND SOIL STATUS AT MAIN DEVELOPMENT STAGES

 RUN NO.     1     2002, Morton            

        CROP GROWTH     BIOMASS         LEAF   CROP N     STRESS      STRESS                                           
   DATE  AGE STAGE        kg/ha    LAI   NUM  kg/ha  %   H2O  Nitr Phos1 Phos2  RSTG                                   
 ------  --- ----------   -----  -----  ----  ---  ---  ----  ----  ----  ----  ----                                   
 18 AUG    0 Start Sim        0   0.00   0.0    0  0.0  0.00  0.00  0.00  0.00     0
  4 OCT    0 Sowing           0   0.00   0.0    0  0.0  0.00  0.00  0.00  0.00     0
 14 OCT   10 Emergence       12   0.03   0.0    0  3.3  0.00  0.00  0.00  0.00     0
 27 OCT   23 Unifoliate      24   0.05   1.1    1  3.3  0.00  0.00  0.00  0.00     0
  5 NOV   32 End Juven.      38   0.07   1.8    1  3.3  0.00  0.00  0.00  0.00     0
  2 APR  180 Flower Ind     173   0.26   4.4    5  3.2  0.00  0.00  0.00  0.00     0
  4 JUN  243 First Flwr    1914   1.45  11.2   43  2.3  0.00  0.05  0.00  0.00     1
 17 JUN  256 First Pod     2949   1.75  13.4   64  2.2  0.00  0.00  0.00  0.00     3
 22 JUN  261 First Seed    3449   1.80  14.3   73  2.1  0.00  0.00  0.00  0.00     5
 28 JUN  267 End Leaf      4208   1.79  15.7   86  2.0  0.00  0.00  0.00  0.00     5
  6 JUL  275 End Msnode    5128   1.74  16.9  103  2.0  0.00  0.00  0.00  0.00     5
 13 JUL  282 End Pod       5761   1.68  16.9  114  2.0  0.00  0.00  0.00  0.00     5
 27 JUL  296 Phys. Mat     6507   1.60  16.9  129  2.0  0.17  0.00  0.00  0.00     7
 30 JUL  299 Harv. Mat     5938   0.88  16.9  119  2.0  0.46  0.00  0.00  0.00     8
 30 JUL  299 Harvest       5938   0.88  16.9  119  2.0  0.00  0.00  0.00  0.00     8


*MAIN GROWTH AND DEVELOPMENT VARIABLES

@     VARIABLE                                         SIMULATED     MEASURED
      --------                                         ---------     --------
      Emergence day (dap)                                     10          -99
      Anthesis day (dap)                                     243          -99
      First pod day (dap)                                    256          -99
      First seed day (dap)                                   261          -99
      Physiological maturity day (dap)                       296          -99
      Harvest maturity day (dap)                             299          -99
      Yield at harvest maturity (kg [dm]/ha)                2204         1498
      Pod/Ear/Panicle weight at maturity (kg [dm]/ha)       2859          -99
      Tops weight at anthesis (kg [dm]/ha)                  1914          -99
      Tops weight at maturity (kg [dm]/ha)                  5938          -99
      By-product produced (stalk) at maturity (kg[dm]/ha    3730          -99
      Number at maturity (no/m2)                            6212          -99
      Unit wt at maturity (g [dm]/unit)                   0.0355        0.033
      Number at maturity (no/unit)                          2.00          -99
      Harvest index at maturity                            0.371          -99
      Threshing % at maturity                              77.09          -99
      Leaf area index, maximum                              1.81          -99
      Leaf number per stem at maturity                     16.86          -99
      Canopy height (m)                                     0.41          -99
      Tops N at anthesis (kg/ha)                              43          -99
      Tops N at maturity (kg/ha)                             119          -99
      Stem N at maturity (kg/ha)                              23          -99
      Grain N at maturity (kg/ha)                             76          -99
      Grain N at maturity (%)                               3.45          -99
      Grain oil at maturity (%)                             1.81          -99


*ENVIRONMENTAL AND STRESS FACTORS

 |-----Development Phase------|--------------------------------------Environment--------------------------------------|-----------------Stress-----------------|
                              |---------------Average--------------|-----Cumulative-----|--------Count of days--------|          (0=Min, 1=Max Stress)         |
                         Time  Temp  Temp  Temp Solar Photop                Evapo    Pot TMIN TMIN TMAX TMAX TMAX RAIN|----Water----|---Nitrogen--|-Phosphorus-|
                         Span   Max   Min  Mean   Rad  [day]    CO2   Rain  Trans     ET   <    <    >    >    >    >   Photo         Photo         Photo
                         days     C     C     C MJ/m2     hr    ppm     mm     mm    mm   0 C  2 C 30 C 32 C 34 C  0mm  synth Growth  synth Growth  synth Growth
----------------------------------------------------------------------------------------------------------------------------------------------------------------
 Emergence -First Flower  233   8.0  -0.2   3.9  10.7  10.92  372.0  447.0  297.3  421.8  121  155    0    0    0   75  0.000  0.000  0.000  0.015  0.000  0.000
 First Flower-First Seed   18  20.8   6.9  13.8  24.2  15.61  372.7   20.4   61.5   84.8    0    1    0    0    0    1  0.000  0.000  0.000  0.000  0.000  0.000
 First Seed - Phys. Mat.   35  28.0  10.5  19.3  26.3  15.39  372.9   30.1  142.4  202.7    0    0   14    7    4    7  0.013  0.067  0.000  0.000  0.000  0.000
 Emergence  - Phys. Mat.  286  11.3   1.6   6.4  13.4  11.76  372.2  497.5  501.2  709.3  121  156   14    7    4   83  0.002  0.008  0.000  0.012  0.000  0.000
   
 Planting to Harvest      300  11.5   1.6   6.6  13.5  11.76  372.1  517.4  518.1  756.7  125  163   14    7    4   85  0.003  0.012  0.000  0.012  0.000  0.000
----------------------------------------------------------------------------------------------------------------------------------------------------------------


*Resource Productivity
 Growing season length: 300 days 

 Precipitation during growing season       517.4 mm[rain]
   Dry Matter Productivity                  1.15 kg[DM]/m3[rain]          =   11.5 kg[DM]/ha per mm[rain]
   Yield Productivity                       0.43 kg[grain yield]/m3[rain] =    4.3 kg[yield]/ha per mm[rain]

 Evapotranspiration during growing season  518.1 mm[ET]
   Dry Matter Productivity                  1.15 kg[DM]/m3[ET]            =   11.5 kg[DM]/ha per mm[ET]
   Yield Productivity                       0.43 kg[grain yield]/m3[ET]   =    4.3 kg[yield]/ha per mm[ET]

 Transpiration during growing season       240.6 mm[EP]
   Dry Matter Productivity                  2.47 kg[DM]/m3[EP]            =   24.7 kg[DM]/ha per mm[EP]
   Yield Productivity                       0.92 kg[grain yield]/m3[EP]   =    9.2 kg[yield]/ha per mm[EP]

 N uptake during growing season               42 kg[N uptake]/ha
   Dry Matter Productivity                 141.4 kg[DM]/kg[N uptake]
   Yield Productivity                       52.5 kg[yield]/kg[N uptake]

--------------------------------------------------------------------------------------------------------------

                    Lentil YIELD :     2204 kg/ha    [Dry weight] 

**************************************************************************************************************
