*SIMULATION OVERVIEW FILE

*DSSAT Cropping System Model Ver. 4.8.5.000 -release  APR 28, 2026 22:33:02

*RUN   1        : III - FULL IRRIGATION     MZCER048 SIAZ9601    1
 MODEL          : MZCER048 - Maize
 EXPERIMENT     : SIAZ9601 MZ 1996 SIA EXPERIMENT, ZARAGOSA, SPAIN
 DATA PATH      :
 TREATMENT  1   : III - FULL IRRIGATION     MZCER048


 CROP           : Maize            CULTIVAR : Prisma GC Avg    ECOTYPE :IB0001
 STARTING DATE  : MAY 15 1996
 PLANTING DATE  : MAY 16 1996      PLANTS/m2 :     8.0    ROW SPACING :   1.cm
 WEATHER        : SIAZ   1996
 SOIL           : SIAZ950001     TEXTURE : L     - Shallow loam
 SOIL INIT COND : DEPTH: 80cm EXTR. H2O:142.6mm  NO3: 15.4kg/ha  NH4:  2.2kg/ha
 WATER BALANCE  : IRRIGATE ON REPORTED DATE(S)
 IRRIGATION     :      505 mm IN     8 APPLICATIONS
 NITROGEN BAL.  : SOIL-N & N-UPTAKE SIMULATION; NO N-FIXATION
 N-FERTILIZER   :      300 kg/ha IN     2 APPLICATIONS
 RESIDUE/MANURE : INITIAL :     0 kg/ha ;       0 kg/ha IN     0 APPLICATIONS
 ENVIRONM. OPT. : DAYL=    0.00  SRAD=    0.00  TMAX=    0.00  TMIN=    0.00
                  RAIN=    0.00  CO2 =    0.00  DEW =    0.00  WIND=    0.00
 SIMULATION OPT : WATER   :Y  NITROGEN:Y  N-FIX:N  PHOSPH :N  PESTS  :N
                  PHOTO   :R  ET      :R  INFIL:S  HYDROL :R  SOM    :G
                  CO2 362ppm  NSWIT   :1  EVAP :S  SOIL   :2  STEMP  :D
 MANAGEMENT OPT : PLANTING:R  IRRIG   :R  FERT :R  RESIDUE:R  HARVEST:M
                  WEATHER :M  TILLAGE :Y

*SUMMARY OF SOIL AND GENETIC INPUT PARAMETERS

   SOIL LOWER UPPER   SAT  EXTR  INIT   ROOT   BULK     pH    NO3    NH4    ORG
  DEPTH LIMIT LIMIT    SW    SW    SW   DIST   DENS                          C
   cm   cm3/cm3    cm3/cm3    cm3/cm3         g/cm3         ugN/g  ugN/g     %
-------------------------------------------------------------------------------
  0-  5 0.103 0.267 0.368 0.164 0.250   1.00   1.32   8.30   2.10   0.20   0.95
  5- 15 0.103 0.267 0.368 0.164 0.250   1.00   1.32   8.30   2.10   0.20   0.95
 15- 30 0.103 0.267 0.368 0.164 0.250   1.00   1.32   8.30   2.10   0.20   0.95
 30- 45 0.091 0.275 0.333 0.184 0.269   0.30   1.38   8.30   1.10   0.20   0.49
 45- 60 0.091 0.275 0.333 0.184 0.269   0.30   1.38   8.30   1.10   0.20   0.49
 60- 70 0.080 0.271 0.342 0.191 0.288   0.15   1.38   8.40   0.90   0.20   0.43
 70- 80 0.080 0.271 0.342 0.191 0.288   0.15   1.38   8.40   0.90   0.20   0.43

TOT- 80   7.4  21.7  27.9  14.3  21.3  <--cm   -  kg/ha-->   15.4    2.2  69774
SOIL ALBEDO    : 0.13      EVAPORATION LIMIT : 9.30         MIN. FACTOR  : 1.00
RUNOFF CURVE # :76.00      DRAINAGE RATE     : 0.60         FERT. FACTOR : 1.00

 Maize            CULTIVAR: ZA0002-Prisma GC Avg      ECOTYPE: IB0001
 P1     : 280.00  P2     : 0.3000  P5     : 789.00
 G2     : 700.00  G3     :  6.050  PHINT  : 48.000


*SIMULATED CROP AND SOIL STATUS AT MAIN DEVELOPMENT STAGES

 RUN NO.     1     III - FULL IRRIGATION   

        CROP GROWTH     BIOMASS         LEAF   CROP N     STRESS      STRESS                                           
   DATE  AGE STAGE        kg/ha    LAI   NUM  kg/ha  %   H2O  Nitr Phos1 Phos2  RSTG                                   
 ------  --- ----------   -----  -----  ----  ---  ---  ----  ----  ----  ----  ----                                   
 15 MAY    0 Start Sim        0   0.00   0.0    0  0.0  0.00  0.00  0.00  0.00     7
 16 MAY    0 Sowing           0   0.00   0.0    0  0.0  0.00  0.00  0.00  0.00     8
 17 MAY    1 Germinate        0   0.00   0.0    0  0.0  0.00  0.00  0.00  0.00     9
 24 MAY    8 Emergence       32   0.00   2.0    1  4.4  0.00  0.00  0.00  0.00     1
 12 JUN   27 End Juveni     237   0.47   8.4    8  3.4  0.00  0.00  0.00  0.00     2
 18 JUN   33 Floral Ini     639   1.07  10.8   23  3.6  0.00  0.00  0.00  0.00     3
  3 AUG   79 75% Silkin   11838   5.49  22.4  236  2.0  0.00  0.00  0.00  0.00     4
 14 AUG   90 Beg Gr Fil   15482   4.93  22.4  236  1.5  0.00  0.00  0.00  0.00     5
  8 OCT  145 End Gr Fil   26200   2.64  22.4  256  1.0  0.00  0.07  0.00  0.00     6
 14 OCT  151 Maturity     26200   2.64  22.4  256  1.0  0.00  0.43  0.00  0.00    10
 14 OCT  151 Harvest      26200   2.64  22.4  256  1.0  0.00  0.00  0.00  0.00    10


*MAIN GROWTH AND DEVELOPMENT VARIABLES

@     VARIABLE                                         SIMULATED     MEASURED
      --------                                         ---------     --------
      Anthesis day (dap)                                      79           78
      Physiological maturity day (dap)                       151          147
      Yield at harvest maturity (kg [dm]/ha)               10924        12340
      Number at maturity (no/m2)                            3392          -99
      Unit wt at maturity (g [dm]/unit)                   0.3221        0.327
      Number at maturity (no/unit)                         423.9         508.
      Tops weight at maturity (kg [dm]/ha)                 26200        22730
      By-product produced (stalk) at maturity (kg[dm]/ha   15383          -99
      Leaf area index, maximum                              5.56         4.75
      Harvest index at maturity                            0.417         0.54
      Grain N at maturity (kg/ha)                            178          -99
      Tops N at maturity (kg/ha)                             256          -99
      Stem N at maturity (kg/ha)                              78          -99
      Grain N at maturity (%)                                1.6          -99
      Tops weight at anthesis (kg [dm]/ha)                 11564          -99
      Tops N at anthesis (kg/ha)                             236          -99
      Leaf number per stem at maturity                     22.42          -99
      Emergence day (dap)                                      8          -99


*ENVIRONMENTAL AND STRESS FACTORS

 |-----Development Phase------|--------------------------------------Environment--------------------------------------|-----------------Stress-----------------|
                              |---------------Average--------------|-----Cumulative-----|--------Count of days--------|          (0=Min, 1=Max Stress)         |
                         Time  Temp  Temp  Temp Solar Photop                Evapo    Pot TMIN TMIN TMAX TMAX TMAX RAIN|----Water----|---Nitrogen--|-Phosphorus-|
                         Span   Max   Min  Mean   Rad  [day]    CO2   Rain  Trans     ET   <    <    >    >    >    >   Photo         Photo         Photo
                         days     C     C     C MJ/m2     hr    ppm     mm     mm    mm   0 C  2 C 30 C 32 C 34 C  0mm  synth Growth  synth Growth  synth Growth
----------------------------------------------------------------------------------------------------------------------------------------------------------------
 Emergence-End Juvenile    19  28.4  13.0  20.7  25.8  14.81  362.3   18.0   49.3  123.5    0    0   11    3    0    5  0.000  0.000  0.002  0.005  0.000  0.000
 End Juvenil-Floral Init    6  33.0  16.9  24.9  29.0  14.98  362.4    0.0   18.9   45.0    0    0    6    5    0    0  0.000  0.000  0.000  0.001  0.000  0.000
 Floral Init-End Lf Grow   46  29.5  15.5  22.5  25.7  14.72  362.5   37.2  252.6  271.9    0    0   25   15    5   11  0.000  0.000  0.000  0.000  0.000  0.000
 End Lf Grth-Beg Grn Fil   11  29.9  17.4  23.7  21.4  13.92  362.5    4.0   54.1   54.3    0    0    4    4    0    2  0.000  0.000  0.000  0.000  0.000  0.000
 Grain Filling Phase       55  24.6  12.5  18.6  18.5  12.45  362.7   35.2  213.8  214.6    0    0    5    2    1   10  0.000  0.000  0.024  0.059  0.000  0.000
   
 Planting to Harvest      151  27.1  13.7  20.4  22.3  13.70  362.5  100.2  616.9  768.7    0    0   51   29    6   33  0.000  0.000  0.016  0.039  0.000  0.000
----------------------------------------------------------------------------------------------------------------------------------------------------------------


*Resource Productivity
 Growing season length: 151 days 

 Precipitation during growing season       100.2 mm[rain]
   Dry Matter Productivity                 26.15 kg[DM]/m3[rain]          =  261.5 kg[DM]/ha per mm[rain]
   Yield Productivity                      10.90 kg[grain yield]/m3[rain] =  109.0 kg[yield]/ha per mm[rain]

 Evapotranspiration during growing season  616.9 mm[ET]
   Dry Matter Productivity                  4.25 kg[DM]/m3[ET]            =   42.5 kg[DM]/ha per mm[ET]
   Yield Productivity                       1.77 kg[grain yield]/m3[ET]   =   17.7 kg[yield]/ha per mm[ET]

 Transpiration during growing season       525.3 mm[EP]
   Dry Matter Productivity                  4.99 kg[DM]/m3[EP]            =   49.9 kg[DM]/ha per mm[EP]
   Yield Productivity                       2.08 kg[grain yield]/m3[EP]   =   20.8 kg[yield]/ha per mm[EP]

 Irrigation during growing season          505.0 mm[irrig]
   Dry Matter Productivity                  5.19 kg[DM]/m3[irrig]         =   51.9 kg[DM]/ha per mm[irrig]
   Yield Productivity                       2.16 kg[grain yield]/m3[irrig]=   21.6 kg[yield]/ha per mm[irrig]

 N applied during growing season            300. kg[N applied]/ha
   Dry Matter Productivity                  87.3 kg[DM]/kg[N applied]
   Yield Productivity                       36.4 kg[yield]/kg[N applied]

 N uptake during growing season              349 kg[N uptake]/ha
   Dry Matter Productivity                  75.1 kg[DM]/kg[N uptake]
   Yield Productivity                       31.3 kg[yield]/kg[N uptake]

--------------------------------------------------------------------------------------------------------------

                     Maize YIELD :    10924 kg/ha    [Dry weight] 

**************************************************************************************************************
