*SIMULATION OVERVIEW FILE

*DSSAT Cropping System Model Ver. 4.8.5.000 -release  APR 28, 2026 22:33:26

*RUN   1        : CP80-1743                 SCCAN048 UFBG0501    1
 MODEL          : SCCAN048 - Sugarcane
 EXPERIMENT     : UFBG0501 SC SCGC GROWTH TRIAL #80502
 DATA PATH      :
 TREATMENT  1   : CP80-1743                 SCCAN048


 CROP           : Sugarcane        CULTIVAR : CP 80-1743       ECOTYPE :SC0013
 STARTING DATE  : OCT 30 2005
 PLANTING DATE  : NOV 17 2005      PLANTS/m2 :     0.5    ROW SPACING : 150.cm
 HARVEST DATE   : FEB 21 2007
 WEATHER        : UFBG   2005
 SOIL           : UFBG760001     TEXTURE : SL    - Okeelanta Muck
 WATER BALANCE  : NOT SIMULATED ; NO H2O-STRESS
 IRRIGATION     :
 NITROGEN BAL.  : NOT SIMULATED ; NO N-STRESS
 N-FERTILIZER   :
 RESIDUE/MANURE :
 ENVIRONM. OPT. : DAYL=    0.00  SRAD=    0.00  TMAX=    0.00  TMIN=    0.00
                  RAIN=    0.00  CO2 =    0.00  DEW =    0.00  WIND=    0.00
 SIMULATION OPT : WATER   :N  NITROGEN:N  N-FIX:N  PHOSPH :N  PESTS  :N
                  PHOTO   :C  ET      :R  INFIL:N  HYDROL :R  SOM    :G
                  CO2 380ppm  NSWIT   :1  EVAP :R  SOIL   :2  STEMP  :D
 MANAGEMENT OPT : PLANTING:R  IRRIG   :R  FERT :R  RESIDUE:N  HARVEST:R
                  WEATHER :M  TILLAGE :N

*SUMMARY OF SOIL AND GENETIC INPUT PARAMETERS

 Sugarcane        CULTIVAR: CP1743-CP 80-1743         ECOTYPE: SC0013


*SIMULATED CROP AND SOIL STATUS AT MAIN DEVELOPMENT STAGES

 RUN NO.     1     CP80-1743               

        CROP GROWTH     BIOMASS         LEAF   CROP N     STRESS      STRESS                                           
   DATE  AGE STAGE        kg/ha    LAI   NUM  kg/ha  %   H2O  Nitr Phos1 Phos2  RSTG                                   
 ------  --- ----------   -----  -----  ----  ---  ---  ----  ----  ----  ----  ----                                   
 30 OCT    0 Start sim        0   0.00   0.0    0  0.0  0.00  0.00  0.00  0.00     0
  8 DEC   21 Emergence        0   0.00   0.0    0  0.0  0.00  0.00  0.00  0.00     0
 12 APR  146 Stlk emerg       0   0.00   0.0    0  0.0  0.00  0.00  0.00  0.00     0
 10 MAY  174 Peak popul     244   0.45   0.0    0  0.0  0.00  0.00  0.00  0.00     0
 21 FEB  461 Harvest      46337  16.92   0.0    0  0.0  0.00  0.00  0.00  0.00     0


*MAIN GROWTH AND DEVELOPMENT VARIABLES

@     VARIABLE                                         SIMULATED     MEASURED
      --------                                         ---------     --------
      Sucrose dry mass at harvest (t/ha)                   16.03        10.90
      Aerial dry biomass at harvest (t/ha)                 46.34          -99
      Stalk (millable) dry mass at harvest (t/ha)          32.48        19.54
      Trash (residue) dry mass at harvest (t/ha)            6.99          -99
      Green leaf area index at harvest (m2/m2)              5.37          -99
      Leaf area index, maximum                              5.73          -99
      Canopy height (m)                                     3.70        2.845
      Harvest index at maturity                             0.49         .247
      Leaf number per stem at maturity                     12.00          8.0
      Emergence day (dap)                                     21          -99
      Fresh cane yield (t/ha)                              116.3          -99


*ENVIRONMENTAL AND STRESS FACTORS

 |-----Development Phase------|--------------------------------------Environment--------------------------------------|-----------------Stress-----------------|
                              |---------------Average--------------|-----Cumulative-----|--------Count of days--------|          (0=Min, 1=Max Stress)         |
                         Time  Temp  Temp  Temp Solar Photop                Evapo    Pot TMIN TMIN TMAX TMAX TMAX RAIN|----Water----|---Nitrogen--|-Phosphorus-|
                         Span   Max   Min  Mean   Rad  [day]    CO2   Rain  Trans     ET   <    <    >    >    >    >   Photo         Photo         Photo
                         days     C     C     C MJ/m2     hr    ppm     mm     mm    mm   0 C  2 C 30 C 32 C 34 C  0mm  synth Growth  synth Growth  synth Growth
----------------------------------------------------------------------------------------------------------------------------------------------------------------
 Planting to Emergence     21  24.9  13.4  19.2  10.2  10.49  380.5   36.7    0.0    0.0    0    0    0    0    0    5  0.000  0.000  0.000  0.000  0.000  0.000
 Emergence->Stk Elongatn  125  24.9  11.8  18.4  15.2  11.10  380.9  176.9    0.0    0.0    2    5    4    0    0   14  0.000  0.000  0.000  0.000  0.000  0.000
 Stk Elong to Peak Popn.   28  30.2  16.7  23.4  23.8  12.88  381.3   36.0    0.0    0.0    0    0   17    8    0    6  0.000  0.000  0.000  0.000  0.000  0.000
 Peak Popn. to Harvest    288  28.8  18.1  23.4  15.6  11.93  382.1  640.6    0.0    0.0    0    2  142   75    3   96  0.000  0.000  0.000  0.000  0.000  0.000
   
 Emergence to Harvest     441  27.8  16.2  22.0  16.0  11.76  381.7  853.5    0.0    0.0    2    7  163   83    3  116  0.000  0.000  0.000  0.000  0.000  0.000
----------------------------------------------------------------------------------------------------------------------------------------------------------------

--------------------------------------------------------------------------------------------------------------

                 Sugarcane YIELD :    16032 kg/ha    [Dry weight] 

**************************************************************************************************************
