*SIMULATION OVERVIEW FILE

*DSSAT Cropping System Model Ver. 4.8.5.000 -release  APR 28, 2026 22:33:07

*RUN   1        : CHICO                     CRGRO048 UFGR8901    1
 MODEL          : CRGRO048 - Peanut
 EXPERIMENT     : UFGR8901 PN GREEN ACRES, NEWBERRY, FL, EIGHT CVS
 DATA PATH      :
 TREATMENT  1   : CHICO                     CRGRO048


 CROP           : Peanut           CULTIVAR : CHICO            ECOTYPE :PN0006
 STARTING DATE  : MAY  5 1989
 PLANTING DATE  : MAY  5 1989      PLANTS/m2 :    13.5    ROW SPACING :  91.cm
 HARVEST DATE   : AUG 23 1989
 WEATHER        : UFGR   1989
 SOIL           : IBPN910040     TEXTURE : -99   -   Millhopper Fine Sand
 SOIL INIT COND : DEPTH:180cm EXTR. H2O:158.4mm  NO3: 22.8kg/ha  NH4: 16.5kg/ha
 WATER BALANCE  : IRRIGATE ON REPORTED DATE(S)
 IRRIGATION     :      103 mm IN     3 APPLICATIONS
 NITROGEN BAL.  : SOIL-N, N-UPTAKE & DYNAMIC N-FIXATION SIMULATION
 N-FERTILIZER   :        0 kg/ha IN     0 APPLICATIONS
 RESIDUE/MANURE : INITIAL :     0 kg/ha ;    1000 kg/ha IN     1 APPLICATIONS
 ENVIRONM. OPT. : DAYL=    0.00  SRAD=    0.00  TMAX=    0.00  TMIN=    0.00
                  RAIN=    0.00  CO2 =    0.00  DEW =    0.00  WIND=    0.00
 SIMULATION OPT : WATER   :Y  NITROGEN:Y  N-FIX:Y  PHOSPH :N  PESTS  :N
                  PHOTO   :L  ET      :R  INFIL:S  HYDROL :R  SOM    :G
                  CO2 352ppm  NSWIT   :1  EVAP :R  SOIL   :2  STEMP  :D
 MANAGEMENT OPT : PLANTING:R  IRRIG   :R  FERT :R  RESIDUE:R  HARVEST:R
                  WEATHER :M  TILLAGE :N

*SUMMARY OF SOIL AND GENETIC INPUT PARAMETERS

   SOIL LOWER UPPER   SAT  EXTR  INIT   ROOT   BULK     pH    NO3    NH4    ORG
  DEPTH LIMIT LIMIT    SW    SW    SW   DIST   DENS                          C
   cm   cm3/cm3    cm3/cm3    cm3/cm3         g/cm3         ugN/g  ugN/g     %
-------------------------------------------------------------------------------
  0-  5 0.023 0.086 0.230 0.063 0.086   1.00   1.36   7.00   1.50   0.60   0.90
  5- 15 0.023 0.086 0.230 0.063 0.086   1.00   1.40   7.00   1.50   0.60   0.69
 15- 30 0.023 0.086 0.230 0.063 0.086   0.55   1.46   7.00   1.50   0.60   0.28
 30- 45 0.023 0.086 0.230 0.063 0.086   0.32   1.46   7.00   1.50   0.60   0.28
 45- 60 0.023 0.086 0.230 0.063 0.086   0.32   1.47   7.00   1.50   0.60   0.20
 60- 90 0.021 0.076 0.230 0.055 0.076   0.38   1.43   7.00   0.60   0.60   0.09
 90-120 0.020 0.076 0.230 0.056 0.076   0.40   1.48   7.00   0.50   0.60   0.03
120-150 0.027 0.130 0.230 0.103 0.130   0.30   1.57   7.00   0.50   0.60   0.03
150-180 0.070 0.258 0.360 0.188 0.258   0.20   1.79   7.00   0.50   0.60   0.03

TOT-180   5.5  21.4  45.3  15.8  21.4  <--cm   -  kg/ha-->   22.8   16.5  40671
SOIL ALBEDO    : 0.18      EVAPORATION LIMIT : 5.00         MIN. FACTOR  : 1.00
RUNOFF CURVE # :66.00      DRAINAGE RATE     : 0.50         FERT. FACTOR : 0.90

 Peanut           CULTIVAR: IB0008-CHICO              ECOTYPE: PN0006
 CSDVAR :11.84  PPSEN  : 0.00  EMG-FLW:16.40  FLW-FSD:15.00  FSD-PHM : 58.00
 WTPSD  :0.310  SDPDVR : 1.75  SDFDUR :22.00  PODDUR :13.00  XFRUIT  :  0.90
 THRESH : 77.0  SDPRO  :0.270  SDLIP   : 0.510


*SIMULATED CROP AND SOIL STATUS AT MAIN DEVELOPMENT STAGES

 RUN NO.     1     CHICO                   

        CROP GROWTH     BIOMASS         LEAF   CROP N     STRESS      STRESS                                           
   DATE  AGE STAGE        kg/ha    LAI   NUM  kg/ha  %   H2O  Nitr Phos1 Phos2  RSTG                                   
 ------  --- ----------   -----  -----  ----  ---  ---  ----  ----  ----  ----  ----                                   
  5 MAY    0 Start Sim        0   0.00   0.0    0  0.0  0.00  0.00  0.00  0.00     0
  5 MAY    0 Sowing           0   0.00   0.0    0  0.0  0.00  0.00  0.00  0.00     0
 15 MAY   10 Emergence       12   0.02   0.2    1  4.8  0.00  0.00  0.00  0.00     0
 15 MAY   10 End Juven.      12   0.02   0.2    1  4.8  0.00  0.00  0.00  0.00     0
 19 MAY   14 Unifoliate      19   0.03   1.3    1  4.7  0.00  0.00  0.00  0.00     0
  3 JUN   29 Flower Ind     113   0.19   6.5    4  3.9  0.01  0.00  0.00  0.00     0
  5 JUN   31 First Flwr     144   0.25   7.0    5  3.8  0.03  0.00  0.00  0.00     1
 13 JUN   39 First Peg      331   0.52   9.3   11  3.4  0.03  0.00  0.00  0.00     2
 17 JUN   43 First Pod      481   0.71  10.4   17  3.5  0.10  0.00  0.00  0.00     3
 23 JUN   49 First Seed     815   1.07  12.2   27  3.3  0.00  0.00  0.00  0.00     5
 21 AUG  108 End Leaf      5412   1.73  22.4  159  2.9  0.03  0.00  0.00  0.00     5
 23 AUG  110 End Msnode    5615   1.74  22.9  163  2.9  0.00  0.00  0.00  0.00     5
 23 AUG  110 Harvest       5615   1.74  22.9  163  2.9  0.00  0.00  0.00  0.00     5


*MAIN GROWTH AND DEVELOPMENT VARIABLES

@     VARIABLE                                         SIMULATED     MEASURED
      --------                                         ---------     --------
      Emergence day (dap)                                     10          -99
      Anthesis day (dap)                                      31           29
      First pod day (dap)                                     43           41
      First seed day (dap)                                    49           55
      Physiological maturity day (dap)                       -99          108
      Yield at harvest maturity (kg [dm]/ha)                2161        1749.
      Pod/Ear/Panicle weight at maturity (kg [dm]/ha)       2827        2663.
      Tops weight at anthesis (kg [dm]/ha)                   144          -99
      Tops weight at maturity (kg [dm]/ha)                  5615        4304.
      By-product produced (stalk) at maturity (kg[dm]/ha    3450        1104.
      Number at maturity (no/m2)                             844         683.
      Unit wt at maturity (g [dm]/unit)                   0.2561        .2739
      Number at maturity (no/unit)                          1.70         1.40
      Harvest index at maturity                            0.385        0.406
      Threshing % at maturity                              76.45        65.68
      Leaf area index, maximum                              1.91         2.14
      Leaf number per stem at maturity                     22.88          -99
      Canopy height (m)                                     0.43          -99
      Tops N at anthesis (kg/ha)                               5          -99
      Tops N at maturity (kg/ha)                             163          -99
      Stem N at maturity (kg/ha)                              26          -99
      Grain N at maturity (kg/ha)                             98          -99
      Grain N at maturity (%)                               4.53          -99
      Grain oil at maturity (%)                            50.91          -99


*ENVIRONMENTAL AND STRESS FACTORS

 |-----Development Phase------|--------------------------------------Environment--------------------------------------|-----------------Stress-----------------|
                              |---------------Average--------------|-----Cumulative-----|--------Count of days--------|          (0=Min, 1=Max Stress)         |
                         Time  Temp  Temp  Temp Solar Photop                Evapo    Pot TMIN TMIN TMAX TMAX TMAX RAIN|----Water----|---Nitrogen--|-Phosphorus-|
                         Span   Max   Min  Mean   Rad  [day]    CO2   Rain  Trans     ET   <    <    >    >    >    >   Photo         Photo         Photo
                         days     C     C     C MJ/m2     hr    ppm     mm     mm    mm   0 C  2 C 30 C 32 C 34 C  0mm  synth Growth  synth Growth  synth Growth
----------------------------------------------------------------------------------------------------------------------------------------------------------------
 Emergence -First Flower   21  33.6  18.1  25.8  22.9  13.68  352.6   23.1   23.9  125.5    0    0   19   16   10    4  0.000  0.010  0.000  0.000  0.000  0.000
 First Flower-First Seed   18  32.7  19.7  26.2  20.2  13.88  352.6  180.2   57.4   94.0    0    0   15   13    7    9  0.000  0.037  0.000  0.000  0.000  0.000
 First Seed - Phys. Mat.   61  33.1  20.6  26.8  21.1  13.51  352.8  338.3  275.5  323.5    0    0   57   45   21   27  0.006  0.028  0.000  0.000  0.000  0.000
 Emergence  - Phys. Mat.  100  33.1  19.9  26.5  21.3  13.61  352.7  541.6  356.8  543.0    0    0   91   74   38   40  0.003  0.025  0.000  0.000  0.000  0.000
   
 Planting to Harvest      111  32.7  19.0  25.9  21.7  13.59  352.7  551.7  368.5  607.2    0    0   95   75   38   42  0.003  0.023  0.000  0.000  0.000  0.000
----------------------------------------------------------------------------------------------------------------------------------------------------------------


*Resource Productivity
 Growing season length: 111 days 

 Precipitation during growing season       551.7 mm[rain]
   Dry Matter Productivity                  1.02 kg[DM]/m3[rain]          =   10.2 kg[DM]/ha per mm[rain]
   Yield Productivity                       0.39 kg[grain yield]/m3[rain] =    3.9 kg[yield]/ha per mm[rain]

 Evapotranspiration during growing season  368.5 mm[ET]
   Dry Matter Productivity                  1.52 kg[DM]/m3[ET]            =   15.2 kg[DM]/ha per mm[ET]
   Yield Productivity                       0.59 kg[grain yield]/m3[ET]   =    5.9 kg[yield]/ha per mm[ET]

 Transpiration during growing season       240.5 mm[EP]
   Dry Matter Productivity                  2.33 kg[DM]/m3[EP]            =   23.3 kg[DM]/ha per mm[EP]
   Yield Productivity                       0.90 kg[grain yield]/m3[EP]   =    9.0 kg[yield]/ha per mm[EP]

 Irrigation during growing season          103.0 mm[irrig]
   Dry Matter Productivity                  5.45 kg[DM]/m3[irrig]         =   54.5 kg[DM]/ha per mm[irrig]
   Yield Productivity                       2.10 kg[grain yield]/m3[irrig]=   21.0 kg[yield]/ha per mm[irrig]

 N uptake during growing season               15 kg[N uptake]/ha
   Dry Matter Productivity                 374.3 kg[DM]/kg[N uptake]
   Yield Productivity                      144.1 kg[yield]/kg[N uptake]

--------------------------------------------------------------------------------------------------------------

                    Peanut YIELD :     2161 kg/ha    [Dry weight] 

**************************************************************************************************************
