*SIMULATION OVERVIEW FILE

*DSSAT Cropping System Model Ver. 4.8.5.000 -release  APR 28, 2026 22:33:17

*RUN   1        : 0.25m ROW, NO WATER STRES CRGRO048 IUCA7901    1
 MODEL          : CRGRO048 - Soybean
 EXPERIMENT     : IUCA7901 SB WAYNE, IRRIGATED & NON-IRRIGATED
 DATA PATH      :
 TREATMENT  1   : 0.25m ROW, NO WATER STRES CRGRO048


 CROP           : Soybean          CULTIVAR : WAYNE (3)        ECOTYPE :SB0301
 STARTING DATE  : MAY 15 1979
 PLANTING DATE  : MAY 15 1979      PLANTS/m2 :    16.0    ROW SPACING :  25.cm
 WEATHER        : IUCA   1979
 SOIL           : IBSB910026     TEXTURE : -99   -   Ida Silt Loam
 SOIL INIT COND : DEPTH:180cm EXTR. H2O:282.3mm  NO3: 18.0kg/ha  NH4: 15.1kg/ha
 WATER BALANCE  : AUTOMATIC IRRIGATION - REFILL PROFILE
 IRRIGATION     : AUTOMATIC [SOIL DEPTH: 0.30 m 50.%]
 NITROGEN BAL.  : SOIL-N, N-UPTAKE & DYNAMIC N-FIXATION SIMULATION
 N-FERTILIZER   :        0 kg/ha IN     0 APPLICATIONS
 RESIDUE/MANURE : INITIAL :     0 kg/ha ;    4000 kg/ha IN     1 APPLICATIONS
 ENVIRONM. OPT. : DAYL=    0.00  SRAD=    0.00  TMAX=    0.00  TMIN=    0.00
                  RAIN=    0.00  CO2 =    0.00  DEW =    0.00  WIND=    0.00
 SIMULATION OPT : WATER   :Y  NITROGEN:Y  N-FIX:Y  PHOSPH :N  PESTS  :N
                  PHOTO   :L  ET      :R  INFIL:S  HYDROL :R  SOM    :G
                  CO2 337ppm  NSWIT   :1  EVAP :R  SOIL   :2  STEMP  :D
 MANAGEMENT OPT : PLANTING:R  IRRIG   :A  FERT :R  RESIDUE:R  HARVEST:M
                  WEATHER :M  TILLAGE :Y

*SUMMARY OF SOIL AND GENETIC INPUT PARAMETERS

   SOIL LOWER UPPER   SAT  EXTR  INIT   ROOT   BULK     pH    NO3    NH4    ORG
  DEPTH LIMIT LIMIT    SW    SW    SW   DIST   DENS                          C
   cm   cm3/cm3    cm3/cm3    cm3/cm3         g/cm3         ugN/g  ugN/g     %
-------------------------------------------------------------------------------
  0-  5 0.135 0.290 0.485 0.155 0.290   1.00   1.20   7.00   1.50   0.90 -99.00
  5- 15 0.135 0.290 0.485 0.155 0.290   1.00   1.20   7.00   1.50   0.90 -99.00
 15- 30 0.135 0.290 0.485 0.155 0.290   0.17   1.20   7.00   1.50   0.90 -99.00
 30- 45 0.106 0.228 0.514 0.122 0.228   0.14   1.20   7.00   1.50   0.90 -99.00
 45- 60 0.106 0.228 0.514 0.122 0.228   0.14   1.20   7.00   1.50   0.90 -99.00
 60- 90 0.105 0.254 0.517 0.149 0.254   0.19   1.20   7.00   0.50   0.60 -99.00
 90-120 0.133 0.290 0.507 0.157 0.290   0.25   1.20   7.00   0.50   0.60 -99.00
120-150 0.108 0.283 0.505 0.175 0.283   0.21   1.20   7.00   0.50   0.60 -99.00
150-180 0.108 0.291 0.542 0.183 0.291   0.10   1.20   7.00   0.50   0.60 -99.00

TOT-180  20.9  49.1  92.1  28.2  49.1  <--cm   -  kg/ha-->   18.0   15.1      0
SOIL ALBEDO    : 0.12      EVAPORATION LIMIT : 6.00         MIN. FACTOR  : 1.00
RUNOFF CURVE # :60.00      DRAINAGE RATE     : 0.30         FERT. FACTOR : 1.00

 Soybean          CULTIVAR: IB0003-WAYNE (3)          ECOTYPE: SB0301
 CSDVAR :13.45  PPSEN  : 0.25  EMG-FLW:19.50  FLW-FSD:14.70  FSD-PHM : 26.70
 WTPSD  :0.180  SDPDVR : 2.20  SDFDUR :23.00  PODDUR :12.00  XFRUIT  :  1.00
 THRESH : 77.0  SDPRO  :0.405  SDLIP   : 0.205


*SIMULATED CROP AND SOIL STATUS AT MAIN DEVELOPMENT STAGES

 RUN NO.     1     0.25m ROW, NO WATER STRE

        CROP GROWTH     BIOMASS         LEAF   CROP N     STRESS      STRESS                                           
   DATE  AGE STAGE        kg/ha    LAI   NUM  kg/ha  %   H2O  Nitr Phos1 Phos2  RSTG                                   
 ------  --- ----------   -----  -----  ----  ---  ---  ----  ----  ----  ----  ----                                   
 15 MAY    0 Start Sim        0   0.00   0.0    0  0.0  0.00  0.00  0.00  0.00     0
 15 MAY    0 Sowing           0   0.00   0.0    0  0.0  0.00  0.00  0.00  0.00     0
 27 MAY   12 Emergence        8   0.01   0.1    0  5.1  0.00  0.00  0.00  0.00     0
 27 MAY   12 End Juven.       8   0.01   0.1    0  5.1  0.00  0.00  0.00  0.00     0
  6 JUN   22 Unifoliate      21   0.04   1.2    1  4.8  0.00  0.08  0.00  0.00     0
  9 JUN   25 Flower Ind      27   0.06   1.8    1  4.9  0.00  0.00  0.00  0.00     0
 13 JUL   59 First Flwr    1346   2.19   9.6   46  3.4  0.00  0.02  0.00  0.00     1
 29 JUL   75 First Pod     3795   4.73  13.6  129  3.4  0.00  0.00  0.00  0.00     3
  9 AUG   86 First Seed    5728   5.52  16.5  182  3.2  0.00  0.00  0.00  0.00     5
 22 AUG   99 End Pod       6990   4.86  19.1  214  3.1  0.00  0.00  0.00  0.00     5
 27 AUG  104 End Msnode    7595   4.55  19.7  236  3.1  0.00  0.00  0.00  0.00     5
 29 AUG  106 End Leaf      7813   4.42  19.7  244  3.1  0.00  0.00  0.00  0.00     5
 11 SEP  119 Phys. Mat     9017   3.64  19.7  298  3.3  0.00  0.01  0.00  0.00     7
 23 SEP  131 Harv. Mat     7200   0.24  19.7  259  3.6  0.00  0.01  0.00  0.00     8
 23 SEP  131 Harvest       7200   0.24  19.7  259  3.6  0.00  0.00  0.00  0.00     8


*MAIN GROWTH AND DEVELOPMENT VARIABLES

@     VARIABLE                                         SIMULATED     MEASURED
      --------                                         ---------     --------
      Emergence day (dap)                                     12          -99
      Anthesis day (dap)                                      59           59
      First pod day (dap)                                     75          -99
      First seed day (dap)                                    86          -99
      Physiological maturity day (dap)                       119          116
      Harvest maturity day (dap)                             131          -99
      Yield at harvest maturity (kg [dm]/ha)                3562        3100.
      Pod/Ear/Panicle weight at maturity (kg [dm]/ha)       4982        4503.
      Tops weight at anthesis (kg [dm]/ha)                  1346          -99
      Tops weight at maturity (kg [dm]/ha)                  7200        8816.
      By-product produced (stalk) at maturity (kg[dm]/ha    3640        3572.
      Number at maturity (no/m2)                            2347        2095.
      Unit wt at maturity (g [dm]/unit)                   0.1517        .1480
      Number at maturity (no/unit)                          2.20         2.11
      Harvest index at maturity                            0.495         .352
      Threshing % at maturity                              71.49        68.84
      Leaf area index, maximum                              5.53         7.05
      Leaf number per stem at maturity                     19.74          -99
      Canopy height (m)                                     1.06          -99
      Tops N at anthesis (kg/ha)                              46          -99
      Tops N at maturity (kg/ha)                             259          -99
      Stem N at maturity (kg/ha)                              16          -99
      Grain N at maturity (kg/ha)                            219          -99
      Grain N at maturity (%)                               6.16          -99
      Grain oil at maturity (%)                            19.71          -99


*ENVIRONMENTAL AND STRESS FACTORS

 |-----Development Phase------|--------------------------------------Environment--------------------------------------|-----------------Stress-----------------|
                              |---------------Average--------------|-----Cumulative-----|--------Count of days--------|          (0=Min, 1=Max Stress)         |
                         Time  Temp  Temp  Temp Solar Photop                Evapo    Pot TMIN TMIN TMAX TMAX TMAX RAIN|----Water----|---Nitrogen--|-Phosphorus-|
                         Span   Max   Min  Mean   Rad  [day]    CO2   Rain  Trans     ET   <    <    >    >    >    >   Photo         Photo         Photo
                         days     C     C     C MJ/m2     hr    ppm     mm     mm    mm   0 C  2 C 30 C 32 C 34 C  0mm  synth Growth  synth Growth  synth Growth
----------------------------------------------------------------------------------------------------------------------------------------------------------------
 Emergence -First Flower   47  28.7  14.8  21.7  21.2  14.99  336.8   70.9  118.5  252.4    0    0   20   11    5   16  0.000  0.000  0.000  0.035  0.000  0.000
 First Flower-First Seed   27  30.7  18.3  24.5  21.8  14.43  336.9   30.7  139.5  139.6    0    0   13    8    4    9  0.000  0.000  0.000  0.000  0.000  0.000
 First Seed - Phys. Mat.   33  27.6  15.8  21.7  17.2  13.22  337.1  167.1  124.6  126.3    0    0    8    3    0   13  0.000  0.000  0.000  0.003  0.000  0.000
 Emergence  - Phys. Mat.  107  28.8  16.0  22.4  20.1  14.30  336.9  268.7  382.5  518.3    0    0   41   22    9   38  0.000  0.000  0.000  0.016  0.000  0.000
   
 Planting to Harvest      132  27.8  14.6  21.2  20.3  14.14  336.9  309.1  444.6  630.9    0    0   42   22    9   42  0.000  0.000  0.000  0.014  0.000  0.000
----------------------------------------------------------------------------------------------------------------------------------------------------------------


*Resource Productivity
 Growing season length: 132 days 

 Precipitation during growing season       309.1 mm[rain]
   Dry Matter Productivity                  2.33 kg[DM]/m3[rain]          =   23.3 kg[DM]/ha per mm[rain]
   Yield Productivity                       1.15 kg[grain yield]/m3[rain] =   11.5 kg[yield]/ha per mm[rain]

 Evapotranspiration during growing season  444.6 mm[ET]
   Dry Matter Productivity                  1.62 kg[DM]/m3[ET]            =   16.2 kg[DM]/ha per mm[ET]
   Yield Productivity                       0.80 kg[grain yield]/m3[ET]   =    8.0 kg[yield]/ha per mm[ET]

 Transpiration during growing season       288.8 mm[EP]
   Dry Matter Productivity                  2.49 kg[DM]/m3[EP]            =   24.9 kg[DM]/ha per mm[EP]
   Yield Productivity                       1.23 kg[grain yield]/m3[EP]   =   12.3 kg[yield]/ha per mm[EP]

 Irrigation during growing season          149.5 mm[irrig]
   Dry Matter Productivity                  4.82 kg[DM]/m3[irrig]         =   48.2 kg[DM]/ha per mm[irrig]
   Yield Productivity                       2.38 kg[grain yield]/m3[irrig]=   23.8 kg[yield]/ha per mm[irrig]

 N uptake during growing season               98 kg[N uptake]/ha
   Dry Matter Productivity                  73.5 kg[DM]/kg[N uptake]
   Yield Productivity                       36.3 kg[yield]/kg[N uptake]

--------------------------------------------------------------------------------------------------------------

                   Soybean YIELD :     3562 kg/ha    [Dry weight] 

**************************************************************************************************************
