*SIMULATION OVERVIEW FILE

*DSSAT Cropping System Model Ver. 4.8.5.000 -release  APR 28, 2026 22:33:12

*RUN   1        : Control 0 N               RICER048 IRMZ8601    1
 MODEL          : RICER048 - Rice
 EXPERIMENT     : IRMZ8601 RI IRRI,MUNOZ JAN 86 UREASE INHIBITORS
 DATA PATH      :
 TREATMENT  1   : Control 0 N               RICER048


 CROP           : Rice             CULTIVAR : IR 58            ECOTYPE :IB0001
 STARTING DATE  : FEB  2 1986
 PLANTING DATE  : FEB  5 1986      PLANTS/m2 :    25.0    ROW SPACING :  20.cm
 WEATHER        : IRMZ   1986
 SOIL           : IBRI910002     TEXTURE : -99   -   Vertic Tropaquept
 SOIL INIT COND : DEPTH: 50cm EXTR. H2O: 64.9mm  NO3:  0.4kg/ha  NH4: 19.8kg/ha
 WATER BALANCE  : IRRIGATE ON REPORTED DATE(S)
 IRRIGATION     :       22 mm IN     3 APPLICATIONS
 NITROGEN BAL.  : SOIL-N & N-UPTAKE SIMULATION; NO N-FIXATION
 N-FERTILIZER   :        0 kg/ha IN     0 APPLICATIONS
 RESIDUE/MANURE : INITIAL :     0 kg/ha ;     800 kg/ha IN     1 APPLICATIONS
 ENVIRONM. OPT. : DAYL=    0.00  SRAD=    0.00  TMAX=    0.00  TMIN=    0.00
                  RAIN=    0.00  CO2 =    0.00  DEW =    0.00  WIND=    0.00
 SIMULATION OPT : WATER   :Y  NITROGEN:Y  N-FIX:N  PHOSPH :N  PESTS  :N
                  PHOTO   :C  ET      :R  INFIL:S  HYDROL :R  SOM    :G
                  CO2 346ppm  NSWIT   :1  EVAP :R  SOIL   :2  STEMP  :D
 MANAGEMENT OPT : PLANTING:R  IRRIG   :R  FERT :R  RESIDUE:R  HARVEST:M
                  WEATHER :M  TILLAGE :N

*SUMMARY OF SOIL AND GENETIC INPUT PARAMETERS

   SOIL LOWER UPPER   SAT  EXTR  INIT   ROOT   BULK     pH    NO3    NH4    ORG
  DEPTH LIMIT LIMIT    SW    SW    SW   DIST   DENS                          C
   cm   cm3/cm3    cm3/cm3    cm3/cm3         g/cm3         ugN/g  ugN/g     %
-------------------------------------------------------------------------------
  0-  5 0.258 0.389 0.650 0.131 0.650   1.00   0.85   7.00   0.10  10.10   1.30
  5- 15 0.258 0.389 0.600 0.131 0.600   0.85   0.90   7.00   0.10  10.10   1.20
 15- 20 0.258 0.389 0.600 0.131 0.600   0.85   0.90   7.00   0.10  10.10   1.20
 20- 35 0.267 0.396 0.550 0.129 0.550   0.20   0.90   7.00   0.10   0.70   0.65
 35- 50 0.267 0.396 0.550 0.129 0.550   0.05   0.90   7.00   0.10   0.70   0.50

TOT- 50  13.2  19.7  28.8   6.5  28.8  <--cm   -  kg/ha-->    0.4   19.8  37250
SOIL ALBEDO    : 0.13      EVAPORATION LIMIT : 7.50         MIN. FACTOR  : 1.00
RUNOFF CURVE # :87.00      DRAINAGE RATE     : 0.00         FERT. FACTOR : 1.00

 Rice             CULTIVAR: IB0012-IR 58              ECOTYPE: IB0001
 P1     : 254.8  P2R    :  96.4  P5     : 378.4  P2O    :  10.6
 G1     :  77.0  G2     :0.0200  G3     :  1.00  THOT   :  33.9  TCLDP  :  15.0  TCLDF  :  15.0


*SIMULATED CROP AND SOIL STATUS AT MAIN DEVELOPMENT STAGES

 RUN NO.     1     Control 0 N             

        CROP GROWTH     BIOMASS         LEAF   CROP N     STRESS      STRESS                                           
   DATE  AGE STAGE        kg/ha    LAI   NUM  kg/ha  %   H2O  Nitr Phos1 Phos2  RSTG                                   
 ------  --- ----------   -----  -----  ----  ---  ---  ----  ----  ----  ----  ----                                   
  2 FEB    0 Start Sim        0   0.00   0.0    0  0.0  0.00  0.00  0.00  0.00     1
  5 FEB    0 Transplant      59   0.11   3.0    2  4.1  0.00  0.00  0.00  0.00     1
 11 FEB    6 End Juveni      65   0.12   5.0    3  3.9  0.00  0.01  0.00  0.00     2
  1 MAR   24 Pan Init      1136   0.89   8.0   22  1.9  0.00  0.15  0.00  0.00     3
  3 APR   57 Heading       2786   0.60  14.0   32  1.1  0.00  0.83  0.00  0.00     4
 10 APR   64 Beg Gr Fil    3109   0.53  14.0   34  1.1  0.00  0.69  0.00  0.00     5
 29 APR   83 End Mn Fil    4445   0.42  14.0   39  0.9  0.00  0.35  0.00  0.00     5
 30 APR   84 End Ti Fil    4445   0.42  14.0   39  0.9  0.00  0.00  0.00  0.00     6
  1 MAY   85 Maturity      4445   0.42  14.0   39  0.9  0.00  0.00  0.00  0.00    20
  1 MAY   85 Harvest       4445   0.42  14.0   39  0.9  0.00  0.00  0.00  0.00    20


*MAIN GROWTH AND DEVELOPMENT VARIABLES

@     VARIABLE                                         SIMULATED     MEASURED
      --------                                         ---------     --------
      Panicle Initiation day (dap)                            24          -99
      Anthesis day (dap)                                      57           57
      Physiological maturity day (dap)                        85           82
      Yield at harvest maturity (kg [dm]/ha)                2260         3280
      Unit wt at maturity (g [dm]/unit)                   0.0200        0.020
      Number at maturity (no/m2)                           11300          -99
      Pod or panicle number (no/m2)                        76.81          -99
      Leaf area index, maximum                              0.90          -99
      Tops weight at anthesis (kg [dm]/ha)                  2735          -99
      Tops N at anthesis (kg/ha)                              32          -99
      Tops weight at maturity (kg [dm]/ha)                  4445         5433
      By-product produced (stalk) at maturity (kg[dm]/ha    2185         2613
      Harvest index at maturity                            0.508          -99
      Leaf number per stem at maturity                        14          -99
      Grain N at maturity (kg/ha)                             29         32.3
      Tops N at maturity (kg/ha)                              39         46.0
      Stem N at maturity (kg/ha)                              10         13.8
      Grain N at maturity (%)                               1.29         1.07


*ENVIRONMENTAL AND STRESS FACTORS

 |-----Development Phase------|--------------------------------------Environment--------------------------------------|-----------------Stress-----------------|
                              |---------------Average--------------|-----Cumulative-----|--------Count of days--------|          (0=Min, 1=Max Stress)         |
                         Time  Temp  Temp  Temp Solar Photop                Evapo    Pot TMIN TMIN TMAX TMAX TMAX RAIN|----Water----|---Nitrogen--|-Phosphorus-|
                         Span   Max   Min  Mean   Rad  [day]    CO2   Rain  Trans     ET   <    <    >    >    >    >   Photo         Photo         Photo
                         days     C     C     C MJ/m2     hr    ppm     mm     mm    mm   0 C  2 C 30 C 32 C 34 C  0mm  synth Growth  synth Growth  synth Growth
----------------------------------------------------------------------------------------------------------------------------------------------------------------
 Emergence-End Juvenile     9  30.1  21.6  25.9  22.7  11.38  346.4    9.6   58.4   58.4    0    0    5    0    0    1  0.000  0.000  0.000  0.007  0.000  0.000
 End Juvenil-Panicl Init   18  29.5  20.7  25.1  22.8  11.55  346.5    0.0  111.1  111.1    0    0    4    1    0    0  0.000  0.000  0.071  0.111  0.000  0.000
 Panicl Init-End Lf Grow   33  30.8  21.7  26.3  25.1  11.92  346.6    0.0  220.6  220.7    0    0   24    6    0    0  0.000  0.000  0.655  0.826  0.000  0.000
 End Lf Grth-Beg Grn Fil    7  33.2  23.2  28.2  18.8  12.22  346.7    3.6   36.9   36.9    0    0    7    7    0    2  0.000  0.000  0.545  0.726  0.000  0.000
 Grain Filling Phase       20  32.7  23.9  28.3  27.3  12.41  346.8    0.0  154.4  154.5    0    0   20   15    1    0  0.000  0.000  0.262  0.356  0.000  0.000
   
 Planting to Harvest       85  31.1  22.1  26.6  24.4  11.95  346.6    3.6  567.2  567.5    0    0   58   30    1    2  0.000  0.000  0.376  0.488  0.000  0.000
----------------------------------------------------------------------------------------------------------------------------------------------------------------


*Resource Productivity
 Growing season length:  85 days 

 Precipitation during growing season         3.6 mm[rain]
   Dry Matter Productivity                123.48 kg[DM]/m3[rain]          = 1234.8 kg[DM]/ha per mm[rain]
   Yield Productivity                      62.78 kg[grain yield]/m3[rain] =  627.8 kg[yield]/ha per mm[rain]

 Evapotranspiration during growing season  567.2 mm[ET]
   Dry Matter Productivity                  0.78 kg[DM]/m3[ET]            =    7.8 kg[DM]/ha per mm[ET]
   Yield Productivity                       0.40 kg[grain yield]/m3[ET]   =    4.0 kg[yield]/ha per mm[ET]

 Transpiration during growing season       171.5 mm[EP]
   Dry Matter Productivity                  2.59 kg[DM]/m3[EP]            =   25.9 kg[DM]/ha per mm[EP]
   Yield Productivity                       1.32 kg[grain yield]/m3[EP]   =   13.2 kg[yield]/ha per mm[EP]

 Irrigation during growing season          796.3 mm[irrig]
   Dry Matter Productivity                  0.56 kg[DM]/m3[irrig]         =    5.6 kg[DM]/ha per mm[irrig]
   Yield Productivity                       0.28 kg[grain yield]/m3[irrig]=    2.8 kg[yield]/ha per mm[irrig]

 N uptake during growing season               39 kg[N uptake]/ha
   Dry Matter Productivity                 114.0 kg[DM]/kg[N uptake]
   Yield Productivity                       57.9 kg[yield]/kg[N uptake]

--------------------------------------------------------------------------------------------------------------

                      Rice YIELD :     2260 kg/ha    [Dry weight] 

**************************************************************************************************************
