*SIMULATION OVERVIEW FILE

*DSSAT Cropping System Model Ver. 4.8.5.000 -release  APR 28, 2026 22:33:19

*RUN   1        : 98, 1ST SOW, LAB RAINFED  CRGRO048 LUGO9802    1
 MODEL          : CRGRO048 - Soybean
 EXPERIMENT     : LUGO9802 SB SOJA, MAJOR, LABRADOR RAINFED 98
 DATA PATH      :
 TREATMENT  1   : 98, 1ST SOW, LAB RAINFED  CRGRO048


 CROP           : Soybean          CULTIVAR : LABR.  00        ECOTYPE :SB0100
 STARTING DATE  : JUN 10 1998
 PLANTING DATE  : JUN 10 1998      PLANTS/m2 :    50.0    ROW SPACING :  40.cm
 WEATHER        : LUGO   1998
 SOIL           : LUGO930001     TEXTURE : LO    -   FINCA DE PRACTICAS EPS
 SOIL INIT COND : DEPTH:150cm EXTR. H2O:221.3mm  NO3:  0.0kg/ha  NH4:  0.0kg/ha
 WATER BALANCE  : RAINFED
 IRRIGATION     : NOT IRRIGATED
 NITROGEN BAL.  : SOIL-N, N-UPTAKE & DYNAMIC N-FIXATION SIMULATION
 N-FERTILIZER   : NO N-FERTILIZER APPLIED
 RESIDUE/MANURE : INITIAL :     0 kg/ha ;       0 kg/ha IN     0 APPLICATIONS
 ENVIRONM. OPT. : DAYL=    0.00  SRAD=    0.00  TMAX=    0.00  TMIN=    0.00
                  RAIN=    0.00  CO2 =    0.00  DEW =    0.00  WIND=    0.00
 SIMULATION OPT : WATER   :Y  NITROGEN:Y  N-FIX:Y  PHOSPH :N  PESTS  :N
                  PHOTO   :L  ET      :R  INFIL:S  HYDROL :R  SOM    :G
                  CO2 366ppm  NSWIT   :1  EVAP :R  SOIL   :2  STEMP  :D
 MANAGEMENT OPT : PLANTING:R  IRRIG   :N  FERT :N  RESIDUE:N  HARVEST:M
                  WEATHER :M  TILLAGE :Y

*SUMMARY OF SOIL AND GENETIC INPUT PARAMETERS

   SOIL LOWER UPPER   SAT  EXTR  INIT   ROOT   BULK     pH    NO3    NH4    ORG
  DEPTH LIMIT LIMIT    SW    SW    SW   DIST   DENS                          C
   cm   cm3/cm3    cm3/cm3    cm3/cm3         g/cm3         ugN/g  ugN/g     %
-------------------------------------------------------------------------------
  0-  5 0.121 0.265 0.348 0.144 0.265   1.00   0.95   6.50   0.00   0.00   2.83
  5- 15 0.121 0.265 0.348 0.144 0.265   1.00   0.95   6.50   0.00   0.00   2.83
 15- 30 0.125 0.274 0.350 0.149 0.274   0.75   1.12   6.40   0.00   0.00   2.34
 30- 40 0.111 0.260 0.354 0.149 0.260   0.50   1.26   6.00   0.00   0.00   0.56
 40- 50 0.111 0.260 0.354 0.149 0.260   0.50   1.26   6.00   0.00   0.00   0.56
 50- 65 0.101 0.252 0.344 0.151 0.252   0.35   1.31   5.20   0.00   0.00   0.48
 65- 93 0.085 0.232 0.321 0.147 0.232   0.20   1.35   4.90   0.00   0.00   0.41
 93-122 0.085 0.232 0.321 0.147 0.232   0.20   1.35   4.90   0.00   0.00   0.41
122-150 0.085 0.232 0.321 0.147 0.232   0.20   1.35   4.90   0.00   0.00   0.41

TOT-150  14.7  36.8  50.0  22.1  36.8  <--cm   -  kg/ha-->    0.0    0.0 150231
SOIL ALBEDO    : 0.14      EVAPORATION LIMIT : 9.70         MIN. FACTOR  : 1.00
RUNOFF CURVE # :80.00      DRAINAGE RATE     : 0.60         FERT. FACTOR : 1.00

 Soybean          CULTIVAR: LU0004-LABR.  00          ECOTYPE: SB0100
 CSDVAR :14.00  PPSEN  : 0.15  EMG-FLW:16.60  FLW-FSD:13.20  FSD-PHM : 36.80
 WTPSD  :0.153  SDPDVR : 2.03  SDFDUR :25.00  PODDUR :11.20  XFRUIT  :  1.00
 THRESH : 77.0  SDPRO  :0.405  SDLIP   : 0.205


*SIMULATED CROP AND SOIL STATUS AT MAIN DEVELOPMENT STAGES

 RUN NO.     1     98, 1ST SOW, LAB RAINFED

        CROP GROWTH     BIOMASS         LEAF   CROP N     STRESS      STRESS                                           
   DATE  AGE STAGE        kg/ha    LAI   NUM  kg/ha  %   H2O  Nitr Phos1 Phos2  RSTG                                   
 ------  --- ----------   -----  -----  ----  ---  ---  ----  ----  ----  ----  ----                                   
 10 JUN    0 Start Sim        0   0.00   0.0    0  0.0  0.00  0.00  0.00  0.00     0
 10 JUN    0 Sowing           0   0.00   0.0    0  0.0  0.00  0.00  0.00  0.00     0
 19 JUN    9 Emergence       21   0.04   0.0    1  5.1  0.00  0.00  0.00  0.00     0
 19 JUN    9 End Juven.      21   0.04   0.0    1  5.1  0.00  0.00  0.00  0.00     0
 30 JUN   20 Flower Ind      55   0.10   1.0    3  4.6  0.00  0.18  0.00  0.00     0
  1 JUL   21 Unifoliate      61   0.11   1.1    3  4.7  0.00  0.00  0.00  0.00     0
 26 JUL   46 First Flwr     889   1.40   5.5   34  3.8  0.00  0.00  0.00  0.00     1
  7 AUG   58 First Pod     1970   2.55   7.4   69  3.5  0.09  0.00  0.00  0.00     3
 16 AUG   67 First Seed    2976   3.08   9.1   94  3.2  0.16  0.00  0.00  0.00     5
 28 AUG   79 End Pod       3558   2.44  10.1  103  2.9  0.50  0.00  0.00  0.00     5
 18 SEP  100 End Msnode    3342   1.36  10.2   97  2.9  0.54  0.01  0.00  0.00     5
 20 SEP  102 Phys. Mat     3334   1.35  10.2   97  2.9  0.79  0.00  0.00  0.00     7
  2 OCT  114 Harv. Mat     2479   0.09  10.2   85  3.4  0.16  0.00  0.00  0.00     8
  2 OCT  114 Harvest       2479   0.09  10.2   85  3.4  0.00  0.00  0.00  0.00     8


*MAIN GROWTH AND DEVELOPMENT VARIABLES

@     VARIABLE                                         SIMULATED     MEASURED
      --------                                         ---------     --------
      Emergence day (dap)                                      9          -99
      Anthesis day (dap)                                      46           44
      First pod day (dap)                                     58           48
      First seed day (dap)                                    67           60
      Physiological maturity day (dap)                       102          102
      Harvest maturity day (dap)                             114          -99
      Yield at harvest maturity (kg [dm]/ha)                1343        2132.
      Pod/Ear/Panicle weight at maturity (kg [dm]/ha)       1885         3024
      Tops weight at anthesis (kg [dm]/ha)                   889        1081.
      Tops weight at maturity (kg [dm]/ha)                  2479        3628.
      By-product produced (stalk) at maturity (kg[dm]/ha    1140        1496.
      Number at maturity (no/m2)                            1478        1520.
      Unit wt at maturity (g [dm]/unit)                   0.0909        .1405
      Number at maturity (no/unit)                          2.03         2.44
      Harvest index at maturity                            0.542         .585
      Threshing % at maturity                              71.26        70.48
      Leaf area index, maximum                              3.16         1.36
      Leaf number per stem at maturity                     10.21            9
      Canopy height (m)                                     0.45          -99
      Tops N at anthesis (kg/ha)                              34          -99
      Tops N at maturity (kg/ha)                              85          -99
      Stem N at maturity (kg/ha)                               3          -99
      Grain N at maturity (kg/ha)                             74          -99
      Grain N at maturity (%)                               5.53          -99
      Grain oil at maturity (%)                            19.93          -99


*ENVIRONMENTAL AND STRESS FACTORS

 |-----Development Phase------|--------------------------------------Environment--------------------------------------|-----------------Stress-----------------|
                              |---------------Average--------------|-----Cumulative-----|--------Count of days--------|          (0=Min, 1=Max Stress)         |
                         Time  Temp  Temp  Temp Solar Photop                Evapo    Pot TMIN TMIN TMAX TMAX TMAX RAIN|----Water----|---Nitrogen--|-Phosphorus-|
                         Span   Max   Min  Mean   Rad  [day]    CO2   Rain  Trans     ET   <    <    >    >    >    >   Photo         Photo         Photo
                         days     C     C     C MJ/m2     hr    ppm     mm     mm    mm   0 C  2 C 30 C 32 C 34 C  0mm  synth Growth  synth Growth  synth Growth
----------------------------------------------------------------------------------------------------------------------------------------------------------------
 Emergence -First Flower   37  23.5  12.5  18.0  20.9  14.97  366.5   38.2   68.8  174.3    0    0    2    0    0   10  0.000  0.000  0.000  0.053  0.000  0.000
 First Flower-First Seed   21  27.3  13.9  20.6  20.8  14.15  366.7   16.6   75.3   99.1    0    0    6    5    4    3  0.030  0.120  0.000  0.001  0.000  0.000
 First Seed - Phys. Mat.   35  24.8  13.3  19.1  16.2  12.88  366.9   23.8   67.1  120.6    0    0    4    1    0   11  0.391  0.543  0.000  0.004  0.000  0.000
 Emergence  - Phys. Mat.   93  24.9  13.1  19.0  19.1  14.00  366.7   78.6  211.3  394.1    0    0   12    6    4   24  0.154  0.231  0.000  0.023  0.000  0.000
   
 Planting to Harvest      115  24.0  12.5  18.2  18.2  13.86  366.7  165.6  239.3  460.9    0    0   14    7    4   39  0.135  0.204  0.000  0.019  0.000  0.000
----------------------------------------------------------------------------------------------------------------------------------------------------------------


*Resource Productivity
 Growing season length: 115 days 

 Precipitation during growing season       165.6 mm[rain]
   Dry Matter Productivity                  1.50 kg[DM]/m3[rain]          =   15.0 kg[DM]/ha per mm[rain]
   Yield Productivity                       0.81 kg[grain yield]/m3[rain] =    8.1 kg[yield]/ha per mm[rain]

 Evapotranspiration during growing season  239.3 mm[ET]
   Dry Matter Productivity                  1.04 kg[DM]/m3[ET]            =   10.4 kg[DM]/ha per mm[ET]
   Yield Productivity                       0.56 kg[grain yield]/m3[ET]   =    5.6 kg[yield]/ha per mm[ET]

 Transpiration during growing season       158.2 mm[EP]
   Dry Matter Productivity                  1.57 kg[DM]/m3[EP]            =   15.7 kg[DM]/ha per mm[EP]
   Yield Productivity                       0.85 kg[grain yield]/m3[EP]   =    8.5 kg[yield]/ha per mm[EP]

 N uptake during growing season               18 kg[N uptake]/ha
   Dry Matter Productivity                 137.7 kg[DM]/kg[N uptake]
   Yield Productivity                       74.6 kg[yield]/kg[N uptake]

--------------------------------------------------------------------------------------------------------------

                   Soybean YIELD :     1343 kg/ha    [Dry weight] 

**************************************************************************************************************
