*SIMULATION OVERVIEW FILE

*DSSAT Cropping System Model Ver. 4.8.5.000 -release  APR 28, 2026 22:33:23

*RUN   1        : NO WATER STRESS           CRGRO048 UFQU7901    1
 MODEL          : CRGRO048 - Soybean
 EXPERIMENT     : UFQU7901 SB SOYBEAN, NO PEST DAMAGE
 DATA PATH      :
 TREATMENT  1   : NO WATER STRESS           CRGRO048


 CROP           : Soybean          CULTIVAR : BRAGG            ECOTYPE :SB0701
 STARTING DATE  : JUN 25 1979
 PLANTING DATE  : JUN 25 1979      PLANTS/m2 :    21.5    ROW SPACING :  91.cm
 WEATHER        : UFQU   1979
 SOIL           : IBSB910017     TEXTURE : SALO  -   Orangeburg Sandy Loam
 WATER BALANCE  : NOT SIMULATED ; NO H2O-STRESS
 IRRIGATION     :
 NITROGEN BAL.  : NOT SIMULATED ; NO N-STRESS
 N-FERTILIZER   :
 RESIDUE/MANURE :
 ENVIRONM. OPT. : DAYL=    0.00  SRAD=    0.00  TMAX=    0.00  TMIN=    0.00
                  RAIN=    0.00  CO2 =    0.00  DEW =    0.00  WIND=    0.00
 SIMULATION OPT : WATER   :N  NITROGEN:N  N-FIX:N  PHOSPH :N  PESTS  :N
                  PHOTO   :L  ET      :R  INFIL:S  HYDROL :R  SOM    :G
                  CO2 337ppm  NSWIT   :1  EVAP :R  SOIL   :2  STEMP  :D
 MANAGEMENT OPT : PLANTING:R  IRRIG   :N  FERT :N  RESIDUE:N  HARVEST:M
                  WEATHER :M  TILLAGE :Y

*SUMMARY OF SOIL AND GENETIC INPUT PARAMETERS

 Soybean          CULTIVAR: IB0001-BRAGG              ECOTYPE: SB0701
 CSDVAR :12.33  PPSEN  : 0.32  EMG-FLW:19.50  FLW-FSD:15.20  FSD-PHM : 37.60
 WTPSD  :0.170  SDPDVR : 2.00  SDFDUR :24.00  PODDUR :10.00  XFRUIT  :  1.00
 THRESH : 78.0  SDPRO  :0.400  SDLIP   : 0.200


*SIMULATED CROP AND SOIL STATUS AT MAIN DEVELOPMENT STAGES

 RUN NO.     1     NO WATER STRESS         

        CROP GROWTH     BIOMASS         LEAF   CROP N     STRESS      STRESS                                           
   DATE  AGE STAGE        kg/ha    LAI   NUM  kg/ha  %   H2O  Nitr Phos1 Phos2  RSTG                                   
 ------  --- ----------   -----  -----  ----  ---  ---  ----  ----  ----  ----  ----                                   
 25 JUN    0 Start Sim        0   0.00   0.0    0  0.0  0.00  0.00  0.00  0.00     0
 25 JUN    0 Sowing           0   0.00   0.0    0  0.0  0.00  0.00  0.00  0.00     0
 30 JUN    5 Emergence       10   0.02   0.1    1  5.1  0.00  0.00  0.00  0.00     0
 30 JUN    5 End Juven.      10   0.02   0.1    1  5.1  0.00  0.00  0.00  0.00     0
  7 JUL   12 Unifoliate      17   0.03   1.3    1  5.0  0.00  0.54  0.00  0.00     0
 11 JUL   16 Flower Ind      34   0.08   2.4    2  4.8  0.00  0.01  0.00  0.00     0
  7 AUG   43 First Flwr    1105   1.88  10.1   42  3.8  0.00  0.00  0.00  0.00     1
 24 AUG   60 End Msnode    3316   3.74  14.8  113  3.4  0.00  0.00  0.00  0.00     1
 26 AUG   62 First Pod     3560   3.87  14.8  119  3.3  0.00  0.00  0.00  0.00     3
  3 SEP   70 First Seed    4767   4.04  14.8  152  3.2  0.00  0.00  0.00  0.00     5
  8 SEP   75 End Leaf      5258   3.89  14.8  166  3.1  0.00  0.00  0.00  0.00     5
 19 SEP   86 End Pod       6196   3.34  14.8  201  3.2  0.00  0.00  0.00  0.00     5
 18 OCT  115 Phys. Mat     7334   2.29  14.8  254  3.5  0.00  0.00  0.00  0.00     7
 30 OCT  127 Harv. Mat     6022   0.15  14.8  228  3.8  0.00  0.00  0.00  0.00     8
 30 OCT  127 Harvest       6022   0.15  14.8  228  3.8  0.00  0.00  0.00  0.00     8


*MAIN GROWTH AND DEVELOPMENT VARIABLES

@     VARIABLE                                         SIMULATED     MEASURED
      --------                                         ---------     --------
      Emergence day (dap)                                      5          -99
      Anthesis day (dap)                                      43           45
      First pod day (dap)                                     62           63
      First seed day (dap)                                    70          -99
      Physiological maturity day (dap)                       115          112
      Harvest maturity day (dap)                             127          -99
      Yield at harvest maturity (kg [dm]/ha)                3182        3718.
      Pod/Ear/Panicle weight at maturity (kg [dm]/ha)       4074        5085.
      Tops weight at anthesis (kg [dm]/ha)                  1105          -99
      Tops weight at maturity (kg [dm]/ha)                  6022        7506.
      By-product produced (stalk) at maturity (kg[dm]/ha    2840        2236.
      Number at maturity (no/m2)                            2009          -99
      Unit wt at maturity (g [dm]/unit)                   0.1584          -99
      Number at maturity (no/unit)                          2.00          -99
      Harvest index at maturity                            0.528         .495
      Threshing % at maturity                              78.10        73.12
      Leaf area index, maximum                              4.05         5.54
      Leaf number per stem at maturity                     14.81          -99
      Canopy height (m)                                     0.86          -99
      Tops N at anthesis (kg/ha)                              42          -99
      Tops N at maturity (kg/ha)                             228          -99
      Stem N at maturity (kg/ha)                              13          -99
      Grain N at maturity (kg/ha)                            204          -99
      Grain N at maturity (%)                               6.40          -99
      Grain oil at maturity (%)                            18.89          -99


*ENVIRONMENTAL AND STRESS FACTORS

 |-----Development Phase------|--------------------------------------Environment--------------------------------------|-----------------Stress-----------------|
                              |---------------Average--------------|-----Cumulative-----|--------Count of days--------|          (0=Min, 1=Max Stress)         |
                         Time  Temp  Temp  Temp Solar Photop                Evapo    Pot TMIN TMIN TMAX TMAX TMAX RAIN|----Water----|---Nitrogen--|-Phosphorus-|
                         Span   Max   Min  Mean   Rad  [day]    CO2   Rain  Trans     ET   <    <    >    >    >    >   Photo         Photo         Photo
                         days     C     C     C MJ/m2     hr    ppm     mm     mm    mm   0 C  2 C 30 C 32 C 34 C  0mm  synth Growth  synth Growth  synth Growth
----------------------------------------------------------------------------------------------------------------------------------------------------------------
 Emergence -First Flower   38  32.5  21.8  27.1  22.1  13.70  336.9  200.9    0.0    0.0    0    0   29   24   10   22  0.000  0.000  0.000  0.101  0.000  0.000
 First Flower-First Seed   27  32.0  20.8  26.4  20.7  12.94  337.1  121.9    0.0    0.0    0    0   24   15    1    8  0.000  0.000  0.000  0.000  0.000  0.000
 First Seed - Phys. Mat.   45  27.9  17.0  22.4  15.5  11.84  337.2  242.3    0.0    0.0    0    0   13    5    0   17  0.000  0.000  0.000  0.000  0.000  0.000
 Emergence  - Phys. Mat.  110  30.5  19.6  25.0  19.1  12.75  337.1  565.1    0.0    0.0    0    0   66   44   11   47  0.000  0.000  0.000  0.035  0.000  0.000
   
 Planting to Harvest      128  30.1  18.9  24.5  19.4  12.64  337.1  570.7    0.0    0.0    0    0   70   46   11   49  0.000  0.000  0.000  0.030  0.000  0.000
----------------------------------------------------------------------------------------------------------------------------------------------------------------

--------------------------------------------------------------------------------------------------------------

                   Soybean YIELD :     3182 kg/ha    [Dry weight] 

**************************************************************************************************************
