*SIMULATION OVERVIEW FILE

*DSSAT Cropping System Model Ver. 4.8.5.000 -release  APR 28, 2026 22:33:32

*RUN   1        : 95S-Auto irr. N-B "off"   CRGRO048 UFQU9501    1
 MODEL          : CRGRO048 - Tomato
 EXPERIMENT     : UFQU9501 TM SPRING 1995,AGRISET,DRIP-IRR.,QUINCY,FL
 DATA PATH      :
 TREATMENT  1   : 95S-Auto irr. N-B "off"   CRGRO048


 CROP           : Tomato           CULTIVAR : Agriset 761 10'  ECOTYPE :TM0001
 STARTING DATE  : MAR 17 1995
 PLANTING DATE  : MAR 28 1995      PLANTS/m2 :     0.9    ROW SPACING : 183.cm
 HARVEST DATE   : JUN 26 1995
 WEATHER        : UFQU   1995
 SOIL           : IBTM910017     TEXTURE : SA    -   Orangeburg Sandy Loam
 WATER BALANCE  : NOT SIMULATED ; NO H2O-STRESS
 IRRIGATION     :
 NITROGEN BAL.  : NOT SIMULATED ; NO N-STRESS
 N-FERTILIZER   :
 RESIDUE/MANURE :
 ENVIRONM. OPT. : DAYL=    0.00  SRAD=    0.00  TMAX=    0.00  TMIN=    0.00
                  RAIN=    0.00  CO2 =    0.00  DEW =    0.00  WIND=    0.00
 SIMULATION OPT : WATER   :N  NITROGEN:N  N-FIX:N  PHOSPH :N  PESTS  :N
                  PHOTO   :L  ET      :R  INFIL:S  HYDROL :R  SOM    :G
                  CO2 360ppm  NSWIT   :1  EVAP :R  SOIL   :2  STEMP  :D
 MANAGEMENT OPT : PLANTING:R  IRRIG   :A  FERT :R  RESIDUE:N  HARVEST:R
                  WEATHER :M  TILLAGE :N

*SUMMARY OF SOIL AND GENETIC INPUT PARAMETERS

 Tomato           CULTIVAR: TM0005-Agriset 761 10'    ECOTYPE: TM0001
 CSDVAR :12.33  PPSEN  : 0.00  EMG-FLW:24.40  FLW-FSD:19.00  FSD-PHM : 45.20
 WTPSD  :0.004  SDPDVR :300.0  SDFDUR :26.00  PODDUR :54.00  XFRUIT  :  0.78
 THRESH :  8.5  SDPRO  :0.300  SDLIP   : 0.050


*SIMULATED CROP AND SOIL STATUS AT MAIN DEVELOPMENT STAGES

 RUN NO.     1     95S-Auto irr. N-B "off" 

        CROP GROWTH     BIOMASS         LEAF   CROP N     STRESS      STRESS                                           
   DATE  AGE STAGE        kg/ha    LAI   NUM  kg/ha  %   H2O  Nitr Phos1 Phos2  RSTG                                   
 ------  --- ----------   -----  -----  ----  ---  ---  ----  ----  ----  ----  ----                                   
 17 MAR    0 Start Sim        0   0.00   0.0    0  0.0  0.00  0.00  0.00  0.00     0
 28 MAR    0 Transplant       2   0.00   3.7    0  3.8  0.00  0.00  0.00  0.00     0
 25 APR   28 First Flwr     153   0.29  12.1    6  3.6  0.00  0.00  0.00  0.00     1
 29 APR   32 First Pod      266   0.47  13.4   10  3.6  0.00  0.00  0.00  0.00     2
 10 MAY   43 First Pod      917   1.40  17.4   31  3.4  0.00  0.00  0.00  0.00     3
 18 MAY   51 First Seed    1701   2.19  20.1   56  3.3  0.00  0.00  0.00  0.00     5
 25 MAY   58 End Msnode    2722   2.61  22.0   84  3.1  0.00  0.00  0.00  0.00     5
 24 JUN   88 End Leaf      6784   2.84  22.0  172  2.5  0.00  0.00  0.00  0.00     5
 26 JUN   90 Harvest       7026   2.83  22.0  176  2.5  0.00  0.00  0.00  0.00     5


*MAIN GROWTH AND DEVELOPMENT VARIABLES

@     VARIABLE                                         SIMULATED     MEASURED
      --------                                         ---------     --------
      Anthesis day (dap)                                      28          -99
      First pod day (dap)                                     43          -99
      First seed day (dap)                                    51          -99
      Physiological maturity day (dap)                       -99          -99
      Yield at harvest maturity (kg [dm]/ha)                 349          -99
      Pod/Ear/Panicle weight at maturity (kg [dm]/ha)       4245          -99
      Tops weight at anthesis (kg [dm]/ha)                   153          -99
      Tops weight at maturity (kg [dm]/ha)                  7026          -99
      By-product produced (stalk) at maturity (kg[dm]/ha    6680          -99
      Number at maturity (no/m2)                           16808          -99
      Unit wt at maturity (g [dm]/unit)                   0.0021          -99
      Number at maturity (no/unit)                        220.88          -99
      Harvest index at maturity                            0.050          -99
      Threshing % at maturity                               8.22          -99
      Leaf area index, maximum                              3.00          -99
      Leaf number per stem at maturity                     21.96          -99
      Canopy height (m)                                     0.98          -99
      Tops N at anthesis (kg/ha)                               6          -99
      Tops N at maturity (kg/ha)                             176          -99
      Stem N at maturity (kg/ha)                              27          -99
      Grain N at maturity (kg/ha)                             17          -99
      Grain N at maturity (%)                               4.78          -99
      Grain oil at maturity (%)                             4.97          -99


*ENVIRONMENTAL AND STRESS FACTORS

 |-----Development Phase------|--------------------------------------Environment--------------------------------------|-----------------Stress-----------------|
                              |---------------Average--------------|-----Cumulative-----|--------Count of days--------|          (0=Min, 1=Max Stress)         |
                         Time  Temp  Temp  Temp Solar Photop                Evapo    Pot TMIN TMIN TMAX TMAX TMAX RAIN|----Water----|---Nitrogen--|-Phosphorus-|
                         Span   Max   Min  Mean   Rad  [day]    CO2   Rain  Trans     ET   <    <    >    >    >    >   Photo         Photo         Photo
                         days     C     C     C MJ/m2     hr    ppm     mm     mm    mm   0 C  2 C 30 C 32 C 34 C  0mm  synth Growth  synth Growth  synth Growth
----------------------------------------------------------------------------------------------------------------------------------------------------------------
 First Flower-First Seed   23  29.0  15.7  22.3  18.5  13.34  360.4   49.3    0.0    0.0    0    0   10    6    0    4  0.000  0.000  0.000  0.000  0.000  0.000
 First Seed - Phys. Mat.   39  30.9  18.8  24.8  19.6  13.87  360.6   83.0    0.0    0.0    0    0   23   15    3   10  0.000  0.000  0.000  0.000  0.000  0.000
   
 Planting to Harvest       91  28.6  15.8  22.2  19.1  13.33  360.4  185.2    0.0    0.0    0    0   36   21    3   23  0.000  0.000  0.000  0.000  0.000  0.000
----------------------------------------------------------------------------------------------------------------------------------------------------------------

--------------------------------------------------------------------------------------------------------------

                    Tomato YIELD :     4245 kg/ha    [Dry weight] 

**************************************************************************************************************
