*SIMULATION OVERVIEW FILE

*DSSAT Cropping System Model Ver. 4.8.5.000 -release  APR 28, 2026 22:33:28

*RUN   1        : 1993 I1  I                CRGRO048 UCCO9301    1
 MODEL          : CRGRO048 - Sunflower
 EXPERIMENT     : UCCO9301 SU CORDOBA RESPONSE TO IRRI-N "OFF" VILLALOBOS ET AL.
 DATA PATH      :
 TREATMENT  1   : 1993 I1  I                CRGRO048


 CROP           : Sunflower        CULTIVAR : E-353            ECOTYPE :SU0702
 STARTING DATE  : JAN  1 1993
 PLANTING DATE  : JUN  7 1993      PLANTS/m2 :     7.1    ROW SPACING :  70.cm
 WEATHER        : UCCO   1993
 SOIL           : COSU910047     TEXTURE : -99   -   Granja Sandy Loamx
 SOIL INIT COND : DEPTH:150cm EXTR. H2O:240.0mm  NO3:  0.0kg/ha  NH4:  0.0kg/ha
 WATER BALANCE  : IRRIGATE ON REPORTED DAP
 IRRIGATION     :      330 mm IN    11 APPLICATIONS
 NITROGEN BAL.  : NOT SIMULATED ; NO N-STRESS
 N-FERTILIZER   :
 RESIDUE/MANURE :
 ENVIRONM. OPT. : DAYL=    0.00  SRAD=    0.00  TMAX=    0.00  TMIN=    0.00
                  RAIN=    0.00  CO2 =    0.00  DEW =    0.00  WIND=    0.00
 SIMULATION OPT : WATER   :Y  NITROGEN:N  N-FIX:N  PHOSPH :N  PESTS  :N
                  PHOTO   :L  ET      :R  INFIL:S  HYDROL :R  SOM    :G
                  CO2 356ppm  NSWIT   :1  EVAP :R  SOIL   :2  STEMP  :D
 MANAGEMENT OPT : PLANTING:R  IRRIG   :D  FERT :R  RESIDUE:N  HARVEST:M
                  WEATHER :M  TILLAGE :N

*SUMMARY OF SOIL AND GENETIC INPUT PARAMETERS

   SOIL LOWER UPPER   SAT  EXTR  INIT   ROOT   BULK     pH    NO3    NH4    ORG
  DEPTH LIMIT LIMIT    SW    SW    SW   DIST   DENS                          C
   cm   cm3/cm3    cm3/cm3    cm3/cm3         g/cm3         ugN/g  ugN/g     %
-------------------------------------------------------------------------------
  0-  5 0.080 0.240 0.340 0.160 0.176   1.00   1.60   0.00   1.90   0.20 -99.00
  5- 15 0.080 0.240 0.340 0.160 0.176   1.00   1.60   0.00   1.90   0.20 -99.00
 15- 30 0.080 0.240 0.340 0.160 0.176   1.00   1.60   0.00   1.90   0.20 -99.00
 30- 45 0.080 0.240 0.360 0.160 0.176   0.80   1.60   0.00   1.90   0.20 -99.00
 45- 60 0.080 0.240 0.360 0.160 0.176   0.80   1.60   0.00   1.90   0.20 -99.00
 60- 90 0.080 0.240 0.380 0.160 0.176   0.60   1.60   0.00   1.90   0.20 -99.00
 90-120 0.080 0.240 0.370 0.160 0.176   0.40   1.60   0.00   1.90   0.20 -99.00
120-150 0.080 0.240 0.380 0.160 0.176   0.20   1.60   0.00   1.90   0.20 -99.00

TOT-150  12.0  36.0  54.9  24.0  26.4  <--cm   -  kg/ha-->    0.0    0.0      0
SOIL ALBEDO    : 0.18      EVAPORATION LIMIT : 6.00         MIN. FACTOR  : 1.00
RUNOFF CURVE # :77.00      DRAINAGE RATE     : 0.50         FERT. FACTOR : 1.00

 Sunflower        CULTIVAR: IB0009-E-353              ECOTYPE: SU0702
 CSDVAR :15.00  PPSEN  :-0.09  EMG-FLW:18.60  FLW-FSD:12.20  FSD-PHM : 25.00
 WTPSD  :0.110  SDPDVR :  2.0  SDFDUR :24.00  PODDUR : 4.50  XFRUIT  :  0.80
 THRESH : 73.0  SDPRO  :0.140  SDLIP   : 0.450


*SIMULATED CROP AND SOIL STATUS AT MAIN DEVELOPMENT STAGES

 RUN NO.     1     1993 I1  I              

        CROP GROWTH     BIOMASS         LEAF   CROP N     STRESS      STRESS                                           
   DATE  AGE STAGE        kg/ha    LAI   NUM  kg/ha  %   H2O  Nitr Phos1 Phos2  RSTG                                   
 ------  --- ----------   -----  -----  ----  ---  ---  ----  ----  ----  ----  ----                                   
  1 JAN    0 Start Sim        0   0.00   0.0    0  0.0  0.00  0.00  0.00  0.00     0
  7 JUN    0 Sowing           0   0.00   0.0    0  0.0  0.00  0.00  0.00  0.00     0
 14 JUN    7 Emergence        3   0.00   0.5    0  5.8  0.00  0.00  0.00  0.00     0
 14 JUN    7 End Juven.       3   0.00   0.5    0  5.8  0.00  0.00  0.00  0.00     0
 15 JUN    8 Unifoliate       4   0.00   1.2    0  5.8  0.00  0.00  0.00  0.00     0
 21 JUN   14 Flower Ind      14   0.03   5.1    1  5.5  0.00  0.00  0.00  0.00     0
 10 JUL   33 Star burst    1146   1.58  18.2   55  4.8  0.00  0.00  0.00  0.00     1
 21 JUL   44 1st thalam    3401   2.87  25.5  148  4.4  0.00  0.00  0.00  0.00     3
 26 JUL   49 End Msnode    4542   2.96  28.9  185  4.1  0.00  0.00  0.00  0.00     3
 30 JUL   53 1st Flw/Sd    5502   2.85  28.9  209  3.8  0.00  0.00  0.00  0.00     5
  2 AUG   56 End Leaf      6190   2.55  28.9  213  3.4  0.00  0.00  0.00  0.00     5
  8 AUG   62 End Sd-add    7095   2.01  28.9  208  2.9  0.00  0.00  0.00  0.00     5
 26 AUG   80 Phys. Mat     9281   0.85  28.9  203  2.2  0.00  0.00  0.00  0.00     7
 31 AUG   85 Harv. Mat     9608   0.60  28.9  202  2.1  0.00  0.00  0.00  0.00     8
 31 AUG   85 Harvest       9608   0.60  28.9  202  2.1  0.00  0.00  0.00  0.00     8


*MAIN GROWTH AND DEVELOPMENT VARIABLES

@     VARIABLE                                         SIMULATED     MEASURED
      --------                                         ---------     --------
      Emergence day (dap)                                      7          -99
      Anthesis day (dap)                                      33          -99
      First pod day (dap)                                     44          -99
      First seed day (dap)                                    53          -99
      Physiological maturity day (dap)                        80          -99
      Harvest maturity day (dap)                              85          -99
      Yield at harvest maturity (kg [dm]/ha)                3527         2341
      Pod/Ear/Panicle weight at maturity (kg [dm]/ha)       5411          -99
      Tops weight at anthesis (kg [dm]/ha)                  1146          -99
      Tops weight at maturity (kg [dm]/ha)                  9608         7320
      By-product produced (stalk) at maturity (kg[dm]/ha    6080          -99
      Number at maturity (no/m2)                            4847          -99
      Unit wt at maturity (g [dm]/unit)                   0.0728          -99
      Number at maturity (no/unit)                          2.00          -99
      Harvest index at maturity                            0.367          -99
      Threshing % at maturity                              65.19          -99
      Leaf area index, maximum                              2.97          -99
      Leaf number per stem at maturity                     28.94          -99
      Canopy height (m)                                     1.47          -99
      Tops N at anthesis (kg/ha)                              55          -99
      Tops N at maturity (kg/ha)                             202          -99
      Stem N at maturity (kg/ha)                              36          -99
      Grain N at maturity (kg/ha)                            133          -99
      Grain N at maturity (%)                               3.77          -99
      Grain oil at maturity (%)                            41.86          -99


*ENVIRONMENTAL AND STRESS FACTORS

 |-----Development Phase------|--------------------------------------Environment--------------------------------------|-----------------Stress-----------------|
                              |---------------Average--------------|-----Cumulative-----|--------Count of days--------|          (0=Min, 1=Max Stress)         |
                         Time  Temp  Temp  Temp Solar Photop                Evapo    Pot TMIN TMIN TMAX TMAX TMAX RAIN|----Water----|---Nitrogen--|-Phosphorus-|
                         Span   Max   Min  Mean   Rad  [day]    CO2   Rain  Trans     ET   <    <    >    >    >    >   Photo         Photo         Photo
                         days     C     C     C MJ/m2     hr    ppm     mm     mm    mm   0 C  2 C 30 C 32 C 34 C  0mm  synth Growth  synth Growth  synth Growth
----------------------------------------------------------------------------------------------------------------------------------------------------------------
 Emergence -First Flower   26  33.2  16.7  25.0  26.4  14.59  356.8    4.4   58.0  180.2    0    0   21   16   10    2  0.000  0.000  0.000  0.000  0.000  0.000
 First Flower-First Seed   20  37.9  17.5  27.7  28.0  14.25  356.9    0.0  156.1  160.9    0    0   20   20   19    0  0.000  0.000  0.000  0.000  0.000  0.000
 First Seed - Phys. Mat.   27  35.2  19.2  27.2  23.5  13.54  357.0    0.4  156.1  166.3    0    0   24   22   20    1  0.000  0.000  0.000  0.000  0.000  0.000
 Emergence  - Phys. Mat.   73  35.2  17.9  26.5  25.8  14.11  356.9    4.8  370.3  507.4    0    0   65   58   49    3  0.000  0.000  0.000  0.000  0.000  0.000
   
 Planting to Harvest       86  34.3  17.2  25.8  25.3  14.08  356.9    6.0  391.0  575.4    0    0   72   63   51    6  0.000  0.000  0.000  0.000  0.000  0.000
----------------------------------------------------------------------------------------------------------------------------------------------------------------


*Resource Productivity
 Growing season length:  86 days 

 Precipitation during growing season         6.0 mm[rain]
   Dry Matter Productivity                160.13 kg[DM]/m3[rain]          = 1601.3 kg[DM]/ha per mm[rain]
   Yield Productivity                      58.78 kg[grain yield]/m3[rain] =  587.8 kg[yield]/ha per mm[rain]

 Evapotranspiration during growing season  391.0 mm[ET]
   Dry Matter Productivity                  2.46 kg[DM]/m3[ET]            =   24.6 kg[DM]/ha per mm[ET]
   Yield Productivity                       0.90 kg[grain yield]/m3[ET]   =    9.0 kg[yield]/ha per mm[ET]

 Transpiration during growing season       267.2 mm[EP]
   Dry Matter Productivity                  3.60 kg[DM]/m3[EP]            =   36.0 kg[DM]/ha per mm[EP]
   Yield Productivity                       1.32 kg[grain yield]/m3[EP]   =   13.2 kg[yield]/ha per mm[EP]

 Irrigation during growing season          330.0 mm[irrig]
   Dry Matter Productivity                  2.91 kg[DM]/m3[irrig]         =   29.1 kg[DM]/ha per mm[irrig]
   Yield Productivity                       1.07 kg[grain yield]/m3[irrig]=   10.7 kg[yield]/ha per mm[irrig]

--------------------------------------------------------------------------------------------------------------

                 Sunflower YIELD :     3527 kg/ha    [Dry weight] 

**************************************************************************************************************
