*WARNING DETAIL FILE

******************************************************************************

*DSSAT Cropping System Model Ver. 4.8.5.000 -release  APR 28, 2026 22:33:28

*RUN   1        : 1993 I1  I                CRGRO048 UCCO9301    1
 MODEL          : CRGRO048 - Sunflower
 EXPERIMENT     : UCCO9301 SU CORDOBA RESPONSE TO IRRI-N "OFF" VILLALOBOS ET AL.
 DATA PATH      :
 TREATMENT  1   : 1993 I1  I                CRGRO048
  

 IPSOIL  YEAR DOY =    0   0
 Saturated hydraulic conductivity equal to zero for one or more soil layers.   
 Data will be treated as missing.                                              

 SOILDYN  YEAR DOY = 1993   1
 The pH of one or more soil layers at initialization                           
 was outside the range pH=1-10, which is unlikely.                             
 It was set by DSSAT to pH=7.                                                  

 SOILDYN  YEAR DOY = 1993   1
 Organic C data in one or more soil layers are zero or missing.                
 A minimum value of OC in this layer  will be estimated using soil texture.    
       Depth  Clay  Silt    OC                                                 
 Layer  (cm)   (%)   (%)   (%)                                                 
     1     5  30.0  30.0  0.97 (estimated)                                     
     2    15  30.0  30.0  0.97 (estimated)                                     
     3    30  30.0  30.0  0.97 (estimated)                                     
     4    45  30.0  30.0  0.97 (estimated)                                     
     5    60  30.0  30.0  0.97 (estimated)                                     
     6    90  30.0  30.0  0.97 (estimated)                                     
     7   120  30.0  30.0  0.97 (estimated)                                     
     8   150  30.0  30.0  0.97 (estimated)                                     
