*SIMULATION OVERVIEW FILE

*DSSAT Cropping System Model Ver. 4.8.5.000 -release  APR 28, 2026 22:33:25

*RUN   1        : RATN=89152 HARVEST=90275  SCCAN048 SATO8902    1
 MODEL          : SCCAN048 - Sugarcane
 EXPERIMENT     : SATO8902 SC AGROWTH07 MODEL EVALUATION EXPERIMENT
 DATA PATH      :
 TREATMENT  1   : RATN=89152 HARVEST=90275  SCCAN048


 CROP           : Sugarcane        CULTIVAR : NCo376           ECOTYPE :SC0013
 STARTING DATE  : MAY 18 1989
 PLANTING DATE  : JUN  1 1989      PLANTS/m2 :    13.3    ROW SPACING : 120.cm
 HARVEST DATE   : OCT  2 1990
 WEATHER        : SATO   1989
 SOIL           : SALA900001     TEXTURE : -99   - LAMERCY
 SOIL INIT COND : DEPTH:165cm EXTR. H2O:139.5mm  NO3:  0.0kg/ha  NH4:  0.0kg/ha
 WATER BALANCE  : RAINFED
 IRRIGATION     : NOT IRRIGATED
 NITROGEN BAL.  : NOT SIMULATED ; NO N-STRESS
 N-FERTILIZER   :
 RESIDUE/MANURE :
 ENVIRONM. OPT. : DAYL=    0.00  SRAD=    0.00  TMAX=    0.00  TMIN=    0.00
                  RAIN=    0.00  CO2 =    0.00  DEW =    0.00  WIND=    0.00
 SIMULATION OPT : WATER   :Y  NITROGEN:N  N-FIX:N  PHOSPH :N  PESTS  :N
                  PHOTO   :C  ET      :F  INFIL:S  HYDROL :R  SOM    :G
                  CO2 353ppm  NSWIT   :1  EVAP :R  SOIL   :2  STEMP  :D
 MANAGEMENT OPT : PLANTING:R  IRRIG   :N  FERT :N  RESIDUE:N  HARVEST:R
                  WEATHER :M  TILLAGE :N

*SUMMARY OF SOIL AND GENETIC INPUT PARAMETERS

   SOIL LOWER UPPER   SAT  EXTR  INIT   ROOT   BULK     pH    NO3    NH4    ORG
  DEPTH LIMIT LIMIT    SW    SW    SW   DIST   DENS                          C
   cm   cm3/cm3    cm3/cm3    cm3/cm3         g/cm3         ugN/g  ugN/g     %
-------------------------------------------------------------------------------
  0-  5 0.102 0.255 0.387 0.153 0.178   1.00   1.30   0.00   3.50   0.40 -99.00
  5- 15 0.102 0.255 0.329 0.153 0.178   0.80   1.61   0.00   3.50   0.40 -99.00
 15- 30 0.102 0.237 0.316 0.135 0.170   0.70   1.63   0.00   3.50   0.40 -99.00
 30- 45 0.131 0.228 0.319 0.097 0.179   0.80   1.59   0.00   3.50   0.40 -99.00
 45- 60 0.132 0.238 0.345 0.106 0.185   0.50   1.48   0.00   3.50   0.40 -99.00
 60- 75 0.142 0.258 0.359 0.116 0.200   0.45   1.46   0.00   3.50   0.40 -99.00
 75- 90 0.221 0.329 0.390 0.108 0.275   0.40   1.48   0.00   3.50   0.40 -99.00
 90-105 0.307 0.349 0.385 0.042 0.328   0.37   1.56   0.00   3.50   0.40 -99.00
105-120 0.346 0.375 0.391 0.029 0.360   0.35   1.60   0.00   3.50   0.40 -99.00
120-142 0.357 0.405 0.413 0.048 0.381   0.32   1.56   0.00   3.50   0.40 -99.00
142-165 0.357 0.405 0.413 0.048 0.381   0.32   1.56   0.00   3.50   0.40 -99.00

TOT-165  38.3  52.3  61.4  14.0  45.3  <--cm   -  kg/ha-->    0.0    0.0      0
SOIL ALBEDO    : 0.17      EVAPORATION LIMIT : 9.00         MIN. FACTOR  : 1.00
RUNOFF CURVE # :75.00      DRAINAGE RATE     : 0.80         FERT. FACTOR : 1.00

 Sugarcane        CULTIVAR: IB0001-NCo376             ECOTYPE: SC0013


*SIMULATED CROP AND SOIL STATUS AT MAIN DEVELOPMENT STAGES

 RUN NO.     1     RATN=89152 HARVEST=90275

        CROP GROWTH     BIOMASS         LEAF   CROP N     STRESS      STRESS                                           
   DATE  AGE STAGE        kg/ha    LAI   NUM  kg/ha  %   H2O  Nitr Phos1 Phos2  RSTG                                   
 ------  --- ----------   -----  -----  ----  ---  ---  ----  ----  ----  ----  ----                                   
 18 MAY    0 Start sim        0   0.00   0.0    0  0.0  0.00  0.00  0.00  0.00     0
 10 AUG   70 Emergence        0   0.00   0.0    0  0.0  0.00  0.00  0.00  0.00     0
 27 NOV  179 Stlk emerg    7610   2.11   0.0    0  0.0  0.01  0.00  0.00  0.00     0
 24 DEC  206 Peak popul   17518   4.78   0.0    0  0.0  0.00  0.00  0.00  0.00     0
  2 OCT  488 Harvest      43146  10.38   0.0    0  0.0  0.43  0.00  0.00  0.00     0


*MAIN GROWTH AND DEVELOPMENT VARIABLES

@     VARIABLE                                         SIMULATED     MEASURED
      --------                                         ---------     --------
      Sucrose dry mass at harvest (t/ha)                   12.10          -99
      Aerial dry biomass at harvest (t/ha)                 43.15          -99
      Stalk (millable) dry mass at harvest (t/ha)          25.12          -99
      Trash (residue) dry mass at harvest (t/ha)            9.01          -99
      Green leaf area index at harvest (m2/m2)              3.19          -99
      Leaf area index, maximum                              4.05          -99
      Canopy height (m)                                     1.99          -99
      Harvest index at maturity                             0.48         48.2
      Leaf number per stem at maturity                     10.00          -99
      Emergence day (dap)                                     70         6900
      Fresh cane yield (t/ha)                               90.6          -99


*ENVIRONMENTAL AND STRESS FACTORS

 |-----Development Phase------|--------------------------------------Environment--------------------------------------|-----------------Stress-----------------|
                              |---------------Average--------------|-----Cumulative-----|--------Count of days--------|          (0=Min, 1=Max Stress)         |
                         Time  Temp  Temp  Temp Solar Photop                Evapo    Pot TMIN TMIN TMAX TMAX TMAX RAIN|----Water----|---Nitrogen--|-Phosphorus-|
                         Span   Max   Min  Mean   Rad  [day]    CO2   Rain  Trans     ET   <    <    >    >    >    >   Photo         Photo         Photo
                         days     C     C     C MJ/m2     hr    ppm     mm     mm    mm   0 C  2 C 30 C 32 C 34 C  0mm  synth Growth  synth Growth  synth Growth
----------------------------------------------------------------------------------------------------------------------------------------------------------------
 Planting to Emergence     70  22.7   8.7  15.7  13.1  10.28  352.7   41.4   37.1  166.2    0    0    0    0    0    6  0.000  0.000  0.000  0.000  0.000  0.000
 Emergence->Stk Elongatn  109  24.5  14.9  19.7  18.6  12.33  353.0  252.9  238.1  441.1    0    0    6    5    2   31  0.000  0.008  0.000  0.000  0.000  0.000
 Stk Elong to Peak Popn.   27  26.3  20.0  23.1  24.1  13.84  353.2  327.3  144.1  144.6    0    0    1    0    0   13  0.000  0.000  0.000  0.000  0.000  0.000
 Peak Popn. to Harvest    283  25.2  14.8  20.0  16.7  11.61  353.8  673.2  659.8  998.1    0    0    9    4    1   65  0.347  0.425  0.000  0.000  0.000  0.000
   
 Emergence to Harvest     419  25.0  15.1  20.1  17.7  11.94  353.5   1253   1042   1584    0    0   16    9    3  109  0.235  0.289  0.000  0.000  0.000  0.000
----------------------------------------------------------------------------------------------------------------------------------------------------------------


*Resource Productivity
 Growing season length: 419 days 

 Precipitation during growing season      1253.4 mm[rain]
   Dry Matter Productivity                  3.44 kg[DM]/m3[rain]          =   34.4 kg[DM]/ha per mm[rain]
   Yield Productivity                       0.97 kg[grain yield]/m3[rain] =    9.7 kg[yield]/ha per mm[rain]

 Evapotranspiration during growing season 1042.0 mm[ET]
   Dry Matter Productivity                  4.14 kg[DM]/m3[ET]            =   41.4 kg[DM]/ha per mm[ET]
   Yield Productivity                       1.16 kg[grain yield]/m3[ET]   =   11.6 kg[yield]/ha per mm[ET]

 Transpiration during growing season       808.3 mm[EP]
   Dry Matter Productivity                  5.34 kg[DM]/m3[EP]            =   53.4 kg[DM]/ha per mm[EP]
   Yield Productivity                       1.50 kg[grain yield]/m3[EP]   =   15.0 kg[yield]/ha per mm[EP]

--------------------------------------------------------------------------------------------------------------

                 Sugarcane YIELD :    12099 kg/ha    [Dry weight] 

**************************************************************************************************************
