*WARNING DETAIL FILE

******************************************************************************

*DSSAT Cropping System Model Ver. 4.8.5.000 -release  APR 28, 2026 22:33:25

*RUN   1        : RATN=89152 HARVEST=90275  SCCAN048 SATO8902    1
 MODEL          : SCCAN048 - Sugarcane
 EXPERIMENT     : SATO8902 SC AGROWTH07 MODEL EVALUATION EXPERIMENT
 DATA PATH      :
 TREATMENT  1   : RATN=89152 HARVEST=90275  SCCAN048
  

 SOILDYN  YEAR DOY = 1989 138
 The pH of one or more soil layers at initialization                           
 was outside the range pH=1-10, which is unlikely.                             
 It was set by DSSAT to pH=7.                                                  

 SOILDYN  YEAR DOY = 1989 138
 Organic C data in one or more soil layers are zero or missing.                
 A minimum value of OC in this layer  will be estimated using soil texture.    
       Depth  Clay  Silt    OC                                                 
 Layer  (cm)   (%)   (%)   (%)                                                 
     1     5  30.0  30.0  0.97 (estimated)                                     
     2    15  30.0  30.0  0.97 (estimated)                                     
     3    30  30.0  30.0  0.97 (estimated)                                     
     4    45  30.0  30.0  0.97 (estimated)                                     
     5    60  30.0  30.0  0.97 (estimated)                                     
     6    75  30.0  30.0  0.97 (estimated)                                     
     7    90  30.0  30.0  0.97 (estimated)                                     
     8   105  30.0  30.0  0.97 (estimated)                                     
     9   120  30.0  30.0  0.97 (estimated)                                     
    10   142  30.0  30.0  0.97 (estimated)                                     
    11   165  30.0  30.0  0.97 (estimated)                                     
