*WARNING DETAIL FILE

******************************************************************************

*DSSAT Cropping System Model Ver. 4.8.5.000 -release  APR 28, 2026 22:33:19

*RUN   1        : 88 Williams-82, Irr-Ohio  CRGRO048 OHWO8801    1
 MODEL          : CRGRO048 - Soybean
 EXPERIMENT     : OHWO8801 SB ASA 1988 STUDY, WILLIAMS-82, IRRIGATED
 DATA PATH      :
 TREATMENT  1   : 88 Williams-82, Irr-Ohio  CRGRO048
  

 IPRES   YEAR DOY =    0   0
 Residue application   1                                                       
 Incorporation percentage not specified, and incorporation depth > 0.          
 Applied residues will be incorporated to a depth of  15.0 cm.                 

 IPSOIL  YEAR DOY =    0   0
 Saturated hydraulic conductivity equal to zero for one or more soil layers.   
 Data will be treated as missing.                                              

 SOILDYN  YEAR DOY = 1988 122
 Organic C data in one or more soil layers are zero or missing.                
 A minimum value of OC in this layer  will be estimated using soil texture.    
       Depth  Clay  Silt    OC                                                 
 Layer  (cm)   (%)   (%)   (%)                                                 
     1     5  30.0  30.0  2.50                                                 
     2    15  30.0  30.0  2.50                                                 
     3    25  30.0  30.0  0.97 (estimated)                                     
     4    33  30.0  30.0  0.97 (estimated)                                     
     5    41  30.0  30.0  0.97 (estimated)                                     
     6    54  30.0  30.0  0.97 (estimated)                                     
     7    62  30.0  30.0  0.97 (estimated)                                     
     8    70  30.0  30.0  0.97 (estimated)                                     
     9    98  30.0  30.0  0.97 (estimated)                                     
    10   123  30.0  30.0  0.97 (estimated)                                     
    11   148  30.0  30.0  0.97 (estimated)                                     
    12   153  30.0  30.0  0.97 (estimated)                                     
