*SIMULATION OVERVIEW FILE

*DSSAT Cropping System Model Ver. 4.8.5.000 -release  APR 28, 2026 22:33:10

*RUN   1        : Kap-90-1                  PTSUB048 DIJY9001    1
 MODEL          : PTSUB048 - Potato
 EXPERIMENT     : DIJY9001 PT GROWTH DATA-DENMARK (EDLEFSEN, 1991)
 DATA PATH      :
 TREATMENT  1   : Kap-90-1                  PTSUB048


 CROP           : Potato           CULTIVAR : KAPTAH           ECOTYPE :IB0001
 STARTING DATE  : APR 17 1990
 PLANTING DATE  : APR 17 1990      PLANTS/m2 :     4.0    ROW SPACING :  75.cm
 HARVEST DATE   : SEP 24 1990
 WEATHER        : DIJY   1990
 SOIL           : DIJY000002     TEXTURE : S     -   Sand
 SOIL INIT COND : DEPTH:150cm EXTR. H2O:109.8mm  NO3: 26.8kg/ha  NH4:  2.1kg/ha
 WATER BALANCE  : IRRIGATE ON REPORTED DATE(S)
 IRRIGATION     :      107 mm IN     6 APPLICATIONS
 NITROGEN BAL.  : SOIL-N & N-UPTAKE SIMULATION; NO N-FIXATION
 N-FERTILIZER   :      180 kg/ha IN     1 APPLICATIONS
 RESIDUE/MANURE : INITIAL :     0 kg/ha ;       0 kg/ha IN     0 APPLICATIONS
 ENVIRONM. OPT. : DAYL=    0.00  SRAD=    0.00  TMAX=    0.00  TMIN=    0.00
                  RAIN=    0.00  CO2 =    0.00  DEW =    0.00  WIND=    0.00
 SIMULATION OPT : WATER   :Y  NITROGEN:Y  N-FIX:N  PHOSPH :N  PESTS  :N
                  PHOTO   :C  ET      :R  INFIL:S  HYDROL :R  SOM    :P
                  CO2 354ppm  NSWIT   :1  EVAP :R  SOIL   :2  STEMP  :D
 MANAGEMENT OPT : PLANTING:R  IRRIG   :R  FERT :R  RESIDUE:R  HARVEST:R
                  WEATHER :M  TILLAGE :Y

*SUMMARY OF SOIL AND GENETIC INPUT PARAMETERS

   SOIL LOWER UPPER   SAT  EXTR  INIT   ROOT   BULK     pH    NO3    NH4    ORG
  DEPTH LIMIT LIMIT    SW    SW    SW   DIST   DENS                          C
   cm   cm3/cm3    cm3/cm3    cm3/cm3         g/cm3         ugN/g  ugN/g     %
-------------------------------------------------------------------------------
  0-  5 0.097 0.186 0.470 0.089 0.110   1.00   1.30   7.00   1.30   0.10   1.90
  5- 15 0.097 0.186 0.470 0.089 0.110   1.00   1.30   7.00   1.30   0.10   1.90
 15- 30 0.097 0.186 0.470 0.089 0.110   1.00   1.30   7.00   1.30   0.10   1.90
 30- 45 0.086 0.165 0.455 0.079 0.098   0.41   1.35   7.00   1.30   0.10   1.50
 45- 60 0.086 0.165 0.455 0.079 0.098   0.41   1.35   7.00   1.30   0.10   1.50
 60- 90 0.073 0.139 0.437 0.066 0.083   0.12   1.41   7.00   1.30   0.10   1.00
 90-120 0.073 0.139 0.437 0.066 0.083   0.12   1.41   7.00   1.30   0.10   1.00
120-150 0.073 0.139 0.437 0.066 0.083   0.12   1.41   7.00   1.30   0.10   1.00

TOT-150  12.1  23.0  67.1  11.0  13.7  <--cm   -  kg/ha-->   26.8    2.1 261750
SOIL ALBEDO    : 0.13      EVAPORATION LIMIT : 6.00         MIN. FACTOR  : 1.00
RUNOFF CURVE # :61.00      DRAINAGE RATE     : 0.50         FERT. FACTOR : 1.00

 Potato           CULTIVAR: DM0004-KAPTAH             ECOTYPE: IB0001
 G2     :1500.00  G3     :26.0000
 PD     :   0.50  P2     :  0.200  TC     : 22.000


*SIMULATED CROP AND SOIL STATUS AT MAIN DEVELOPMENT STAGES

 RUN NO.     1     Kap-90-1                

        CROP GROWTH     BIOMASS         LEAF   CROP N     STRESS      STRESS                                           
   DATE  AGE STAGE        kg/ha    LAI   NUM  kg/ha  %   H2O  Nitr Phos1 Phos2  RSTG                                   
 ------  --- ----------   -----  -----  ----  ---  ---  ----  ----  ----  ----  ----                                   
 17 APR    0 Sowing           0   0.00   0.0    0  0.0  0.00  0.00  0.00  0.00     7
 17 APR    0 Start Sim        0   0.00   0.0    0  0.0  0.00  0.00  0.00  0.00     7
 16 MAY   29 Emergence       11   0.01   0.0    5 47.3  0.00  0.00  0.00  0.00     1
 14 JUN   58 Beg Tuber      934   1.42   0.0  502 53.8  0.00  0.00  0.00  0.00     2
 24 SEP  160 Harvest      14317   0.40   0.0 1994 13.9  0.03  0.24  0.00  0.00     2


*MAIN GROWTH AND DEVELOPMENT VARIABLES

@     VARIABLE                                         SIMULATED     MEASURED
      --------                                         ---------     --------
      Tuber initiation day (dap)                              58           47
      Physiological maturity day (dap)                       -99          -99
      Tuber dry weight (kg [dm]/ha) harvest                13344        14554
      Tuber fresh weight (Mg [fm]/ha) harvest              66.72          -99
      Total wt, harvest (kg [dm]/ha)                       14317          -99
      By-product produced (stalk) at maturity (kg[dm]/ha   57268          -99
      Leaf area index, maximum                              2.79          -99
      Tuber N at harvest (kg/ha)                          176.39        186.3
      Tuber+stem+leaf N at harvest (kg/ha)                 23.19          -99
      Tops N at maturity (kg/ha)                           23.19          -99
      Tuber N at harvest (%)                               1.322          1.3
      Emergence day (dap)                                     29          -99


*ENVIRONMENTAL AND STRESS FACTORS

 |-----Development Phase------|--------------------------------------Environment--------------------------------------|-----------------Stress-----------------|
                              |---------------Average--------------|-----Cumulative-----|--------Count of days--------|          (0=Min, 1=Max Stress)         |
                         Time  Temp  Temp  Temp Solar Photop                Evapo    Pot TMIN TMIN TMAX TMAX TMAX RAIN|----Water----|---Nitrogen--|-Phosphorus-|
                         Span   Max   Min  Mean   Rad  [day]    CO2   Rain  Trans     ET   <    <    >    >    >    >   Photo         Photo         Photo
                         days     C     C     C MJ/m2     hr    ppm     mm     mm    mm   0 C  2 C 30 C 32 C 34 C  0mm  synth Growth  synth Growth  synth Growth
----------------------------------------------------------------------------------------------------------------------------------------------------------------
 Emergence-Begin Tuber     29  16.0   6.9  11.5  16.4  16.55  353.8   53.9   48.6   93.8    0    3    0    0    0   16  0.000  0.000  0.000  0.000  0.000  0.000
 Begin Tuber-Maturity     103  19.5  10.3  14.9  14.0  15.12  354.1  403.1  279.2  289.4    0    1    1    0    0   60  0.017  0.030  0.214  0.235  0.000  0.000
   
 Planting to Harvest      161  18.5   9.1  13.8  15.0  15.35  353.9  498.7  351.5  486.5    0    4    1    0    0   86  0.011  0.019  0.137  0.151  0.000  0.000
----------------------------------------------------------------------------------------------------------------------------------------------------------------


*Resource Productivity
 Growing season length: 161 days 

 Precipitation during growing season       498.7 mm[rain]
   Dry Matter Productivity                  2.87 kg[DM]/m3[rain]          =   28.7 kg[DM]/ha per mm[rain]
   Yield Productivity                       2.68 kg[grain yield]/m3[rain] =   26.8 kg[yield]/ha per mm[rain]

 Evapotranspiration during growing season  351.5 mm[ET]
   Dry Matter Productivity                  4.07 kg[DM]/m3[ET]            =   40.7 kg[DM]/ha per mm[ET]
   Yield Productivity                       3.80 kg[grain yield]/m3[ET]   =   38.0 kg[yield]/ha per mm[ET]

 Transpiration during growing season       192.4 mm[EP]
   Dry Matter Productivity                  7.44 kg[DM]/m3[EP]            =   74.4 kg[DM]/ha per mm[EP]
   Yield Productivity                       6.94 kg[grain yield]/m3[EP]   =   69.4 kg[yield]/ha per mm[EP]

 Irrigation during growing season          107.0 mm[irrig]
   Dry Matter Productivity                 13.38 kg[DM]/m3[irrig]         =  133.8 kg[DM]/ha per mm[irrig]
   Yield Productivity                      12.47 kg[grain yield]/m3[irrig]=  124.7 kg[yield]/ha per mm[irrig]

 N applied during growing season            180. kg[N applied]/ha
   Dry Matter Productivity                  79.5 kg[DM]/kg[N applied]
   Yield Productivity                       74.1 kg[yield]/kg[N applied]

 N uptake during growing season              221 kg[N uptake]/ha
   Dry Matter Productivity                  64.8 kg[DM]/kg[N uptake]
   Yield Productivity                       60.4 kg[yield]/kg[N uptake]

--------------------------------------------------------------------------------------------------------------

                    Potato YIELD :    13344 kg/ha    [Dry weight] 

**************************************************************************************************************
