*SIMULATION OVERVIEW FILE

*DSSAT Cropping System Model Ver. 4.8.5.000 -release  APR 28, 2026 22:33:17

*RUN   1        : 97-Soren STINE (MG3.6)    CRGRO048 IUAM9702    1
 MODEL          : CRGRO048 - Soybean
 EXPERIMENT     : IUAM9702 SB SORENSON FARM (NEAR AMES), SOYBEAN POT. YIELD STUD
 DATA PATH      :
 TREATMENT  1   : 97-Soren STINE (MG3.6)    CRGRO048


 CROP           : Soybean          CULTIVAR : STIN3660  MG 3.6 ECOTYPE :SB0301
 STARTING DATE  : MAY 13 1997
 PLANTING DATE  : MAY 13 1997      PLANTS/m2 :    48.0    ROW SPACING :  38.cm
 HARVEST DATE   : OCT 12 1997
 WEATHER        : IUAM   1997
 SOIL           : IUBF970211     TEXTURE : L     -   Ritchie 6/12/97  Loam
 SOIL INIT COND : DEPTH:210cm EXTR. H2O:353.7mm  NO3:  0.3kg/ha  NH4:  0.3kg/ha
 WATER BALANCE  : IRRIGATE ON REPORTED DATE(S)
 IRRIGATION     :        0 mm IN     0 APPLICATIONS
 NITROGEN BAL.  : SOIL-N, N-UPTAKE & DYNAMIC N-FIXATION SIMULATION
 N-FERTILIZER   :        0 kg/ha IN     0 APPLICATIONS
 RESIDUE/MANURE : INITIAL :     0 kg/ha ;       0 kg/ha IN     0 APPLICATIONS
 ENVIRONM. OPT. : DAYL=    0.00  SRAD=    0.00  TMAX=    0.00  TMIN=    0.00
                  RAIN=    0.00  CO2 =    0.00  DEW =    0.00  WIND=    0.00
 SIMULATION OPT : WATER   :Y  NITROGEN:Y  N-FIX:Y  PHOSPH :N  PESTS  :N
                  PHOTO   :L  ET      :R  INFIL:S  HYDROL :R  SOM    :G
                  CO2 363ppm  NSWIT   :1  EVAP :R  SOIL   :2  STEMP  :D
 MANAGEMENT OPT : PLANTING:R  IRRIG   :R  FERT :R  RESIDUE:R  HARVEST:R
                  WEATHER :M  TILLAGE :N

*SUMMARY OF SOIL AND GENETIC INPUT PARAMETERS

   SOIL LOWER UPPER   SAT  EXTR  INIT   ROOT   BULK     pH    NO3    NH4    ORG
  DEPTH LIMIT LIMIT    SW    SW    SW   DIST   DENS                          C
   cm   cm3/cm3    cm3/cm3    cm3/cm3         g/cm3         ugN/g  ugN/g     %
-------------------------------------------------------------------------------
  0-  5 0.163 0.340 0.465 0.177 0.350   1.00   1.31   6.40   0.01   0.01   2.03
  5- 15 0.163 0.340 0.438 0.177 0.350   1.00   1.39   6.40   0.01   0.01   2.03
 15- 30 0.173 0.350 0.451 0.177 0.350   1.00   1.35   6.40   0.01   0.01   2.03
 30- 45 0.193 0.350 0.458 0.157 0.350   1.00   1.33   6.40   0.01   0.01   2.03
 45- 60 0.193 0.350 0.451 0.157 0.360   1.00   1.35   6.70   0.01   0.01   0.44
 60- 75 0.173 0.350 0.458 0.177 0.360   1.00   1.33   6.70   0.01   0.01   0.44
 75- 90 0.173 0.350 0.458 0.177 0.360   1.00   1.33   6.70   0.01   0.01   0.44
 90-105 0.163 0.330 0.434 0.167 0.330   0.85   1.40   7.90   0.01   0.01   0.15
105-120 0.163 0.330 0.410 0.167 0.330   0.70   1.47   7.90   0.01   0.01   0.15
120-135 0.163 0.330 0.396 0.167 0.330   0.55   1.51   7.90   0.01   0.01   0.15
135-150 0.163 0.330 0.403 0.167 0.330   0.40   1.49   7.90   0.01   0.01   0.15
150-165 0.163 0.330 0.403 0.167 0.330   0.30   1.49   7.90   0.01   0.01   0.15
165-180 0.163 0.330 0.403 0.167 0.330   0.20   1.49   7.90   0.01   0.01   0.15
180-195 0.163 0.330 0.403 0.167 0.330   0.10   1.49   7.90   0.01   0.01   0.15
195-210 0.163 0.330 0.403 0.167 0.330   0.00   1.49   7.90   0.01   0.01   0.15

TOT-210  35.6  70.9  89.7  35.4  71.6  <--cm   -  kg/ha-->    0.3    0.3 176203
SOIL ALBEDO    : 0.09      EVAPORATION LIMIT : 7.00         MIN. FACTOR  : 0.50
RUNOFF CURVE # :60.00      DRAINAGE RATE     : 0.55         FERT. FACTOR : 0.92

 Soybean          CULTIVAR: ST3660-STIN3660  MG 3.6   ECOTYPE: SB0301
 CSDVAR :13.44  PPSEN  : 0.28  EMG-FLW:18.80  FLW-FSD:11.00  FSD-PHM : 37.60
 WTPSD  :0.165  SDPDVR : 2.20  SDFDUR :25.00  PODDUR : 8.00  XFRUIT  :  1.00
 THRESH : 77.0  SDPRO  :0.405  SDLIP   : 0.205


*SIMULATED CROP AND SOIL STATUS AT MAIN DEVELOPMENT STAGES

 RUN NO.     1     97-Soren STINE (MG3.6)  

        CROP GROWTH     BIOMASS         LEAF   CROP N     STRESS      STRESS                                           
   DATE  AGE STAGE        kg/ha    LAI   NUM  kg/ha  %   H2O  Nitr Phos1 Phos2  RSTG                                   
 ------  --- ----------   -----  -----  ----  ---  ---  ----  ----  ----  ----  ----                                   
 13 MAY    0 Start Sim        0   0.00   0.0    0  0.0  0.00  0.00  0.00  0.00     0
 13 MAY    0 Sowing           0   0.00   0.0    0  0.0  0.00  0.00  0.00  0.00     0
 27 MAY   14 Emergence       22   0.03   0.0    1  5.1  0.00  0.00  0.00  0.00     0
 27 MAY   14 End Juven.      22   0.03   0.0    1  5.1  0.00  0.00  0.00  0.00     0
  8 JUN   26 Unifoliate      50   0.08   1.1    2  5.0  0.00  0.40  0.00  0.00     0
 13 JUN   31 Flower Ind      95   0.18   2.1    5  4.8  0.00  0.00  0.00  0.00     0
 16 JUL   64 First Flwr    2881   4.42  10.0  106  3.7  0.00  0.00  0.00  0.00     1
 31 JUL   79 First Pod     4961   6.57  13.8  174  3.5  0.00  0.00  0.00  0.00     3
  7 AUG   86 First Seed    5914   6.66  15.3  202  3.4  0.00  0.00  0.00  0.00     5
 26 AUG  105 End Pod       7228   4.93  18.4  236  3.3  0.00  0.00  0.00  0.00     5
  2 SEP  112 End Msnode    7502   4.40  18.9  244  3.2  0.09  0.00  0.00  0.00     5
  2 SEP  112 End Leaf      7502   4.40  18.9  244  3.2  0.00  0.00  0.00  0.00     5
 25 SEP  135 Phys. Mat     8540   3.08  18.9  278  3.3  0.10  0.01  0.00  0.00     7
  7 OCT  147 Harv. Mat     7044   0.21  18.9  250  3.5  0.00  0.06  0.00  0.00     8
 12 OCT  152 Harvest       6954   0.07  18.9  248  3.6  0.00  0.00  0.00  0.00     8


*MAIN GROWTH AND DEVELOPMENT VARIABLES

@     VARIABLE                                         SIMULATED     MEASURED
      --------                                         ---------     --------
      Emergence day (dap)                                     14          -99
      Anthesis day (dap)                                      64          -99
      First pod day (dap)                                     79          -99
      First seed day (dap)                                    86          -99
      Physiological maturity day (dap)                       135          -99
      Harvest maturity day (dap)                             147          -99
      Yield at harvest maturity (kg [dm]/ha)                3632         3195
      Pod/Ear/Panicle weight at maturity (kg [dm]/ha)       4728          -99
      Tops weight at anthesis (kg [dm]/ha)                  2881          -99
      Tops weight at maturity (kg [dm]/ha)                  6954          -99
      By-product produced (stalk) at maturity (kg[dm]/ha    3320          -99
      Number at maturity (no/m2)                            2157          -99
      Unit wt at maturity (g [dm]/unit)                   0.1683          -99
      Number at maturity (no/unit)                          2.20          -99
      Harvest index at maturity                            0.522          -99
      Threshing % at maturity                              76.81          -99
      Leaf area index, maximum                              6.68          -99
      Leaf number per stem at maturity                     18.87          -99
      Canopy height (m)                                     1.08          -99
      Tops N at anthesis (kg/ha)                             106          -99
      Tops N at maturity (kg/ha)                             248          -99
      Stem N at maturity (kg/ha)                              15          -99
      Grain N at maturity (kg/ha)                            221          -99
      Grain N at maturity (%)                               6.08          -99
      Grain oil at maturity (%)                            19.78          -99


*ENVIRONMENTAL AND STRESS FACTORS

 |-----Development Phase------|--------------------------------------Environment--------------------------------------|-----------------Stress-----------------|
                              |---------------Average--------------|-----Cumulative-----|--------Count of days--------|          (0=Min, 1=Max Stress)         |
                         Time  Temp  Temp  Temp Solar Photop                Evapo    Pot TMIN TMIN TMAX TMAX TMAX RAIN|----Water----|---Nitrogen--|-Phosphorus-|
                         Span   Max   Min  Mean   Rad  [day]    CO2   Rain  Trans     ET   <    <    >    >    >    >   Photo         Photo         Photo
                         days     C     C     C MJ/m2     hr    ppm     mm     mm    mm   0 C  2 C 30 C 32 C 34 C  0mm  synth Growth  synth Growth  synth Growth
----------------------------------------------------------------------------------------------------------------------------------------------------------------
 Emergence -First Flower   50  27.9  14.8  21.3  21.3  14.96  363.5   97.8  176.2  261.3    0    0   16    9    1   12  0.000  0.000  0.000  0.095  0.000  0.000
 First Flower-First Seed   22  31.9  16.6  24.2  19.7  14.41  363.7   93.5  104.9  105.2    0    0   13   10    6    6  0.000  0.000  0.000  0.000  0.000  0.000
 First Seed - Phys. Mat.   49  29.1  14.0  21.6  14.2  12.93  363.9   95.0  160.1  171.2    0    0   20    9    8   15  0.021  0.058  0.000  0.003  0.000  0.000
 Emergence  - Phys. Mat.  121  29.1  14.8  21.9  18.1  14.04  363.7  286.3  441.2  537.7    0    0   49   28   15   33  0.008  0.023  0.000  0.041  0.000  0.000
   
 Planting to Harvest      153  28.1  13.7  20.9  17.5  13.79  363.7  368.1  490.8  640.2    1    3   55   32   17   40  0.007  0.018  0.000  0.037  0.000  0.000
----------------------------------------------------------------------------------------------------------------------------------------------------------------


*Resource Productivity
 Growing season length: 153 days 

 Precipitation during growing season       368.1 mm[rain]
   Dry Matter Productivity                  1.89 kg[DM]/m3[rain]          =   18.9 kg[DM]/ha per mm[rain]
   Yield Productivity                       0.99 kg[grain yield]/m3[rain] =    9.9 kg[yield]/ha per mm[rain]

 Evapotranspiration during growing season  490.8 mm[ET]
   Dry Matter Productivity                  1.42 kg[DM]/m3[ET]            =   14.2 kg[DM]/ha per mm[ET]
   Yield Productivity                       0.74 kg[grain yield]/m3[ET]   =    7.4 kg[yield]/ha per mm[ET]

 Transpiration during growing season       355.7 mm[EP]
   Dry Matter Productivity                  1.95 kg[DM]/m3[EP]            =   19.5 kg[DM]/ha per mm[EP]
   Yield Productivity                       1.02 kg[grain yield]/m3[EP]   =   10.2 kg[yield]/ha per mm[EP]

 N uptake during growing season               30 kg[N uptake]/ha
   Dry Matter Productivity                 231.8 kg[DM]/kg[N uptake]
   Yield Productivity                      121.1 kg[yield]/kg[N uptake]

--------------------------------------------------------------------------------------------------------------

                   Soybean YIELD :     3632 kg/ha    [Dry weight] 

**************************************************************************************************************
