*SIMULATION OVERVIEW FILE

*DSSAT Cropping System Model Ver. 4.8.5.000 -release  APR 28, 2026 22:32:53

*RUN   1        : A 193 : SEED-SIZE TRIAL   CRGRO048 CCPA9001    1
 MODEL          : CRGRO048 - Dry bean
 EXPERIMENT     : CCPA9001 BN PALMIRA SEED SIZE TRIAL - 16 CULTIVARS
 DATA PATH      :
 TREATMENT  1   : A 193 : SEED-SIZE TRIAL   CRGRO048


 CROP           : Dry bean         CULTIVAR : A 193 (hab 2)    ECOTYPE :ANDIND
 STARTING DATE  : FEB 27 1990
 PLANTING DATE  : MAR  2 1990      PLANTS/m2 :    25.0    ROW SPACING :  60.cm
 WEATHER        : CCPA   1990
 SOIL           : CCBN910030     TEXTURE : -99   -   M2N
 SOIL INIT COND : DEPTH:209cm EXTR. H2O:279.5mm  NO3:  0.0kg/ha  NH4:  0.0kg/ha
 WATER BALANCE  : IRRIGATE ON REPORTED DATE(S)
 IRRIGATION     :      135 mm IN     3 APPLICATIONS
 NITROGEN BAL.  : SOIL-N, N-UPTAKE & DYNAMIC N-FIXATION SIMULATION
 N-FERTILIZER   :        0 kg/ha IN     0 APPLICATIONS
 RESIDUE/MANURE : INITIAL :     0 kg/ha ;       0 kg/ha IN     0 APPLICATIONS
 ENVIRONM. OPT. : DAYL=    0.00  SRAD=    0.00  TMAX=    0.00  TMIN=    0.00
                  RAIN=    0.00  CO2 =    0.00  DEW =    0.00  WIND=    0.00
 SIMULATION OPT : WATER   :Y  NITROGEN:Y  N-FIX:Y  PHOSPH :N  PESTS  :N
                  PHOTO   :L  ET      :R  INFIL:S  HYDROL :R  SOM    :G
                  CO2 353ppm  NSWIT   :1  EVAP :R  SOIL   :2  STEMP  :D
 MANAGEMENT OPT : PLANTING:R  IRRIG   :R  FERT :R  RESIDUE:R  HARVEST:M
                  WEATHER :M  TILLAGE :Y

*SUMMARY OF SOIL AND GENETIC INPUT PARAMETERS

   SOIL LOWER UPPER   SAT  EXTR  INIT   ROOT   BULK     pH    NO3    NH4    ORG
  DEPTH LIMIT LIMIT    SW    SW    SW   DIST   DENS                          C
   cm   cm3/cm3    cm3/cm3    cm3/cm3         g/cm3         ugN/g  ugN/g     %
-------------------------------------------------------------------------------
  0-  5 0.204 0.340 0.392 0.136 0.280   1.00   1.45   6.90   0.00   0.00   2.19
  5- 15 0.204 0.340 0.392 0.136 0.280   1.00   1.45   6.90   0.00   0.00   2.19
 15- 25 0.209 0.345 0.390 0.136 0.350   0.75   1.45   7.20   0.00   0.00   1.21
 25- 35 0.209 0.345 0.390 0.136 0.350   0.50   1.45   7.20   0.00   0.00   1.21
 35- 50 0.198 0.335 0.390 0.137 0.340   0.35   1.49   8.00   0.00   0.00   0.53
 50- 65 0.185 0.323 0.395 0.138 0.330   0.20   1.58   8.20   0.00   0.00   0.20
 65- 80 0.185 0.323 0.395 0.138 0.330   0.15   1.58   8.20   0.00   0.00   0.20
 80- 99 0.201 0.328 0.408 0.127 0.340   0.10   1.54   8.10   0.00   0.00   0.10
 99-122 0.198 0.325 0.410 0.127 0.320   0.05   1.58   8.20   0.00   0.00   0.09
122-137 0.159 0.288 0.399 0.129 0.288   0.00   1.50   8.30   0.00   0.00   0.09
137-159 0.110 0.242 0.402 0.132 0.242   0.00   1.69   8.30   0.00   0.00   0.10
159-184 0.047 0.177 0.351 0.130 0.177   0.00   1.59   8.00   0.00   0.00   0.08
184-209 0.050 0.193 0.410 0.143 0.193   0.00   1.45   8.50   0.00   0.00   0.12

TOT-209  31.4  59.3  82.4  28.0  58.9  <--cm   -  kg/ha-->    0.0    0.0 123518
SOIL ALBEDO    : 0.09      EVAPORATION LIMIT :11.00         MIN. FACTOR  : 1.00
RUNOFF CURVE # :84.00      DRAINAGE RATE     : 0.40         FERT. FACTOR : 0.81

 Dry bean         CULTIVAR: IB0033-A 193 (hab 2)      ECOTYPE: ANDIND
 CSDVAR :12.17  PPSEN  : 0.04  EMG-FLW:30.00  FLW-FSD:11.60  FSD-PHM : 18.40
 WTPSD  :0.500  SDPDVR : 3.50  SDFDUR :19.00  PODDUR :10.00  XFRUIT  :  1.00
 THRESH : 78.0  SDPRO  :0.235  SDLIP   : 0.030


*SIMULATED CROP AND SOIL STATUS AT MAIN DEVELOPMENT STAGES

 RUN NO.     1     A 193 : SEED-SIZE TRIAL 

        CROP GROWTH     BIOMASS         LEAF   CROP N     STRESS      STRESS                                           
   DATE  AGE STAGE        kg/ha    LAI   NUM  kg/ha  %   H2O  Nitr Phos1 Phos2  RSTG                                   
 ------  --- ----------   -----  -----  ----  ---  ---  ----  ----  ----  ----  ----                                   
 27 FEB    0 Start Sim        0   0.00   0.0    0  0.0  0.00  0.00  0.00  0.00     0
  2 MAR    0 Sowing           0   0.00   0.0    0  0.0  0.00  0.00  0.00  0.00     0
  7 MAR    5 Emergence       42   0.08   0.2    1  3.5  0.00  0.00  0.00  0.00     0
  7 MAR    5 End Juven.      42   0.08   0.2    1  3.5  0.00  0.00  0.00  0.00     0
 10 MAR    8 Unifoliate      52   0.10   1.1    2  3.3  0.00  0.22  0.00  0.00     0
 12 MAR   10 Flower Ind      63   0.11   1.7    2  3.2  0.00  0.01  0.00  0.00     0
  7 APR   36 First Flwr    1070   2.41   9.1   29  2.7  0.03  0.00  0.00  0.00     1
 12 APR   41 First Pod     1526   2.82  10.5   41  2.7  0.08  0.00  0.00  0.00     3
 19 APR   48 End Msnode    2308   2.78  12.5   57  2.5  0.03  0.00  0.00  0.00     3
 20 APR   49 First Seed    2409   2.74  12.5   59  2.5  0.00  0.00  0.00  0.00     5
 20 APR   49 End Leaf      2409   2.74  12.5   59  2.5  0.00  0.00  0.00  0.00     5
  1 MAY   60 End Pod       3347   2.31  12.5   82  2.5  0.00  0.00  0.00  0.00     5
 10 MAY   69 Phys. Mat     4059   1.97  12.5   99  2.4  0.00  0.01  0.00  0.00     7
 19 MAY   78 Harv. Mat     3487   0.14  12.5   90  2.6  0.00  0.03  0.00  0.00     8
 19 MAY   78 Harvest       3487   0.14  12.5   90  2.6  0.00  0.00  0.00  0.00     8


*MAIN GROWTH AND DEVELOPMENT VARIABLES

@     VARIABLE                                         SIMULATED     MEASURED
      --------                                         ---------     --------
      Emergence day (dap)                                      5          -99
      Anthesis day (dap)                                      36           37
      First pod day (dap)                                     41          -99
      First seed day (dap)                                    49          -99
      Physiological maturity day (dap)                        69           69
      Harvest maturity day (dap)                              78          -99
      Yield at harvest maturity (kg [dm]/ha)                1919        1742.
      Pod/Ear/Panicle weight at maturity (kg [dm]/ha)       2626        2233.
      Tops weight at anthesis (kg [dm]/ha)                  1070          -99
      Tops weight at maturity (kg [dm]/ha)                  3487         2824
      By-product produced (stalk) at maturity (kg[dm]/ha    1570          578
      Number at maturity (no/m2)                             574         426.
      Unit wt at maturity (g [dm]/unit)                   0.3345        .4110
      Number at maturity (no/unit)                          3.50         3.56
      Harvest index at maturity                            0.550        0.617
      Threshing % at maturity                              73.08         78.0
      Leaf area index, maximum                              2.89         3.55
      Leaf number per stem at maturity                     12.49          -99
      Canopy height (m)                                     1.08          -99
      Tops N at anthesis (kg/ha)                              29          -99
      Tops N at maturity (kg/ha)                              90          -99
      Stem N at maturity (kg/ha)                               7          -99
      Grain N at maturity (kg/ha)                             69          -99
      Grain N at maturity (%)                               3.61          -99
      Grain oil at maturity (%)                             3.21          -99


*ENVIRONMENTAL AND STRESS FACTORS

 |-----Development Phase------|--------------------------------------Environment--------------------------------------|-----------------Stress-----------------|
                              |---------------Average--------------|-----Cumulative-----|--------Count of days--------|          (0=Min, 1=Max Stress)         |
                         Time  Temp  Temp  Temp Solar Photop                Evapo    Pot TMIN TMIN TMAX TMAX TMAX RAIN|----Water----|---Nitrogen--|-Phosphorus-|
                         Span   Max   Min  Mean   Rad  [day]    CO2   Rain  Trans     ET   <    <    >    >    >    >   Photo         Photo         Photo
                         days     C     C     C MJ/m2     hr    ppm     mm     mm    mm   0 C  2 C 30 C 32 C 34 C  0mm  synth Growth  synth Growth  synth Growth
----------------------------------------------------------------------------------------------------------------------------------------------------------------
 Emergence -First Flower   31  30.2  20.1  25.1  16.5  12.00  353.6   55.6   97.0  134.5    0    0   17    2    1   13  0.000  0.024  0.000  0.026  0.000  0.000
 First Flower-First Seed   13  30.6  20.5  25.5  17.3  12.07  353.6   44.0   51.6   54.3    0    0   10    2    0    5  0.000  0.048  0.000  0.000  0.000  0.000
 First Seed - Phys. Mat.   20  28.3  19.8  24.0  14.9  12.12  353.7  132.9   69.5   70.0    0    0    2    0    0   15  0.000  0.000  0.000  0.004  0.000  0.000
 Emergence  - Phys. Mat.   64  29.7  20.1  24.9  16.2  12.05  353.6  232.5  218.1  258.8    0    0   29    4    1   33  0.000  0.021  0.000  0.014  0.000  0.000
   
 Planting to Harvest       79  29.6  19.9  24.8  16.0  12.06  353.6  234.3  250.1  316.6    0    0   32    4    1   35  0.000  0.017  0.000  0.014  0.000  0.000
----------------------------------------------------------------------------------------------------------------------------------------------------------------


*Resource Productivity
 Growing season length:  79 days 

 Precipitation during growing season       234.3 mm[rain]
   Dry Matter Productivity                  1.49 kg[DM]/m3[rain]          =   14.9 kg[DM]/ha per mm[rain]
   Yield Productivity                       0.82 kg[grain yield]/m3[rain] =    8.2 kg[yield]/ha per mm[rain]

 Evapotranspiration during growing season  250.1 mm[ET]
   Dry Matter Productivity                  1.39 kg[DM]/m3[ET]            =   13.9 kg[DM]/ha per mm[ET]
   Yield Productivity                       0.77 kg[grain yield]/m3[ET]   =    7.7 kg[yield]/ha per mm[ET]

 Transpiration during growing season       139.5 mm[EP]
   Dry Matter Productivity                  2.50 kg[DM]/m3[EP]            =   25.0 kg[DM]/ha per mm[EP]
   Yield Productivity                       1.38 kg[grain yield]/m3[EP]   =   13.8 kg[yield]/ha per mm[EP]

 Irrigation during growing season          135.0 mm[irrig]
   Dry Matter Productivity                  2.58 kg[DM]/m3[irrig]         =   25.8 kg[DM]/ha per mm[irrig]
   Yield Productivity                       1.42 kg[grain yield]/m3[irrig]=   14.2 kg[yield]/ha per mm[irrig]

 N uptake during growing season               29 kg[N uptake]/ha
   Dry Matter Productivity                 120.2 kg[DM]/kg[N uptake]
   Yield Productivity                       66.2 kg[yield]/kg[N uptake]

--------------------------------------------------------------------------------------------------------------

                  Dry bean YIELD :     1919 kg/ha    [Dry weight] 

**************************************************************************************************************
